data/derived/demand_data.csv
date,sku_id,price,discount_percent,competitor_price,web_traffic,units_sold
2025-05-20,SKU2,11.67,0.0,10.94,2,0
2025-05-21,SKU2,11.15,0.0,11.4,3,0
2025-05-22,SKU2,11.07,0.0,11.14,5,0
2025-05-23,SKU2,9.46,17.51,10.62,9,0
2025-05-24,SKU2,11.57,0.0,12.25,4,0
2025-05-25,SKU2,11.35,0.0,11.84,4,0
2025-05-26,SKU2,11.17,0.0,11.31,4,1
2025-05-27,SKU2,11.52,0.0,11.09,5,0
2025-05-28,SKU2,11.39,0.0,12.5,5,0
2025-05-29,SKU2,11.4,0.0,11.21,3,0
2025-05-30,SKU2,11.6,0.0,11.58,4,0
2025-05-31,SKU2,11.82,0.0,11.69,6,0
2025-06-01,SKU2,11.49,0.0,10.82,9,2
2025-06-02,SKU2,11.27,0.0,11.17,6,0
2025-06-03,SKU2,11.15,0.0,10.71,8,2
2025-06-04,SKU2,11.16,0.0,11.43,6,1
2025-06-05,SKU2,11.45,0.0,11.55,6,0
2025-06-06,SKU2,11.03,0.0,11.54,7,1
2025-06-07,SKU2,11.22,0.0,11.31,11,0
2025-06-08,SKU2,11.43,0.0,11.05,8,0
2025-06-09,SKU2,11.24,0.0,10.84,4,1
2025-06-10,SKU2,10.89,0.0,12.43,8,0
2025-06-11,SKU2,11.65,0.0,10.91,8,0
2025-06-12,SKU2,10.98,0.0,10.54,9,0
2025-06-13,SKU2,11.21,0.0,10.94,9,0
2025-06-14,SKU2,11.29,0.0,12.44,9,0
2025-06-15,SKU2,11.37,0.0,11.26,2,2
2025-06-16,SKU2,11.0,0.0,11.01,5,0
2025-06-17,SKU2,11.79,0.0,11.04,5,0
2025-06-18,SKU2,11.21,0.0,11.51,6,0
2025-06-19,SKU2,10.8,0.0,10.35,5,1
2025-06-20,SKU2,9.3,13.71,11.6,10,2
2025-06-21,SKU2,11.61,0.0,11.7,6,2
2025-06-22,SKU2,11.16,0.0,10.56,8,0
2025-06-23,SKU2,11.52,0.0,10.81,4,0
2025-06-24,SKU2,11.15,0.0,11.29,2,0
2025-06-25,SKU2,11.45,0.0,11.26,5,0
2025-06-26,SKU2,11.64,0.0,11.33,6,1
2025-06-27,SKU2,11.15,0.0,10.28,3,0
2025-06-28,SKU2,11.1,0.0,11.35,3,0
2025-06-29,SKU2,11.28,0.0,12.37,2,0
2025-06-30,SKU2,11.45,0.0,11.21,4,0
2025-07-01,SKU2,11.59,0.0,11.43,6,0
2025-07-02,SKU2,11.48,0.0,12.09,7,1
2025-07-03,SKU2,11.54,0.0,11.24,5,2
2025-07-04,SKU2,10.94,0.0,11.79,3,1
2025-07-05,SKU2,11.71,0.0,10.61,5,0
2025-07-06,SKU2,11.31,0.0,10.2,5,0
2025-07-07,SKU2,11.45,0.0,11.19,4,0
2025-07-08,SKU2,10.83,0.0,11.33,7,3
2025-07-09,SKU2,11.01,0.0,11.57,9,0
2025-07-10,SKU2,11.2,0.0,11.4,7,0
2025-07-11,SKU2,11.3,0.0,12.3,8,0
2025-07-12,SKU2,11.25,0.0,11.23,2,1
2025-07-13,SKU2,9.13,21.07,10.83,9,0
2025-07-14,SKU2,11.66,0.0,11.87,7,0
2025-07-15,SKU2,11.43,0.0,11.05,5,0
2025-07-16,SKU2,11.31,0.0,12.65,2,0
2025-07-17,SKU2,11.35,0.0,12.07,6,0
2025-07-18,SKU2,11.31,0.0,11.27,5,0
2025-07-19,SKU2,11.49,0.0,10.1,4,0
2025-07-20,SKU2,11.11,0.0,10.59,3,0
2025-07-21,SKU2,11.35,0.0,11.05,2,2
2025-07-22,SKU2,11.06,0.0,12.12,6,0
2025-07-23,SKU2,11.41,0.0,11.73,3,0
2025-07-24,SKU2,11.44,0.0,10.23,4,0
2025-07-25,SKU2,10.85,0.0,11.66,4,0
2025-07-26,SKU2,11.17,0.0,11.11,5,1
2025-07-27,SKU2,11.59,0.0,10.81,6,1
2025-07-28,SKU2,11.82,0.0,11.74,4,0
2025-07-29,SKU2,11.1,0.0,11.36,3,0
2025-07-30,SKU2,11.46,0.0,11.63,3,0
2025-07-31,SKU2,11.31,0.0,11.13,7,1
2025-08-01,SKU2,11.45,0.0,13.23,6,0
2025-08-02,SKU2,11.63,0.0,11.32,3,1
2025-08-03,SKU2,11.28,0.0,12.36,3,0
2025-08-04,SKU2,11.66,0.0,11.9,4,1
2025-08-05,SKU2,11.27,0.0,11.03,4,0
2025-08-06,SKU2,11.22,0.0,11.97,9,1
2025-08-07,SKU2,11.01,0.0,12.56,3,1
2025-08-08,SKU2,11.31,0.0,10.79,9,0
2025-08-09,SKU2,10.94,0.0,11.57,9,0
2025-08-10,SKU2,11.28,0.0,11.17,3,1
2025-08-11,SKU2,11.4,0.0,11.31,4,1
2025-08-12,SKU2,11.1,0.0,11.7,5,1
2025-08-13,SKU2,10.92,0.0,10.78,2,0
2025-08-14,SKU2,11.65,0.0,11.92,5,0
2025-08-15,SKU2,11.71,0.0,9.73,5,0
2025-08-16,SKU2,11.19,0.0,11.96,6,0
2025-08-17,SKU2,11.12,0.0,12.05,3,1
2025-08-18,SKU2,10.87,0.0,11.33,3,0
2025-08-19,SKU2,11.45,0.0,11.56,5,1
2025-08-20,SKU2,10.94,0.0,11.43,4,1
2025-08-21,SKU2,11.26,0.0,11.92,1,0
2025-08-22,SKU2,11.51,0.0,11.92,7,0
2025-08-23,SKU2,11.25,0.0,10.31,5,1
2025-08-24,SKU2,11.45,0.0,11.24,10,1
2025-08-25,SKU2,11.13,0.0,12.31,5,0
2025-08-26,SKU2,11.39,0.0,11.17,3,0
2025-08-27,SKU2,11.36,0.0,11.5,4,1
2025-08-28,SKU2,11.62,0.0,11.19,4,0
2025-08-29,SKU2,11.06,0.0,9.84,8,1
2025-08-30,SKU2,11.11,0.0,11.56,2,1
2025-08-31,SKU2,11.16,0.0,10.73,5,2
2025-09-01,SKU2,9.61,14.59,11.73,4,1
2025-09-02,SKU2,11.56,0.0,11.48,5,0
2025-09-03,SKU2,11.55,0.0,10.35,2,1
2025-09-04,SKU2,11.02,0.0,11.73,3,0
2025-09-05,SKU2,11.1,0.0,11.63,5,0
2025-09-06,SKU2,11.73,0.0,11.6,6,1
2025-09-07,SKU2,11.18,0.0,11.37,6,1
2025-09-08,SKU2,11.55,0.0,11.26,4,1
2025-09-09,SKU2,11.26,0.0,11.24,5,2
2025-09-10,SKU2,11.2,0.0,11.31,10,0
2025-09-11,SKU2,11.41,0.0,11.75,5,0
2025-09-12,SKU2,11.48,0.0,11.15,7,0
2025-09-13,SKU2,10.47,0.0,11.3,4,0
2025-09-14,SKU2,10.9,0.0,10.62,7,2
2025-09-15,SKU2,11.41,0.0,11.12,1,1
2025-09-16,SKU2,11.63,0.0,11.37,4,1
2025-09-17,SKU2,11.17,0.0,11.27,4,0
2025-09-18,SKU2,11.09,0.0,11.22,4,0
2025-09-19,SKU2,11.28,0.0,10.45,8,0
2025-09-20,SKU2,11.28,0.0,11.87,3,2
2025-09-21,SKU2,11.15,0.0,11.4,3,0
2025-09-22,SKU2,11.72,0.0,11.59,6,0
2025-09-23,SKU2,11.34,0.0,12.35,3,1
2025-09-24,SKU2,11.05,0.0,10.43,3,0
2025-09-25,SKU2,11.18,0.0,11.9,9,1
2025-09-26,SKU2,11.09,0.0,10.5,8,1
2025-09-27,SKU2,11.6,0.0,11.41,4,3
2025-09-28,SKU2,11.42,0.0,10.12,4,0
2025-09-29,SKU2,11.56,0.0,11.72,3,0
2025-09-30,SKU2,11.42,0.0,11.75,9,0
2025-10-01,SKU2,11.34,0.0,11.82,7,1
2025-10-02,SKU2,11.24,0.0,10.42,4,1
2025-10-03,SKU2,11.59,0.0,11.65,8,1
2025-10-04,SKU2,11.07,0.0,11.2,6,1
2025-10-05,SKU2,11.13,0.0,11.17,4,1
2025-10-06,SKU2,11.39,0.0,10.59,3,0
2025-10-07,SKU2,11.59,0.0,10.99,7,0
2025-10-08,SKU2,10.96,0.0,11.57,3,1
2025-10-09,SKU2,10.74,6.94,11.75,7,1
2025-10-10,SKU2,11.37,0.0,11.43,8,0
2025-10-11,SKU2,11.28,0.0,11.5,5,0
2025-10-12,SKU2,11.41,0.0,10.36,4,3
2025-10-13,SKU2,11.35,0.0,12.06,7,0
2025-10-14,SKU2,11.73,0.0,11.72,8,1
2025-10-15,SKU2,8.3,25.5,10.85,6,1
2025-10-16,SKU2,11.45,0.0,11.29,5,0
2025-10-17,SKU2,11.33,0.0,11.69,4,1
2025-10-18,SKU2,11.19,0.0,11.34,6,2
2025-10-19,SKU2,11.33,0.0,12.02,6,0
2025-10-20,SKU2,11.44,0.0,11.46,4,0
2025-10-21,SKU2,11.3,0.0,10.95,4,0
2025-10-22,SKU2,11.13,0.0,11.05,1,0
2025-10-23,SKU2,11.38,0.0,11.1,6,0
2025-10-24,SKU2,11.62,0.0,11.86,6,1
2025-10-25,SKU2,10.92,0.0,11.11,3,0
2025-10-26,SKU2,11.64,0.0,11.69,6,0
2025-10-27,SKU2,11.39,0.0,11.91,4,1
2025-10-28,SKU2,11.24,0.0,11.9,6,0
2025-10-29,SKU2,11.16,0.0,12.04,6,0
2025-10-30,SKU2,11.13,0.0,12.07,4,0
2025-10-31,SKU2,11.36,0.0,11.78,6,1
2025-11-01,SKU2,11.19,0.0,10.2,4,0
2025-11-02,SKU2,11.25,0.0,11.52,7,2
2025-11-03,SKU2,11.13,0.0,10.82,8,1
2025-11-04,SKU2,11.44,0.0,11.01,8,1
2025-11-05,SKU2,11.14,0.0,10.83,4,1
2025-11-06,SKU2,11.37,0.0,11.53,3,1
2025-11-07,SKU2,10.92,0.0,11.45,2,0
2025-11-08,SKU2,11.53,0.0,10.32,5,1
2025-11-09,SKU2,11.17,0.0,11.68,1,0
2025-11-10,SKU2,11.7,0.0,11.37,3,1
2025-11-11,SKU2,11.6,0.0,10.8,7,1
2025-11-12,SKU2,11.29,0.0,11.41,3,1
2025-11-13,SKU2,11.75,0.0,11.54,6,1
2025-11-14,SKU2,11.15,0.0,10.77,7,0
2025-11-15,SKU2,11.46,0.0,11.45,5,1
2025-05-20,SKU3,62.38,0.0,59.1,30,3
2025-05-21,SKU3,63.9,0.0,60.04,29,3
2025-05-22,SKU3,59.31,0.0,54.42,30,2
2025-05-23,SKU3,60.8,0.0,62.82,22,4
2025-05-24,SKU3,59.4,0.0,59.28,23,3
2025-05-25,SKU3,59.57,0.0,60.19,33,6
2025-05-26,SKU3,60.85,0.0,60.05,24,2
2025-05-27,SKU3,62.69,0.0,66.01,27,0
2025-05-28,SKU3,62.34,0.0,61.58,30,0
2025-05-29,SKU3,59.18,0.0,60.53,25,0
2025-05-30,SKU3,62.8,0.0,57.45,15,0
2025-05-31,SKU3,62.74,0.0,53.51,35,0
2025-06-01,SKU3,60.21,0.0,63.17,22,0
2025-06-02,SKU3,62.1,0.0,63.46,31,0
2025-06-03,SKU3,62.07,0.0,62.36,25,2
2025-06-04,SKU3,58.17,0.0,65.08,33,4
2025-06-05,SKU3,62.49,0.0,67.08,26,3
2025-06-06,SKU3,60.42,0.0,60.89,32,4
2025-06-07,SKU3,62.3,0.0,56.37,21,5
2025-06-08,SKU3,59.17,0.0,66.28,29,4
2025-06-09,SKU3,62.5,0.0,64.92,30,2
2025-06-10,SKU3,59.64,0.0,63.14,29,3
2025-06-11,SKU3,61.31,0.0,56.18,18,3
2025-06-12,SKU3,59.8,0.0,57.88,26,4
2025-06-13,SKU3,61.89,0.0,60.31,20,3
2025-06-14,SKU3,60.78,0.0,60.07,35,2
2025-06-15,SKU3,60.74,0.0,61.09,33,3
2025-06-16,SKU3,60.14,0.0,58.6,30,7
2025-06-17,SKU3,60.86,0.0,62.19,26,2
2025-06-18,SKU3,60.32,0.0,59.3,26,1
2025-06-19,SKU3,60.44,0.0,59.26,24,1
2025-06-20,SKU3,61.92,0.0,61.34,26,0
2025-06-21,SKU3,60.26,0.0,60.63,20,5
2025-06-22,SKU3,61.67,0.0,60.75,28,6
2025-06-23,SKU3,62.25,0.0,57.29,24,2
2025-06-24,SKU3,63.99,0.0,57.2,18,8
2025-06-25,SKU3,59.89,0.0,58.72,27,1
2025-06-26,SKU3,61.99,0.0,62.81,27,6
2025-06-27,SKU3,62.26,0.0,55.43,23,3
2025-06-28,SKU3,60.31,0.0,64.23,24,2
2025-06-29,SKU3,61.38,0.0,62.21,24,4
2025-06-30,SKU3,61.76,0.0,55.23,35,2
2025-07-01,SKU3,61.87,0.0,61.03,30,0
2025-07-02,SKU3,59.91,0.0,59.26,41,2
2025-07-03,SKU3,60.52,0.0,64.76,29,3
2025-07-04,SKU3,61.24,0.0,66.57,23,3
2025-07-05,SKU3,59.49,0.0,61.11,33,2
2025-07-06,SKU3,60.77,0.0,65.67,31,2
2025-07-07,SKU3,62.86,0.0,60.29,21,2
2025-07-08,SKU3,60.68,0.0,62.43,25,3
2025-07-09,SKU3,61.27,0.0,61.97,23,3
2025-07-10,SKU3,59.6,0.0,63.87,21,2
2025-07-11,SKU3,61.41,0.0,57.65,25,5
2025-07-12,SKU3,47.88,24.17,60.06,42,8
2025-07-13,SKU3,60.43,0.0,60.19,16,0
2025-07-14,SKU3,62.63,0.0,59.53,25,3
2025-07-15,SKU3,60.45,0.0,60.88,28,5
2025-07-16,SKU3,60.75,0.0,58.04,27,1
2025-07-17,SKU3,62.19,0.0,60.4,22,2
2025-07-18,SKU3,62.6,0.0,55.33,25,3
2025-07-19,SKU3,58.93,0.0,64.63,33,3
2025-07-20,SKU3,58.89,0.0,60.42,30,5
2025-07-21,SKU3,60.8,0.0,62.65,35,2
2025-07-22,SKU3,61.06,0.0,60.2,20,2
2025-07-23,SKU3,62.93,0.0,64.52,24,7
2025-07-24,SKU3,62.36,0.0,61.49,21,2
2025-07-25,SKU3,59.46,0.0,65.6,27,4
2025-07-26,SKU3,59.59,0.0,67.29,29,2
2025-07-27,SKU3,61.6,0.0,58.36,38,2
2025-07-28,SKU3,60.9,0.0,62.48,25,2
2025-07-29,SKU3,62.54,0.0,63.55,34,2
2025-07-30,SKU3,60.78,0.0,65.98,35,3
2025-07-31,SKU3,59.72,0.0,62.16,35,3
2025-08-01,SKU3,60.92,0.0,62.79,17,6
2025-08-02,SKU3,60.49,0.0,62.06,31,2
2025-08-03,SKU3,60.98,0.0,60.79,25,2
2025-08-04,SKU3,59.42,0.0,57.96,29,1
2025-08-05,SKU3,62.87,0.0,60.71,34,1
2025-08-06,SKU3,59.39,0.0,57.27,26,3
2025-08-07,SKU3,61.51,0.0,59.1,28,2
2025-08-08,SKU3,59.39,0.0,56.92,33,4
2025-08-09,SKU3,61.77,0.0,64.31,35,3
2025-08-10,SKU3,62.15,0.0,59.54,30,4
2025-08-11,SKU3,62.09,0.0,63.81,35,5
2025-08-12,SKU3,61.79,0.0,58.75,32,0
2025-08-13,SKU3,61.66,0.0,55.06,32,2
2025-08-14,SKU3,62.1,0.0,58.56,28,4
2025-08-15,SKU3,59.97,0.0,61.82,25,4
2025-08-16,SKU3,61.23,0.0,57.63,32,4
2025-08-17,SKU3,60.59,0.0,59.89,21,4
2025-08-18,SKU3,58.71,0.0,64.63,33,4
2025-08-19,SKU3,61.68,0.0,66.76,25,2
2025-08-20,SKU3,61.29,0.0,62.17,25,0
2025-08-21,SKU3,61.11,0.0,61.9,28,2
2025-08-22,SKU3,61.9,0.0,65.41,20,7
2025-08-23,SKU3,60.44,0.0,60.74,23,1
2025-08-24,SKU3,61.7,0.0,57.78,29,3
2025-08-25,SKU3,60.79,0.0,55.11,29,2
2025-08-26,SKU3,60.02,0.0,62.91,38,2
2025-08-27,SKU3,60.3,0.0,59.65,29,4
2025-08-28,SKU3,63.0,0.0,63.81,24,2
2025-08-29,SKU3,61.58,0.0,66.62,26,5
2025-08-30,SKU3,62.98,0.0,63.22,35,6
2025-08-31,SKU3,62.03,0.0,64.44,25,5
2025-09-01,SKU3,62.17,0.0,62.05,31,2
2025-09-02,SKU3,62.86,0.0,66.2,18,3
2025-09-03,SKU3,59.38,0.0,60.29,28,0
2025-09-04,SKU3,61.14,0.0,59.65,24,3
2025-09-05,SKU3,62.96,0.0,61.41,27,0
2025-09-06,SKU3,54.47,12.27,65.07,36,6
2025-09-07,SKU3,61.83,0.0,57.76,20,3
2025-09-08,SKU3,62.33,0.0,59.94,26,2
2025-09-09,SKU3,59.98,0.0,61.67,23,2
2025-09-10,SKU3,62.51,0.0,66.97,32,4
2025-09-11,SKU3,61.41,0.0,59.71,27,4
2025-09-12,SKU3,59.93,0.0,60.95,29,5
2025-09-13,SKU3,61.1,0.0,58.81,30,4
2025-09-14,SKU3,61.54,0.0,58.1,28,3
2025-09-15,SKU3,62.05,0.0,64.93,23,1
2025-09-16,SKU3,60.15,0.0,64.25,20,3
2025-09-17,SKU3,59.93,0.0,59.59,30,2
2025-09-18,SKU3,54.39,13.12,64.61,37,9
2025-09-19,SKU3,63.44,0.0,62.74,33,3
2025-09-20,SKU3,61.09,0.0,61.34,30,1
2025-09-21,SKU3,60.89,0.0,61.73,28,0
2025-09-22,SKU3,61.43,0.0,64.2,27,3
2025-09-23,SKU3,60.1,0.0,61.59,26,1
2025-09-24,SKU3,52.76,13.45,63.45,42,6
2025-09-25,SKU3,59.76,0.0,64.93,28,3
2025-09-26,SKU3,43.94,25.95,62.77,34,6
2025-09-27,SKU3,62.46,0.0,61.24,25,5
2025-09-28,SKU3,62.62,0.0,61.76,20,7
2025-09-29,SKU3,60.49,0.0,61.44,25,1
2025-09-30,SKU3,63.81,0.0,59.74,34,5
2025-10-01,SKU3,62.06,0.0,64.53,22,2
2025-10-02,SKU3,61.64,0.0,59.21,26,5
2025-10-03,SKU3,59.65,0.0,57.95,31,5
2025-10-04,SKU3,62.21,0.0,60.12,25,1
2025-10-05,SKU3,61.21,0.0,61.12,37,2
2025-10-06,SKU3,62.13,0.0,60.88,28,2
2025-10-07,SKU3,62.29,0.0,58.76,30,4
2025-10-08,SKU3,63.85,0.0,62.63,27,1
2025-10-09,SKU3,49.42,19.33,64.84,31,11
2025-10-10,SKU3,49.15,18.93,60.71,43,12
2025-10-11,SKU3,61.26,0.0,57.85,24,3
2025-10-12,SKU3,62.7,0.0,59.22,25,4
2025-10-13,SKU3,61.61,0.0,62.88,31,4
2025-10-14,SKU3,64.04,0.0,62.84,33,1
2025-10-15,SKU3,60.53,0.0,64.15,30,4
2025-10-16,SKU3,61.2,0.0,66.57,35,2
2025-10-17,SKU3,47.44,19.75,61.86,40,5
2025-10-18,SKU3,60.36,0.0,61.98,41,5
2025-10-19,SKU3,60.23,0.0,59.7,32,4
2025-10-20,SKU3,59.0,0.0,61.44,24,2
2025-10-21,SKU3,62.1,0.0,59.01,30,2
2025-10-22,SKU3,62.84,0.0,65.57,35,1
2025-10-23,SKU3,58.85,0.0,62.12,19,5
2025-10-24,SKU3,60.8,0.0,62.99,32,3
2025-10-25,SKU3,62.09,0.0,59.94,25,4
2025-10-26,SKU3,59.77,0.0,59.09,35,6
2025-10-27,SKU3,62.57,0.0,62.33,22,4
2025-10-28,SKU3,58.48,0.0,61.24,22,5
2025-10-29,SKU3,64.02,0.0,61.21,30,6
2025-10-30,SKU3,63.22,0.0,64.35,21,4
2025-10-31,SKU3,60.76,0.0,56.62,38,3
2025-11-01,SKU3,61.56,0.0,59.22,27,1
2025-11-02,SKU3,64.47,0.0,63.11,34,5
2025-11-03,SKU3,62.89,0.0,56.97,24,2
2025-11-04,SKU3,59.59,0.0,65.2,27,3
2025-11-05,SKU3,60.17,0.0,61.51,30,1
2025-11-06,SKU3,60.89,0.0,60.33,25,4
2025-11-07,SKU3,63.79,0.0,53.33,27,4
2025-11-08,SKU3,61.34,0.0,59.37,27,3
2025-11-09,SKU3,61.8,0.0,52.13,30,4
2025-11-10,SKU3,60.22,0.0,60.33,17,3
2025-11-11,SKU3,60.77,0.0,60.25,22,4
2025-11-12,SKU3,62.24,0.0,58.37,24,1
2025-11-13,SKU3,63.01,0.0,58.53,34,2
2025-11-14,SKU3,60.49,0.0,58.94,29,4
2025-11-15,SKU3,61.54,0.0,58.97,20,2
