data/derived/demand_data.csv
date,sku_id,price,discount_percent,competitor_price,web_traffic,units_sold
2025-05-20,SKU6,4.12,0.0,3.76,18,0
2025-05-21,SKU6,4.09,0.0,4.19,19,2
2025-05-22,SKU6,4.07,0.0,4.12,19,3
2025-05-23,SKU6,4.02,0.0,3.84,17,2
2025-05-24,SKU6,4.03,0.0,3.7,29,1
2025-05-25,SKU6,4.2,0.0,4.21,19,0
2025-05-26,SKU6,4.11,0.0,4.31,25,3
2025-05-27,SKU6,3.96,0.0,3.84,22,0
2025-05-28,SKU6,4.16,0.0,4.07,17,0
2025-05-29,SKU6,4.04,0.0,4.11,22,0
2025-05-30,SKU6,4.15,0.0,3.84,18,0
2025-05-31,SKU6,4.12,0.0,3.94,18,0
2025-06-01,SKU6,4.07,0.0,4.35,19,0
2025-06-02,SKU6,4.02,0.0,4.34,29,0
2025-06-03,SKU6,4.0,0.0,4.11,18,0
2025-06-04,SKU6,4.03,0.0,3.82,22,0
2025-06-05,SKU6,4.11,0.0,4.34,24,0
2025-06-06,SKU6,4.09,0.0,4.25,17,2
2025-06-07,SKU6,4.3,0.0,4.14,23,1
2025-06-08,SKU6,4.11,0.0,3.54,25,6
2025-06-09,SKU6,4.09,0.0,4.21,29,3
2025-06-10,SKU6,4.2,0.0,4.27,20,3
2025-06-11,SKU6,4.15,0.0,3.58,29,1
2025-06-12,SKU6,4.14,0.0,4.08,25,0
2025-06-13,SKU6,3.99,0.0,4.11,20,0
2025-06-14,SKU6,4.0,0.0,3.98,23,2
2025-06-15,SKU6,4.08,0.0,4.28,21,2
2025-06-16,SKU6,4.04,0.0,3.98,18,1
2025-06-17,SKU6,4.15,0.0,4.04,19,3
2025-06-18,SKU6,4.13,0.0,3.94,15,0
2025-06-19,SKU6,4.06,0.0,4.03,15,3
2025-06-20,SKU6,4.31,0.0,4.19,15,2
2025-06-21,SKU6,4.02,0.0,3.98,16,5
2025-06-22,SKU6,4.14,0.0,4.12,18,3
2025-06-23,SKU6,3.92,0.0,4.05,20,1
2025-06-24,SKU6,4.02,0.0,4.06,16,1
2025-06-25,SKU6,3.03,27.02,3.92,28,4
2025-06-26,SKU6,4.18,0.0,3.92,19,2
2025-06-27,SKU6,4.0,0.0,4.16,24,5
2025-06-28,SKU6,4.16,0.0,4.29,21,3
2025-06-29,SKU6,4.04,0.0,3.82,20,2
2025-06-30,SKU6,3.78,0.0,4.08,19,3
2025-07-01,SKU6,4.0,0.0,3.98,19,2
2025-07-02,SKU6,4.08,0.0,4.02,17,3
2025-07-03,SKU6,4.1,0.0,4.07,16,2
2025-07-04,SKU6,4.13,0.0,3.67,15,4
2025-07-05,SKU6,4.08,0.0,3.97,23,2
2025-07-06,SKU6,3.99,0.0,4.11,20,2
2025-07-07,SKU6,4.17,0.0,4.13,20,1
2025-07-08,SKU6,3.8,0.0,3.99,23,3
2025-07-09,SKU6,4.12,0.0,3.84,26,3
2025-07-10,SKU6,4.22,0.0,3.6,17,5
2025-07-11,SKU6,4.11,0.0,3.71,14,4
2025-07-12,SKU6,4.07,0.0,3.97,28,1
2025-07-13,SKU6,4.23,0.0,3.95,24,3
2025-07-14,SKU6,4.05,0.0,3.73,24,1
2025-07-15,SKU6,4.03,0.0,4.17,23,2
2025-07-16,SKU6,4.09,0.0,4.33,28,1
2025-07-17,SKU6,4.01,0.0,4.19,18,1
2025-07-18,SKU6,3.29,17.58,4.11,34,6
2025-07-19,SKU6,4.01,0.0,3.63,19,5
2025-07-20,SKU6,4.04,0.0,4.15,23,1
2025-07-21,SKU6,4.11,0.0,4.26,16,5
2025-07-22,SKU6,3.95,0.0,4.3,22,1
2025-07-23,SKU6,4.21,0.0,3.97,29,3
2025-07-24,SKU6,4.17,0.0,3.93,26,2
2025-07-25,SKU6,4.02,0.0,4.36,23,3
2025-07-26,SKU6,4.08,0.0,3.96,19,1
2025-07-27,SKU6,4.14,0.0,3.83,21,2
2025-07-28,SKU6,4.17,0.0,4.03,21,4
2025-07-29,SKU6,3.97,0.0,4.17,20,1
2025-07-30,SKU6,3.59,14.25,4.0,33,6
2025-07-31,SKU6,4.04,0.0,4.29,17,3
2025-08-01,SKU6,4.05,0.0,4.21,24,4
2025-08-02,SKU6,3.72,13.73,3.73,33,2
2025-08-03,SKU6,3.99,0.0,3.92,28,4
2025-08-04,SKU6,3.96,0.0,3.99,25,1
2025-08-05,SKU6,4.09,0.0,4.17,23,3
2025-08-06,SKU6,4.07,0.0,4.41,27,4
2025-08-07,SKU6,4.24,0.0,4.02,19,2
2025-08-08,SKU6,4.14,0.0,4.31,23,3
2025-08-09,SKU6,4.13,0.0,4.0,27,4
2025-08-10,SKU6,4.07,0.0,4.0,24,4
2025-08-11,SKU6,4.08,0.0,4.1,14,4
2025-08-12,SKU6,4.13,0.0,4.26,29,3
2025-08-13,SKU6,4.19,0.0,4.11,13,2
2025-08-14,SKU6,4.1,0.0,4.49,22,5
2025-08-15,SKU6,4.07,0.0,4.32,21,2
2025-08-16,SKU6,4.0,0.0,3.75,32,6
2025-08-17,SKU6,4.1,0.0,4.19,20,3
2025-08-18,SKU6,4.05,0.0,4.18,16,3
2025-08-19,SKU6,3.97,0.0,3.88,24,1
2025-08-20,SKU6,4.18,0.0,4.16,14,0
2025-08-21,SKU6,3.95,0.0,3.94,23,4
2025-08-22,SKU6,3.42,14.49,4.35,45,6
2025-08-23,SKU6,4.01,0.0,4.02,18,2
2025-08-24,SKU6,4.01,0.0,4.27,32,2
2025-08-25,SKU6,3.05,26.59,4.16,28,11
2025-08-26,SKU6,4.08,0.0,3.97,13,1
2025-08-27,SKU6,4.21,0.0,4.18,31,1
2025-08-28,SKU6,4.0,0.0,3.79,20,4
2025-08-29,SKU6,4.05,0.0,4.3,13,1
2025-08-30,SKU6,4.1,0.0,3.63,20,2
2025-08-31,SKU6,4.01,0.0,4.24,22,7
2025-09-01,SKU6,4.06,0.0,3.66,27,1
2025-09-02,SKU6,4.07,0.0,4.54,24,4
2025-09-03,SKU6,4.05,0.0,3.98,13,2
2025-09-04,SKU6,4.09,0.0,4.33,27,1
2025-09-05,SKU6,4.29,0.0,4.13,19,1
2025-09-06,SKU6,3.91,0.0,4.47,17,5
2025-09-07,SKU6,4.22,0.0,3.67,17,3
2025-09-08,SKU6,4.06,0.0,4.32,30,0
2025-09-09,SKU6,4.14,0.0,4.09,24,1
2025-09-10,SKU6,4.23,0.0,4.08,25,4
2025-09-11,SKU6,4.05,0.0,3.88,24,0
2025-09-12,SKU6,4.05,0.0,4.4,26,3
2025-09-13,SKU6,3.97,0.0,3.63,19,3
2025-09-14,SKU6,4.16,0.0,4.33,34,4
2025-09-15,SKU6,4.12,0.0,4.09,26,0
2025-09-16,SKU6,4.03,0.0,4.2,18,5
2025-09-17,SKU6,4.06,0.0,4.32,19,1
2025-09-18,SKU6,4.06,0.0,3.98,23,1
2025-09-19,SKU6,4.11,0.0,3.91,23,1
2025-09-20,SKU6,4.05,0.0,4.2,20,1
2025-09-21,SKU6,4.07,0.0,4.23,14,2
2025-09-22,SKU6,4.16,0.0,3.91,14,2
2025-09-23,SKU6,4.14,0.0,3.85,15,7
2025-09-24,SKU6,4.16,0.0,4.4,29,2
2025-09-25,SKU6,4.03,0.0,3.86,21,2
2025-09-26,SKU6,4.08,0.0,4.07,19,0
2025-09-27,SKU6,4.05,0.0,4.07,34,1
2025-09-28,SKU6,4.13,0.0,4.31,26,1
2025-09-29,SKU6,3.91,0.0,4.18,21,2
2025-09-30,SKU6,4.03,0.0,4.04,24,4
2025-10-01,SKU6,4.13,0.0,4.3,35,0
2025-10-02,SKU6,4.14,0.0,3.79,28,2
2025-10-03,SKU6,4.04,0.0,4.11,23,3
2025-10-04,SKU6,4.16,0.0,3.74,20,3
2025-10-05,SKU6,3.99,0.0,3.84,24,0
2025-10-06,SKU6,4.12,0.0,4.12,17,3
2025-10-07,SKU6,4.1,0.0,4.4,14,3
2025-10-08,SKU6,3.96,0.0,3.92,17,0
2025-10-09,SKU6,4.21,0.0,4.06,30,2
2025-10-10,SKU6,3.98,0.0,4.07,17,0
2025-10-11,SKU6,3.96,0.0,3.84,24,1
2025-10-12,SKU6,4.07,0.0,4.31,26,1
2025-10-13,SKU6,4.02,0.0,4.51,25,2
2025-10-14,SKU6,4.26,0.0,3.88,19,2
2025-10-15,SKU6,4.1,0.0,4.06,26,2
2025-10-16,SKU6,4.0,0.0,4.3,13,1
2025-10-17,SKU6,4.12,0.0,3.83,25,5
2025-10-18,SKU6,4.09,0.0,4.3,22,2
2025-10-19,SKU6,4.13,0.0,4.13,19,6
2025-10-20,SKU6,4.08,0.0,3.96,31,1
2025-10-21,SKU6,4.04,0.0,3.85,29,3
2025-10-22,SKU6,4.02,0.0,4.17,24,6
2025-10-23,SKU6,4.09,0.0,3.99,18,3
2025-10-24,SKU6,4.02,0.0,4.27,16,1
2025-10-25,SKU6,4.15,0.0,4.51,12,2
2025-10-26,SKU6,3.96,0.0,3.66,20,2
2025-10-27,SKU6,4.13,0.0,4.38,20,1
2025-10-28,SKU6,4.13,0.0,4.2,28,2
2025-10-29,SKU6,4.08,0.0,4.14,24,0
2025-10-30,SKU6,2.88,29.31,4.31,51,4
2025-10-31,SKU6,3.92,0.0,3.62,19,1
2025-11-01,SKU6,4.07,0.0,4.3,20,3
2025-11-02,SKU6,4.16,0.0,4.16,18,1
2025-11-03,SKU6,4.13,0.0,4.24,20,5
2025-11-04,SKU6,4.1,0.0,3.91,18,1
2025-11-05,SKU6,4.04,0.0,4.04,13,2
2025-11-06,SKU6,4.13,0.0,3.83,22,0
2025-11-07,SKU6,4.05,0.0,4.06,23,1
2025-11-08,SKU6,4.16,0.0,4.1,24,1
2025-11-09,SKU6,4.03,0.0,3.71,22,3
2025-11-10,SKU6,4.2,0.0,4.34,26,2
2025-11-11,SKU6,4.21,0.0,4.25,27,1
2025-11-12,SKU6,4.05,0.0,4.0,20,3
2025-11-13,SKU6,4.09,0.0,3.98,32,3
2025-11-14,SKU6,4.01,0.0,3.83,23,1
2025-11-15,SKU6,4.13,0.0,3.95,27,3
2025-05-20,SKU7,43.23,0.0,43.99,139,14
2025-05-21,SKU7,41.69,0.0,46.19,136,16
2025-05-22,SKU7,44.03,0.0,43.6,176,19
2025-05-23,SKU7,43.62,0.0,40.05,140,12
2025-05-24,SKU7,43.03,0.0,45.68,142,12
2025-05-25,SKU7,43.54,0.0,41.33,142,14
2025-05-26,SKU7,43.7,0.0,46.18,137,6
2025-05-27,SKU7,41.9,0.0,43.17,154,0
2025-05-28,SKU7,43.24,0.0,43.01,140,0
2025-05-29,SKU7,44.63,0.0,44.74,119,0
2025-05-30,SKU7,43.46,0.0,43.36,140,0
2025-05-31,SKU7,43.3,0.0,46.87,139,0
2025-06-01,SKU7,42.81,0.0,39.3,135,0
2025-06-02,SKU7,42.94,0.0,43.58,132,0
2025-06-03,SKU7,39.1,7.64,40.67,231,0
2025-06-04,SKU7,43.77,0.0,44.09,159,0
2025-06-05,SKU7,42.35,0.0,42.57,149,0
2025-06-06,SKU7,44.47,0.0,40.92,139,0
2025-06-07,SKU7,30.34,28.93,43.41,186,36
2025-06-08,SKU7,42.06,0.0,41.76,152,13
2025-06-09,SKU7,42.47,0.0,40.69,129,14
2025-06-10,SKU7,43.34,0.0,44.79,162,17
2025-06-11,SKU7,44.87,0.0,42.8,145,14
2025-06-12,SKU7,43.11,0.0,45.69,138,9
2025-06-13,SKU7,43.15,0.0,41.9,150,14
2025-06-14,SKU7,43.46,0.0,42.87,136,16
2025-06-15,SKU7,42.82,0.0,43.87,127,7
2025-06-16,SKU7,44.65,0.0,39.38,135,14
2025-06-17,SKU7,41.84,0.0,47.58,137,17
2025-06-18,SKU7,41.99,0.0,43.61,136,15
2025-06-19,SKU7,44.55,0.0,43.65,146,11
2025-06-20,SKU7,43.46,0.0,43.53,110,11
2025-06-21,SKU7,42.14,0.0,42.13,128,19
2025-06-22,SKU7,42.71,0.0,43.98,160,16
2025-06-23,SKU7,42.43,0.0,40.24,150,9
2025-06-24,SKU7,43.59,0.0,46.96,174,12
2025-06-25,SKU7,42.36,0.0,45.98,143,12
2025-06-26,SKU7,40.92,0.0,42.25,162,16
2025-06-27,SKU7,44.75,0.0,46.28,151,9
2025-06-28,SKU7,41.68,0.0,42.85,142,19
2025-06-29,SKU7,43.24,0.0,42.49,151,24
2025-06-30,SKU7,43.21,0.0,43.13,143,19
2025-07-01,SKU7,42.68,0.0,43.52,134,13
2025-07-02,SKU7,42.23,0.0,42.37,144,12
2025-07-03,SKU7,33.49,24.91,41.41,211,37
2025-07-04,SKU7,43.7,0.0,43.97,137,13
2025-07-05,SKU7,43.74,0.0,41.06,145,21
2025-07-06,SKU7,41.76,0.0,42.09,136,19
2025-07-07,SKU7,44.03,0.0,44.58,149,20
2025-07-08,SKU7,42.62,0.0,43.06,150,10
2025-07-09,SKU7,44.43,0.0,40.77,134,16
2025-07-10,SKU7,43.81,0.0,43.42,156,15
2025-07-11,SKU7,42.59,0.0,41.85,134,19
2025-07-12,SKU7,43.16,0.0,41.52,159,22
2025-07-13,SKU7,41.19,8.01,46.28,210,45
2025-07-14,SKU7,30.83,26.63,46.62,186,28
2025-07-15,SKU7,42.97,0.0,42.67,147,14
2025-07-16,SKU7,41.75,0.0,42.1,126,14
2025-07-17,SKU7,44.45,0.0,42.97,130,13
2025-07-18,SKU7,42.55,0.0,41.23,129,11
2025-07-19,SKU7,44.05,0.0,45.62,133,13
2025-07-20,SKU7,41.87,0.0,40.36,161,21
2025-07-21,SKU7,43.6,0.0,42.61,146,20
2025-07-22,SKU7,43.46,0.0,44.69,124,18
2025-07-23,SKU7,43.28,0.0,48.6,153,9
2025-07-24,SKU7,42.63,0.0,40.17,150,14
2025-07-25,SKU7,42.14,0.0,41.07,137,20
2025-07-26,SKU7,41.9,0.0,44.01,142,21
2025-07-27,SKU7,43.38,0.0,44.1,139,16
2025-07-28,SKU7,44.38,0.0,40.45,152,10
2025-07-29,SKU7,41.48,0.0,48.84,148,9
2025-07-30,SKU7,43.41,0.0,43.75,159,13
2025-07-31,SKU7,44.66,0.0,42.87,147,13
2025-08-01,SKU7,42.02,0.0,42.76,140,6
2025-08-02,SKU7,42.99,0.0,41.55,125,16
2025-08-03,SKU7,42.98,0.0,38.08,142,11
2025-08-04,SKU7,43.47,0.0,43.67,156,12
2025-08-05,SKU7,42.34,0.0,41.37,138,17
2025-08-06,SKU7,43.31,0.0,45.23,148,16
2025-08-07,SKU7,32.48,26.09,42.21,214,30
2025-08-08,SKU7,42.87,0.0,40.26,147,13
2025-08-09,SKU7,43.4,0.0,38.55,144,16
2025-08-10,SKU7,42.57,0.0,40.73,121,20
2025-08-11,SKU7,42.44,0.0,43.8,137,18
2025-08-12,SKU7,42.88,0.0,39.78,147,14
2025-08-13,SKU7,44.24,0.0,40.28,116,14
2025-08-14,SKU7,42.82,0.0,44.69,125,16
2025-08-15,SKU7,42.13,0.0,40.22,143,9
2025-08-16,SKU7,41.37,0.0,43.29,161,19
2025-08-17,SKU7,42.8,0.0,42.1,154,26
2025-08-18,SKU7,43.63,0.0,40.57,133,12
2025-08-19,SKU7,42.71,0.0,42.94,148,17
2025-08-20,SKU7,42.84,0.0,42.45,146,13
2025-08-21,SKU7,42.65,0.0,47.99,135,17
2025-08-22,SKU7,44.06,0.0,42.2,135,12
2025-08-23,SKU7,43.71,0.0,39.9,130,24
2025-08-24,SKU7,39.97,5.53,41.32,204,48
2025-08-25,SKU7,42.72,0.0,41.48,161,15
2025-08-26,SKU7,42.72,0.0,41.35,148,12
2025-08-27,SKU7,41.63,0.0,41.17,139,16
2025-08-28,SKU7,42.03,0.0,43.51,131,18
2025-08-29,SKU7,40.71,7.09,38.75,213,41
2025-08-30,SKU7,42.51,0.0,40.31,151,22
2025-08-31,SKU7,42.65,0.0,43.5,132,25
2025-09-01,SKU7,42.17,0.0,38.9,141,11
2025-09-02,SKU7,42.42,0.0,44.51,138,12
2025-09-03,SKU7,44.76,0.0,45.06,152,15
2025-09-04,SKU7,42.59,0.0,41.56,139,19
2025-09-05,SKU7,41.87,0.0,43.94,142,18
2025-09-06,SKU7,42.49,0.0,40.37,160,19
2025-09-07,SKU7,42.2,0.0,39.76,155,14
2025-09-08,SKU7,43.02,0.0,39.19,142,13
2025-09-09,SKU7,42.32,0.0,44.76,140,14
2025-09-10,SKU7,43.29,0.0,45.27,133,14
2025-09-11,SKU7,41.9,0.0,40.34,152,9
2025-09-12,SKU7,42.34,0.0,42.88,154,13
2025-09-13,SKU7,42.58,0.0,40.97,162,14
2025-09-14,SKU7,43.35,0.0,43.64,173,24
2025-09-15,SKU7,43.37,0.0,41.69,141,10
2025-09-16,SKU7,43.36,0.0,46.02,129,24
2025-09-17,SKU7,43.26,0.0,45.64,132,7
2025-09-18,SKU7,43.39,0.0,45.0,137,17
2025-09-19,SKU7,43.02,0.0,43.96,121,16
2025-09-20,SKU7,43.09,0.0,45.88,143,13
2025-09-21,SKU7,38.91,6.67,45.56,196,46
2025-09-22,SKU7,43.44,0.0,44.97,160,14
2025-09-23,SKU7,42.65,0.0,41.22,144,11
2025-09-24,SKU7,43.34,0.0,43.56,125,11
2025-09-25,SKU7,40.6,0.0,44.02,127,22
2025-09-26,SKU7,42.53,0.0,47.58,138,19
2025-09-27,SKU7,43.4,0.0,44.25,122,19
2025-09-28,SKU7,42.1,0.0,42.78,145,22
2025-09-29,SKU7,43.25,0.0,43.93,152,14
2025-09-30,SKU7,44.78,0.0,44.34,141,21
2025-10-01,SKU7,41.92,0.0,44.72,141,13
2025-10-02,SKU7,39.37,9.35,45.43,199,30
2025-10-03,SKU7,42.76,0.0,44.66,153,7
2025-10-04,SKU7,42.33,0.0,41.15,138,18
2025-10-05,SKU7,43.79,0.0,40.65,161,18
2025-10-06,SKU7,42.61,0.0,44.48,146,11
2025-10-07,SKU7,42.34,0.0,43.58,121,12
2025-10-08,SKU7,38.82,9.52,45.18,219,35
2025-10-09,SKU7,43.21,0.0,41.38,144,21
2025-10-10,SKU7,43.01,0.0,38.24,127,20
2025-10-11,SKU7,43.16,0.0,41.22,131,13
2025-10-12,SKU7,43.4,0.0,45.03,126,16
2025-10-13,SKU7,44.16,0.0,45.35,149,13
2025-10-14,SKU7,43.07,0.0,45.4,150,14
2025-10-15,SKU7,42.82,0.0,44.38,147,17
2025-10-16,SKU7,43.49,0.0,46.76,141,15
2025-10-17,SKU7,42.18,0.0,45.38,137,9
2025-10-18,SKU7,42.65,0.0,45.01,133,11
2025-10-19,SKU7,44.89,0.0,45.93,166,24
2025-10-20,SKU7,42.43,0.0,42.43,141,12
2025-10-21,SKU7,43.87,0.0,44.91,124,12
2025-10-22,SKU7,42.98,0.0,43.62,156,13
2025-10-23,SKU7,42.64,0.0,44.64,131,10
2025-10-24,SKU7,43.27,0.0,38.97,150,13
2025-10-25,SKU7,43.98,0.0,44.41,123,19
2025-10-26,SKU7,42.65,0.0,42.29,133,13
2025-10-27,SKU7,42.21,0.0,42.62,147,19
2025-10-28,SKU7,42.51,0.0,39.62,136,12
2025-10-29,SKU7,42.29,0.0,41.39,138,9
2025-10-30,SKU7,42.27,0.0,46.54,153,10
2025-10-31,SKU7,41.99,0.0,44.41,136,15
2025-11-01,SKU7,41.5,0.0,40.16,127,21
2025-11-02,SKU7,33.65,19.73,42.36,225,35
2025-11-03,SKU7,43.45,0.0,41.15,152,17
2025-11-04,SKU7,41.99,0.0,41.59,142,11
2025-11-05,SKU7,42.88,0.0,42.51,134,21
2025-11-06,SKU7,42.26,0.0,42.51,145,19
2025-11-07,SKU7,41.4,0.0,41.07,131,18
2025-11-08,SKU7,42.8,0.0,43.47,141,19
2025-11-09,SKU7,42.4,0.0,40.74,128,17
2025-11-10,SKU7,43.09,0.0,45.46,138,12
2025-11-11,SKU7,31.18,27.3,41.06,244,35
2025-11-12,SKU7,42.12,0.0,39.0,140,24
2025-11-13,SKU7,43.37,0.0,45.41,159,11
2025-11-14,SKU7,41.7,0.0,42.96,160,22
2025-11-15,SKU7,42.27,0.0,43.91,151,16
