data/derived/demand_data.csv
date,sku_id,price,discount_percent,competitor_price,web_traffic,units_sold
2025-05-20,SKU8,70.29,0.0,66.66,37,5
2025-05-21,SKU8,68.49,0.0,63.59,45,0
2025-05-22,SKU8,68.38,0.0,71.2,43,0
2025-05-23,SKU8,68.45,0.0,67.4,38,0
2025-05-24,SKU8,67.35,0.0,71.58,54,0
2025-05-25,SKU8,66.61,0.0,70.86,61,0
2025-05-26,SKU8,68.38,0.0,68.5,37,0
2025-05-27,SKU8,69.46,0.0,68.38,53,0
2025-05-28,SKU8,69.85,0.0,66.3,52,0
2025-05-29,SKU8,71.01,0.0,66.3,70,0
2025-05-30,SKU8,71.67,0.0,70.16,48,0
2025-05-31,SKU8,60.42,12.54,68.43,90,15
2025-06-01,SKU8,69.57,0.0,69.05,53,9
2025-06-02,SKU8,69.19,0.0,78.12,66,5
2025-06-03,SKU8,69.15,0.0,64.63,46,7
2025-06-04,SKU8,68.92,0.0,66.86,61,8
2025-06-05,SKU8,67.41,0.0,66.76,56,5
2025-06-06,SKU8,68.36,0.0,68.7,51,3
2025-06-07,SKU8,70.14,0.0,73.75,45,10
2025-06-08,SKU8,68.3,0.0,71.78,51,3
2025-06-09,SKU8,68.86,0.0,67.4,52,4
2025-06-10,SKU8,66.57,0.0,65.05,49,8
2025-06-11,SKU8,68.62,0.0,70.03,42,3
2025-06-12,SKU8,69.13,0.0,71.33,54,3
2025-06-13,SKU8,69.35,0.0,75.78,46,4
2025-06-14,SKU8,68.17,0.0,71.54,51,9
2025-06-15,SKU8,66.43,0.0,73.71,46,4
2025-06-16,SKU8,70.27,0.0,71.03,48,2
2025-06-17,SKU8,69.25,0.0,60.74,48,8
2025-06-18,SKU8,69.17,0.0,71.27,34,2
2025-06-19,SKU8,67.61,0.0,65.41,53,4
2025-06-20,SKU8,67.84,0.0,61.89,50,5
2025-06-21,SKU8,67.96,0.0,64.26,58,6
2025-06-22,SKU8,68.39,0.0,65.58,52,12
2025-06-23,SKU8,69.03,0.0,67.35,57,8
2025-06-24,SKU8,68.66,0.0,64.26,43,5
2025-06-25,SKU8,70.46,0.0,70.18,45,4
2025-06-26,SKU8,67.19,0.0,68.72,32,3
2025-06-27,SKU8,67.13,0.0,69.83,41,10
2025-06-28,SKU8,66.61,0.0,67.11,61,3
2025-06-29,SKU8,67.39,0.0,71.08,47,5
2025-06-30,SKU8,54.78,22.99,62.47,72,11
2025-07-01,SKU8,72.33,0.0,65.99,48,5
2025-07-02,SKU8,68.4,0.0,60.49,59,4
2025-07-03,SKU8,69.69,0.0,67.56,56,3
2025-07-04,SKU8,68.05,0.0,64.94,49,9
2025-07-05,SKU8,68.53,0.0,72.49,48,4
2025-07-06,SKU8,67.92,0.0,63.59,51,11
2025-07-07,SKU8,70.58,0.0,68.22,46,4
2025-07-08,SKU8,67.43,0.0,71.53,50,4
2025-07-09,SKU8,71.23,0.0,67.55,66,2
2025-07-10,SKU8,68.35,0.0,68.27,59,11
2025-07-11,SKU8,67.87,0.0,70.62,46,1
2025-07-12,SKU8,67.68,0.0,67.66,51,4
2025-07-13,SKU8,69.77,0.0,74.56,53,10
2025-07-14,SKU8,70.36,0.0,72.86,43,2
2025-07-15,SKU8,66.72,0.0,73.36,57,4
2025-07-16,SKU8,67.21,0.0,67.98,57,4
2025-07-17,SKU8,68.4,0.0,67.19,39,5
2025-07-18,SKU8,70.57,0.0,64.75,47,10
2025-07-19,SKU8,68.47,0.0,64.74,51,6
2025-07-20,SKU8,70.16,0.0,64.24,61,7
2025-07-21,SKU8,70.35,0.0,63.3,49,5
2025-07-22,SKU8,68.75,0.0,68.34,50,5
2025-07-23,SKU8,49.94,27.24,74.02,75,19
2025-07-24,SKU8,68.21,0.0,67.8,40,3
2025-07-25,SKU8,68.0,0.0,68.19,55,5
2025-07-26,SKU8,70.66,0.0,72.06,58,4
2025-07-27,SKU8,69.17,0.0,66.23,62,7
2025-07-28,SKU8,67.53,0.0,72.82,37,6
2025-07-29,SKU8,70.82,0.0,66.61,50,10
2025-07-30,SKU8,67.5,0.0,62.22,49,4
2025-07-31,SKU8,68.75,0.0,65.08,54,3
2025-08-01,SKU8,68.55,0.0,69.66,49,5
2025-08-02,SKU8,67.98,0.0,66.84,51,11
2025-08-03,SKU8,68.57,0.0,66.71,47,5
2025-08-04,SKU8,71.89,0.0,74.06,67,5
2025-08-05,SKU8,68.83,0.0,67.02,50,6
2025-08-06,SKU8,69.27,0.0,73.78,34,2
2025-08-07,SKU8,69.95,0.0,73.39,54,7
2025-08-08,SKU8,70.22,0.0,69.96,39,7
2025-08-09,SKU8,69.32,0.0,69.77,50,5
2025-08-10,SKU8,68.53,0.0,71.87,49,6
2025-08-11,SKU8,67.76,0.0,70.85,57,5
2025-08-12,SKU8,68.67,0.0,66.66,57,10
2025-08-13,SKU8,67.12,0.0,68.51,41,6
2025-08-14,SKU8,69.18,0.0,69.35,43,6
2025-08-15,SKU8,70.13,0.0,66.69,55,4
2025-08-16,SKU8,67.34,0.0,73.41,58,3
2025-08-17,SKU8,66.77,0.0,64.64,53,9
2025-08-18,SKU8,67.74,0.0,65.42,53,2
2025-08-19,SKU8,68.72,0.0,69.36,50,4
2025-08-20,SKU8,67.26,0.0,61.64,42,4
2025-08-21,SKU8,57.44,17.71,72.2,75,17
2025-08-22,SKU8,67.78,0.0,68.32,55,8
2025-08-23,SKU8,69.9,0.0,68.09,45,5
2025-08-24,SKU8,52.84,25.45,67.62,76,23
2025-08-25,SKU8,71.01,0.0,64.71,54,3
2025-08-26,SKU8,66.78,0.0,72.13,61,5
2025-08-27,SKU8,48.57,29.33,69.58,73,8
2025-08-28,SKU8,69.25,0.0,69.84,57,5
2025-08-29,SKU8,68.71,0.0,69.11,57,10
2025-08-30,SKU8,68.0,0.0,73.09,48,4
2025-08-31,SKU8,70.1,0.0,64.79,40,3
2025-09-01,SKU8,50.28,28.46,64.59,91,12
2025-09-02,SKU8,66.06,0.0,73.82,53,4
2025-09-03,SKU8,67.81,0.0,69.59,56,5
2025-09-04,SKU8,68.18,0.0,69.95,48,8
2025-09-05,SKU8,70.31,0.0,72.41,49,5
2025-09-06,SKU8,69.88,0.0,80.03,54,6
2025-09-07,SKU8,69.19,0.0,66.32,53,4
2025-09-08,SKU8,68.35,0.0,64.12,59,5
2025-09-09,SKU8,68.03,0.0,68.28,53,4
2025-09-10,SKU8,68.55,0.0,71.99,57,5
2025-09-11,SKU8,68.99,0.0,70.7,57,3
2025-09-12,SKU8,69.47,0.0,71.43,56,2
2025-09-13,SKU8,70.32,0.0,69.98,53,6
2025-09-14,SKU8,69.78,0.0,64.2,37,4
2025-09-15,SKU8,68.79,0.0,66.88,46,2
2025-09-16,SKU8,66.78,0.0,64.55,44,5
2025-09-17,SKU8,67.75,0.0,73.61,57,4
2025-09-18,SKU8,70.46,0.0,70.0,62,5
2025-09-19,SKU8,67.73,0.0,70.42,47,5
2025-09-20,SKU8,68.21,0.0,64.98,60,6
2025-09-21,SKU8,68.83,0.0,69.03,49,7
2025-09-22,SKU8,69.14,0.0,70.27,43,6
2025-09-23,SKU8,66.15,0.0,66.3,55,4
2025-09-24,SKU8,70.33,0.0,66.27,57,5
2025-09-25,SKU8,67.91,0.0,67.7,61,3
2025-09-26,SKU8,67.97,0.0,67.39,54,10
2025-09-27,SKU8,69.1,0.0,71.26,55,5
2025-09-28,SKU8,56.75,17.54,73.77,78,11
2025-09-29,SKU8,69.98,0.0,74.34,40,2
2025-09-30,SKU8,68.03,0.0,64.69,45,8
2025-10-01,SKU8,70.55,0.0,69.68,52,3
2025-10-02,SKU8,68.06,0.0,60.29,50,3
2025-10-03,SKU8,69.88,0.0,66.62,41,5
2025-10-04,SKU8,65.35,0.0,67.84,60,4
2025-10-05,SKU8,66.74,0.0,69.33,63,7
2025-10-06,SKU8,68.65,0.0,76.23,48,5
2025-10-07,SKU8,49.11,27.32,67.25,73,13
2025-10-08,SKU8,68.23,0.0,65.93,39,6
2025-10-09,SKU8,70.38,0.0,69.38,51,9
2025-10-10,SKU8,67.13,0.0,67.56,41,4
2025-10-11,SKU8,69.24,0.0,71.01,52,6
2025-10-12,SKU8,66.03,0.0,69.59,43,8
2025-10-13,SKU8,65.22,0.0,67.13,51,10
2025-10-14,SKU8,51.39,25.45,63.89,75,15
2025-10-15,SKU8,68.7,0.0,69.39,43,6
2025-10-16,SKU8,66.89,0.0,72.16,48,5
2025-10-17,SKU8,69.79,0.0,72.45,49,5
2025-10-18,SKU8,65.9,0.0,67.73,56,6
2025-10-19,SKU8,67.69,0.0,71.69,40,4
2025-10-20,SKU8,69.65,0.0,66.21,53,4
2025-10-21,SKU8,68.0,0.0,69.52,65,6
2025-10-22,SKU8,48.13,28.93,68.37,79,12
2025-10-23,SKU8,68.28,0.0,69.05,51,2
2025-10-24,SKU8,69.05,0.0,72.16,54,3
2025-10-25,SKU8,67.22,0.0,74.86,58,3
2025-10-26,SKU8,68.28,0.0,65.64,61,9
2025-10-27,SKU8,67.1,0.0,72.25,51,4
2025-10-28,SKU8,71.06,0.0,67.84,49,2
2025-10-29,SKU8,66.4,0.0,66.62,49,5
2025-10-30,SKU8,68.97,0.0,68.16,61,9
2025-10-31,SKU8,63.53,8.26,72.4,97,10
2025-11-01,SKU8,68.88,0.0,72.54,48,5
2025-11-02,SKU8,70.5,0.0,71.83,37,5
2025-11-03,SKU8,68.55,0.0,66.41,38,2
2025-11-04,SKU8,67.28,0.0,69.8,57,2
2025-11-05,SKU8,67.65,0.0,68.63,43,11
2025-11-06,SKU8,70.61,0.0,70.99,53,5
2025-11-07,SKU8,71.01,0.0,61.84,46,5
2025-11-08,SKU8,68.35,0.0,75.85,62,5
2025-11-09,SKU8,67.11,0.0,71.85,45,1
2025-11-10,SKU8,69.98,0.0,75.19,41,6
2025-11-11,SKU8,68.81,0.0,60.89,44,3
2025-11-12,SKU8,70.51,0.0,71.72,51,2
2025-11-13,SKU8,67.18,0.0,64.31,57,6
2025-11-14,SKU8,67.79,0.0,62.2,45,4
2025-11-15,SKU8,69.28,0.0,69.19,47,1
2025-05-20,SKU9,50.55,20.58,59.06,463,14
2025-05-21,SKU9,65.41,0.0,59.56,364,0
2025-05-22,SKU9,64.03,0.0,62.82,362,0
2025-05-23,SKU9,65.88,0.0,62.44,302,0
2025-05-24,SKU9,65.58,0.0,61.33,325,0
2025-05-25,SKU9,66.33,0.0,62.34,358,0
2025-05-26,SKU9,63.62,0.0,64.24,366,0
2025-05-27,SKU9,65.52,0.0,66.31,297,0
2025-05-28,SKU9,63.31,0.0,61.45,361,0
2025-05-29,SKU9,63.49,0.0,69.45,327,0
2025-05-30,SKU9,64.28,0.0,65.15,295,0
2025-05-31,SKU9,65.37,0.0,59.76,310,0
2025-06-01,SKU9,61.28,0.0,60.86,345,0
2025-06-02,SKU9,65.2,0.0,60.76,328,0
2025-06-03,SKU9,64.19,0.0,66.45,342,0
2025-06-04,SKU9,66.42,0.0,64.95,333,0
2025-06-05,SKU9,64.2,0.0,62.82,322,0
2025-06-06,SKU9,64.02,0.0,63.31,377,0
2025-06-07,SKU9,60.82,0.0,59.33,309,0
2025-06-08,SKU9,62.92,0.0,69.62,317,0
2025-06-09,SKU9,65.22,0.0,66.42,322,0
2025-06-10,SKU9,63.53,0.0,68.66,343,0
2025-06-11,SKU9,62.29,0.0,64.77,323,0
2025-06-12,SKU9,63.17,0.0,67.69,324,0
2025-06-13,SKU9,63.3,0.0,65.55,323,0
2025-06-14,SKU9,63.71,0.0,62.39,311,0
2025-06-15,SKU9,62.49,0.0,68.97,335,0
2025-06-16,SKU9,65.54,0.0,70.36,335,0
2025-06-17,SKU9,66.25,0.0,66.1,320,31
2025-06-18,SKU9,64.12,0.0,60.11,359,31
2025-06-19,SKU9,64.43,0.0,67.35,329,39
2025-06-20,SKU9,61.5,0.0,66.72,321,25
2025-06-21,SKU9,65.93,0.0,69.27,345,40
2025-06-22,SKU9,64.27,0.0,64.09,296,40
2025-06-23,SKU9,63.98,0.0,67.16,312,41
2025-06-24,SKU9,63.92,0.0,62.03,362,43
2025-06-25,SKU9,64.39,0.0,59.58,280,24
2025-06-26,SKU9,64.29,0.0,53.81,306,29
2025-06-27,SKU9,65.73,0.0,58.37,342,47
2025-06-28,SKU9,67.14,0.0,69.16,295,29
2025-06-29,SKU9,64.68,0.0,61.24,341,43
2025-06-30,SKU9,66.36,0.0,60.51,312,38
2025-07-01,SKU9,66.14,0.0,65.36,322,30
2025-07-02,SKU9,63.25,0.0,68.04,339,41
2025-07-03,SKU9,63.0,0.0,67.38,310,33
2025-07-04,SKU9,65.52,0.0,63.31,340,27
2025-07-05,SKU9,62.98,0.0,63.22,297,28
2025-07-06,SKU9,63.66,0.0,62.2,316,41
2025-07-07,SKU9,63.37,0.0,57.43,338,28
2025-07-08,SKU9,61.03,0.0,63.78,326,33
2025-07-09,SKU9,63.71,0.0,60.36,302,22
2025-07-10,SKU9,61.83,0.0,58.87,348,26
2025-07-11,SKU9,62.46,0.0,66.64,341,26
2025-07-12,SKU9,64.85,0.0,67.93,359,36
2025-07-13,SKU9,61.65,0.0,67.5,290,43
2025-07-14,SKU9,64.49,0.0,62.75,333,31
2025-07-15,SKU9,63.35,0.0,60.4,342,31
2025-07-16,SKU9,57.42,9.35,63.28,469,77
2025-07-17,SKU9,66.67,0.0,60.95,346,31
2025-07-18,SKU9,65.02,0.0,63.43,298,31
2025-07-19,SKU9,64.88,0.0,66.5,370,48
2025-07-20,SKU9,64.51,0.0,63.31,339,47
2025-07-21,SKU9,65.54,0.0,65.69,335,29
2025-07-22,SKU9,62.94,0.0,60.74,308,36
2025-07-23,SKU9,63.99,0.0,66.38,336,33
2025-07-24,SKU9,67.83,0.0,65.68,333,32
2025-07-25,SKU9,62.82,0.0,66.79,327,35
2025-07-26,SKU9,64.52,0.0,60.11,306,39
2025-07-27,SKU9,66.03,0.0,60.77,295,43
2025-07-28,SKU9,64.43,0.0,66.6,305,30
2025-07-29,SKU9,62.78,0.0,61.34,368,30
2025-07-30,SKU9,62.7,0.0,63.2,341,26
2025-07-31,SKU9,61.79,0.0,64.26,319,30
2025-08-01,SKU9,65.03,0.0,64.99,314,30
2025-08-02,SKU9,64.82,0.0,66.81,333,50
2025-08-03,SKU9,61.91,0.0,68.88,349,54
2025-08-04,SKU9,61.57,0.0,64.22,349,26
2025-08-05,SKU9,64.29,0.0,65.09,344,27
2025-08-06,SKU9,63.7,0.0,64.83,355,38
2025-08-07,SKU9,64.37,0.0,64.27,339,32
2025-08-08,SKU9,64.1,0.0,63.05,357,25
2025-08-09,SKU9,62.85,0.0,64.29,328,30
2025-08-10,SKU9,62.11,0.0,68.54,386,38
2025-08-11,SKU9,62.87,0.0,65.83,326,30
2025-08-12,SKU9,63.35,0.0,63.81,356,29
2025-08-13,SKU9,61.82,0.0,61.4,325,46
2025-08-14,SKU9,63.98,0.0,61.19,340,24
2025-08-15,SKU9,55.24,14.48,69.53,501,73
2025-08-16,SKU9,64.22,0.0,70.83,325,42
2025-08-17,SKU9,52.21,18.54,66.2,516,104
2025-08-18,SKU9,61.94,0.0,63.33,318,41
2025-08-19,SKU9,61.97,0.0,60.62,349,34
2025-08-20,SKU9,61.83,0.0,64.39,317,36
2025-08-21,SKU9,66.04,0.0,58.18,327,26
2025-08-22,SKU9,64.6,0.0,67.06,339,33
2025-08-23,SKU9,64.53,0.0,66.63,335,34
2025-08-24,SKU9,64.27,0.0,62.05,344,37
2025-08-25,SKU9,63.38,0.0,59.06,294,34
2025-08-26,SKU9,63.8,0.0,65.47,302,29
2025-08-27,SKU9,65.43,0.0,66.21,331,33
2025-08-28,SKU9,64.63,0.0,66.19,312,43
2025-08-29,SKU9,63.27,0.0,63.38,324,24
2025-08-30,SKU9,62.91,0.0,62.43,349,51
2025-08-31,SKU9,65.02,0.0,64.87,327,27
2025-09-01,SKU9,65.72,0.0,66.8,321,27
2025-09-02,SKU9,63.7,0.0,63.86,316,33
2025-09-03,SKU9,63.66,0.0,60.57,277,28
2025-09-04,SKU9,64.32,0.0,62.36,350,30
2025-09-05,SKU9,64.39,0.0,67.33,321,44
2025-09-06,SKU9,58.66,10.23,64.88,465,97
2025-09-07,SKU9,63.46,0.0,69.14,320,47
2025-09-08,SKU9,64.17,0.0,67.9,330,31
2025-09-09,SKU9,63.2,0.0,66.48,307,25
2025-09-10,SKU9,62.48,0.0,63.71,332,25
2025-09-11,SKU9,64.4,0.0,68.46,362,30
2025-09-12,SKU9,65.14,0.0,65.45,320,34
2025-09-13,SKU9,63.25,0.0,65.41,297,31
2025-09-14,SKU9,66.1,0.0,59.4,327,37
2025-09-15,SKU9,63.72,0.0,63.68,303,33
2025-09-16,SKU9,64.14,0.0,62.34,307,38
2025-09-17,SKU9,62.83,0.0,64.34,320,35
2025-09-18,SKU9,65.06,0.0,58.52,342,30
2025-09-19,SKU9,64.97,0.0,66.67,309,40
2025-09-20,SKU9,64.85,0.0,65.15,325,49
2025-09-21,SKU9,62.93,0.0,60.13,344,33
2025-09-22,SKU9,65.6,0.0,63.03,333,43
2025-09-23,SKU9,61.44,0.0,61.85,301,18
2025-09-24,SKU9,63.25,0.0,66.71,287,38
2025-09-25,SKU9,64.14,0.0,64.6,347,38
2025-09-26,SKU9,63.09,0.0,68.6,332,31
2025-09-27,SKU9,62.37,0.0,70.27,342,43
2025-09-28,SKU9,65.81,0.0,61.45,324,22
2025-09-29,SKU9,63.06,0.0,59.08,321,25
2025-09-30,SKU9,62.94,0.0,64.4,329,35
2025-10-01,SKU9,64.44,0.0,62.71,299,26
2025-10-02,SKU9,64.46,0.0,68.13,347,29
2025-10-03,SKU9,60.88,0.0,57.85,360,29
2025-10-04,SKU9,64.37,0.0,68.75,343,50
2025-10-05,SKU9,63.82,0.0,60.78,339,49
2025-10-06,SKU9,64.13,0.0,58.32,341,33
2025-10-07,SKU9,61.2,0.0,63.35,324,26
2025-10-08,SKU9,65.12,0.0,63.69,318,36
2025-10-09,SKU9,64.9,0.0,66.98,329,38
2025-10-10,SKU9,65.32,0.0,71.09,343,32
2025-10-11,SKU9,62.84,0.0,66.72,326,40
2025-10-12,SKU9,64.34,0.0,71.24,298,40
2025-10-13,SKU9,63.33,0.0,64.24,308,36
2025-10-14,SKU9,65.76,0.0,66.29,297,27
2025-10-15,SKU9,64.52,0.0,66.56,331,35
2025-10-16,SKU9,64.41,0.0,59.78,328,43
2025-10-17,SKU9,64.84,0.0,63.83,341,33
2025-10-18,SKU9,62.81,0.0,62.48,323,43
2025-10-19,SKU9,63.83,0.0,63.27,329,40
2025-10-20,SKU9,64.62,0.0,69.76,333,31
2025-10-21,SKU9,64.21,0.0,69.72,334,32
2025-10-22,SKU9,62.39,0.0,61.62,309,23
2025-10-23,SKU9,62.24,0.0,67.08,310,35
2025-10-24,SKU9,63.02,0.0,67.43,347,21
2025-10-25,SKU9,63.55,0.0,60.85,326,38
2025-10-26,SKU9,64.31,0.0,69.97,315,41
2025-10-27,SKU9,67.63,0.0,60.78,342,45
2025-10-28,SKU9,57.25,15.3,65.45,514,94
2025-10-29,SKU9,61.39,0.0,60.61,365,34
2025-10-30,SKU9,62.25,0.0,68.56,334,33
2025-10-31,SKU9,64.28,0.0,65.85,314,35
2025-11-01,SKU9,63.35,0.0,64.46,326,36
2025-11-02,SKU9,66.54,0.0,66.29,326,51
2025-11-03,SKU9,66.39,0.0,59.74,335,34
2025-11-04,SKU9,64.21,0.0,66.82,338,23
2025-11-05,SKU9,63.82,0.0,65.34,345,28
2025-11-06,SKU9,60.12,5.73,63.65,477,92
2025-11-07,SKU9,62.63,0.0,64.16,345,39
2025-11-08,SKU9,62.44,0.0,62.29,311,34
2025-11-09,SKU9,62.58,0.0,64.06,352,35
2025-11-10,SKU9,63.04,0.0,67.49,330,26
2025-11-11,SKU9,63.68,0.0,62.89,296,37
2025-11-12,SKU9,63.27,0.0,66.71,321,28
2025-11-13,SKU9,64.63,0.0,54.9,327,36
2025-11-14,SKU9,62.49,0.0,63.86,313,35
2025-11-15,SKU9,64.12,0.0,62.74,331,48
