data/derived/demand_data.csv
date,sku_id,price,discount_percent,competitor_price,web_traffic,units_sold
2025-05-20,SKU10,15.43,0.0,16.11,326,29
2025-05-21,SKU10,16.01,0.0,14.38,344,22
2025-05-22,SKU10,16.14,0.0,15.71,349,0
2025-05-23,SKU10,16.07,0.0,15.96,321,0
2025-05-24,SKU10,16.51,0.0,15.98,339,0
2025-05-25,SKU10,16.03,0.0,16.05,334,0
2025-05-26,SKU10,15.69,0.0,15.86,328,0
2025-05-27,SKU10,16.15,0.0,15.43,327,0
2025-05-28,SKU10,15.26,0.0,16.12,340,0
2025-05-29,SKU10,15.69,0.0,16.52,322,0
2025-05-30,SKU10,15.82,0.0,15.94,306,0
2025-05-31,SKU10,15.7,0.0,15.18,351,0
2025-06-01,SKU10,15.36,0.0,16.08,353,0
2025-06-02,SKU10,15.04,0.0,15.86,338,0
2025-06-03,SKU10,16.09,0.0,17.3,316,29
2025-06-04,SKU10,15.78,0.0,16.05,333,32
2025-06-05,SKU10,15.56,0.0,15.81,337,23
2025-06-06,SKU10,12.92,17.75,16.31,531,81
2025-06-07,SKU10,15.21,0.0,15.77,329,35
2025-06-08,SKU10,15.68,0.0,15.13,328,39
2025-06-09,SKU10,15.72,0.0,15.96,321,21
2025-06-10,SKU10,16.07,0.0,16.62,342,29
2025-06-11,SKU10,15.56,0.0,16.52,344,32
2025-06-12,SKU10,15.38,0.0,15.97,327,36
2025-06-13,SKU10,15.49,0.0,15.37,354,28
2025-06-14,SKU10,15.37,0.0,15.38,354,42
2025-06-15,SKU10,15.5,0.0,16.31,318,48
2025-06-16,SKU10,13.86,12.87,14.79,520,72
2025-06-17,SKU10,16.1,0.0,16.5,339,41
2025-06-18,SKU10,16.1,0.0,15.05,322,39
2025-06-19,SKU10,15.79,0.0,15.26,344,36
2025-06-20,SKU10,16.19,0.0,15.17,334,27
2025-06-21,SKU10,14.23,10.58,16.45,508,77
2025-06-22,SKU10,15.56,0.0,15.86,339,35
2025-06-23,SKU10,15.91,0.0,16.61,345,38
2025-06-24,SKU10,16.18,0.0,15.89,354,41
2025-06-25,SKU10,15.53,0.0,15.91,331,33
2025-06-26,SKU10,15.83,0.0,15.13,325,33
2025-06-27,SKU10,16.32,0.0,15.33,366,23
2025-06-28,SKU10,13.47,14.53,15.54,502,121
2025-06-29,SKU10,14.31,6.02,15.58,547,108
2025-06-30,SKU10,15.65,0.0,16.61,305,36
2025-07-01,SKU10,15.67,0.0,16.43,349,37
2025-07-02,SKU10,15.84,0.0,16.06,311,31
2025-07-03,SKU10,13.49,16.67,16.54,526,77
2025-07-04,SKU10,15.76,0.0,15.06,342,37
2025-07-05,SKU10,15.16,0.0,16.71,298,48
2025-07-06,SKU10,16.03,0.0,15.47,372,44
2025-07-07,SKU10,11.45,26.12,16.48,504,87
2025-07-08,SKU10,15.36,0.0,16.71,332,35
2025-07-09,SKU10,15.6,0.0,15.7,346,28
2025-07-10,SKU10,16.39,0.0,15.24,361,27
2025-07-11,SKU10,11.96,26.59,15.86,477,88
2025-07-12,SKU10,15.8,0.0,15.96,334,34
2025-07-13,SKU10,15.58,0.0,15.69,323,42
2025-07-14,SKU10,15.87,0.0,16.52,322,36
2025-07-15,SKU10,15.29,0.0,15.8,331,33
2025-07-16,SKU10,15.33,0.0,14.59,335,39
2025-07-17,SKU10,15.78,0.0,16.34,361,29
2025-07-18,SKU10,15.78,0.0,15.28,317,29
2025-07-19,SKU10,14.8,0.0,15.24,353,30
2025-07-20,SKU10,15.63,0.0,15.53,345,30
2025-07-21,SKU10,15.74,0.0,15.54,339,30
2025-07-22,SKU10,15.67,0.0,15.62,360,31
2025-07-23,SKU10,15.7,0.0,15.75,353,33
2025-07-24,SKU10,15.85,0.0,16.76,317,31
2025-07-25,SKU10,15.36,0.0,15.16,346,29
2025-07-26,SKU10,15.97,0.0,16.65,339,38
2025-07-27,SKU10,15.82,0.0,16.4,315,30
2025-07-28,SKU10,15.69,0.0,17.09,327,25
2025-07-29,SKU10,16.07,0.0,16.9,329,32
2025-07-30,SKU10,16.15,0.0,15.61,323,33
2025-07-31,SKU10,15.58,0.0,14.88,321,41
2025-08-01,SKU10,15.57,0.0,15.36,346,32
2025-08-02,SKU10,16.01,0.0,14.27,321,44
2025-08-03,SKU10,15.76,0.0,16.09,356,44
2025-08-04,SKU10,15.99,0.0,15.14,324,25
2025-08-05,SKU10,15.96,0.0,15.07,337,35
2025-08-06,SKU10,15.46,0.0,15.87,309,39
2025-08-07,SKU10,16.46,0.0,17.05,338,29
2025-08-08,SKU10,15.6,0.0,14.45,332,35
2025-08-09,SKU10,16.15,0.0,14.95,300,30
2025-08-10,SKU10,15.85,0.0,14.97,306,37
2025-08-11,SKU10,16.02,0.0,16.01,324,30
2025-08-12,SKU10,15.65,0.0,15.64,339,40
2025-08-13,SKU10,15.93,0.0,16.27,314,34
2025-08-14,SKU10,16.13,0.0,15.64,319,31
2025-08-15,SKU10,15.95,0.0,16.49,337,26
2025-08-16,SKU10,15.84,0.0,16.15,320,33
2025-08-17,SKU10,16.13,0.0,15.76,306,31
2025-08-18,SKU10,16.26,0.0,15.6,337,29
2025-08-19,SKU10,15.96,0.0,13.47,336,31
2025-08-20,SKU10,15.5,0.0,16.54,324,31
2025-08-21,SKU10,15.56,0.0,15.1,310,34
2025-08-22,SKU10,15.14,0.0,16.63,356,39
2025-08-23,SKU10,15.73,0.0,15.84,333,37
2025-08-24,SKU10,15.02,0.0,16.37,341,37
2025-08-25,SKU10,15.69,0.0,14.97,346,29
2025-08-26,SKU10,15.72,0.0,15.67,346,22
2025-08-27,SKU10,15.34,0.0,16.37,314,29
2025-08-28,SKU10,15.68,0.0,15.14,327,31
2025-08-29,SKU10,16.23,0.0,16.52,329,27
2025-08-30,SKU10,15.71,0.0,17.38,349,46
2025-08-31,SKU10,15.51,0.0,15.79,330,41
2025-09-01,SKU10,15.27,0.0,14.73,365,37
2025-09-02,SKU10,15.64,0.0,15.51,329,29
2025-09-03,SKU10,15.92,0.0,15.96,279,47
2025-09-04,SKU10,15.85,0.0,16.28,316,27
2025-09-05,SKU10,15.11,0.0,15.48,298,46
2025-09-06,SKU10,15.36,0.0,15.71,334,42
2025-09-07,SKU10,15.72,0.0,15.56,335,47
2025-09-08,SKU10,15.71,0.0,16.18,340,30
2025-09-09,SKU10,15.52,0.0,15.56,315,38
2025-09-10,SKU10,15.93,0.0,15.29,320,43
2025-09-11,SKU10,15.37,0.0,15.97,292,32
2025-09-12,SKU10,15.92,0.0,15.72,317,29
2025-09-13,SKU10,15.3,0.0,14.85,324,34
2025-09-14,SKU10,16.06,0.0,15.8,347,53
2025-09-15,SKU10,15.54,0.0,16.43,351,26
2025-09-16,SKU10,15.77,0.0,15.12,371,43
2025-09-17,SKU10,14.2,10.09,17.86,453,83
2025-09-18,SKU10,15.04,0.0,15.79,300,29
2025-09-19,SKU10,15.62,0.0,16.35,333,41
2025-09-20,SKU10,15.69,0.0,15.78,302,51
2025-09-21,SKU10,15.32,0.0,16.81,328,38
2025-09-22,SKU10,15.3,0.0,15.35,335,29
2025-09-23,SKU10,15.63,0.0,15.12,324,24
2025-09-24,SKU10,15.58,0.0,14.46,311,33
2025-09-25,SKU10,15.48,0.0,15.32,326,27
2025-09-26,SKU10,15.61,0.0,15.24,325,32
2025-09-27,SKU10,16.0,0.0,15.94,349,32
2025-09-28,SKU10,15.41,0.0,16.88,327,32
2025-09-29,SKU10,15.31,0.0,16.22,283,33
2025-09-30,SKU10,16.07,0.0,15.75,332,38
2025-10-01,SKU10,15.84,0.0,16.47,311,34
2025-10-02,SKU10,16.29,0.0,15.3,314,40
2025-10-03,SKU10,15.17,0.0,14.66,338,34
2025-10-04,SKU10,15.58,0.0,15.6,329,28
2025-10-05,SKU10,12.08,25.84,14.64,514,94
2025-10-06,SKU10,15.58,0.0,15.41,296,35
2025-10-07,SKU10,15.82,0.0,16.4,331,33
2025-10-08,SKU10,15.14,0.0,15.22,350,24
2025-10-09,SKU10,16.08,0.0,14.85,327,25
2025-10-10,SKU10,15.97,0.0,16.01,313,34
2025-10-11,SKU10,12.29,21.63,16.0,469,105
2025-10-12,SKU10,15.51,0.0,15.09,351,42
2025-10-13,SKU10,16.26,0.0,16.15,336,28
2025-10-14,SKU10,15.38,0.0,14.9,329,33
2025-10-15,SKU10,16.08,0.0,16.61,366,35
2025-10-16,SKU10,15.21,0.0,15.7,327,49
2025-10-17,SKU10,15.75,0.0,16.25,335,43
2025-10-18,SKU10,15.53,0.0,13.71,332,45
2025-10-19,SKU10,15.48,0.0,15.94,329,41
2025-10-20,SKU10,15.37,0.0,15.45,325,33
2025-10-21,SKU10,15.87,0.0,15.62,344,29
2025-10-22,SKU10,16.26,0.0,15.34,319,37
2025-10-23,SKU10,14.59,5.57,16.68,505,96
2025-10-24,SKU10,15.74,0.0,15.64,344,38
2025-10-25,SKU10,15.6,0.0,15.85,326,42
2025-10-26,SKU10,15.71,0.0,15.13,319,43
2025-10-27,SKU10,15.14,0.0,15.72,347,48
2025-10-28,SKU10,15.6,0.0,15.57,321,24
2025-10-29,SKU10,16.41,0.0,15.68,347,34
2025-10-30,SKU10,16.18,0.0,16.73,344,20
2025-10-31,SKU10,14.38,5.56,15.78,486,75
2025-11-01,SKU10,15.29,0.0,16.05,326,41
2025-11-02,SKU10,15.62,0.0,16.68,319,36
2025-11-03,SKU10,15.68,0.0,15.94,380,40
2025-11-04,SKU10,14.06,12.61,15.86,516,84
2025-11-05,SKU10,15.67,0.0,15.9,298,33
2025-11-06,SKU10,15.39,0.0,14.04,343,30
2025-11-07,SKU10,15.43,0.0,15.13,346,38
2025-11-08,SKU10,15.56,0.0,15.53,336,36
2025-11-09,SKU10,15.77,0.0,15.71,352,33
2025-11-10,SKU10,16.15,0.0,15.46,329,24
2025-11-11,SKU10,15.41,0.0,15.08,330,30
2025-11-12,SKU10,16.04,0.0,15.93,360,25
2025-11-13,SKU10,16.08,0.0,15.59,304,33
2025-11-14,SKU10,15.41,0.0,17.12,336,37
2025-11-15,SKU10,15.89,0.0,16.02,347,54
2025-05-20,SKU11,90.58,0.0,85.74,287,37
2025-05-21,SKU11,90.95,0.0,84.62,348,9
2025-05-22,SKU11,89.4,0.0,96.15,309,0
2025-05-23,SKU11,88.12,0.0,89.18,326,0
2025-05-24,SKU11,92.36,0.0,93.62,349,0
2025-05-25,SKU11,88.93,0.0,93.93,335,0
2025-05-26,SKU11,94.46,0.0,91.71,338,0
2025-05-27,SKU11,89.16,0.0,85.88,314,0
2025-05-28,SKU11,80.14,12.39,96.68,486,0
2025-05-29,SKU11,93.03,0.0,90.99,308,0
2025-05-30,SKU11,88.36,0.0,90.42,319,0
2025-05-31,SKU11,87.81,0.0,98.27,350,0
2025-06-01,SKU11,91.34,0.0,92.16,301,0
2025-06-02,SKU11,89.75,0.0,92.68,304,0
2025-06-03,SKU11,91.04,0.0,81.76,340,0
2025-06-04,SKU11,70.93,20.45,94.33,489,0
2025-06-05,SKU11,92.45,0.0,96.27,317,0
2025-06-06,SKU11,88.86,0.0,85.45,316,0
2025-06-07,SKU11,89.67,0.0,93.89,308,0
2025-06-08,SKU11,90.02,0.0,91.42,309,0
2025-06-09,SKU11,88.35,0.0,89.67,324,0
2025-06-10,SKU11,91.84,0.0,95.22,340,0
2025-06-11,SKU11,92.08,0.0,97.29,318,0
2025-06-12,SKU11,88.71,0.0,90.38,340,0
2025-06-13,SKU11,89.41,0.0,100.21,330,32
2025-06-14,SKU11,67.0,27.51,91.22,463,90
2025-06-15,SKU11,90.65,0.0,88.97,345,33
2025-06-16,SKU11,90.5,0.0,94.97,337,27
2025-06-17,SKU11,94.73,0.0,82.03,323,28
2025-06-18,SKU11,92.93,0.0,96.27,347,39
2025-06-19,SKU11,90.69,0.0,99.82,328,23
2025-06-20,SKU11,89.2,0.0,93.63,308,45
2025-06-21,SKU11,92.09,0.0,76.76,322,39
2025-06-22,SKU11,89.51,0.0,92.08,296,37
2025-06-23,SKU11,88.81,0.0,85.83,335,32
2025-06-24,SKU11,91.77,0.0,90.13,304,31
2025-06-25,SKU11,89.81,0.0,101.01,306,29
2025-06-26,SKU11,89.32,0.0,97.23,331,35
2025-06-27,SKU11,92.06,0.0,82.32,321,34
2025-06-28,SKU11,88.3,0.0,89.72,308,36
2025-06-29,SKU11,92.63,0.0,80.2,322,44
2025-06-30,SKU11,92.25,0.0,90.51,301,32
2025-07-01,SKU11,89.97,0.0,89.11,310,30
2025-07-02,SKU11,91.42,0.0,83.03,314,21
2025-07-03,SKU11,91.3,0.0,91.24,350,38
2025-07-04,SKU11,91.77,0.0,84.23,320,44
2025-07-05,SKU11,92.34,0.0,94.85,315,35
2025-07-06,SKU11,80.52,12.43,93.23,466,105
2025-07-07,SKU11,93.0,0.0,94.42,317,38
2025-07-08,SKU11,91.81,0.0,92.37,321,36
2025-07-09,SKU11,88.38,0.0,92.0,305,34
2025-07-10,SKU11,90.3,0.0,91.92,319,41
2025-07-11,SKU11,92.67,0.0,85.63,294,31
2025-07-12,SKU11,92.43,0.0,81.08,289,41
2025-07-13,SKU11,92.58,0.0,91.88,315,44
2025-07-14,SKU11,90.8,0.0,93.43,322,42
2025-07-15,SKU11,91.56,0.0,89.78,308,35
2025-07-16,SKU11,90.59,0.0,87.59,316,34
2025-07-17,SKU11,89.36,0.0,81.97,318,31
2025-07-18,SKU11,89.29,0.0,91.71,323,36
2025-07-19,SKU11,86.42,0.0,87.28,328,28
2025-07-20,SKU11,88.28,0.0,93.84,312,36
2025-07-21,SKU11,64.31,25.74,97.49,466,81
2025-07-22,SKU11,91.09,0.0,90.09,312,25
2025-07-23,SKU11,87.58,0.0,88.85,331,29
2025-07-24,SKU11,86.75,0.0,91.43,307,31
2025-07-25,SKU11,92.18,0.0,97.11,325,36
2025-07-26,SKU11,90.71,0.0,88.86,323,44
2025-07-27,SKU11,91.81,0.0,91.84,289,30
2025-07-28,SKU11,89.25,0.0,88.8,285,38
2025-07-29,SKU11,66.44,25.65,87.37,489,88
2025-07-30,SKU11,89.98,0.0,97.86,327,31
2025-07-31,SKU11,92.73,0.0,87.94,332,35
2025-08-01,SKU11,72.57,17.68,91.7,511,74
2025-08-02,SKU11,89.62,0.0,80.31,333,41
2025-08-03,SKU11,88.55,0.0,90.7,318,38
2025-08-04,SKU11,89.47,0.0,92.07,342,24
2025-08-05,SKU11,91.48,0.0,86.38,319,37
2025-08-06,SKU11,88.16,0.0,91.02,322,41
2025-08-07,SKU11,89.95,0.0,86.34,306,25
2025-08-08,SKU11,92.45,0.0,96.12,337,36
2025-08-09,SKU11,90.48,0.0,88.17,373,39
2025-08-10,SKU11,91.16,0.0,96.62,332,42
2025-08-11,SKU11,88.92,0.0,92.66,328,29
2025-08-12,SKU11,93.59,0.0,86.09,331,31
2025-08-13,SKU11,88.77,0.0,90.58,368,30
2025-08-14,SKU11,92.25,0.0,87.08,308,31
2025-08-15,SKU11,89.38,0.0,91.95,310,36
2025-08-16,SKU11,90.95,0.0,93.41,333,42
2025-08-17,SKU11,92.12,0.0,89.96,336,36
2025-08-18,SKU11,84.98,5.48,89.83,471,73
2025-08-19,SKU11,91.48,0.0,89.28,297,31
2025-08-20,SKU11,91.6,0.0,94.94,324,33
2025-08-21,SKU11,89.88,0.0,90.61,310,27
2025-08-22,SKU11,87.87,0.0,86.11,314,31
2025-08-23,SKU11,88.97,0.0,94.58,316,40
2025-08-24,SKU11,88.76,0.0,89.59,321,47
2025-08-25,SKU11,91.25,0.0,87.05,325,21
2025-08-26,SKU11,95.23,0.0,88.39,354,31
2025-08-27,SKU11,91.84,0.0,94.15,336,32
2025-08-28,SKU11,90.73,0.0,84.85,306,29
2025-08-29,SKU11,93.13,0.0,88.81,342,25
2025-08-30,SKU11,89.53,0.0,90.86,324,31
2025-08-31,SKU11,93.08,0.0,87.65,293,33
2025-09-01,SKU11,90.36,0.0,85.46,316,32
2025-09-02,SKU11,91.06,0.0,97.52,312,34
2025-09-03,SKU11,90.65,0.0,87.7,342,33
2025-09-04,SKU11,90.12,0.0,90.79,330,32
2025-09-05,SKU11,90.21,0.0,86.49,331,32
2025-09-06,SKU11,93.16,0.0,90.59,326,48
2025-09-07,SKU11,91.02,0.0,96.68,361,39
2025-09-08,SKU11,89.11,0.0,85.32,315,35
2025-09-09,SKU11,90.8,0.0,90.96,340,25
2025-09-10,SKU11,92.1,0.0,87.86,290,31
2025-09-11,SKU11,90.61,0.0,98.08,319,33
2025-09-12,SKU11,89.16,0.0,86.25,322,25
2025-09-13,SKU11,87.83,0.0,88.63,305,44
2025-09-14,SKU11,87.69,0.0,88.06,308,47
2025-09-15,SKU11,90.92,0.0,84.08,314,32
2025-09-16,SKU11,90.32,0.0,91.25,309,32
2025-09-17,SKU11,92.41,0.0,93.4,315,46
2025-09-18,SKU11,87.7,0.0,91.46,325,35
2025-09-19,SKU11,90.99,0.0,87.04,321,30
2025-09-20,SKU11,93.08,0.0,88.2,328,35
2025-09-21,SKU11,93.21,0.0,92.13,327,44
2025-09-22,SKU11,89.84,0.0,87.32,281,39
2025-09-23,SKU11,89.1,0.0,93.12,326,43
2025-09-24,SKU11,91.6,0.0,88.74,321,35
2025-09-25,SKU11,90.53,0.0,87.74,282,30
2025-09-26,SKU11,90.51,0.0,91.19,327,35
2025-09-27,SKU11,86.15,0.0,95.75,329,42
2025-09-28,SKU11,87.7,0.0,83.04,349,48
2025-09-29,SKU11,87.88,0.0,89.36,336,38
2025-09-30,SKU11,90.16,0.0,81.77,329,25
2025-10-01,SKU11,88.96,0.0,85.99,317,24
2025-10-02,SKU11,92.12,0.0,93.32,320,39
2025-10-03,SKU11,89.16,0.0,83.58,328,16
2025-10-04,SKU11,89.96,0.0,94.83,324,41
2025-10-05,SKU11,89.67,0.0,99.03,314,44
2025-10-06,SKU11,90.75,0.0,90.39,318,29
2025-10-07,SKU11,91.55,0.0,95.24,323,31
2025-10-08,SKU11,88.9,0.0,97.97,340,30
2025-10-09,SKU11,88.91,0.0,91.89,316,41
2025-10-10,SKU11,92.68,0.0,83.04,312,42
2025-10-11,SKU11,85.87,0.0,91.81,301,40
2025-10-12,SKU11,89.95,0.0,89.3,307,34
2025-10-13,SKU11,92.71,0.0,86.62,296,32
2025-10-14,SKU11,89.53,0.0,86.94,341,31
2025-10-15,SKU11,91.85,0.0,88.08,285,35
2025-10-16,SKU11,91.12,0.0,85.28,295,30
2025-10-17,SKU11,75.64,17.46,84.44,462,88
2025-10-18,SKU11,93.16,0.0,89.11,325,37
2025-10-19,SKU11,91.99,0.0,97.23,321,36
2025-10-20,SKU11,91.06,0.0,94.99,321,33
2025-10-21,SKU11,86.81,0.0,92.16,340,23
2025-10-22,SKU11,90.58,0.0,92.5,301,31
2025-10-23,SKU11,92.47,0.0,91.97,357,18
2025-10-24,SKU11,90.27,0.0,88.73,323,36
2025-10-25,SKU11,86.96,0.0,90.5,325,39
2025-10-26,SKU11,92.3,0.0,89.52,313,27
2025-10-27,SKU11,91.66,0.0,94.29,329,54
2025-10-28,SKU11,89.69,0.0,93.29,307,33
2025-10-29,SKU11,92.36,0.0,93.21,301,36
2025-10-30,SKU11,91.62,0.0,90.18,317,39
2025-10-31,SKU11,92.93,0.0,90.76,311,25
2025-11-01,SKU11,73.79,14.83,88.49,456,117
2025-11-02,SKU11,88.17,0.0,88.99,314,53
2025-11-03,SKU11,90.63,0.0,89.3,317,30
2025-11-04,SKU11,87.97,0.0,92.14,331,36
2025-11-05,SKU11,91.45,0.0,83.62,338,29
2025-11-06,SKU11,90.48,0.0,92.78,299,30
2025-11-07,SKU11,90.88,0.0,87.59,335,33
2025-11-08,SKU11,90.63,0.0,89.08,312,33
2025-11-09,SKU11,90.61,0.0,86.11,309,45
2025-11-10,SKU11,89.35,0.0,90.47,313,32
2025-11-11,SKU11,90.23,0.0,91.52,298,30
2025-11-12,SKU11,90.72,0.0,94.55,331,34
2025-11-13,SKU11,93.77,0.0,89.05,305,30
2025-11-14,SKU11,91.42,0.0,91.2,318,35
2025-11-15,SKU11,88.95,0.0,102.95,316,31
