data/derived/demand_data.csv
date,sku_id,price,discount_percent,competitor_price,web_traffic,units_sold
2025-05-20,SKU12,71.14,0.0,72.37,103,9
2025-05-21,SKU12,68.77,0.0,79.9,113,15
2025-05-22,SKU12,71.99,0.0,69.73,113,14
2025-05-23,SKU12,70.56,0.0,65.71,125,11
2025-05-24,SKU12,71.58,0.0,69.35,118,11
2025-05-25,SKU12,72.52,0.0,76.03,116,13
2025-05-26,SKU12,69.96,0.0,69.07,113,11
2025-05-27,SKU12,67.68,0.0,72.72,106,9
2025-05-28,SKU12,70.69,0.0,76.17,133,7
2025-05-29,SKU12,73.04,0.0,78.6,102,0
2025-05-30,SKU12,72.45,0.0,71.35,111,0
2025-05-31,SKU12,68.78,0.0,71.73,122,0
2025-06-01,SKU12,68.28,0.0,71.6,118,0
2025-06-02,SKU12,71.73,0.0,65.11,122,0
2025-06-03,SKU12,72.43,0.0,73.5,112,0
2025-06-04,SKU12,70.47,0.0,72.41,127,0
2025-06-05,SKU12,70.76,0.0,73.15,101,0
2025-06-06,SKU12,72.94,0.0,70.58,123,0
2025-06-07,SKU12,71.03,0.0,76.62,126,0
2025-06-08,SKU12,68.66,0.0,64.07,126,0
2025-06-09,SKU12,71.39,0.0,79.99,131,0
2025-06-10,SKU12,73.08,0.0,80.11,117,0
2025-06-11,SKU12,72.56,0.0,71.17,100,0
2025-06-12,SKU12,71.76,0.0,76.0,128,0
2025-06-13,SKU12,69.96,0.0,69.62,127,0
2025-06-14,SKU12,69.06,0.0,70.32,96,0
2025-06-15,SKU12,70.51,0.0,75.8,106,0
2025-06-16,SKU12,69.33,0.0,71.39,117,0
2025-06-17,SKU12,72.75,0.0,80.65,127,0
2025-06-18,SKU12,72.53,0.0,72.26,116,0
2025-06-19,SKU12,72.46,0.0,73.31,95,0
2025-06-20,SKU12,73.47,0.0,73.98,114,15
2025-06-21,SKU12,73.48,0.0,71.43,92,15
2025-06-22,SKU12,71.35,0.0,75.51,128,15
2025-06-23,SKU12,71.56,0.0,65.0,118,18
2025-06-24,SKU12,73.07,0.0,73.55,130,17
2025-06-25,SKU12,70.18,0.0,67.13,117,15
2025-06-26,SKU12,70.33,0.0,68.31,122,5
2025-06-27,SKU12,71.68,0.0,72.6,106,12
2025-06-28,SKU12,72.32,0.0,66.18,98,9
2025-06-29,SKU12,52.13,25.53,68.28,184,32
2025-06-30,SKU12,70.35,0.0,75.62,111,8
2025-07-01,SKU12,71.76,0.0,69.98,93,6
2025-07-02,SKU12,71.62,0.0,73.09,99,14
2025-07-03,SKU12,72.16,0.0,66.5,114,9
2025-07-04,SKU12,74.54,0.0,73.83,109,11
2025-07-05,SKU12,71.83,0.0,73.8,110,16
2025-07-06,SKU12,72.67,0.0,69.53,119,12
2025-07-07,SKU12,70.75,0.0,76.5,99,8
2025-07-08,SKU12,71.82,0.0,71.4,103,12
2025-07-09,SKU12,72.73,0.0,69.29,97,9
2025-07-10,SKU12,73.55,0.0,73.72,120,10
2025-07-11,SKU12,71.56,0.0,69.06,112,12
2025-07-12,SKU12,70.25,0.0,72.53,107,17
2025-07-13,SKU12,72.28,0.0,71.79,116,10
2025-07-14,SKU12,70.75,0.0,66.42,121,16
2025-07-15,SKU12,71.82,0.0,71.72,126,14
2025-07-16,SKU12,69.91,0.0,72.93,107,10
2025-07-17,SKU12,70.68,0.0,67.8,103,10
2025-07-18,SKU12,72.39,0.0,76.82,110,9
2025-07-19,SKU12,69.32,0.0,65.43,119,13
2025-07-20,SKU12,70.98,0.0,70.63,138,17
2025-07-21,SKU12,72.14,0.0,68.99,124,17
2025-07-22,SKU12,70.87,0.0,68.1,113,9
2025-07-23,SKU12,61.2,15.8,73.76,153,33
2025-07-24,SKU12,72.75,0.0,70.91,113,9
2025-07-25,SKU12,69.28,0.0,66.11,105,11
2025-07-26,SKU12,69.99,0.0,76.43,115,13
2025-07-27,SKU12,69.06,0.0,73.07,119,8
2025-07-28,SKU12,72.52,0.0,70.01,121,11
2025-07-29,SKU12,74.17,0.0,68.27,119,9
2025-07-30,SKU12,72.06,0.0,71.65,124,10
2025-07-31,SKU12,70.84,0.0,67.79,112,17
2025-08-01,SKU12,70.99,0.0,68.07,118,12
2025-08-02,SKU12,60.15,16.07,77.9,174,35
2025-08-03,SKU12,69.86,0.0,72.83,118,12
2025-08-04,SKU12,71.75,0.0,77.39,122,6
2025-08-05,SKU12,73.3,0.0,66.62,110,8
2025-08-06,SKU12,71.32,0.0,74.44,120,9
2025-08-07,SKU12,72.01,0.0,66.03,97,12
2025-08-08,SKU12,70.15,0.0,67.13,115,9
2025-08-09,SKU12,71.4,0.0,69.19,129,13
2025-08-10,SKU12,71.3,0.0,67.2,100,14
2025-08-11,SKU12,73.0,0.0,74.56,117,3
2025-08-12,SKU12,71.2,0.0,63.54,121,12
2025-08-13,SKU12,70.81,0.0,69.12,110,13
2025-08-14,SKU12,72.18,0.0,75.62,122,7
2025-08-15,SKU12,72.12,0.0,70.22,108,14
2025-08-16,SKU12,73.2,0.0,75.67,121,15
2025-08-17,SKU12,72.39,0.0,69.7,112,16
2025-08-18,SKU12,69.76,0.0,68.96,119,11
2025-08-19,SKU12,71.07,0.0,71.27,120,7
2025-08-20,SKU12,73.35,0.0,69.82,103,17
2025-08-21,SKU12,71.79,0.0,66.76,122,13
2025-08-22,SKU12,70.75,0.0,68.23,111,15
2025-08-23,SKU12,71.42,0.0,71.26,112,12
2025-08-24,SKU12,71.8,0.0,75.12,131,19
2025-08-25,SKU12,72.53,0.0,59.44,92,14
2025-08-26,SKU12,72.84,0.0,77.13,105,12
2025-08-27,SKU12,70.38,0.0,74.56,123,16
2025-08-28,SKU12,71.63,0.0,70.27,114,14
2025-08-29,SKU12,72.01,0.0,74.14,97,9
2025-08-30,SKU12,71.2,0.0,70.09,120,6
2025-08-31,SKU12,71.0,0.0,76.5,112,16
2025-09-01,SKU12,72.64,0.0,71.77,130,9
2025-09-02,SKU12,72.88,0.0,80.44,112,15
2025-09-03,SKU12,71.91,0.0,67.33,124,13
2025-09-04,SKU12,69.31,0.0,73.13,103,12
2025-09-05,SKU12,73.1,0.0,74.52,103,11
2025-09-06,SKU12,69.35,0.0,75.69,104,10
2025-09-07,SKU12,71.08,0.0,74.82,134,14
2025-09-08,SKU12,72.29,0.0,68.96,96,16
2025-09-09,SKU12,69.37,0.0,74.68,115,19
2025-09-10,SKU12,71.7,0.0,70.24,121,10
2025-09-11,SKU12,70.34,0.0,74.51,133,7
2025-09-12,SKU12,70.14,0.0,67.08,101,10
2025-09-13,SKU12,69.17,0.0,71.12,109,16
2025-09-14,SKU12,68.68,0.0,67.94,85,17
2025-09-15,SKU12,68.79,0.0,69.84,107,14
2025-09-16,SKU12,73.44,0.0,75.64,122,10
2025-09-17,SKU12,74.06,0.0,66.88,116,19
2025-09-18,SKU12,70.35,0.0,63.24,105,14
2025-09-19,SKU12,70.08,0.0,67.69,119,16
2025-09-20,SKU12,73.35,0.0,73.87,98,14
2025-09-21,SKU12,69.41,0.0,68.99,109,18
2025-09-22,SKU12,71.35,0.0,67.38,98,10
2025-09-23,SKU12,69.45,0.0,69.7,109,14
2025-09-24,SKU12,73.03,0.0,73.23,112,8
2025-09-25,SKU12,69.78,0.0,69.05,96,9
2025-09-26,SKU12,68.65,0.0,75.84,115,12
2025-09-27,SKU12,73.24,0.0,74.63,92,12
2025-09-28,SKU12,70.33,0.0,72.74,125,18
2025-09-29,SKU12,72.06,0.0,73.13,105,13
2025-09-30,SKU12,72.0,0.0,77.66,98,16
2025-10-01,SKU12,73.89,0.0,71.78,101,10
2025-10-02,SKU12,71.38,0.0,74.24,132,10
2025-10-03,SKU12,71.07,0.0,70.19,100,3
2025-10-04,SKU12,71.96,0.0,67.52,107,19
2025-10-05,SKU12,61.5,13.79,71.23,193,29
2025-10-06,SKU12,53.8,25.29,70.52,172,30
2025-10-07,SKU12,72.57,0.0,78.21,111,17
2025-10-08,SKU12,67.56,5.67,72.34,148,32
2025-10-09,SKU12,72.05,0.0,68.99,105,9
2025-10-10,SKU12,70.05,0.0,69.34,123,10
2025-10-11,SKU12,72.41,0.0,76.15,107,12
2025-10-12,SKU12,72.33,0.0,67.81,126,14
2025-10-13,SKU12,71.94,0.0,68.5,110,16
2025-10-14,SKU12,71.46,0.0,72.83,107,10
2025-10-15,SKU12,72.63,0.0,73.78,121,9
2025-10-16,SKU12,71.38,0.0,68.46,122,5
2025-10-17,SKU12,70.65,0.0,70.87,112,12
2025-10-18,SKU12,71.35,0.0,76.93,99,13
2025-10-19,SKU12,72.82,0.0,65.47,115,12
2025-10-20,SKU12,72.04,0.0,72.5,115,12
2025-10-21,SKU12,71.99,0.0,72.07,109,9
2025-10-22,SKU12,72.73,0.0,70.94,122,11
2025-10-23,SKU12,69.62,0.0,74.36,112,13
2025-10-24,SKU12,69.13,0.0,71.27,108,8
2025-10-25,SKU12,70.77,0.0,73.87,107,17
2025-10-26,SKU12,70.62,0.0,67.35,104,16
2025-10-27,SKU12,69.14,0.0,67.88,111,8
2025-10-28,SKU12,70.25,0.0,74.73,120,12
2025-10-29,SKU12,73.15,0.0,66.26,129,9
2025-10-30,SKU12,71.82,0.0,70.68,96,12
2025-10-31,SKU12,69.68,0.0,69.5,113,10
2025-11-01,SKU12,70.63,0.0,64.68,103,14
2025-11-02,SKU12,55.86,21.87,71.08,166,30
2025-11-03,SKU12,72.08,0.0,79.32,96,9
2025-11-04,SKU12,70.57,0.0,71.25,112,12
2025-11-05,SKU12,71.52,0.0,76.88,103,5
2025-11-06,SKU12,71.36,0.0,69.24,128,23
2025-11-07,SKU12,70.89,0.0,67.66,102,15
2025-11-08,SKU12,71.24,0.0,66.01,117,14
2025-11-09,SKU12,73.46,0.0,72.58,101,15
2025-11-10,SKU12,74.07,0.0,72.29,114,12
2025-11-11,SKU12,70.47,0.0,70.49,118,10
2025-11-12,SKU12,70.05,0.0,73.84,105,15
2025-11-13,SKU12,70.32,0.0,73.72,98,11
2025-11-14,SKU12,73.75,0.0,63.96,127,7
2025-11-15,SKU12,70.54,0.0,72.69,107,19
2025-05-20,SKU13,16.08,0.0,16.83,92,6
2025-05-21,SKU13,16.69,0.0,14.98,75,12
2025-05-22,SKU13,16.05,0.0,16.94,78,8
2025-05-23,SKU13,16.02,0.0,15.59,76,11
2025-05-24,SKU13,15.53,0.0,16.17,83,8
2025-05-25,SKU13,16.12,0.0,15.88,76,7
2025-05-26,SKU13,16.22,0.0,14.64,90,9
2025-05-27,SKU13,15.46,0.0,16.33,85,4
2025-05-28,SKU13,16.23,0.0,16.21,84,7
2025-05-29,SKU13,15.31,0.0,16.25,89,12
2025-05-30,SKU13,16.43,0.0,16.09,90,8
2025-05-31,SKU13,16.67,0.0,17.04,84,6
2025-06-01,SKU13,16.05,0.0,15.6,81,13
2025-06-02,SKU13,15.24,5.76,15.88,118,28
2025-06-03,SKU13,16.18,0.0,15.66,78,6
2025-06-04,SKU13,16.33,0.0,17.63,84,10
2025-06-05,SKU13,15.97,0.0,16.54,98,4
2025-06-06,SKU13,16.41,0.0,16.34,89,9
2025-06-07,SKU13,16.36,0.0,14.73,84,18
2025-06-08,SKU13,15.61,0.0,14.14,96,11
2025-06-09,SKU13,15.94,0.0,15.98,83,9
2025-06-10,SKU13,16.14,0.0,15.47,84,12
2025-06-11,SKU13,16.11,0.0,16.09,81,9
2025-06-12,SKU13,16.16,0.0,16.01,78,8
2025-06-13,SKU13,16.02,0.0,17.42,82,8
2025-06-14,SKU13,15.92,0.0,16.67,83,10
2025-06-15,SKU13,16.29,0.0,17.09,75,8
2025-06-16,SKU13,16.28,0.0,15.42,70,7
2025-06-17,SKU13,15.86,0.0,15.67,88,11
2025-06-18,SKU13,15.75,0.0,16.09,95,8
2025-06-19,SKU13,16.4,0.0,16.25,92,6
2025-06-20,SKU13,16.14,0.0,15.28,77,6
2025-06-21,SKU13,15.4,0.0,14.9,75,9
2025-06-22,SKU13,16.21,0.0,15.85,94,9
2025-06-23,SKU13,15.65,0.0,15.37,81,13
2025-06-24,SKU13,15.9,0.0,16.2,85,16
2025-06-25,SKU13,16.09,0.0,16.44,65,12
2025-06-26,SKU13,16.76,0.0,15.14,82,10
2025-06-27,SKU13,16.13,0.0,16.27,80,8
2025-06-28,SKU13,16.66,0.0,15.28,96,8
2025-06-29,SKU13,15.97,0.0,16.48,91,15
2025-06-30,SKU13,16.05,0.0,15.45,81,7
2025-07-01,SKU13,15.84,0.0,17.77,72,9
2025-07-02,SKU13,16.37,0.0,16.98,80,10
2025-07-03,SKU13,16.73,0.0,16.01,80,9
2025-07-04,SKU13,15.86,0.0,16.32,82,10
2025-07-05,SKU13,15.67,0.0,15.32,93,9
2025-07-06,SKU13,15.84,0.0,14.51,86,8
2025-07-07,SKU13,15.9,0.0,14.82,92,13
2025-07-08,SKU13,16.21,0.0,16.84,82,14
2025-07-09,SKU13,15.77,0.0,15.15,94,7
2025-07-10,SKU13,15.63,0.0,16.64,86,5
2025-07-11,SKU13,16.74,0.0,16.44,69,7
2025-07-12,SKU13,15.57,0.0,16.05,80,11
2025-07-13,SKU13,16.64,0.0,17.02,83,9
2025-07-14,SKU13,16.58,0.0,15.05,84,6
2025-07-15,SKU13,16.21,0.0,15.99,90,13
2025-07-16,SKU13,16.68,0.0,15.66,96,10
2025-07-17,SKU13,16.34,0.0,17.71,82,7
2025-07-18,SKU13,16.24,0.0,16.94,76,6
2025-07-19,SKU13,16.0,0.0,16.19,80,15
2025-07-20,SKU13,15.83,0.0,16.18,79,4
2025-07-21,SKU13,16.46,0.0,15.98,73,9
2025-07-22,SKU13,16.1,0.0,16.0,78,7
2025-07-23,SKU13,12.81,21.15,16.7,124,26
2025-07-24,SKU13,16.16,0.0,16.85,76,13
2025-07-25,SKU13,16.18,0.0,17.07,89,7
2025-07-26,SKU13,15.94,0.0,14.37,88,7
2025-07-27,SKU13,15.84,0.0,17.23,91,11
2025-07-28,SKU13,16.57,0.0,16.56,65,9
2025-07-29,SKU13,15.9,0.0,15.97,90,9
2025-07-30,SKU13,16.58,0.0,15.83,78,7
2025-07-31,SKU13,15.86,0.0,16.57,86,6
2025-08-01,SKU13,16.39,0.0,17.17,75,8
2025-08-02,SKU13,15.94,0.0,16.16,85,7
2025-08-03,SKU13,16.23,0.0,15.27,89,17
2025-08-04,SKU13,15.81,0.0,15.33,80,11
2025-08-05,SKU13,16.31,0.0,16.17,83,4
2025-08-06,SKU13,16.44,0.0,15.72,84,10
2025-08-07,SKU13,15.63,0.0,16.26,82,7
2025-08-08,SKU13,16.13,0.0,15.69,63,10
2025-08-09,SKU13,15.84,0.0,16.77,87,8
2025-08-10,SKU13,15.92,0.0,16.07,79,12
2025-08-11,SKU13,15.86,0.0,16.38,82,7
2025-08-12,SKU13,16.08,0.0,16.45,68,8
2025-08-13,SKU13,15.71,0.0,17.74,72,6
2025-08-14,SKU13,16.28,0.0,15.66,75,10
2025-08-15,SKU13,16.2,0.0,16.69,79,11
2025-08-16,SKU13,16.06,0.0,15.67,83,9
2025-08-17,SKU13,16.61,0.0,16.47,74,12
2025-08-18,SKU13,16.19,0.0,17.01,79,13
2025-08-19,SKU13,16.52,0.0,16.61,92,3
2025-08-20,SKU13,16.14,0.0,15.83,111,8
2025-08-21,SKU13,16.37,0.0,16.43,90,14
2025-08-22,SKU13,15.86,0.0,16.23,82,8
2025-08-23,SKU13,15.96,0.0,15.17,76,13
2025-08-24,SKU13,16.0,0.0,15.72,91,9
2025-08-25,SKU13,16.13,0.0,15.55,86,5
2025-08-26,SKU13,15.94,0.0,16.33,83,10
2025-08-27,SKU13,16.35,0.0,16.03,73,9
2025-08-28,SKU13,16.01,0.0,15.28,68,9
2025-08-29,SKU13,16.12,0.0,16.65,90,7
2025-08-30,SKU13,14.68,10.57,15.03,94,26
2025-08-31,SKU13,16.27,0.0,15.16,79,14
2025-09-01,SKU13,16.31,0.0,15.33,89,12
2025-09-02,SKU13,16.12,0.0,15.86,68,5
2025-09-03,SKU13,15.9,0.0,15.99,79,10
2025-09-04,SKU13,16.19,0.0,15.13,90,7
2025-09-05,SKU13,16.35,0.0,15.72,96,9
2025-09-06,SKU13,15.85,0.0,15.36,78,3
2025-09-07,SKU13,15.48,0.0,16.96,64,11
2025-09-08,SKU13,16.45,0.0,16.18,86,4
2025-09-09,SKU13,16.69,0.0,15.58,92,13
2025-09-10,SKU13,16.17,0.0,17.83,80,11
2025-09-11,SKU13,16.25,0.0,16.88,84,13
2025-09-12,SKU13,16.29,0.0,17.02,80,4
2025-09-13,SKU13,16.31,0.0,15.13,110,9
2025-09-14,SKU13,16.26,0.0,15.61,82,12
2025-09-15,SKU13,15.57,0.0,18.3,73,9
2025-09-16,SKU13,16.24,0.0,16.73,85,4
2025-09-17,SKU13,15.94,0.0,15.67,80,3
2025-09-18,SKU13,15.63,0.0,15.16,84,6
2025-09-19,SKU13,16.46,0.0,16.92,76,10
2025-09-20,SKU13,15.77,0.0,15.24,85,6
2025-09-21,SKU13,16.05,0.0,15.07,82,14
2025-09-22,SKU13,15.72,0.0,17.81,71,12
2025-09-23,SKU13,16.36,0.0,15.4,101,8
2025-09-24,SKU13,16.12,0.0,16.41,83,8
2025-09-25,SKU13,16.67,0.0,16.48,80,7
2025-09-26,SKU13,15.96,0.0,14.79,70,13
2025-09-27,SKU13,16.1,0.0,15.32,80,7
2025-09-28,SKU13,16.24,0.0,16.97,73,6
2025-09-29,SKU13,17.03,0.0,15.83,88,8
2025-09-30,SKU13,16.07,0.0,17.96,93,7
2025-10-01,SKU13,16.35,0.0,14.65,71,12
2025-10-02,SKU13,15.97,0.0,14.05,80,11
2025-10-03,SKU13,15.73,0.0,16.8,81,12
2025-10-04,SKU13,16.58,0.0,16.61,84,14
2025-10-05,SKU13,16.38,0.0,13.57,83,7
2025-10-06,SKU13,16.11,0.0,16.07,77,4
2025-10-07,SKU13,15.79,0.0,15.42,79,8
2025-10-08,SKU13,16.31,0.0,15.61,88,9
2025-10-09,SKU13,15.93,0.0,15.91,91,13
2025-10-10,SKU13,16.15,0.0,16.21,83,5
2025-10-11,SKU13,16.33,0.0,15.22,80,6
2025-10-12,SKU13,16.01,0.0,16.11,87,9
2025-10-13,SKU13,16.06,0.0,16.34,78,11
2025-10-14,SKU13,16.0,0.0,16.36,91,10
2025-10-15,SKU13,16.31,0.0,15.73,73,5
2025-10-16,SKU13,16.47,0.0,15.11,95,7
2025-10-17,SKU13,16.08,0.0,16.51,105,7
2025-10-18,SKU13,16.31,0.0,16.38,69,16
2025-10-19,SKU13,15.59,0.0,15.12,76,10
2025-10-20,SKU13,16.8,0.0,17.82,93,7
2025-10-21,SKU13,16.36,0.0,16.15,95,11
2025-10-22,SKU13,16.52,0.0,15.96,100,6
2025-10-23,SKU13,16.08,0.0,15.64,99,10
2025-10-24,SKU13,16.24,0.0,16.54,101,10
2025-10-25,SKU13,16.15,0.0,17.29,78,11
2025-10-26,SKU13,16.25,0.0,16.46,110,8
2025-10-27,SKU13,16.19,0.0,16.87,78,17
2025-10-28,SKU13,16.21,0.0,17.24,74,7
2025-10-29,SKU13,16.0,0.0,18.09,105,8
2025-10-30,SKU13,15.87,0.0,16.51,68,9
2025-10-31,SKU13,15.6,0.0,15.7,85,7
2025-11-01,SKU13,16.41,0.0,16.01,71,10
2025-11-02,SKU13,15.48,0.0,16.45,96,9
2025-11-03,SKU13,16.13,0.0,17.16,88,8
2025-11-04,SKU13,16.57,0.0,16.72,78,7
2025-11-05,SKU13,16.57,0.0,16.89,76,11
2025-11-06,SKU13,15.98,0.0,14.33,81,6
2025-11-07,SKU13,16.34,0.0,15.39,93,10
2025-11-08,SKU13,16.52,0.0,17.13,71,15
2025-11-09,SKU13,16.22,0.0,16.26,72,10
2025-11-10,SKU13,16.07,0.0,15.58,72,7
2025-11-11,SKU13,16.14,0.0,17.74,90,9
2025-11-12,SKU13,15.54,0.0,16.82,75,11
2025-11-13,SKU13,16.29,0.0,15.83,80,4
2025-11-14,SKU13,16.4,0.0,16.18,78,13
2025-11-15,SKU13,16.5,0.0,16.22,79,6
