data/derived/demand_data.csv
date,sku_id,price,discount_percent,competitor_price,web_traffic,units_sold
2025-05-20,SKU14,99.63,0.0,95.41,179,15
2025-05-21,SKU14,98.62,0.0,104.76,195,12
2025-05-22,SKU14,97.95,0.0,99.22,195,17
2025-05-23,SKU14,98.89,0.0,108.33,205,10
2025-05-24,SKU14,100.0,0.0,103.35,162,0
2025-05-25,SKU14,95.27,0.0,105.0,219,0
2025-05-26,SKU14,97.66,0.0,96.69,175,0
2025-05-27,SKU14,75.03,23.03,90.2,261,0
2025-05-28,SKU14,97.17,0.0,106.47,177,0
2025-05-29,SKU14,97.03,0.0,106.78,181,0
2025-05-30,SKU14,97.65,0.0,103.15,198,0
2025-05-31,SKU14,97.03,0.0,101.22,200,0
2025-06-01,SKU14,99.55,0.0,106.57,173,0
2025-06-02,SKU14,101.27,0.0,104.85,189,0
2025-06-03,SKU14,101.17,0.0,109.1,187,0
2025-06-04,SKU14,100.9,0.0,110.21,218,0
2025-06-05,SKU14,99.48,0.0,108.88,190,0
2025-06-06,SKU14,103.92,0.0,99.21,187,0
2025-06-07,SKU14,97.94,0.0,96.42,188,0
2025-06-08,SKU14,97.49,0.0,98.79,191,0
2025-06-09,SKU14,101.75,0.0,99.33,183,0
2025-06-10,SKU14,99.13,0.0,103.73,192,0
2025-06-11,SKU14,97.69,0.0,93.93,169,0
2025-06-12,SKU14,99.37,0.0,100.48,184,0
2025-06-13,SKU14,98.65,0.0,94.36,181,0
2025-06-14,SKU14,100.39,0.0,98.09,193,0
2025-06-15,SKU14,99.56,0.0,100.33,171,0
2025-06-16,SKU14,99.11,0.0,95.72,183,0
2025-06-17,SKU14,97.12,0.0,99.18,185,0
2025-06-18,SKU14,100.83,0.0,91.15,187,0
2025-06-19,SKU14,98.58,0.0,94.65,184,18
2025-06-20,SKU14,98.27,0.0,96.55,191,16
2025-06-21,SKU14,98.83,0.0,108.03,180,26
2025-06-22,SKU14,101.08,0.0,93.97,161,31
2025-06-23,SKU14,100.23,0.0,98.8,171,16
2025-06-24,SKU14,96.26,0.0,98.84,168,17
2025-06-25,SKU14,99.2,0.0,91.75,188,13
2025-06-26,SKU14,97.34,0.0,101.45,156,17
2025-06-27,SKU14,100.51,0.0,101.67,202,24
2025-06-28,SKU14,98.79,0.0,93.61,172,22
2025-06-29,SKU14,100.15,0.0,91.75,189,25
2025-06-30,SKU14,100.85,0.0,95.37,165,13
2025-07-01,SKU14,99.94,0.0,96.13,194,18
2025-07-02,SKU14,101.93,0.0,104.56,184,23
2025-07-03,SKU14,101.09,0.0,105.77,171,20
2025-07-04,SKU14,99.4,0.0,91.68,164,16
2025-07-05,SKU14,101.12,0.0,106.14,191,17
2025-07-06,SKU14,98.66,0.0,95.47,179,27
2025-07-07,SKU14,99.5,0.0,103.6,185,19
2025-07-08,SKU14,101.68,0.0,99.98,198,14
2025-07-09,SKU14,98.15,0.0,100.94,158,17
2025-07-10,SKU14,97.7,0.0,106.07,157,23
2025-07-11,SKU14,99.86,0.0,96.61,171,18
2025-07-12,SKU14,104.89,0.0,90.77,191,30
2025-07-13,SKU14,97.26,0.0,101.77,171,29
2025-07-14,SKU14,99.49,0.0,103.99,162,15
2025-07-15,SKU14,99.53,0.0,98.04,180,25
2025-07-16,SKU14,99.34,0.0,95.48,195,16
2025-07-17,SKU14,98.23,0.0,96.58,199,22
2025-07-18,SKU14,99.26,0.0,97.07,180,16
2025-07-19,SKU14,101.98,0.0,98.89,155,20
2025-07-20,SKU14,95.61,0.0,100.15,182,25
2025-07-21,SKU14,95.5,0.0,101.98,174,18
2025-07-22,SKU14,76.88,23.61,100.64,274,40
2025-07-23,SKU14,99.36,0.0,98.13,186,20
2025-07-24,SKU14,100.0,0.0,92.58,183,19
2025-07-25,SKU14,98.47,0.0,104.77,176,12
2025-07-26,SKU14,98.26,0.0,101.27,194,19
2025-07-27,SKU14,99.9,0.0,98.29,165,22
2025-07-28,SKU14,100.11,0.0,98.42,186,27
2025-07-29,SKU14,90.15,7.14,94.43,273,47
2025-07-30,SKU14,98.74,0.0,105.1,186,15
2025-07-31,SKU14,100.33,0.0,103.43,202,13
2025-08-01,SKU14,100.73,0.0,97.9,189,18
2025-08-02,SKU14,96.88,0.0,96.21,197,18
2025-08-03,SKU14,89.57,7.66,94.26,315,75
2025-08-04,SKU14,102.71,0.0,100.57,203,18
2025-08-05,SKU14,98.68,0.0,98.21,176,20
2025-08-06,SKU14,97.21,0.0,92.08,175,15
2025-08-07,SKU14,96.66,0.0,105.05,188,18
2025-08-08,SKU14,96.36,0.0,96.69,186,18
2025-08-09,SKU14,97.13,0.0,94.53,187,24
2025-08-10,SKU14,100.78,0.0,106.12,204,23
2025-08-11,SKU14,97.52,0.0,102.02,194,22
2025-08-12,SKU14,102.2,0.0,104.23,179,22
2025-08-13,SKU14,97.07,0.0,99.52,185,14
2025-08-14,SKU14,98.45,0.0,102.25,202,26
2025-08-15,SKU14,99.93,0.0,100.41,194,22
2025-08-16,SKU14,98.41,0.0,97.07,193,29
2025-08-17,SKU14,99.66,0.0,103.32,198,21
2025-08-18,SKU14,98.38,0.0,97.74,179,28
2025-08-19,SKU14,99.54,0.0,100.03,189,17
2025-08-20,SKU14,98.52,0.0,99.64,171,21
2025-08-21,SKU14,100.68,0.0,96.75,179,20
2025-08-22,SKU14,97.52,0.0,93.54,187,20
2025-08-23,SKU14,101.88,0.0,93.69,205,26
2025-08-24,SKU14,73.75,24.68,101.52,282,53
2025-08-25,SKU14,100.26,0.0,97.58,195,16
2025-08-26,SKU14,103.69,0.0,85.71,184,12
2025-08-27,SKU14,98.06,0.0,99.72,199,17
2025-08-28,SKU14,96.48,0.0,96.5,168,18
2025-08-29,SKU14,98.92,0.0,91.26,198,27
2025-08-30,SKU14,98.66,0.0,102.58,172,22
2025-08-31,SKU14,99.64,0.0,100.35,207,23
2025-09-01,SKU14,97.4,0.0,101.33,184,13
2025-09-02,SKU14,101.44,0.0,98.71,176,22
2025-09-03,SKU14,98.38,0.0,96.99,184,19
2025-09-04,SKU14,99.24,0.0,106.14,184,23
2025-09-05,SKU14,99.47,0.0,95.9,202,18
2025-09-06,SKU14,98.09,0.0,101.63,189,20
2025-09-07,SKU14,100.57,0.0,94.86,169,29
2025-09-08,SKU14,98.23,0.0,95.68,189,26
2025-09-09,SKU14,97.52,0.0,92.03,177,16
2025-09-10,SKU14,96.68,0.0,102.22,192,17
2025-09-11,SKU14,98.36,0.0,104.39,218,21
2025-09-12,SKU14,99.16,0.0,98.51,194,13
2025-09-13,SKU14,82.07,17.0,98.08,261,61
2025-09-14,SKU14,96.64,0.0,93.96,196,29
2025-09-15,SKU14,98.77,0.0,96.76,190,16
2025-09-16,SKU14,99.14,0.0,92.83,174,21
2025-09-17,SKU14,97.07,0.0,103.62,206,26
2025-09-18,SKU14,94.8,0.0,92.17,223,19
2025-09-19,SKU14,101.08,0.0,89.05,193,23
2025-09-20,SKU14,99.64,0.0,97.88,169,21
2025-09-21,SKU14,94.24,0.0,106.3,203,24
2025-09-22,SKU14,97.92,0.0,99.78,172,12
2025-09-23,SKU14,97.75,0.0,105.29,180,18
2025-09-24,SKU14,101.05,0.0,102.31,183,18
2025-09-25,SKU14,100.1,0.0,106.55,183,16
2025-09-26,SKU14,99.27,0.0,96.87,196,19
2025-09-27,SKU14,96.16,0.0,98.48,167,13
2025-09-28,SKU14,103.96,0.0,92.07,204,14
2025-09-29,SKU14,100.95,0.0,100.71,183,14
2025-09-30,SKU14,96.77,0.0,90.27,177,22
2025-10-01,SKU14,103.85,0.0,98.69,183,19
2025-10-02,SKU14,100.74,0.0,100.12,177,15
2025-10-03,SKU14,97.33,0.0,97.16,209,20
2025-10-04,SKU14,101.23,0.0,106.92,193,26
2025-10-05,SKU14,102.12,0.0,93.23,174,24
2025-10-06,SKU14,93.46,5.25,96.63,277,43
2025-10-07,SKU14,97.51,0.0,100.51,177,16
2025-10-08,SKU14,100.77,0.0,102.39,190,16
2025-10-09,SKU14,97.42,0.0,98.29,183,10
2025-10-10,SKU14,100.87,0.0,90.24,190,18
2025-10-11,SKU14,102.45,0.0,102.0,207,30
2025-10-12,SKU14,100.51,0.0,94.09,182,14
2025-10-13,SKU14,71.41,27.43,96.99,246,56
2025-10-14,SKU14,96.15,0.0,107.26,185,19
2025-10-15,SKU14,101.62,0.0,96.58,200,20
2025-10-16,SKU14,98.7,0.0,96.38,199,21
2025-10-17,SKU14,102.41,0.0,95.2,180,16
2025-10-18,SKU14,96.35,0.0,93.08,191,21
2025-10-19,SKU14,98.27,0.0,85.89,181,29
2025-10-20,SKU14,99.79,0.0,92.23,179,21
2025-10-21,SKU14,100.76,0.0,107.37,189,21
2025-10-22,SKU14,96.8,0.0,94.49,153,24
2025-10-23,SKU14,98.28,0.0,108.9,210,23
2025-10-24,SKU14,101.86,0.0,106.45,191,20
2025-10-25,SKU14,100.28,0.0,96.19,223,22
2025-10-26,SKU14,99.11,0.0,103.22,189,24
2025-10-27,SKU14,99.13,0.0,96.98,174,12
2025-10-28,SKU14,101.74,0.0,97.04,178,19
2025-10-29,SKU14,101.35,0.0,100.87,203,18
2025-10-30,SKU14,73.49,26.11,89.67,282,61
2025-10-31,SKU14,98.35,0.0,101.04,195,18
2025-11-01,SKU14,99.4,0.0,99.58,186,28
2025-11-02,SKU14,99.66,0.0,106.53,186,21
2025-11-03,SKU14,102.12,0.0,95.73,165,25
2025-11-04,SKU14,101.01,0.0,105.64,180,16
2025-11-05,SKU14,101.21,0.0,98.57,188,8
2025-11-06,SKU14,101.15,0.0,100.89,187,19
2025-11-07,SKU14,100.85,0.0,94.94,180,22
2025-11-08,SKU14,99.71,0.0,103.73,179,14
2025-11-09,SKU14,100.95,0.0,100.37,194,23
2025-11-10,SKU14,97.32,0.0,105.07,166,15
2025-11-11,SKU14,98.59,0.0,97.84,200,18
2025-11-12,SKU14,101.32,0.0,102.55,184,21
2025-11-13,SKU14,98.57,0.0,97.69,194,14
2025-11-14,SKU14,98.61,0.0,96.22,198,20
2025-11-15,SKU14,100.54,0.0,96.97,173,25
2025-05-20,SKU15,33.09,8.5,40.4,235,9
2025-05-21,SKU15,36.61,0.0,35.84,150,0
2025-05-22,SKU15,37.77,0.0,38.51,174,0
2025-05-23,SKU15,37.13,0.0,38.98,146,0
2025-05-24,SKU15,37.29,0.0,39.11,156,0
2025-05-25,SKU15,36.84,0.0,36.99,167,0
2025-05-26,SKU15,38.21,0.0,38.61,164,0
2025-05-27,SKU15,36.94,0.0,39.6,140,0
2025-05-28,SKU15,36.88,0.0,37.77,147,0
2025-05-29,SKU15,36.64,0.0,37.87,157,18
2025-05-30,SKU15,37.99,0.0,37.81,143,12
2025-05-31,SKU15,36.82,0.0,39.06,148,15
2025-06-01,SKU15,35.68,0.0,40.46,149,17
2025-06-02,SKU15,36.02,0.0,38.01,138,15
2025-06-03,SKU15,36.15,0.0,38.37,165,15
2025-06-04,SKU15,35.44,0.0,36.77,146,12
2025-06-05,SKU15,36.36,0.0,39.43,153,12
2025-06-06,SKU15,35.19,0.0,35.14,141,18
2025-06-07,SKU15,36.34,0.0,38.28,170,19
2025-06-08,SKU15,36.06,0.0,37.02,151,18
2025-06-09,SKU15,37.1,0.0,36.23,160,14
2025-06-10,SKU15,36.69,0.0,37.42,160,11
2025-06-11,SKU15,36.68,0.0,35.33,150,11
2025-06-12,SKU15,37.12,0.0,40.26,176,17
2025-06-13,SKU15,38.81,0.0,39.8,148,15
2025-06-14,SKU15,37.28,0.0,37.3,142,27
2025-06-15,SKU15,36.35,0.0,38.23,156,19
2025-06-16,SKU15,38.06,0.0,38.93,124,10
2025-06-17,SKU15,37.05,0.0,37.32,131,16
2025-06-18,SKU15,36.72,0.0,35.63,162,16
2025-06-19,SKU15,32.4,11.3,38.31,240,39
2025-06-20,SKU15,37.68,0.0,35.11,146,19
2025-06-21,SKU15,34.65,5.56,34.97,196,55
2025-06-22,SKU15,37.3,0.0,35.13,171,21
2025-06-23,SKU15,28.59,21.55,38.39,222,41
2025-06-24,SKU15,38.14,0.0,39.54,165,20
2025-06-25,SKU15,37.48,0.0,35.8,149,12
2025-06-26,SKU15,37.44,0.0,35.85,140,14
2025-06-27,SKU15,36.85,0.0,37.79,139,17
2025-06-28,SKU15,37.45,0.0,39.33,179,22
2025-06-29,SKU15,35.95,0.0,36.49,137,18
2025-06-30,SKU15,38.38,0.0,37.23,154,17
2025-07-01,SKU15,36.43,0.0,37.83,158,19
2025-07-02,SKU15,35.85,0.0,33.93,156,18
2025-07-03,SKU15,36.82,0.0,38.18,179,14
2025-07-04,SKU15,36.95,0.0,38.29,164,11
2025-07-05,SKU15,36.98,0.0,36.89,146,21
2025-07-06,SKU15,36.42,0.0,36.77,178,22
2025-07-07,SKU15,37.81,0.0,37.36,162,13
2025-07-08,SKU15,38.57,0.0,40.29,165,23
2025-07-09,SKU15,35.88,0.0,35.33,172,12
2025-07-10,SKU15,36.16,0.0,36.2,148,16
2025-07-11,SKU15,36.81,0.0,34.3,145,19
2025-07-12,SKU15,31.9,13.14,36.85,189,42
2025-07-13,SKU15,37.3,0.0,34.77,160,18
2025-07-14,SKU15,37.65,0.0,37.49,141,7
2025-07-15,SKU15,37.82,0.0,39.25,132,22
2025-07-16,SKU15,37.71,0.0,37.41,152,12
2025-07-17,SKU15,36.4,0.0,35.45,163,17
2025-07-18,SKU15,37.18,0.0,38.71,157,19
2025-07-19,SKU15,36.05,0.0,36.26,159,14
2025-07-20,SKU15,36.75,0.0,40.46,146,22
2025-07-21,SKU15,37.3,0.0,38.46,158,13
2025-07-22,SKU15,36.46,0.0,38.17,153,17
2025-07-23,SKU15,37.77,0.0,38.47,153,23
2025-07-24,SKU15,37.53,0.0,38.02,161,11
2025-07-25,SKU15,36.94,0.0,36.56,135,17
2025-07-26,SKU15,36.84,0.0,35.98,134,19
2025-07-27,SKU15,36.18,0.0,38.34,155,12
2025-07-28,SKU15,36.9,0.0,36.95,157,16
2025-07-29,SKU15,38.17,0.0,36.33,161,14
2025-07-30,SKU15,37.69,0.0,37.84,151,20
2025-07-31,SKU15,37.89,0.0,36.82,183,18
2025-08-01,SKU15,35.62,0.0,37.83,177,9
2025-08-02,SKU15,36.68,0.0,33.19,148,20
2025-08-03,SKU15,36.39,0.0,35.63,141,21
2025-08-04,SKU15,36.85,0.0,38.46,150,12
2025-08-05,SKU15,37.38,0.0,37.96,144,11
2025-08-06,SKU15,37.55,0.0,41.49,167,26
2025-08-07,SKU15,35.61,0.0,38.74,165,19
2025-08-08,SKU15,36.91,0.0,38.38,144,16
2025-08-09,SKU15,37.74,0.0,34.65,144,18
2025-08-10,SKU15,36.92,0.0,36.82,176,16
2025-08-11,SKU15,36.74,0.0,37.1,152,15
2025-08-12,SKU15,36.5,0.0,35.47,158,25
2025-08-13,SKU15,38.53,0.0,32.34,184,16
2025-08-14,SKU15,37.66,0.0,34.94,177,16
2025-08-15,SKU15,37.54,0.0,36.29,161,16
2025-08-16,SKU15,36.42,0.0,35.75,142,17
2025-08-17,SKU15,36.92,0.0,37.84,147,18
2025-08-18,SKU15,35.92,0.0,33.37,159,20
2025-08-19,SKU15,36.51,0.0,37.21,140,18
2025-08-20,SKU15,36.48,0.0,39.09,173,11
2025-08-21,SKU15,37.2,0.0,38.7,158,17
2025-08-22,SKU15,36.43,0.0,36.8,168,20
2025-08-23,SKU15,36.21,0.0,38.04,159,13
2025-08-24,SKU15,28.81,23.44,33.58,232,51
2025-08-25,SKU15,37.2,0.0,36.93,142,14
2025-08-26,SKU15,38.19,0.0,35.78,167,12
2025-08-27,SKU15,37.86,0.0,35.84,137,13
2025-08-28,SKU15,37.34,0.0,36.4,146,15
2025-08-29,SKU15,36.02,0.0,36.82,159,11
2025-08-30,SKU15,36.46,0.0,37.72,134,16
2025-08-31,SKU15,37.55,0.0,36.37,162,23
2025-09-01,SKU15,36.68,0.0,39.98,143,7
2025-09-02,SKU15,37.06,0.0,34.09,170,12
2025-09-03,SKU15,36.43,0.0,33.53,177,13
2025-09-04,SKU15,36.88,0.0,39.07,159,22
2025-09-05,SKU15,36.63,0.0,36.97,160,15
2025-09-06,SKU15,37.74,0.0,37.83,155,22
2025-09-07,SKU15,36.48,0.0,38.86,152,13
2025-09-08,SKU15,36.4,0.0,40.32,153,24
2025-09-09,SKU15,37.23,0.0,37.29,158,13
2025-09-10,SKU15,36.87,0.0,37.62,160,16
2025-09-11,SKU15,37.83,0.0,39.76,161,13
2025-09-12,SKU15,36.84,0.0,35.56,130,12
2025-09-13,SKU15,36.76,0.0,33.77,164,17
2025-09-14,SKU15,37.62,0.0,40.66,153,29
2025-09-15,SKU15,37.01,0.0,36.57,166,18
2025-09-16,SKU15,37.29,0.0,34.46,145,12
2025-09-17,SKU15,36.53,0.0,38.34,152,15
2025-09-18,SKU15,36.81,0.0,41.8,163,20
2025-09-19,SKU15,38.32,0.0,40.27,168,11
2025-09-20,SKU15,36.16,0.0,36.43,176,18
2025-09-21,SKU15,37.65,0.0,40.99,153,15
2025-09-22,SKU15,36.83,0.0,37.56,141,14
2025-09-23,SKU15,37.72,0.0,38.57,151,9
2025-09-24,SKU15,37.38,0.0,36.0,157,13
2025-09-25,SKU15,35.78,0.0,39.24,171,16
2025-09-26,SKU15,37.31,0.0,34.99,158,14
2025-09-27,SKU15,36.26,0.0,39.56,150,12
2025-09-28,SKU15,37.02,0.0,38.62,156,22
2025-09-29,SKU15,37.06,0.0,38.94,150,15
2025-09-30,SKU15,36.55,0.0,38.6,159,13
2025-10-01,SKU15,37.63,0.0,31.58,143,16
2025-10-02,SKU15,38.0,0.0,39.36,146,15
2025-10-03,SKU15,37.03,0.0,38.77,170,14
2025-10-04,SKU15,36.43,0.0,36.89,161,29
2025-10-05,SKU15,35.69,0.0,36.5,150,15
2025-10-06,SKU15,36.61,0.0,36.42,167,17
2025-10-07,SKU15,37.32,0.0,37.26,154,10
2025-10-08,SKU15,36.79,0.0,36.89,128,16
2025-10-09,SKU15,37.88,0.0,36.11,144,18
2025-10-10,SKU15,34.51,0.0,36.04,165,15
2025-10-11,SKU15,35.77,0.0,41.08,167,19
2025-10-12,SKU15,37.89,0.0,34.77,154,27
2025-10-13,SKU15,37.53,0.0,38.76,142,11
2025-10-14,SKU15,36.65,0.0,34.82,152,16
2025-10-15,SKU15,36.38,0.0,35.23,141,15
2025-10-16,SKU15,38.21,0.0,36.28,164,12
2025-10-17,SKU15,36.78,0.0,35.68,161,17
2025-10-18,SKU15,38.08,0.0,38.24,150,25
2025-10-19,SKU15,36.96,0.0,36.33,170,22
2025-10-20,SKU15,37.52,0.0,37.63,143,15
2025-10-21,SKU15,37.27,0.0,35.52,162,15
2025-10-22,SKU15,36.65,0.0,37.83,173,14
2025-10-23,SKU15,34.89,0.0,35.77,138,11
2025-10-24,SKU15,36.54,0.0,37.81,176,13
2025-10-25,SKU15,36.32,0.0,38.48,156,27
2025-10-26,SKU15,38.33,0.0,36.49,145,17
2025-10-27,SKU15,37.23,0.0,37.29,149,13
2025-10-28,SKU15,38.1,0.0,38.46,143,13
2025-10-29,SKU15,37.0,0.0,35.0,166,14
2025-10-30,SKU15,26.96,27.48,37.55,250,31
2025-10-31,SKU15,37.85,0.0,36.77,171,13
2025-11-01,SKU15,36.32,0.0,36.46,183,16
2025-11-02,SKU15,36.97,0.0,34.39,152,13
2025-11-03,SKU15,37.71,0.0,35.35,134,19
2025-11-04,SKU15,36.98,0.0,42.34,155,13
2025-11-05,SKU15,37.84,0.0,37.95,139,14
2025-11-06,SKU15,35.73,0.0,38.84,155,19
2025-11-07,SKU15,36.49,0.0,35.6,162,15
2025-11-08,SKU15,36.38,0.0,35.5,149,13
2025-11-09,SKU15,35.7,0.0,38.13,152,20
2025-11-10,SKU15,35.62,0.0,36.54,150,19
2025-11-11,SKU15,37.31,0.0,36.81,166,16
2025-11-12,SKU15,36.97,0.0,37.3,157,21
2025-11-13,SKU15,36.02,0.0,41.4,165,12
2025-11-14,SKU15,35.04,0.0,39.03,138,20
2025-11-15,SKU15,36.86,0.0,40.6,167,15
