data/derived/demand_data.csv
date,sku_id,price,discount_percent,competitor_price,web_traffic,units_sold
2025-05-20,SKU16,7.48,0.0,7.04,104,2
2025-05-21,SKU16,7.5,0.0,8.4,106,0
2025-05-22,SKU16,7.46,0.0,7.66,86,0
2025-05-23,SKU16,7.6,0.0,6.88,96,0
2025-05-24,SKU16,7.52,0.0,7.87,97,0
2025-05-25,SKU16,7.43,0.0,7.4,102,0
2025-05-26,SKU16,7.71,0.0,7.46,94,17
2025-05-27,SKU16,7.65,0.0,7.46,83,6
2025-05-28,SKU16,7.64,0.0,7.34,69,13
2025-05-29,SKU16,7.47,0.0,7.47,107,7
2025-05-30,SKU16,7.48,0.0,8.01,85,9
2025-05-31,SKU16,7.29,0.0,7.09,85,12
2025-06-01,SKU16,7.66,0.0,8.1,88,16
2025-06-02,SKU16,7.32,0.0,7.44,111,10
2025-06-03,SKU16,7.6,0.0,7.54,80,8
2025-06-04,SKU16,7.7,0.0,8.02,98,14
2025-06-05,SKU16,7.39,0.0,6.91,88,10
2025-06-06,SKU16,7.58,0.0,7.51,116,11
2025-06-07,SKU16,7.58,0.0,6.65,90,13
2025-06-08,SKU16,7.25,0.0,8.66,88,9
2025-06-09,SKU16,7.62,0.0,7.85,97,14
2025-06-10,SKU16,6.85,9.24,6.8,126,16
2025-06-11,SKU16,7.78,0.0,8.28,91,11
2025-06-12,SKU16,6.48,14.76,7.21,139,23
2025-06-13,SKU16,7.43,0.0,7.71,91,6
2025-06-14,SKU16,7.65,0.0,8.04,87,11
2025-06-15,SKU16,7.39,0.0,7.64,95,11
2025-06-16,SKU16,7.62,0.0,7.82,90,8
2025-06-17,SKU16,7.5,0.0,7.95,88,9
2025-06-18,SKU16,7.43,0.0,7.56,107,13
2025-06-19,SKU16,7.67,0.0,6.87,95,8
2025-06-20,SKU16,7.56,0.0,7.67,99,13
2025-06-21,SKU16,7.29,0.0,7.58,99,10
2025-06-22,SKU16,7.41,0.0,7.72,90,11
2025-06-23,SKU16,7.65,0.0,7.36,79,14
2025-06-24,SKU16,7.56,0.0,7.43,93,6
2025-06-25,SKU16,5.38,29.7,8.14,145,21
2025-06-26,SKU16,7.54,0.0,7.06,87,8
2025-06-27,SKU16,7.5,0.0,7.36,99,11
2025-06-28,SKU16,7.84,0.0,7.88,109,14
2025-06-29,SKU16,7.61,0.0,7.17,99,14
2025-06-30,SKU16,7.45,0.0,7.33,90,13
2025-07-01,SKU16,7.53,0.0,7.67,93,9
2025-07-02,SKU16,7.49,0.0,7.52,84,4
2025-07-03,SKU16,7.49,0.0,7.82,99,14
2025-07-04,SKU16,7.69,0.0,6.7,93,5
2025-07-05,SKU16,7.67,0.0,7.47,100,8
2025-07-06,SKU16,7.59,0.0,7.23,95,11
2025-07-07,SKU16,7.48,0.0,7.37,95,10
2025-07-08,SKU16,7.45,0.0,7.14,100,8
2025-07-09,SKU16,7.48,0.0,7.49,91,12
2025-07-10,SKU16,7.23,0.0,7.16,82,13
2025-07-11,SKU16,7.47,0.0,6.74,89,14
2025-07-12,SKU16,7.43,0.0,7.06,89,6
2025-07-13,SKU16,7.23,0.0,7.97,92,8
2025-07-14,SKU16,7.62,0.0,7.47,75,10
2025-07-15,SKU16,7.47,0.0,8.17,86,9
2025-07-16,SKU16,7.66,0.0,7.51,107,17
2025-07-17,SKU16,7.52,0.0,7.92,91,15
2025-07-18,SKU16,7.57,0.0,7.43,105,6
2025-07-19,SKU16,7.46,0.0,7.67,96,14
2025-07-20,SKU16,7.91,0.0,8.05,87,8
2025-07-21,SKU16,7.77,0.0,8.16,91,6
2025-07-22,SKU16,7.55,0.0,8.08,97,12
2025-07-23,SKU16,7.44,0.0,7.81,112,5
2025-07-24,SKU16,7.71,0.0,8.36,97,7
2025-07-25,SKU16,7.49,0.0,7.44,81,8
2025-07-26,SKU16,7.55,0.0,7.65,88,8
2025-07-27,SKU16,6.63,11.35,7.69,123,27
2025-07-28,SKU16,7.73,0.0,8.56,75,12
2025-07-29,SKU16,7.51,0.0,8.0,81,13
2025-07-30,SKU16,7.65,0.0,7.41,99,7
2025-07-31,SKU16,7.4,0.0,7.42,94,9
2025-08-01,SKU16,7.03,5.03,7.53,145,17
2025-08-02,SKU16,7.67,0.0,6.89,107,13
2025-08-03,SKU16,7.88,0.0,7.18,106,8
2025-08-04,SKU16,7.54,0.0,8.17,97,13
2025-08-05,SKU16,7.58,0.0,7.56,88,12
2025-08-06,SKU16,7.42,0.0,7.62,106,6
2025-08-07,SKU16,7.74,0.0,7.77,115,6
2025-08-08,SKU16,7.64,0.0,7.12,89,11
2025-08-09,SKU16,7.54,0.0,7.94,85,7
2025-08-10,SKU16,7.27,0.0,7.44,86,10
2025-08-11,SKU16,7.88,0.0,6.98,83,10
2025-08-12,SKU16,7.29,0.0,7.85,104,10
2025-08-13,SKU16,7.37,0.0,8.08,89,9
2025-08-14,SKU16,7.57,0.0,8.05,93,10
2025-08-15,SKU16,7.46,0.0,7.53,96,6
2025-08-16,SKU16,7.75,0.0,7.36,89,8
2025-08-17,SKU16,7.51,0.0,6.45,99,12
2025-08-18,SKU16,7.61,0.0,7.57,89,12
2025-08-19,SKU16,7.8,0.0,7.45,86,6
2025-08-20,SKU16,7.57,0.0,7.71,80,8
2025-08-21,SKU16,7.7,0.0,7.85,92,8
2025-08-22,SKU16,7.5,0.0,7.6,86,6
2025-08-23,SKU16,7.3,0.0,7.71,88,10
2025-08-24,SKU16,7.73,0.0,7.31,93,12
2025-08-25,SKU16,7.52,0.0,7.63,89,10
2025-08-26,SKU16,7.51,0.0,7.51,85,3
2025-08-27,SKU16,7.58,0.0,7.54,86,9
2025-08-28,SKU16,7.41,0.0,7.24,90,12
2025-08-29,SKU16,7.71,0.0,7.61,105,13
2025-08-30,SKU16,7.67,0.0,7.25,87,14
2025-08-31,SKU16,7.88,0.0,7.97,102,14
2025-09-01,SKU16,7.36,0.0,7.45,84,7
2025-09-02,SKU16,7.77,0.0,7.41,116,9
2025-09-03,SKU16,7.69,0.0,7.71,102,8
2025-09-04,SKU16,7.42,0.0,7.99,93,11
2025-09-05,SKU16,7.55,0.0,7.57,75,10
2025-09-06,SKU16,7.47,0.0,7.95,89,9
2025-09-07,SKU16,7.5,0.0,7.14,74,9
2025-09-08,SKU16,7.67,0.0,7.44,106,10
2025-09-09,SKU16,7.28,0.0,7.98,99,8
2025-09-10,SKU16,7.5,0.0,7.67,105,9
2025-09-11,SKU16,7.69,0.0,7.1,93,8
2025-09-12,SKU16,7.69,0.0,7.76,97,9
2025-09-13,SKU16,6.93,8.76,7.59,124,30
2025-09-14,SKU16,7.65,0.0,8.63,91,6
2025-09-15,SKU16,7.54,0.0,7.16,83,10
2025-09-16,SKU16,7.64,0.0,7.54,98,7
2025-09-17,SKU16,7.37,0.0,7.27,104,8
2025-09-18,SKU16,7.54,0.0,7.23,91,6
2025-09-19,SKU16,7.53,0.0,7.11,92,14
2025-09-20,SKU16,7.65,0.0,8.5,93,10
2025-09-21,SKU16,7.76,0.0,6.98,100,13
2025-09-22,SKU16,7.55,0.0,7.51,101,5
2025-09-23,SKU16,7.61,0.0,7.99,72,17
2025-09-24,SKU16,7.63,0.0,7.89,96,8
2025-09-25,SKU16,7.71,0.0,7.0,100,5
2025-09-26,SKU16,7.55,0.0,8.24,90,9
2025-09-27,SKU16,7.78,0.0,6.94,87,12
2025-09-28,SKU16,7.51,0.0,7.26,92,15
2025-09-29,SKU16,7.49,0.0,7.68,83,8
2025-09-30,SKU16,7.64,0.0,7.6,84,15
2025-10-01,SKU16,7.55,0.0,7.5,91,12
2025-10-02,SKU16,7.75,0.0,7.36,89,3
2025-10-03,SKU16,7.63,0.0,8.38,105,6
2025-10-04,SKU16,7.64,0.0,6.96,95,12
2025-10-05,SKU16,7.44,0.0,7.52,114,10
2025-10-06,SKU16,7.46,0.0,6.76,112,5
2025-10-07,SKU16,7.67,0.0,7.7,87,10
2025-10-08,SKU16,7.61,0.0,7.77,102,13
2025-10-09,SKU16,7.73,0.0,8.17,85,9
2025-10-10,SKU16,7.62,0.0,7.38,105,7
2025-10-11,SKU16,7.66,0.0,7.38,117,15
2025-10-12,SKU16,7.38,0.0,8.54,85,14
2025-10-13,SKU16,7.73,0.0,7.65,84,9
2025-10-14,SKU16,7.56,0.0,7.42,85,19
2025-10-15,SKU16,7.02,8.41,7.06,142,22
2025-10-16,SKU16,7.52,0.0,8.07,92,5
2025-10-17,SKU16,7.67,0.0,7.27,104,14
2025-10-18,SKU16,5.35,28.08,7.31,141,25
2025-10-19,SKU16,7.4,0.0,7.77,86,2
2025-10-20,SKU16,7.43,0.0,8.32,88,10
2025-10-21,SKU16,7.53,0.0,7.66,96,13
2025-10-22,SKU16,7.59,0.0,7.84,84,13
2025-10-23,SKU16,7.56,0.0,7.74,92,9
2025-10-24,SKU16,7.52,0.0,7.86,92,15
2025-10-25,SKU16,7.32,0.0,6.9,107,6
2025-10-26,SKU16,7.52,0.0,7.26,76,13
2025-10-27,SKU16,7.48,0.0,6.94,112,5
2025-10-28,SKU16,7.37,0.0,8.07,113,7
2025-10-29,SKU16,7.55,0.0,6.92,110,15
2025-10-30,SKU16,6.36,18.44,7.83,124,25
2025-10-31,SKU16,7.54,0.0,7.55,77,6
2025-11-01,SKU16,7.72,0.0,6.88,85,11
2025-11-02,SKU16,7.72,0.0,8.02,89,9
2025-11-03,SKU16,7.57,0.0,7.95,80,5
2025-11-04,SKU16,7.69,0.0,7.61,93,15
2025-11-05,SKU16,7.65,0.0,7.67,111,4
2025-11-06,SKU16,7.53,0.0,7.88,96,2
2025-11-07,SKU16,7.69,0.0,7.57,79,12
2025-11-08,SKU16,7.85,0.0,7.6,104,12
2025-11-09,SKU16,7.42,0.0,7.69,92,9
2025-11-10,SKU16,7.35,0.0,7.31,117,7
2025-11-11,SKU16,7.58,0.0,7.13,88,7
2025-11-12,SKU16,6.87,6.78,7.83,150,26
2025-11-13,SKU16,7.49,0.0,7.58,103,3
2025-11-14,SKU16,7.53,0.0,7.86,86,6
2025-11-15,SKU16,7.36,0.0,7.55,96,11
2025-05-20,SKU17,59.33,27.03,78.78,63,8
2025-05-21,SKU17,80.71,0.0,76.13,45,2
2025-05-22,SKU17,82.52,0.0,81.86,39,5
2025-05-23,SKU17,83.57,0.0,78.04,29,4
2025-05-24,SKU17,81.97,0.0,78.91,51,4
2025-05-25,SKU17,81.37,0.0,78.98,39,5
2025-05-26,SKU17,82.49,0.0,81.58,50,5
2025-05-27,SKU17,82.47,0.0,82.66,46,4
2025-05-28,SKU17,78.69,0.0,74.42,31,3
2025-05-29,SKU17,82.74,0.0,77.66,29,5
2025-05-30,SKU17,76.28,5.23,72.96,55,0
2025-05-31,SKU17,82.06,0.0,78.44,33,0
2025-06-01,SKU17,78.71,0.0,90.85,40,0
2025-06-02,SKU17,83.61,0.0,87.58,30,0
2025-06-03,SKU17,64.97,19.14,76.55,66,0
2025-06-04,SKU17,80.5,0.0,84.34,36,0
2025-06-05,SKU17,79.59,0.0,85.27,36,0
2025-06-06,SKU17,83.08,0.0,81.74,36,0
2025-06-07,SKU17,81.15,0.0,84.91,47,6
2025-06-08,SKU17,80.4,0.0,79.81,51,7
2025-06-09,SKU17,80.14,0.0,82.19,38,2
2025-06-10,SKU17,83.4,0.0,81.57,49,1
2025-06-11,SKU17,82.08,0.0,77.06,38,3
2025-06-12,SKU17,82.59,0.0,81.42,45,6
2025-06-13,SKU17,82.31,0.0,83.37,36,4
2025-06-14,SKU17,84.81,0.0,81.22,42,5
2025-06-15,SKU17,84.4,0.0,77.57,36,7
2025-06-16,SKU17,81.13,0.0,84.77,39,2
2025-06-17,SKU17,81.38,0.0,76.24,35,3
2025-06-18,SKU17,80.61,0.0,73.86,44,7
2025-06-19,SKU17,78.61,0.0,86.18,39,5
2025-06-20,SKU17,80.34,0.0,83.52,51,3
2025-06-21,SKU17,80.65,0.0,77.34,44,8
2025-06-22,SKU17,83.17,0.0,83.43,37,4
2025-06-23,SKU17,82.77,0.0,85.41,39,7
2025-06-24,SKU17,81.96,0.0,79.14,45,2
2025-06-25,SKU17,80.71,0.0,88.6,40,2
2025-06-26,SKU17,82.41,0.0,82.79,45,6
2025-06-27,SKU17,84.33,0.0,78.96,54,9
2025-06-28,SKU17,81.79,0.0,82.18,50,7
2025-06-29,SKU17,82.33,0.0,74.65,46,4
2025-06-30,SKU17,83.93,0.0,83.56,43,7
2025-07-01,SKU17,83.72,0.0,80.17,40,5
2025-07-02,SKU17,78.23,0.0,79.97,28,2
2025-07-03,SKU17,81.97,0.0,78.97,37,4
2025-07-04,SKU17,80.33,0.0,76.8,43,4
2025-07-05,SKU17,84.79,0.0,82.81,52,7
2025-07-06,SKU17,81.24,0.0,77.27,47,7
2025-07-07,SKU17,82.43,0.0,80.2,32,1
2025-07-08,SKU17,81.44,0.0,75.03,47,3
2025-07-09,SKU17,82.5,0.0,81.0,46,5
2025-07-10,SKU17,83.48,0.0,82.6,39,1
2025-07-11,SKU17,80.19,0.0,77.06,36,4
2025-07-12,SKU17,83.2,0.0,92.18,29,7
2025-07-13,SKU17,79.39,0.0,83.85,43,6
2025-07-14,SKU17,69.69,14.13,79.12,54,11
2025-07-15,SKU17,78.39,0.0,79.2,49,7
2025-07-16,SKU17,83.31,0.0,87.74,39,3
2025-07-17,SKU17,81.61,0.0,85.25,40,3
2025-07-18,SKU17,80.32,0.0,78.23,39,4
2025-07-19,SKU17,81.5,0.0,81.5,47,4
2025-07-20,SKU17,82.09,0.0,86.1,54,4
2025-07-21,SKU17,81.09,0.0,88.79,44,3
2025-07-22,SKU17,81.46,0.0,82.71,38,4
2025-07-23,SKU17,80.2,0.0,80.11,41,4
2025-07-24,SKU17,79.66,0.0,87.41,42,5
2025-07-25,SKU17,84.42,0.0,85.12,40,5
2025-07-26,SKU17,78.96,0.0,76.73,45,9
2025-07-27,SKU17,83.58,0.0,83.06,58,7
2025-07-28,SKU17,83.38,0.0,82.31,26,4
2025-07-29,SKU17,81.0,0.0,84.97,35,5
2025-07-30,SKU17,82.54,0.0,78.99,39,2
2025-07-31,SKU17,80.08,0.0,82.38,30,5
2025-08-01,SKU17,79.58,0.0,82.22,38,1
2025-08-02,SKU17,80.66,0.0,83.81,41,6
2025-08-03,SKU17,79.74,0.0,80.74,41,9
2025-08-04,SKU17,80.04,0.0,79.26,43,3
2025-08-05,SKU17,83.75,0.0,81.64,38,1
2025-08-06,SKU17,84.3,0.0,81.46,45,3
2025-08-07,SKU17,83.7,0.0,81.6,41,4
2025-08-08,SKU17,81.1,0.0,74.9,46,4
2025-08-09,SKU17,81.73,0.0,87.1,44,6
2025-08-10,SKU17,83.11,0.0,79.06,42,4
2025-08-11,SKU17,81.63,0.0,77.18,37,3
2025-08-12,SKU17,82.43,0.0,82.89,50,3
2025-08-13,SKU17,80.46,0.0,85.83,37,4
2025-08-14,SKU17,84.41,0.0,79.49,36,4
2025-08-15,SKU17,80.39,0.0,77.04,37,3
2025-08-16,SKU17,83.75,0.0,74.65,45,9
2025-08-17,SKU17,81.47,0.0,81.61,41,2
2025-08-18,SKU17,80.25,0.0,83.45,44,8
2025-08-19,SKU17,82.55,0.0,79.19,41,3
2025-08-20,SKU17,79.51,0.0,83.74,45,7
2025-08-21,SKU17,71.4,10.78,74.04,69,18
2025-08-22,SKU17,82.64,0.0,83.2,38,5
2025-08-23,SKU17,82.45,0.0,81.84,42,4
2025-08-24,SKU17,78.31,0.0,80.73,59,4
2025-08-25,SKU17,79.15,0.0,87.01,50,5
2025-08-26,SKU17,81.25,0.0,79.45,40,3
2025-08-27,SKU17,70.87,15.91,83.33,61,13
2025-08-28,SKU17,80.2,0.0,79.38,41,9
2025-08-29,SKU17,81.07,0.0,79.75,42,5
2025-08-30,SKU17,80.34,0.0,77.52,43,5
2025-08-31,SKU17,82.24,0.0,78.31,42,2
2025-09-01,SKU17,81.27,0.0,84.54,47,3
2025-09-02,SKU17,82.65,0.0,76.93,48,6
2025-09-03,SKU17,83.43,0.0,78.3,44,2
2025-09-04,SKU17,81.16,0.0,81.18,38,5
2025-09-05,SKU17,78.59,0.0,81.91,40,4
2025-09-06,SKU17,82.58,0.0,79.23,45,6
2025-09-07,SKU17,80.88,0.0,79.18,37,6
2025-09-08,SKU17,79.41,0.0,76.76,50,2
2025-09-09,SKU17,79.51,0.0,88.62,31,1
2025-09-10,SKU17,82.08,0.0,81.5,41,6
2025-09-11,SKU17,81.55,0.0,91.85,37,6
2025-09-12,SKU17,80.1,0.0,79.43,41,4
2025-09-13,SKU17,84.74,0.0,84.71,41,11
2025-09-14,SKU17,79.65,0.0,76.88,41,5
2025-09-15,SKU17,79.6,0.0,84.24,37,6
2025-09-16,SKU17,84.69,0.0,79.57,51,3
2025-09-17,SKU17,78.27,0.0,79.31,41,2
2025-09-18,SKU17,80.77,0.0,77.5,45,3
2025-09-19,SKU17,82.4,0.0,83.45,44,7
2025-09-20,SKU17,78.09,0.0,80.58,40,4
2025-09-21,SKU17,75.6,6.7,84.87,70,14
2025-09-22,SKU17,81.2,0.0,81.8,57,2
2025-09-23,SKU17,82.46,0.0,83.2,51,3
2025-09-24,SKU17,79.95,0.0,87.49,47,3
2025-09-25,SKU17,79.72,0.0,83.65,42,2
2025-09-26,SKU17,81.84,0.0,77.16,35,3
2025-09-27,SKU17,82.8,0.0,85.39,50,7
2025-09-28,SKU17,84.26,0.0,78.17,40,8
2025-09-29,SKU17,84.56,0.0,83.43,50,8
2025-09-30,SKU17,82.56,0.0,85.29,45,4
2025-10-01,SKU17,81.68,0.0,80.73,50,0
2025-10-02,SKU17,83.25,0.0,81.91,47,5
2025-10-03,SKU17,81.78,0.0,81.06,43,6
2025-10-04,SKU17,80.72,0.0,78.91,43,5
2025-10-05,SKU17,83.55,0.0,77.34,43,7
2025-10-06,SKU17,80.88,0.0,88.39,42,1
2025-10-07,SKU17,79.55,0.0,76.98,38,0
2025-10-08,SKU17,84.72,0.0,89.03,39,4
2025-10-09,SKU17,82.23,0.0,82.6,44,5
2025-10-10,SKU17,81.19,0.0,74.65,44,7
2025-10-11,SKU17,64.83,16.94,74.92,66,9
2025-10-12,SKU17,82.08,0.0,85.92,52,7
2025-10-13,SKU17,61.31,22.15,83.29,63,13
2025-10-14,SKU17,72.62,11.69,86.34,63,17
2025-10-15,SKU17,80.76,0.0,88.25,47,5
2025-10-16,SKU17,82.56,0.0,76.82,40,1
2025-10-17,SKU17,81.32,0.0,78.36,37,6
2025-10-18,SKU17,80.92,0.0,85.95,53,3
2025-10-19,SKU17,81.79,0.0,78.96,41,6
2025-10-20,SKU17,79.86,0.0,85.22,40,4
2025-10-21,SKU17,72.88,12.6,82.69,54,7
2025-10-22,SKU17,82.71,0.0,76.3,41,7
2025-10-23,SKU17,80.82,0.0,76.86,34,4
2025-10-24,SKU17,80.48,0.0,71.14,45,6
2025-10-25,SKU17,81.59,0.0,81.59,40,4
2025-10-26,SKU17,80.34,0.0,84.12,43,8
2025-10-27,SKU17,81.5,0.0,79.57,35,6
2025-10-28,SKU17,83.94,0.0,80.09,54,5
2025-10-29,SKU17,82.02,0.0,83.2,32,6
2025-10-30,SKU17,81.53,0.0,78.96,39,6
2025-10-31,SKU17,81.95,0.0,77.16,29,8
2025-11-01,SKU17,80.89,0.0,78.75,42,2
2025-11-02,SKU17,82.64,0.0,80.45,41,6
2025-11-03,SKU17,81.6,0.0,78.57,43,6
2025-11-04,SKU17,56.35,29.9,75.72,64,14
2025-11-05,SKU17,77.96,0.0,78.03,49,3
2025-11-06,SKU17,81.56,0.0,78.69,39,4
2025-11-07,SKU17,83.85,0.0,79.13,35,8
2025-11-08,SKU17,84.57,0.0,79.58,45,7
2025-11-09,SKU17,78.5,0.0,77.76,38,6
2025-11-10,SKU17,79.55,0.0,83.43,39,1
2025-11-11,SKU17,80.83,0.0,82.58,27,4
2025-11-12,SKU17,83.06,0.0,77.53,41,1
2025-11-13,SKU17,81.4,0.0,87.11,43,6
2025-11-14,SKU17,82.16,0.0,80.4,36,5
2025-11-15,SKU17,78.15,0.0,78.98,39,2
