data/derived/demand_data.csv
date,sku_id,price,discount_percent,competitor_price,web_traffic,units_sold
2025-05-20,SKU18,35.6,0.0,36.26,223,10
2025-05-21,SKU18,36.81,0.0,35.63,186,0
2025-05-22,SKU18,37.17,0.0,37.19,230,0
2025-05-23,SKU18,35.36,0.0,35.92,189,0
2025-05-24,SKU18,36.95,0.0,36.24,178,0
2025-05-25,SKU18,36.52,0.0,37.13,190,0
2025-05-26,SKU18,36.36,0.0,34.71,200,0
2025-05-27,SKU18,36.38,0.0,40.44,225,0
2025-05-28,SKU18,36.53,0.0,32.94,214,0
2025-05-29,SKU18,35.79,0.0,36.55,210,0
2025-05-30,SKU18,37.4,0.0,34.69,195,0
2025-05-31,SKU18,36.75,0.0,37.43,186,21
2025-06-01,SKU18,36.45,0.0,37.15,234,30
2025-06-02,SKU18,37.09,0.0,38.59,234,20
2025-06-03,SKU18,26.4,27.98,38.76,310,42
2025-06-04,SKU18,36.37,0.0,37.45,205,23
2025-06-05,SKU18,36.9,0.0,38.92,197,20
2025-06-06,SKU18,36.58,0.0,35.44,211,23
2025-06-07,SKU18,38.28,0.0,39.47,216,18
2025-06-08,SKU18,38.39,0.0,38.19,191,24
2025-06-09,SKU18,35.33,0.0,33.27,210,15
2025-06-10,SKU18,35.78,0.0,37.51,207,24
2025-06-11,SKU18,36.31,0.0,34.39,212,24
2025-06-12,SKU18,36.82,0.0,39.39,216,22
2025-06-13,SKU18,36.48,0.0,35.86,199,25
2025-06-14,SKU18,35.68,0.0,37.67,201,24
2025-06-15,SKU18,36.24,0.0,36.16,236,24
2025-06-16,SKU18,35.93,0.0,37.19,230,24
2025-06-17,SKU18,36.4,0.0,40.16,198,20
2025-06-18,SKU18,37.08,0.0,37.16,207,23
2025-06-19,SKU18,35.63,0.0,34.47,207,17
2025-06-20,SKU18,36.46,0.0,36.73,186,29
2025-06-21,SKU18,36.68,0.0,36.19,192,32
2025-06-22,SKU18,36.79,0.0,36.96,210,18
2025-06-23,SKU18,30.57,16.92,36.96,322,63
2025-06-24,SKU18,36.29,0.0,32.05,211,26
2025-06-25,SKU18,35.84,0.0,38.11,188,22
2025-06-26,SKU18,35.52,0.0,34.85,214,23
2025-06-27,SKU18,36.32,0.0,34.57,181,29
2025-06-28,SKU18,37.47,0.0,37.23,184,16
2025-06-29,SKU18,36.65,0.0,36.26,212,16
2025-06-30,SKU18,36.62,0.0,39.0,224,22
2025-07-01,SKU18,36.25,0.0,35.03,221,24
2025-07-02,SKU18,35.68,0.0,39.25,191,25
2025-07-03,SKU18,34.55,0.0,35.6,202,30
2025-07-04,SKU18,35.84,0.0,37.73,223,20
2025-07-05,SKU18,37.59,0.0,37.63,173,27
2025-07-06,SKU18,27.0,26.74,38.0,324,45
2025-07-07,SKU18,36.54,0.0,33.07,206,21
2025-07-08,SKU18,36.51,0.0,37.01,194,16
2025-07-09,SKU18,36.34,0.0,35.31,185,16
2025-07-10,SKU18,36.46,0.0,39.64,210,22
2025-07-11,SKU18,36.87,0.0,36.4,222,21
2025-07-12,SKU18,36.32,0.0,36.09,221,29
2025-07-13,SKU18,35.77,0.0,34.23,207,33
2025-07-14,SKU18,37.18,0.0,38.15,214,22
2025-07-15,SKU18,35.31,0.0,37.49,211,17
2025-07-16,SKU18,37.14,0.0,38.19,221,22
2025-07-17,SKU18,35.74,0.0,38.05,232,18
2025-07-18,SKU18,36.27,0.0,36.99,230,12
2025-07-19,SKU18,37.53,0.0,35.73,231,22
2025-07-20,SKU18,35.55,0.0,36.35,193,19
2025-07-21,SKU18,37.93,0.0,37.26,185,22
2025-07-22,SKU18,37.26,0.0,37.86,210,29
2025-07-23,SKU18,35.78,0.0,36.75,203,15
2025-07-24,SKU18,36.99,0.0,32.99,209,21
2025-07-25,SKU18,36.32,0.0,35.85,207,18
2025-07-26,SKU18,35.88,0.0,32.68,208,40
2025-07-27,SKU18,37.07,0.0,36.77,215,24
2025-07-28,SKU18,37.7,0.0,37.93,210,26
2025-07-29,SKU18,35.42,0.0,35.51,220,19
2025-07-30,SKU18,36.81,0.0,34.19,178,18
2025-07-31,SKU18,35.86,0.0,36.35,186,23
2025-08-01,SKU18,37.43,0.0,37.07,221,22
2025-08-02,SKU18,36.69,0.0,33.8,188,28
2025-08-03,SKU18,36.0,0.0,38.98,212,30
2025-08-04,SKU18,36.62,0.0,33.69,236,24
2025-08-05,SKU18,31.52,12.24,35.88,270,56
2025-08-06,SKU18,35.83,0.0,33.95,228,28
2025-08-07,SKU18,36.08,0.0,36.07,203,18
2025-08-08,SKU18,36.51,0.0,37.91,211,16
2025-08-09,SKU18,36.5,0.0,35.02,218,22
2025-08-10,SKU18,35.51,0.0,35.46,188,25
2025-08-11,SKU18,35.79,0.0,36.75,226,19
2025-08-12,SKU18,35.49,0.0,34.8,209,22
2025-08-13,SKU18,36.79,0.0,36.07,214,21
2025-08-14,SKU18,37.29,0.0,33.58,227,15
2025-08-15,SKU18,35.3,0.0,37.55,237,16
2025-08-16,SKU18,37.29,0.0,37.27,199,23
2025-08-17,SKU18,36.39,0.0,33.88,184,25
2025-08-18,SKU18,36.76,0.0,37.64,192,16
2025-08-19,SKU18,36.36,0.0,38.89,199,18
2025-08-20,SKU18,36.35,0.0,34.41,194,18
2025-08-21,SKU18,36.86,0.0,40.74,232,19
2025-08-22,SKU18,35.69,0.0,37.33,211,13
2025-08-23,SKU18,37.28,0.0,35.23,195,23
2025-08-24,SKU18,36.19,0.0,36.57,206,39
2025-08-25,SKU18,37.48,0.0,35.93,208,20
2025-08-26,SKU18,35.97,0.0,36.94,193,19
2025-08-27,SKU18,36.28,0.0,34.07,215,26
2025-08-28,SKU18,37.1,0.0,34.94,227,18
2025-08-29,SKU18,38.08,0.0,35.37,198,27
2025-08-30,SKU18,35.89,0.0,36.7,209,29
2025-08-31,SKU18,31.55,7.7,37.41,319,60
2025-09-01,SKU18,36.34,0.0,37.54,195,21
2025-09-02,SKU18,36.17,0.0,37.24,211,17
2025-09-03,SKU18,36.07,0.0,35.01,200,25
2025-09-04,SKU18,37.59,0.0,34.2,225,29
2025-09-05,SKU18,36.51,0.0,38.35,197,17
2025-09-06,SKU18,36.55,0.0,33.03,227,18
2025-09-07,SKU18,37.45,0.0,35.98,224,20
2025-09-08,SKU18,25.94,28.19,37.6,291,56
2025-09-09,SKU18,36.06,0.0,34.64,207,20
2025-09-10,SKU18,38.41,0.0,34.79,192,25
2025-09-11,SKU18,36.05,0.0,38.08,197,34
2025-09-12,SKU18,36.55,0.0,33.88,229,22
2025-09-13,SKU18,35.43,0.0,33.77,219,29
2025-09-14,SKU18,36.35,0.0,34.27,191,18
2025-09-15,SKU18,36.83,0.0,40.28,218,21
2025-09-16,SKU18,36.63,0.0,36.28,212,21
2025-09-17,SKU18,35.29,0.0,35.2,225,22
2025-09-18,SKU18,26.3,26.7,36.26,255,55
2025-09-19,SKU18,35.88,0.0,39.29,203,13
2025-09-20,SKU18,36.38,0.0,37.45,219,22
2025-09-21,SKU18,35.3,0.0,36.32,205,35
2025-09-22,SKU18,36.4,0.0,34.62,209,21
2025-09-23,SKU18,37.15,0.0,38.8,220,16
2025-09-24,SKU18,35.98,0.0,37.23,201,25
2025-09-25,SKU18,37.56,0.0,35.53,219,23
2025-09-26,SKU18,36.01,0.0,37.29,195,17
2025-09-27,SKU18,36.14,0.0,34.59,217,27
2025-09-28,SKU18,36.23,0.0,37.41,233,25
2025-09-29,SKU18,35.84,0.0,38.42,202,18
2025-09-30,SKU18,37.5,0.0,37.07,192,23
2025-10-01,SKU18,35.62,0.0,37.41,206,28
2025-10-02,SKU18,36.01,0.0,35.54,205,23
2025-10-03,SKU18,35.89,0.0,35.32,195,25
2025-10-04,SKU18,36.74,0.0,36.12,218,21
2025-10-05,SKU18,35.6,0.0,39.33,217,34
2025-10-06,SKU18,31.47,14.86,35.94,319,43
2025-10-07,SKU18,36.31,0.0,34.46,218,16
2025-10-08,SKU18,35.48,0.0,36.25,216,19
2025-10-09,SKU18,36.83,0.0,34.42,214,21
2025-10-10,SKU18,38.15,0.0,34.88,233,22
2025-10-11,SKU18,35.65,0.0,35.75,232,19
2025-10-12,SKU18,36.42,0.0,36.83,195,31
2025-10-13,SKU18,36.74,0.0,35.19,206,25
2025-10-14,SKU18,35.31,0.0,36.65,192,22
2025-10-15,SKU18,36.18,0.0,37.43,213,27
2025-10-16,SKU18,35.72,0.0,35.55,223,25
2025-10-17,SKU18,35.32,0.0,37.98,219,22
2025-10-18,SKU18,36.42,0.0,36.48,212,23
2025-10-19,SKU18,37.71,0.0,37.27,193,26
2025-10-20,SKU18,36.19,0.0,36.52,225,24
2025-10-21,SKU18,36.64,0.0,36.24,219,16
2025-10-22,SKU18,35.91,0.0,37.1,212,20
2025-10-23,SKU18,36.32,0.0,36.42,193,15
2025-10-24,SKU18,36.11,0.0,34.28,201,16
2025-10-25,SKU18,35.14,0.0,37.53,205,20
2025-10-26,SKU18,36.32,0.0,38.64,211,33
2025-10-27,SKU18,36.22,0.0,39.46,207,19
2025-10-28,SKU18,36.5,0.0,35.3,192,20
2025-10-29,SKU18,37.31,0.0,37.34,190,12
2025-10-30,SKU18,36.17,0.0,37.31,207,25
2025-10-31,SKU18,37.74,0.0,33.78,216,24
2025-11-01,SKU18,37.43,0.0,36.45,200,21
2025-11-02,SKU18,37.71,0.0,36.02,188,21
2025-11-03,SKU18,36.08,0.0,36.27,204,19
2025-11-04,SKU18,37.93,0.0,37.55,207,26
2025-11-05,SKU18,36.16,0.0,38.1,197,25
2025-11-06,SKU18,37.03,0.0,36.01,216,24
2025-11-07,SKU18,29.83,17.78,36.99,298,67
2025-11-08,SKU18,36.36,0.0,36.57,217,19
2025-11-09,SKU18,37.05,0.0,32.67,201,25
2025-11-10,SKU18,36.44,0.0,34.17,204,25
2025-11-11,SKU18,36.66,0.0,34.36,226,17
2025-11-12,SKU18,36.36,0.0,36.27,200,24
2025-11-13,SKU18,35.59,0.0,33.17,209,24
2025-11-14,SKU18,37.63,0.0,33.14,199,15
2025-11-15,SKU18,36.93,0.0,35.23,209,24
2025-05-20,SKU19,52.43,0.0,50.99,70,8
2025-05-21,SKU19,44.52,13.65,52.77,100,17
2025-05-22,SKU19,51.67,0.0,50.15,66,3
2025-05-23,SKU19,51.79,0.0,50.93,67,8
2025-05-24,SKU19,50.59,0.0,49.21,67,8
2025-05-25,SKU19,50.54,0.0,50.21,58,4
2025-05-26,SKU19,43.32,14.37,53.37,78,0
2025-05-27,SKU19,49.71,0.0,51.02,61,0
2025-05-28,SKU19,51.86,0.0,50.88,55,0
2025-05-29,SKU19,52.32,0.0,47.86,56,0
2025-05-30,SKU19,51.03,0.0,46.84,67,0
2025-05-31,SKU19,51.89,0.0,50.68,48,0
2025-06-01,SKU19,50.83,0.0,51.62,57,10
2025-06-02,SKU19,51.23,0.0,51.53,64,5
2025-06-03,SKU19,51.89,0.0,52.64,70,8
2025-06-04,SKU19,52.2,0.0,54.76,61,6
2025-06-05,SKU19,49.58,0.0,49.7,56,4
2025-06-06,SKU19,50.86,0.0,52.87,56,10
2025-06-07,SKU19,50.82,0.0,47.08,66,8
2025-06-08,SKU19,52.12,0.0,50.49,64,6
2025-06-09,SKU19,49.32,0.0,51.69,73,8
2025-06-10,SKU19,52.25,0.0,49.43,49,6
2025-06-11,SKU19,49.83,0.0,50.19,58,6
2025-06-12,SKU19,50.92,0.0,51.53,66,4
2025-06-13,SKU19,35.81,28.67,52.54,81,24
2025-06-14,SKU19,52.03,0.0,53.47,80,3
2025-06-15,SKU19,49.75,0.0,49.14,56,8
2025-06-16,SKU19,49.97,0.0,50.55,73,6
2025-06-17,SKU19,50.55,0.0,49.1,66,10
2025-06-18,SKU19,50.94,0.0,50.58,52,6
2025-06-19,SKU19,50.64,0.0,53.02,65,3
2025-06-20,SKU19,50.49,0.0,49.65,48,11
2025-06-21,SKU19,49.19,0.0,51.1,74,7
2025-06-22,SKU19,50.95,0.0,47.33,64,5
2025-06-23,SKU19,50.98,0.0,50.68,60,9
2025-06-24,SKU19,51.26,0.0,47.85,61,4
2025-06-25,SKU19,50.31,0.0,46.97,73,5
2025-06-26,SKU19,49.59,0.0,53.49,60,4
2025-06-27,SKU19,51.13,0.0,46.65,72,7
2025-06-28,SKU19,49.79,0.0,51.46,57,10
2025-06-29,SKU19,51.28,0.0,51.39,58,10
2025-06-30,SKU19,51.63,0.0,52.53,58,4
2025-07-01,SKU19,51.18,0.0,53.37,68,3
2025-07-02,SKU19,50.69,0.0,53.75,67,8
2025-07-03,SKU19,51.25,0.0,46.17,54,7
2025-07-04,SKU19,48.78,0.0,51.14,70,6
2025-07-05,SKU19,49.53,0.0,50.8,74,9
2025-07-06,SKU19,52.37,0.0,48.16,66,7
2025-07-07,SKU19,51.34,0.0,54.84,52,5
2025-07-08,SKU19,53.21,0.0,55.32,56,9
2025-07-09,SKU19,51.36,0.0,52.77,63,7
2025-07-10,SKU19,50.95,0.0,50.62,64,6
2025-07-11,SKU19,48.54,0.0,51.73,65,8
2025-07-12,SKU19,50.85,0.0,52.45,52,6
2025-07-13,SKU19,52.52,0.0,54.05,71,5
2025-07-14,SKU19,48.48,0.0,54.95,64,1
2025-07-15,SKU19,51.15,0.0,54.02,64,8
2025-07-16,SKU19,50.95,0.0,51.38,69,8
2025-07-17,SKU19,50.87,0.0,50.24,56,4
2025-07-18,SKU19,50.81,0.0,49.94,64,4
2025-07-19,SKU19,51.33,0.0,52.32,48,7
2025-07-20,SKU19,50.87,0.0,52.8,62,8
2025-07-21,SKU19,49.75,0.0,47.85,67,5
2025-07-22,SKU19,51.32,0.0,47.52,60,3
2025-07-23,SKU19,50.67,0.0,46.71,63,4
2025-07-24,SKU19,50.97,0.0,52.94,61,4
2025-07-25,SKU19,52.96,0.0,50.25,50,11
2025-07-26,SKU19,50.52,0.0,50.61,74,5
2025-07-27,SKU19,51.75,0.0,51.72,64,7
2025-07-28,SKU19,50.88,0.0,51.81,61,2
2025-07-29,SKU19,50.02,0.0,49.62,51,2
2025-07-30,SKU19,49.27,0.0,54.58,55,7
2025-07-31,SKU19,50.65,0.0,48.09,65,11
2025-08-01,SKU19,50.92,0.0,46.53,56,1
2025-08-02,SKU19,52.71,0.0,55.4,67,10
2025-08-03,SKU19,52.29,0.0,56.57,57,8
2025-08-04,SKU19,49.52,0.0,48.88,61,1
2025-08-05,SKU19,50.02,0.0,50.59,60,7
2025-08-06,SKU19,50.55,0.0,54.94,74,5
2025-08-07,SKU19,52.43,0.0,53.66,57,5
2025-08-08,SKU19,51.31,0.0,52.94,66,5
2025-08-09,SKU19,49.63,0.0,51.85,64,7
2025-08-10,SKU19,50.48,0.0,50.04,54,8
2025-08-11,SKU19,50.11,0.0,50.83,57,5
2025-08-12,SKU19,51.24,0.0,49.26,74,4
2025-08-13,SKU19,52.65,0.0,51.75,55,9
2025-08-14,SKU19,51.99,0.0,51.95,60,11
2025-08-15,SKU19,50.79,0.0,52.15,63,7
2025-08-16,SKU19,49.79,0.0,49.98,84,7
2025-08-17,SKU19,50.67,0.0,51.57,51,9
2025-08-18,SKU19,51.11,0.0,49.69,56,1
2025-08-19,SKU19,50.47,0.0,49.71,62,7
2025-08-20,SKU19,50.08,0.0,49.72,65,5
2025-08-21,SKU19,50.45,0.0,49.64,74,4
2025-08-22,SKU19,52.2,0.0,54.93,74,5
2025-08-23,SKU19,52.01,0.0,53.31,64,6
2025-08-24,SKU19,48.84,0.0,52.23,65,7
2025-08-25,SKU19,50.67,0.0,52.0,59,3
2025-08-26,SKU19,48.93,0.0,53.13,57,4
2025-08-27,SKU19,50.3,0.0,49.42,67,6
2025-08-28,SKU19,52.24,0.0,51.63,66,8
2025-08-29,SKU19,52.97,0.0,52.85,57,5
2025-08-30,SKU19,51.3,0.0,53.51,59,9
2025-08-31,SKU19,52.72,0.0,52.2,60,11
2025-09-01,SKU19,50.26,0.0,49.24,64,3
2025-09-02,SKU19,51.14,0.0,51.16,60,9
2025-09-03,SKU19,50.45,0.0,55.21,66,5
2025-09-04,SKU19,50.52,0.0,51.23,58,4
2025-09-05,SKU19,50.3,0.0,50.95,54,10
2025-09-06,SKU19,49.76,0.0,51.74,72,9
2025-09-07,SKU19,36.34,28.32,53.51,108,23
2025-09-08,SKU19,48.57,0.0,50.37,60,7
2025-09-09,SKU19,50.93,0.0,54.79,64,8
2025-09-10,SKU19,51.74,0.0,48.04,65,5
2025-09-11,SKU19,52.0,0.0,47.8,56,8
2025-09-12,SKU19,52.66,0.0,48.69,55,9
2025-09-13,SKU19,52.3,0.0,57.73,61,7
2025-09-14,SKU19,50.42,0.0,48.48,76,8
2025-09-15,SKU19,50.34,0.0,53.84,42,7
2025-09-16,SKU19,51.11,0.0,53.82,61,8
2025-09-17,SKU19,51.97,0.0,56.78,68,9
2025-09-18,SKU19,50.52,0.0,50.72,56,10
2025-09-19,SKU19,42.57,15.77,49.92,87,17
2025-09-20,SKU19,52.6,0.0,54.79,66,4
2025-09-21,SKU19,49.47,0.0,51.01,58,6
2025-09-22,SKU19,50.94,0.0,53.9,55,1
2025-09-23,SKU19,50.92,0.0,50.72,65,9
2025-09-24,SKU19,50.48,0.0,58.4,58,6
2025-09-25,SKU19,51.43,0.0,52.28,49,2
2025-09-26,SKU19,51.48,0.0,52.78,57,6
2025-09-27,SKU19,52.45,0.0,51.27,57,10
2025-09-28,SKU19,51.12,0.0,51.86,55,10
2025-09-29,SKU19,51.6,0.0,50.94,60,6
2025-09-30,SKU19,50.57,0.0,53.21,64,8
2025-10-01,SKU19,51.19,0.0,50.64,78,9
2025-10-02,SKU19,50.77,0.0,48.08,61,3
2025-10-03,SKU19,49.86,0.0,50.48,72,6
2025-10-04,SKU19,48.75,0.0,50.88,66,9
2025-10-05,SKU19,52.67,0.0,50.43,67,10
2025-10-06,SKU19,51.37,0.0,49.62,56,4
2025-10-07,SKU19,41.09,17.65,47.65,85,14
2025-10-08,SKU19,50.76,0.0,48.4,53,7
2025-10-09,SKU19,52.52,0.0,53.99,57,13
2025-10-10,SKU19,50.56,0.0,53.39,62,8
2025-10-11,SKU19,42.08,16.25,50.3,102,16
2025-10-12,SKU19,51.46,0.0,50.14,67,3
2025-10-13,SKU19,51.88,0.0,48.85,52,5
2025-10-14,SKU19,52.33,0.0,51.71,59,6
2025-10-15,SKU19,49.5,0.0,48.5,68,3
2025-10-16,SKU19,41.44,20.15,49.68,94,13
2025-10-17,SKU19,52.3,0.0,47.76,52,9
2025-10-18,SKU19,48.73,0.0,46.46,54,10
2025-10-19,SKU19,52.13,0.0,49.6,71,12
2025-10-20,SKU19,50.44,0.0,49.11,47,8
2025-10-21,SKU19,53.46,0.0,49.88,47,7
2025-10-22,SKU19,51.57,0.0,49.99,61,8
2025-10-23,SKU19,52.58,0.0,52.32,67,3
2025-10-24,SKU19,52.3,0.0,49.08,65,5
2025-10-25,SKU19,51.61,0.0,48.08,68,7
2025-10-26,SKU19,51.61,0.0,55.99,59,9
2025-10-27,SKU19,51.73,0.0,48.42,66,3
2025-10-28,SKU19,50.96,0.0,49.08,61,10
2025-10-29,SKU19,50.79,0.0,50.67,50,9
2025-10-30,SKU19,49.93,0.0,54.54,52,3
2025-10-31,SKU19,51.73,0.0,51.86,56,6
2025-11-01,SKU19,51.74,0.0,51.26,63,8
2025-11-02,SKU19,37.5,26.17,46.43,81,18
2025-11-03,SKU19,51.86,0.0,52.58,68,2
2025-11-04,SKU19,51.56,0.0,54.95,66,3
2025-11-05,SKU19,51.17,0.0,52.02,63,7
2025-11-06,SKU19,49.04,0.0,50.48,62,5
2025-11-07,SKU19,50.55,0.0,51.48,70,10
2025-11-08,SKU19,50.49,0.0,51.1,65,7
2025-11-09,SKU19,52.23,0.0,49.21,68,8
2025-11-10,SKU19,49.96,0.0,51.21,59,9
2025-11-11,SKU19,50.47,0.0,51.97,76,5
2025-11-12,SKU19,49.72,0.0,51.79,60,5
2025-11-13,SKU19,49.02,0.0,52.46,62,6
2025-11-14,SKU19,51.51,0.0,44.61,56,4
2025-11-15,SKU19,51.53,0.0,44.9,64,6
