data/derived/demand_data.csv
date,sku_id,price,discount_percent,competitor_price,web_traffic,units_sold
2025-05-20,SKU20,99.26,0.0,107.08,101,13
2025-05-21,SKU20,99.71,0.0,96.16,114,13
2025-05-22,SKU20,94.9,0.0,95.63,98,1
2025-05-23,SKU20,96.23,0.0,99.21,103,0
2025-05-24,SKU20,95.57,0.0,100.34,96,0
2025-05-25,SKU20,95.93,0.0,100.71,116,0
2025-05-26,SKU20,82.3,14.32,96.69,148,0
2025-05-27,SKU20,95.62,0.0,90.92,96,0
2025-05-28,SKU20,95.23,0.0,90.49,109,0
2025-05-29,SKU20,78.66,19.35,97.26,168,0
2025-05-30,SKU20,98.79,0.0,91.88,113,0
2025-05-31,SKU20,71.42,24.26,98.28,157,0
2025-06-01,SKU20,96.73,0.0,89.54,103,0
2025-06-02,SKU20,97.0,0.0,101.46,100,9
2025-06-03,SKU20,96.6,0.0,98.55,112,12
2025-06-04,SKU20,100.38,0.0,102.2,85,10
2025-06-05,SKU20,96.55,0.0,104.33,120,3
2025-06-06,SKU20,96.69,0.0,100.57,125,7
2025-06-07,SKU20,95.36,0.0,89.39,91,14
2025-06-08,SKU20,74.11,21.89,94.5,162,27
2025-06-09,SKU20,94.35,0.0,91.18,126,11
2025-06-10,SKU20,94.57,0.0,95.07,106,9
2025-06-11,SKU20,98.79,0.0,101.33,93,14
2025-06-12,SKU20,95.68,0.0,93.16,114,11
2025-06-13,SKU20,94.87,0.0,97.95,111,10
2025-06-14,SKU20,91.71,0.0,102.05,131,14
2025-06-15,SKU20,94.37,0.0,100.39,84,8
2025-06-16,SKU20,95.61,0.0,97.3,93,7
2025-06-17,SKU20,95.75,0.0,101.4,103,16
2025-06-18,SKU20,95.9,0.0,105.09,86,12
2025-06-19,SKU20,99.21,0.0,95.15,104,9
2025-06-20,SKU20,93.08,0.0,98.48,128,11
2025-06-21,SKU20,95.42,0.0,94.84,118,16
2025-06-22,SKU20,86.77,7.61,100.25,144,26
2025-06-23,SKU20,97.53,0.0,98.72,98,13
2025-06-24,SKU20,92.22,0.0,99.2,96,11
2025-06-25,SKU20,94.58,0.0,92.19,88,9
2025-06-26,SKU20,97.28,0.0,102.4,127,11
2025-06-27,SKU20,93.2,0.0,92.59,94,9
2025-06-28,SKU20,87.74,10.9,96.28,150,46
2025-06-29,SKU20,95.85,0.0,98.41,97,15
2025-06-30,SKU20,97.66,0.0,94.12,111,5
2025-07-01,SKU20,97.7,0.0,90.72,122,16
2025-07-02,SKU20,94.94,0.0,98.21,90,11
2025-07-03,SKU20,96.65,0.0,96.87,120,6
2025-07-04,SKU20,93.6,0.0,92.87,95,12
2025-07-05,SKU20,100.23,0.0,100.19,119,11
2025-07-06,SKU20,96.95,0.0,93.97,95,16
2025-07-07,SKU20,98.14,0.0,99.24,108,15
2025-07-08,SKU20,95.19,0.0,96.96,102,11
2025-07-09,SKU20,99.66,0.0,100.2,104,14
2025-07-10,SKU20,101.24,0.0,100.56,101,6
2025-07-11,SKU20,97.19,0.0,95.16,86,17
2025-07-12,SKU20,94.77,0.0,90.55,107,16
2025-07-13,SKU20,93.33,0.0,97.5,113,16
2025-07-14,SKU20,97.86,0.0,104.38,95,17
2025-07-15,SKU20,96.37,0.0,98.1,94,8
2025-07-16,SKU20,97.95,0.0,99.23,89,8
2025-07-17,SKU20,97.57,0.0,98.94,92,15
2025-07-18,SKU20,97.13,0.0,90.8,89,10
2025-07-19,SKU20,97.03,0.0,97.33,108,16
2025-07-20,SKU20,99.8,0.0,108.36,107,17
2025-07-21,SKU20,95.74,0.0,98.22,119,12
2025-07-22,SKU20,96.41,0.0,92.14,114,11
2025-07-23,SKU20,95.73,0.0,99.89,106,11
2025-07-24,SKU20,95.65,0.0,92.45,121,7
2025-07-25,SKU20,95.57,0.0,93.71,116,9
2025-07-26,SKU20,94.09,0.0,101.36,111,15
2025-07-27,SKU20,93.96,0.0,95.97,119,11
2025-07-28,SKU20,95.75,0.0,104.55,121,13
2025-07-29,SKU20,95.98,0.0,98.05,117,11
2025-07-30,SKU20,96.37,0.0,90.01,96,13
2025-07-31,SKU20,96.56,0.0,90.53,101,9
2025-08-01,SKU20,93.43,0.0,96.22,126,7
2025-08-02,SKU20,97.83,0.0,103.42,109,8
2025-08-03,SKU20,98.29,0.0,104.89,117,6
2025-08-04,SKU20,94.6,0.0,92.56,119,12
2025-08-05,SKU20,98.77,0.0,99.48,117,11
2025-08-06,SKU20,99.9,0.0,85.38,92,9
2025-08-07,SKU20,94.63,0.0,100.17,110,10
2025-08-08,SKU20,93.62,0.0,98.66,125,10
2025-08-09,SKU20,96.85,0.0,100.53,104,19
2025-08-10,SKU20,98.32,0.0,90.01,93,8
2025-08-11,SKU20,94.76,0.0,93.2,101,11
2025-08-12,SKU20,98.51,0.0,98.14,119,6
2025-08-13,SKU20,94.03,0.0,93.2,118,8
2025-08-14,SKU20,96.2,0.0,96.39,105,14
2025-08-15,SKU20,93.3,0.0,96.19,106,12
2025-08-16,SKU20,95.9,0.0,98.6,92,7
2025-08-17,SKU20,96.45,0.0,95.37,113,13
2025-08-18,SKU20,93.4,0.0,88.0,103,6
2025-08-19,SKU20,94.97,0.0,95.9,100,13
2025-08-20,SKU20,76.65,21.67,89.79,162,19
2025-08-21,SKU20,94.08,0.0,85.1,96,8
2025-08-22,SKU20,93.01,0.0,98.72,122,11
2025-08-23,SKU20,95.77,0.0,89.88,87,11
2025-08-24,SKU20,97.38,0.0,98.18,103,11
2025-08-25,SKU20,97.19,0.0,97.34,106,16
2025-08-26,SKU20,100.37,0.0,93.21,104,7
2025-08-27,SKU20,95.38,0.0,91.93,114,13
2025-08-28,SKU20,94.79,0.0,98.38,129,8
2025-08-29,SKU20,96.55,0.0,98.17,94,10
2025-08-30,SKU20,99.71,0.0,97.27,112,17
2025-08-31,SKU20,97.79,0.0,91.58,120,11
2025-09-01,SKU20,94.14,0.0,86.51,120,11
2025-09-02,SKU20,95.76,0.0,94.82,109,7
2025-09-03,SKU20,98.56,0.0,96.43,91,15
2025-09-04,SKU20,97.46,0.0,100.61,97,9
2025-09-05,SKU20,101.08,0.0,103.73,121,8
2025-09-06,SKU20,93.8,0.0,94.49,100,9
2025-09-07,SKU20,99.45,0.0,103.52,96,11
2025-09-08,SKU20,96.0,0.0,97.87,121,11
2025-09-09,SKU20,99.77,0.0,101.8,116,12
2025-09-10,SKU20,93.9,0.0,92.32,116,11
2025-09-11,SKU20,94.95,0.0,92.87,102,7
2025-09-12,SKU20,97.26,0.0,101.98,92,8
2025-09-13,SKU20,95.68,0.0,96.37,115,12
2025-09-14,SKU20,94.78,0.0,98.25,86,17
2025-09-15,SKU20,95.76,0.0,96.8,90,11
2025-09-16,SKU20,97.76,0.0,100.51,112,12
2025-09-17,SKU20,98.63,0.0,89.34,96,12
2025-09-18,SKU20,97.97,0.0,90.88,106,12
2025-09-19,SKU20,75.27,19.13,105.1,145,23
2025-09-20,SKU20,93.47,0.0,100.14,104,18
2025-09-21,SKU20,99.73,0.0,99.79,129,7
2025-09-22,SKU20,97.06,0.0,96.59,119,5
2025-09-23,SKU20,98.03,0.0,94.31,89,11
2025-09-24,SKU20,97.88,0.0,91.64,96,8
2025-09-25,SKU20,93.85,0.0,101.53,120,8
2025-09-26,SKU20,97.7,0.0,92.86,103,8
2025-09-27,SKU20,97.26,0.0,101.47,113,7
2025-09-28,SKU20,96.91,0.0,92.72,93,15
2025-09-29,SKU20,97.55,0.0,90.23,104,10
2025-09-30,SKU20,96.41,0.0,92.02,111,18
2025-10-01,SKU20,93.78,0.0,97.69,116,11
2025-10-02,SKU20,93.5,0.0,99.33,96,12
2025-10-03,SKU20,95.11,0.0,100.1,119,10
2025-10-04,SKU20,98.01,0.0,102.91,111,17
2025-10-05,SKU20,96.72,0.0,96.02,105,7
2025-10-06,SKU20,98.71,0.0,100.65,99,11
2025-10-07,SKU20,97.66,0.0,101.12,91,11
2025-10-08,SKU20,97.76,0.0,90.85,104,6
2025-10-09,SKU20,101.62,0.0,88.26,108,11
2025-10-10,SKU20,91.4,0.0,89.01,112,12
2025-10-11,SKU20,100.7,0.0,90.39,120,12
2025-10-12,SKU20,97.54,0.0,90.73,104,6
2025-10-13,SKU20,95.81,0.0,89.86,91,10
2025-10-14,SKU20,101.57,0.0,97.39,90,13
2025-10-15,SKU20,95.76,0.0,95.74,109,15
2025-10-16,SKU20,97.34,0.0,98.83,97,8
2025-10-17,SKU20,96.83,0.0,98.28,114,9
2025-10-18,SKU20,96.61,0.0,90.81,98,19
2025-10-19,SKU20,96.8,0.0,94.1,103,12
2025-10-20,SKU20,97.23,0.0,85.0,87,10
2025-10-21,SKU20,95.21,0.0,100.01,105,10
2025-10-22,SKU20,98.69,0.0,94.85,91,11
2025-10-23,SKU20,94.63,0.0,96.06,112,9
2025-10-24,SKU20,96.71,0.0,99.68,128,9
2025-10-25,SKU20,81.21,15.74,103.33,172,42
2025-10-26,SKU20,95.83,0.0,98.05,106,24
2025-10-27,SKU20,96.71,0.0,99.25,102,19
2025-10-28,SKU20,86.91,6.57,100.63,175,28
2025-10-29,SKU20,97.83,0.0,89.77,103,7
2025-10-30,SKU20,95.57,0.0,88.54,115,16
2025-10-31,SKU20,95.19,0.0,96.36,97,9
2025-11-01,SKU20,97.68,0.0,87.3,112,14
2025-11-02,SKU20,96.7,0.0,92.29,100,17
2025-11-03,SKU20,95.04,0.0,93.44,89,10
2025-11-04,SKU20,97.11,0.0,94.7,125,12
2025-11-05,SKU20,94.98,0.0,91.84,118,10
2025-11-06,SKU20,91.9,0.0,97.67,100,7
2025-11-07,SKU20,96.37,0.0,94.62,119,8
2025-11-08,SKU20,96.62,0.0,105.2,107,12
2025-11-09,SKU20,97.33,0.0,97.58,107,8
2025-11-10,SKU20,95.25,0.0,96.49,112,11
2025-11-11,SKU20,96.66,0.0,100.57,119,12
2025-11-12,SKU20,97.43,0.0,106.63,103,12
2025-11-13,SKU20,96.3,0.0,92.51,123,18
2025-11-14,SKU20,97.81,0.0,98.56,108,12
2025-11-15,SKU20,96.35,0.0,89.19,113,11
2025-05-20,SKU21,83.86,0.0,82.04,207,26
2025-05-21,SKU21,84.46,0.0,86.79,169,21
2025-05-22,SKU21,82.67,0.0,81.88,202,22
2025-05-23,SKU21,83.41,0.0,81.76,211,0
2025-05-24,SKU21,86.7,0.0,82.47,205,0
2025-05-25,SKU21,85.4,0.0,82.24,209,0
2025-05-26,SKU21,82.71,0.0,86.78,189,0
2025-05-27,SKU21,83.35,0.0,84.28,196,0
2025-05-28,SKU21,86.21,0.0,87.35,220,0
2025-05-29,SKU21,80.87,0.0,87.05,169,0
2025-05-30,SKU21,83.56,0.0,93.72,196,0
2025-05-31,SKU21,86.71,0.0,81.36,190,0
2025-06-01,SKU21,86.23,0.0,87.76,187,0
2025-06-02,SKU21,82.89,0.0,92.26,193,0
2025-06-03,SKU21,86.27,0.0,87.13,191,0
2025-06-04,SKU21,84.94,0.0,86.3,217,0
2025-06-05,SKU21,85.59,0.0,83.72,196,0
2025-06-06,SKU21,85.2,0.0,84.03,206,0
2025-06-07,SKU21,84.76,0.0,81.71,204,0
2025-06-08,SKU21,84.23,0.0,88.81,207,0
2025-06-09,SKU21,87.02,0.0,79.88,215,0
2025-06-10,SKU21,86.08,0.0,82.89,203,0
2025-06-11,SKU21,83.0,0.0,86.32,203,0
2025-06-12,SKU21,82.81,0.0,82.27,197,0
2025-06-13,SKU21,83.33,0.0,86.48,210,0
2025-06-14,SKU21,67.83,18.39,85.42,306,0
2025-06-15,SKU21,86.51,0.0,93.66,195,23
2025-06-16,SKU21,83.93,0.0,89.51,197,21
2025-06-17,SKU21,86.65,0.0,82.3,205,27
2025-06-18,SKU21,86.8,0.0,88.62,227,25
2025-06-19,SKU21,84.42,0.0,84.33,202,18
2025-06-20,SKU21,85.29,0.0,86.92,210,26
2025-06-21,SKU21,79.71,0.0,82.58,206,19
2025-06-22,SKU21,83.22,0.0,91.99,182,19
2025-06-23,SKU21,86.22,0.0,91.54,196,24
2025-06-24,SKU21,84.15,0.0,84.22,185,25
2025-06-25,SKU21,81.77,0.0,88.52,210,25
2025-06-26,SKU21,83.21,0.0,84.47,195,18
2025-06-27,SKU21,84.16,0.0,83.6,194,22
2025-06-28,SKU21,88.05,0.0,86.9,213,26
2025-06-29,SKU21,84.1,0.0,91.85,174,28
2025-06-30,SKU21,83.69,0.0,89.33,184,12
2025-07-01,SKU21,86.37,0.0,82.0,207,22
2025-07-02,SKU21,84.74,0.0,85.13,188,26
2025-07-03,SKU21,86.39,0.0,93.34,177,25
2025-07-04,SKU21,85.68,0.0,84.28,224,23
2025-07-05,SKU21,83.14,0.0,75.09,218,25
2025-07-06,SKU21,86.66,0.0,91.48,208,26
2025-07-07,SKU21,87.54,0.0,84.16,201,17
2025-07-08,SKU21,85.46,0.0,87.77,206,14
2025-07-09,SKU21,84.33,0.0,86.19,191,16
2025-07-10,SKU21,82.08,0.0,80.61,204,19
2025-07-11,SKU21,84.97,0.0,87.44,171,20
2025-07-12,SKU21,84.17,0.0,84.04,195,29
2025-07-13,SKU21,81.48,0.0,82.06,189,22
2025-07-14,SKU21,84.58,0.0,86.17,221,17
2025-07-15,SKU21,85.96,0.0,86.97,194,20
2025-07-16,SKU21,84.65,0.0,84.67,201,18
2025-07-17,SKU21,82.68,0.0,80.33,207,21
2025-07-18,SKU21,85.41,0.0,92.56,170,23
2025-07-19,SKU21,84.76,0.0,91.71,181,24
2025-07-20,SKU21,84.77,0.0,87.46,216,27
2025-07-21,SKU21,85.71,0.0,82.54,195,16
2025-07-22,SKU21,83.46,0.0,84.73,175,24
2025-07-23,SKU21,84.91,0.0,83.69,200,21
2025-07-24,SKU21,84.85,0.0,88.21,202,26
2025-07-25,SKU21,70.84,13.09,77.98,319,46
2025-07-26,SKU21,82.11,0.0,85.95,210,29
2025-07-27,SKU21,84.01,0.0,83.76,207,28
2025-07-28,SKU21,83.48,0.0,79.44,184,12
2025-07-29,SKU21,83.77,0.0,77.13,220,18
2025-07-30,SKU21,85.1,0.0,84.43,198,21
2025-07-31,SKU21,86.93,0.0,84.21,171,20
2025-08-01,SKU21,89.75,0.0,85.62,204,21
2025-08-02,SKU21,84.41,0.0,86.47,216,17
2025-08-03,SKU21,85.63,0.0,84.64,191,30
2025-08-04,SKU21,87.6,0.0,90.49,207,28
2025-08-05,SKU21,88.7,0.0,79.2,184,21
2025-08-06,SKU21,81.65,0.0,82.39,197,22
2025-08-07,SKU21,84.23,0.0,84.97,209,18
2025-08-08,SKU21,82.81,0.0,83.68,191,13
2025-08-09,SKU21,83.62,0.0,84.25,218,15
2025-08-10,SKU21,86.73,0.0,83.56,191,26
2025-08-11,SKU21,86.83,0.0,82.99,219,22
2025-08-12,SKU21,84.09,0.0,81.97,189,19
2025-08-13,SKU21,87.22,0.0,87.11,218,14
2025-08-14,SKU21,84.27,0.0,90.46,194,21
2025-08-15,SKU21,86.93,0.0,89.61,196,24
2025-08-16,SKU21,84.61,0.0,81.32,212,29
2025-08-17,SKU21,86.36,0.0,84.27,210,23
2025-08-18,SKU21,86.17,0.0,88.91,206,25
2025-08-19,SKU21,85.76,0.0,87.15,184,17
2025-08-20,SKU21,84.63,0.0,84.24,201,21
2025-08-21,SKU21,85.09,0.0,88.45,176,26
2025-08-22,SKU21,60.39,28.41,84.97,315,55
2025-08-23,SKU21,83.03,0.0,75.87,186,20
2025-08-24,SKU21,86.49,0.0,89.13,218,23
2025-08-25,SKU21,89.23,0.0,83.47,209,16
2025-08-26,SKU21,84.9,0.0,81.5,197,17
2025-08-27,SKU21,78.55,7.84,88.84,336,48
2025-08-28,SKU21,84.61,0.0,87.13,203,22
2025-08-29,SKU21,84.3,0.0,87.18,207,21
2025-08-30,SKU21,87.55,0.0,92.56,193,19
2025-08-31,SKU21,85.06,0.0,85.18,188,33
2025-09-01,SKU21,84.54,0.0,87.78,198,23
2025-09-02,SKU21,84.48,0.0,82.58,192,13
2025-09-03,SKU21,82.71,0.0,82.58,206,25
2025-09-04,SKU21,86.27,0.0,82.92,214,25
2025-09-05,SKU21,84.16,0.0,79.57,188,27
2025-09-06,SKU21,83.04,0.0,79.38,188,20
2025-09-07,SKU21,83.69,0.0,86.93,191,19
2025-09-08,SKU21,83.65,0.0,79.44,229,21
2025-09-09,SKU21,87.79,0.0,83.04,217,24
2025-09-10,SKU21,83.34,0.0,91.5,189,12
2025-09-11,SKU21,86.18,0.0,86.62,198,17
2025-09-12,SKU21,87.3,0.0,85.45,195,22
2025-09-13,SKU21,84.36,0.0,85.53,238,23
2025-09-14,SKU21,86.9,0.0,85.8,194,26
2025-09-15,SKU21,82.97,0.0,94.96,186,14
2025-09-16,SKU21,86.08,0.0,83.89,202,17
2025-09-17,SKU21,85.76,0.0,91.17,172,19
2025-09-18,SKU21,83.53,0.0,83.38,195,23
2025-09-19,SKU21,82.94,0.0,84.95,211,13
2025-09-20,SKU21,84.04,0.0,80.15,189,23
2025-09-21,SKU21,82.14,0.0,89.96,172,33
2025-09-22,SKU21,85.98,0.0,76.24,216,29
2025-09-23,SKU21,72.2,15.13,83.75,252,48
2025-09-24,SKU21,85.86,0.0,86.93,198,19
2025-09-25,SKU21,82.81,0.0,87.04,190,17
2025-09-26,SKU21,84.74,0.0,91.47,207,17
2025-09-27,SKU21,72.82,11.38,86.22,286,45
2025-09-28,SKU21,83.66,0.0,89.38,205,18
2025-09-29,SKU21,86.33,0.0,87.72,189,22
2025-09-30,SKU21,81.36,0.0,84.21,202,21
2025-10-01,SKU21,85.43,0.0,87.41,198,10
2025-10-02,SKU21,88.48,0.0,78.29,189,17
2025-10-03,SKU21,85.41,0.0,88.8,183,21
2025-10-04,SKU21,84.6,0.0,76.03,178,20
2025-10-05,SKU21,83.63,0.0,78.58,209,25
2025-10-06,SKU21,88.63,0.0,88.5,201,16
2025-10-07,SKU21,87.21,0.0,83.21,205,24
2025-10-08,SKU21,85.86,0.0,82.47,173,18
2025-10-09,SKU21,82.84,0.0,83.41,213,19
2025-10-10,SKU21,82.83,0.0,83.21,197,26
2025-10-11,SKU21,84.57,0.0,86.73,205,17
2025-10-12,SKU21,85.46,0.0,87.75,178,23
2025-10-13,SKU21,84.36,0.0,81.85,221,21
2025-10-14,SKU21,80.43,5.92,81.74,324,36
2025-10-15,SKU21,83.1,0.0,82.58,200,17
2025-10-16,SKU21,83.86,0.0,84.54,213,17
2025-10-17,SKU21,87.17,0.0,82.22,208,24
2025-10-18,SKU21,83.33,0.0,90.04,205,22
2025-10-19,SKU21,84.15,0.0,90.0,196,20
2025-10-20,SKU21,85.29,0.0,91.91,223,19
2025-10-21,SKU21,83.09,0.0,90.2,188,13
2025-10-22,SKU21,84.5,0.0,81.38,223,26
2025-10-23,SKU21,85.62,0.0,87.11,206,17
2025-10-24,SKU21,85.44,0.0,92.44,192,18
2025-10-25,SKU21,85.64,0.0,79.86,206,26
2025-10-26,SKU21,82.86,0.0,73.74,182,31
2025-10-27,SKU21,83.5,0.0,85.04,188,26
2025-10-28,SKU21,83.35,0.0,90.76,214,22
2025-10-29,SKU21,84.41,0.0,90.61,189,12
2025-10-30,SKU21,84.71,0.0,83.57,204,10
2025-10-31,SKU21,84.37,0.0,91.47,177,18
2025-11-01,SKU21,86.29,0.0,83.82,200,20
2025-11-02,SKU21,88.35,0.0,86.3,192,26
2025-11-03,SKU21,83.04,0.0,85.91,202,19
2025-11-04,SKU21,86.75,0.0,82.64,189,17
2025-11-05,SKU21,85.7,0.0,79.47,192,25
2025-11-06,SKU21,81.46,5.27,83.34,297,53
2025-11-07,SKU21,87.92,0.0,82.4,191,19
2025-11-08,SKU21,85.59,0.0,84.48,206,27
2025-11-09,SKU21,86.07,0.0,88.61,203,17
2025-11-10,SKU21,75.02,13.69,86.0,271,47
2025-11-11,SKU21,85.0,0.0,91.19,199,28
2025-11-12,SKU21,85.08,0.0,79.0,193,19
2025-11-13,SKU21,85.6,0.0,84.81,183,18
2025-11-14,SKU21,85.55,0.0,84.53,227,12
2025-11-15,SKU21,83.38,0.0,88.31,205,33
