data/derived/demand_data.csv
date,sku_id,price,discount_percent,competitor_price,web_traffic,units_sold
2025-05-20,SKU22,26.79,0.0,27.0,323,35
2025-05-21,SKU22,28.41,0.0,28.25,280,27
2025-05-22,SKU22,27.79,0.0,24.43,291,32
2025-05-23,SKU22,27.09,0.0,28.76,301,36
2025-05-24,SKU22,28.47,0.0,28.39,289,50
2025-05-25,SKU22,26.99,0.0,28.96,325,34
2025-05-26,SKU22,27.52,0.0,28.65,277,38
2025-05-27,SKU22,27.97,0.0,26.39,309,28
2025-05-28,SKU22,27.71,0.0,26.47,280,19
2025-05-29,SKU22,27.59,0.0,28.83,317,39
2025-05-30,SKU22,21.98,19.81,27.42,448,79
2025-05-31,SKU22,24.75,5.97,27.58,424,95
2025-06-01,SKU22,27.91,0.0,26.26,286,39
2025-06-02,SKU22,27.42,0.0,24.61,287,12
2025-06-03,SKU22,27.86,0.0,29.18,276,13
2025-06-04,SKU22,26.77,0.0,27.43,278,29
2025-06-05,SKU22,28.16,0.0,25.91,312,28
2025-06-06,SKU22,27.11,0.0,26.8,296,36
2025-06-07,SKU22,27.03,0.0,29.34,274,38
2025-06-08,SKU22,26.68,0.0,28.3,320,43
2025-06-09,SKU22,28.41,0.0,29.54,301,35
2025-06-10,SKU22,23.73,14.54,29.06,436,49
2025-06-11,SKU22,27.49,0.0,28.85,305,0
2025-06-12,SKU22,28.14,0.0,27.47,284,17
2025-06-13,SKU22,20.48,23.91,28.98,456,54
2025-06-14,SKU22,27.69,0.0,29.1,316,45
2025-06-15,SKU22,26.65,0.0,24.64,314,24
2025-06-16,SKU22,27.49,0.0,27.63,294,28
2025-06-17,SKU22,27.55,0.0,28.29,297,29
2025-06-18,SKU22,24.07,14.64,29.04,447,67
2025-06-19,SKU22,27.69,0.0,29.3,298,19
2025-06-20,SKU22,27.66,0.0,29.15,292,33
2025-06-21,SKU22,28.23,0.0,28.64,315,36
2025-06-22,SKU22,27.33,0.0,26.79,301,33
2025-06-23,SKU22,27.75,0.0,28.14,292,29
2025-06-24,SKU22,28.19,0.0,29.46,285,32
2025-06-25,SKU22,26.23,0.0,26.43,293,36
2025-06-26,SKU22,28.02,0.0,30.33,302,36
2025-06-27,SKU22,27.02,0.0,29.33,315,27
2025-06-28,SKU22,28.15,0.0,27.81,294,26
2025-06-29,SKU22,27.43,0.0,28.78,292,35
2025-06-30,SKU22,27.82,0.0,27.43,312,31
2025-07-01,SKU22,27.86,0.0,25.81,269,23
2025-07-02,SKU22,27.61,0.0,26.88,281,29
2025-07-03,SKU22,27.76,0.0,25.99,293,32
2025-07-04,SKU22,27.11,0.0,26.76,269,22
2025-07-05,SKU22,27.05,0.0,28.74,322,41
2025-07-06,SKU22,27.69,0.0,27.23,297,17
2025-07-07,SKU22,27.4,0.0,30.13,333,37
2025-07-08,SKU22,28.29,0.0,27.0,293,32
2025-07-09,SKU22,27.95,0.0,28.26,302,35
2025-07-10,SKU22,28.14,0.0,27.95,304,32
2025-07-11,SKU22,27.99,0.0,26.65,291,33
2025-07-12,SKU22,28.61,0.0,25.03,300,26
2025-07-13,SKU22,27.19,0.0,27.97,279,34
2025-07-14,SKU22,27.23,0.0,27.44,266,36
2025-07-15,SKU22,28.04,0.0,27.81,264,22
2025-07-16,SKU22,27.48,0.0,28.51,299,33
2025-07-17,SKU22,28.1,0.0,29.05,288,30
2025-07-18,SKU22,26.65,0.0,27.77,299,37
2025-07-19,SKU22,27.23,0.0,27.26,338,37
2025-07-20,SKU22,27.64,0.0,28.91,273,35
2025-07-21,SKU22,27.69,0.0,28.55,288,44
2025-07-22,SKU22,28.14,0.0,29.73,330,9
2025-07-23,SKU22,23.26,17.14,26.82,438,73
2025-07-24,SKU22,27.58,0.0,26.81,298,22
2025-07-25,SKU22,27.42,0.0,26.49,299,36
2025-07-26,SKU22,27.82,0.0,28.29,292,38
2025-07-27,SKU22,27.96,0.0,28.13,270,41
2025-07-28,SKU22,27.16,0.0,28.1,296,35
2025-07-29,SKU22,27.04,0.0,27.47,310,29
2025-07-30,SKU22,28.6,0.0,28.35,281,36
2025-07-31,SKU22,27.27,0.0,25.11,297,37
2025-08-01,SKU22,27.34,0.0,26.04,282,33
2025-08-02,SKU22,23.73,14.21,26.87,480,90
2025-08-03,SKU22,27.73,0.0,29.23,314,27
2025-08-04,SKU22,27.37,0.0,24.64,277,21
2025-08-05,SKU22,27.08,0.0,27.83,306,28
2025-08-06,SKU22,27.65,0.0,29.11,288,23
2025-08-07,SKU22,27.08,0.0,29.43,313,35
2025-08-08,SKU22,27.52,0.0,27.37,306,33
2025-08-09,SKU22,27.01,0.0,27.14,308,43
2025-08-10,SKU22,26.44,0.0,27.22,298,38
2025-08-11,SKU22,22.78,16.9,26.91,423,62
2025-08-12,SKU22,28.34,0.0,27.2,292,0
2025-08-13,SKU22,27.25,0.0,26.96,278,41
2025-08-14,SKU22,26.69,0.0,28.07,316,29
2025-08-15,SKU22,27.65,0.0,28.06,331,24
2025-08-16,SKU22,27.97,0.0,29.65,283,35
2025-08-17,SKU22,28.01,0.0,30.3,296,37
2025-08-18,SKU22,28.31,0.0,27.54,322,32
2025-08-19,SKU22,27.53,0.0,25.77,292,24
2025-08-20,SKU22,28.68,0.0,25.1,283,37
2025-08-21,SKU22,27.15,0.0,25.07,310,24
2025-08-22,SKU22,26.94,0.0,29.33,322,34
2025-08-23,SKU22,27.12,0.0,27.38,328,39
2025-08-24,SKU22,28.02,0.0,27.56,288,39
2025-08-25,SKU22,27.84,0.0,30.36,293,28
2025-08-26,SKU22,28.18,0.0,27.72,290,32
2025-08-27,SKU22,27.21,0.0,27.65,266,26
2025-08-28,SKU22,28.47,0.0,30.35,283,27
2025-08-29,SKU22,27.53,0.0,28.51,291,31
2025-08-30,SKU22,28.08,0.0,28.29,314,36
2025-08-31,SKU22,28.73,0.0,27.88,305,32
2025-09-01,SKU22,28.59,0.0,29.37,297,28
2025-09-02,SKU22,28.66,0.0,26.77,294,28
2025-09-03,SKU22,28.48,0.0,27.35,297,32
2025-09-04,SKU22,27.91,0.0,28.94,291,42
2025-09-05,SKU22,26.76,0.0,25.6,284,29
2025-09-06,SKU22,28.56,0.0,25.56,262,25
2025-09-07,SKU22,24.87,10.92,28.01,465,90
2025-09-08,SKU22,28.37,0.0,25.94,307,26
2025-09-09,SKU22,29.0,0.0,28.11,262,22
2025-09-10,SKU22,24.11,13.76,27.43,468,75
2025-09-11,SKU22,27.67,0.0,27.52,321,23
2025-09-12,SKU22,27.28,0.0,29.0,288,33
2025-09-13,SKU22,27.99,0.0,26.59,289,32
2025-09-14,SKU22,27.11,0.0,26.28,303,39
2025-09-15,SKU22,27.04,0.0,26.5,285,32
2025-09-16,SKU22,27.57,0.0,26.13,263,32
2025-09-17,SKU22,26.94,0.0,28.5,292,29
2025-09-18,SKU22,27.24,0.0,28.22,317,26
2025-09-19,SKU22,27.53,0.0,29.58,281,28
2025-09-20,SKU22,27.45,0.0,29.8,297,50
2025-09-21,SKU22,27.43,0.0,27.92,304,43
2025-09-22,SKU22,27.67,0.0,28.2,300,29
2025-09-23,SKU22,27.72,0.0,30.11,270,24
2025-09-24,SKU22,26.38,0.0,26.4,313,24
2025-09-25,SKU22,26.96,0.0,28.18,285,23
2025-09-26,SKU22,27.66,0.0,26.86,335,31
2025-09-27,SKU22,27.53,0.0,28.86,298,30
2025-09-28,SKU22,27.73,0.0,27.23,300,31
2025-09-29,SKU22,28.02,0.0,27.79,301,29
2025-09-30,SKU22,27.91,0.0,29.14,289,23
2025-10-01,SKU22,27.77,0.0,28.05,283,20
2025-10-02,SKU22,27.12,0.0,27.66,280,32
2025-10-03,SKU22,27.86,0.0,25.95,291,20
2025-10-04,SKU22,27.61,0.0,29.35,301,35
2025-10-05,SKU22,27.96,0.0,29.55,294,31
2025-10-06,SKU22,27.82,0.0,25.94,291,31
2025-10-07,SKU22,27.12,0.0,26.23,300,37
2025-10-08,SKU22,24.26,12.19,25.99,484,79
2025-10-09,SKU22,27.3,0.0,25.28,306,29
2025-10-10,SKU22,27.36,0.0,28.73,297,35
2025-10-11,SKU22,27.58,0.0,27.63,332,35
2025-10-12,SKU22,26.74,0.0,26.67,298,36
2025-10-13,SKU22,27.45,0.0,29.14,261,35
2025-10-14,SKU22,27.62,0.0,28.04,276,26
2025-10-15,SKU22,27.93,0.0,27.64,292,33
2025-10-16,SKU22,27.59,0.0,30.33,280,30
2025-10-17,SKU22,27.36,0.0,25.56,300,33
2025-10-18,SKU22,27.55,0.0,29.88,297,35
2025-10-19,SKU22,28.31,0.0,29.61,280,32
2025-10-20,SKU22,27.69,0.0,26.88,296,23
2025-10-21,SKU22,28.14,0.0,27.74,305,30
2025-10-22,SKU22,28.53,0.0,28.9,309,34
2025-10-23,SKU22,27.84,0.0,25.44,294,26
2025-10-24,SKU22,27.32,0.0,27.38,291,20
2025-10-25,SKU22,27.07,0.0,28.3,286,35
2025-10-26,SKU22,27.66,0.0,29.29,286,37
2025-10-27,SKU22,28.16,0.0,30.82,294,35
2025-10-28,SKU22,27.09,0.0,23.26,291,30
2025-10-29,SKU22,27.74,0.0,29.94,296,31
2025-10-30,SKU22,28.19,0.0,27.87,296,21
2025-10-31,SKU22,28.41,0.0,29.02,284,20
2025-11-01,SKU22,28.46,0.0,27.69,338,29
2025-11-02,SKU22,26.94,0.0,31.43,268,46
2025-11-03,SKU22,28.04,0.0,30.38,282,18
2025-11-04,SKU22,27.65,0.0,27.54,306,23
2025-11-05,SKU22,27.76,0.0,25.76,278,24
2025-11-06,SKU22,27.11,0.0,28.77,258,41
2025-11-07,SKU22,28.06,0.0,25.49,311,30
2025-11-08,SKU22,27.33,0.0,29.04,277,32
2025-11-09,SKU22,27.0,0.0,28.08,308,38
2025-11-10,SKU22,27.97,0.0,28.66,304,21
2025-11-11,SKU22,27.23,0.0,29.84,260,39
2025-11-12,SKU22,27.15,0.0,26.99,315,32
2025-11-13,SKU22,27.36,0.0,28.05,318,28
2025-11-14,SKU22,28.37,0.0,29.21,286,22
2025-11-15,SKU22,28.25,0.0,27.62,293,27
2025-05-20,SKU23,4.31,0.0,3.93,140,14
2025-05-21,SKU23,4.23,0.0,4.39,134,16
2025-05-22,SKU23,4.39,0.0,4.63,121,18
2025-05-23,SKU23,4.34,0.0,4.2,124,17
2025-05-24,SKU23,4.09,0.0,4.44,146,19
2025-05-25,SKU23,4.35,0.0,3.8,140,0
2025-05-26,SKU23,3.13,29.4,4.18,186,29
2025-05-27,SKU23,4.48,0.0,4.53,132,22
2025-05-28,SKU23,4.39,0.0,4.48,156,13
2025-05-29,SKU23,4.47,0.0,4.19,115,14
2025-05-30,SKU23,4.26,0.0,4.28,131,9
2025-05-31,SKU23,4.22,0.0,4.74,141,13
2025-06-01,SKU23,4.3,0.0,4.17,125,24
2025-06-02,SKU23,4.17,0.0,4.33,129,16
2025-06-03,SKU23,4.43,0.0,3.87,126,17
2025-06-04,SKU23,4.41,0.0,4.48,129,17
2025-06-05,SKU23,4.37,0.0,4.37,124,10
2025-06-06,SKU23,4.4,0.0,4.35,133,6
2025-06-07,SKU23,4.26,0.0,4.32,128,15
2025-06-08,SKU23,4.36,0.0,4.02,110,14
2025-06-09,SKU23,4.33,0.0,4.07,122,9
2025-06-10,SKU23,4.25,0.0,4.14,141,15
2025-06-11,SKU23,4.37,0.0,3.94,125,6
2025-06-12,SKU23,4.26,0.0,4.38,125,8
2025-06-13,SKU23,4.5,0.0,4.31,146,12
2025-06-14,SKU23,3.17,21.7,4.14,205,39
2025-06-15,SKU23,4.38,0.0,4.49,124,18
2025-06-16,SKU23,4.21,0.0,4.26,137,15
2025-06-17,SKU23,4.23,0.0,3.83,155,17
2025-06-18,SKU23,4.36,0.0,4.04,139,9
2025-06-19,SKU23,4.26,0.0,4.15,144,17
2025-06-20,SKU23,4.4,0.0,4.38,130,23
2025-06-21,SKU23,4.33,0.0,3.97,124,11
2025-06-22,SKU23,4.26,0.0,4.48,114,11
2025-06-23,SKU23,3.8,13.91,3.98,205,30
2025-06-24,SKU23,4.33,0.0,4.42,130,12
2025-06-25,SKU23,4.24,0.0,4.27,120,11
2025-06-26,SKU23,4.36,0.0,4.15,122,11
2025-06-27,SKU23,4.22,0.0,4.57,138,8
2025-06-28,SKU23,3.35,22.36,4.39,201,40
2025-06-29,SKU23,4.33,0.0,4.02,128,15
2025-06-30,SKU23,4.29,0.0,4.68,144,9
2025-07-01,SKU23,4.35,0.0,4.18,118,10
2025-07-02,SKU23,4.45,0.0,4.06,122,17
2025-07-03,SKU23,4.28,0.0,4.5,123,14
2025-07-04,SKU23,4.29,0.0,4.32,141,12
2025-07-05,SKU23,4.33,0.0,4.85,128,9
2025-07-06,SKU23,4.23,0.0,4.4,140,22
2025-07-07,SKU23,4.21,0.0,4.66,136,15
2025-07-08,SKU23,4.27,0.0,4.32,135,11
2025-07-09,SKU23,4.43,0.0,4.82,114,15
2025-07-10,SKU23,4.29,0.0,4.25,140,17
2025-07-11,SKU23,4.55,0.0,4.03,123,14
2025-07-12,SKU23,4.47,0.0,4.24,115,17
2025-07-13,SKU23,4.25,0.0,4.14,142,20
2025-07-14,SKU23,4.29,0.0,4.47,111,11
2025-07-15,SKU23,3.41,20.78,4.48,207,31
2025-07-16,SKU23,4.41,0.0,4.73,125,13
2025-07-17,SKU23,4.31,0.0,4.66,123,12
2025-07-18,SKU23,4.53,0.0,4.42,157,8
2025-07-19,SKU23,3.65,14.12,4.49,168,36
2025-07-20,SKU23,4.2,0.0,4.62,136,14
2025-07-21,SKU23,4.33,0.0,4.38,117,13
2025-07-22,SKU23,4.24,0.0,4.14,123,14
2025-07-23,SKU23,4.43,0.0,4.27,133,9
2025-07-24,SKU23,4.37,0.0,4.32,142,9
2025-07-25,SKU23,4.35,0.0,3.95,143,14
2025-07-26,SKU23,4.21,0.0,4.34,134,18
2025-07-27,SKU23,4.23,0.0,4.05,126,14
2025-07-28,SKU23,4.37,0.0,4.55,137,14
2025-07-29,SKU23,4.29,0.0,4.45,114,4
2025-07-30,SKU23,3.31,24.61,4.0,190,25
2025-07-31,SKU23,4.38,0.0,4.49,134,14
2025-08-01,SKU23,4.44,0.0,4.62,144,18
2025-08-02,SKU23,4.39,0.0,4.44,138,15
2025-08-03,SKU23,4.34,0.0,4.42,102,18
2025-08-04,SKU23,4.23,0.0,4.17,130,9
2025-08-05,SKU23,4.09,0.0,3.91,138,20
2025-08-06,SKU23,4.43,0.0,4.14,129,10
2025-08-07,SKU23,4.24,0.0,4.38,122,14
2025-08-08,SKU23,4.27,0.0,4.41,127,17
2025-08-09,SKU23,4.28,0.0,4.2,132,19
2025-08-10,SKU23,4.28,0.0,4.47,111,15
2025-08-11,SKU23,4.27,0.0,4.34,138,12
2025-08-12,SKU23,4.31,0.0,4.5,137,7
2025-08-13,SKU23,4.45,0.0,4.59,142,10
2025-08-14,SKU23,4.47,0.0,4.21,154,9
2025-08-15,SKU23,4.3,0.0,4.54,144,8
2025-08-16,SKU23,4.21,0.0,4.56,131,9
2025-08-17,SKU23,3.62,13.59,4.4,190,38
2025-08-18,SKU23,4.32,0.0,4.76,148,9
2025-08-19,SKU23,4.18,0.0,4.45,128,15
2025-08-20,SKU23,4.15,0.0,4.49,131,11
2025-08-21,SKU23,4.28,0.0,4.41,121,11
2025-08-22,SKU23,4.25,0.0,4.45,138,12
2025-08-23,SKU23,4.45,0.0,4.55,121,8
2025-08-24,SKU23,4.33,0.0,3.93,132,16
2025-08-25,SKU23,4.36,0.0,3.87,127,16
2025-08-26,SKU23,3.39,19.97,4.49,223,37
2025-08-27,SKU23,4.18,0.0,4.41,117,10
2025-08-28,SKU23,3.45,19.27,4.21,180,23
2025-08-29,SKU23,4.2,0.0,3.95,125,12
2025-08-30,SKU23,4.35,0.0,4.29,125,19
2025-08-31,SKU23,4.36,0.0,4.2,153,23
2025-09-01,SKU23,4.25,0.0,4.65,118,12
2025-09-02,SKU23,4.28,0.0,4.05,124,7
2025-09-03,SKU23,4.34,0.0,4.35,133,12
2025-09-04,SKU23,4.31,0.0,4.59,122,8
2025-09-05,SKU23,4.44,0.0,4.25,130,11
2025-09-06,SKU23,3.23,26.24,4.35,220,41
2025-09-07,SKU23,4.28,0.0,4.49,123,8
2025-09-08,SKU23,4.35,0.0,4.31,134,15
2025-09-09,SKU23,4.28,0.0,4.95,107,23
2025-09-10,SKU23,4.39,0.0,4.2,124,15
2025-09-11,SKU23,4.37,0.0,4.4,155,10
2025-09-12,SKU23,4.41,0.0,4.39,119,18
2025-09-13,SKU23,4.32,0.0,4.36,125,13
2025-09-14,SKU23,4.34,0.0,4.23,132,17
2025-09-15,SKU23,4.36,0.0,4.17,132,16
2025-09-16,SKU23,4.16,0.0,4.57,140,8
2025-09-17,SKU23,4.3,0.0,4.65,135,20
2025-09-18,SKU23,4.41,0.0,4.0,133,13
2025-09-19,SKU23,4.29,0.0,3.84,133,9
2025-09-20,SKU23,4.31,0.0,4.36,134,17
2025-09-21,SKU23,4.15,0.0,4.39,119,20
2025-09-22,SKU23,4.33,0.0,4.25,112,11
2025-09-23,SKU23,3.31,23.19,3.97,199,37
2025-09-24,SKU23,4.32,0.0,4.45,134,9
2025-09-25,SKU23,4.39,0.0,4.68,141,13
2025-09-26,SKU23,4.22,0.0,4.43,132,13
2025-09-27,SKU23,4.43,0.0,4.58,138,19
2025-09-28,SKU23,4.31,0.0,3.76,124,14
2025-09-29,SKU23,4.46,0.0,4.55,120,18
2025-09-30,SKU23,4.29,0.0,4.55,147,11
2025-10-01,SKU23,4.15,0.0,4.27,109,7
2025-10-02,SKU23,4.25,0.0,4.0,133,15
2025-10-03,SKU23,4.32,0.0,4.16,110,5
2025-10-04,SKU23,4.35,0.0,4.48,128,12
2025-10-05,SKU23,4.38,0.0,4.5,133,16
2025-10-06,SKU23,4.18,0.0,4.13,113,15
2025-10-07,SKU23,4.44,0.0,4.29,120,14
2025-10-08,SKU23,4.25,0.0,4.35,128,14
2025-10-09,SKU23,4.28,0.0,4.11,125,5
2025-10-10,SKU23,4.34,0.0,4.46,118,12
2025-10-11,SKU23,4.49,0.0,4.48,140,13
2025-10-12,SKU23,4.41,0.0,4.38,124,23
2025-10-13,SKU23,4.2,0.0,4.7,139,17
2025-10-14,SKU23,4.29,0.0,3.99,110,14
2025-10-15,SKU23,4.28,0.0,4.39,139,18
2025-10-16,SKU23,4.48,0.0,4.19,134,10
2025-10-17,SKU23,4.49,0.0,4.21,145,17
2025-10-18,SKU23,4.33,0.0,4.41,142,11
2025-10-19,SKU23,4.24,0.0,4.23,119,20
2025-10-20,SKU23,4.44,0.0,4.19,132,14
2025-10-21,SKU23,4.4,0.0,4.47,149,11
2025-10-22,SKU23,4.29,0.0,4.01,140,17
2025-10-23,SKU23,4.35,0.0,4.12,136,10
2025-10-24,SKU23,4.36,0.0,4.22,119,22
2025-10-25,SKU23,4.24,0.0,4.07,138,7
2025-10-26,SKU23,4.44,0.0,4.5,107,17
2025-10-27,SKU23,3.69,10.62,4.15,196,24
2025-10-28,SKU23,4.27,0.0,4.62,121,10
2025-10-29,SKU23,4.3,0.0,4.12,156,14
2025-10-30,SKU23,4.36,0.0,4.21,131,13
2025-10-31,SKU23,4.41,0.0,4.2,125,18
2025-11-01,SKU23,4.39,0.0,4.21,122,21
2025-11-02,SKU23,4.3,0.0,4.14,113,19
2025-11-03,SKU23,4.23,0.0,4.45,139,14
2025-11-04,SKU23,4.39,0.0,4.09,126,16
2025-11-05,SKU23,4.32,0.0,4.46,123,16
2025-11-06,SKU23,4.31,0.0,4.11,130,14
2025-11-07,SKU23,4.29,0.0,4.65,124,11
2025-11-08,SKU23,4.53,0.0,4.51,128,11
2025-11-09,SKU23,4.41,0.0,4.52,133,21
2025-11-10,SKU23,4.36,0.0,4.45,115,7
2025-11-11,SKU23,4.34,0.0,4.42,138,13
2025-11-12,SKU23,4.33,0.0,4.55,148,16
2025-11-13,SKU23,4.3,0.0,4.75,144,13
2025-11-14,SKU23,4.37,0.0,4.51,132,11
2025-11-15,SKU23,4.26,0.0,4.57,151,11
