data/derived/demand_data.csv
date,sku_id,price,discount_percent,competitor_price,web_traffic,units_sold
2025-05-20,SKU24,4.19,0.0,4.07,63,4
2025-05-21,SKU24,4.17,0.0,4.16,66,0
2025-05-22,SKU24,4.0,0.0,4.56,67,0
2025-05-23,SKU24,4.19,0.0,3.74,69,0
2025-05-24,SKU24,4.15,0.0,4.3,62,0
2025-05-25,SKU24,4.15,0.0,3.96,75,0
2025-05-26,SKU24,4.09,0.0,4.21,74,0
2025-05-27,SKU24,4.28,0.0,3.85,62,0
2025-05-28,SKU24,4.38,0.0,4.21,69,0
2025-05-29,SKU24,4.06,0.0,4.02,67,0
2025-05-30,SKU24,3.95,0.0,3.87,65,0
2025-05-31,SKU24,4.1,0.0,4.24,84,0
2025-06-01,SKU24,4.15,0.0,4.28,67,0
2025-06-02,SKU24,4.26,0.0,3.96,75,0
2025-06-03,SKU24,4.12,0.0,3.96,73,0
2025-06-04,SKU24,4.27,0.0,3.98,64,0
2025-06-05,SKU24,4.15,0.0,4.11,70,0
2025-06-06,SKU24,4.07,0.0,4.31,71,0
2025-06-07,SKU24,4.26,0.0,4.27,74,0
2025-06-08,SKU24,4.13,0.0,4.15,57,0
2025-06-09,SKU24,4.13,0.0,4.09,76,0
2025-06-10,SKU24,4.22,0.0,3.88,69,0
2025-06-11,SKU24,4.16,0.0,4.5,66,0
2025-06-12,SKU24,4.08,0.0,4.37,73,0
2025-06-13,SKU24,4.14,0.0,4.4,72,0
2025-06-14,SKU24,4.12,0.0,4.62,81,0
2025-06-15,SKU24,4.06,0.0,3.93,72,0
2025-06-16,SKU24,4.26,0.0,4.31,64,10
2025-06-17,SKU24,4.24,0.0,4.52,61,6
2025-06-18,SKU24,4.12,0.0,4.08,64,7
2025-06-19,SKU24,4.13,0.0,3.91,85,9
2025-06-20,SKU24,3.86,6.63,4.23,84,12
2025-06-21,SKU24,4.23,0.0,4.21,72,11
2025-06-22,SKU24,4.14,0.0,4.44,60,7
2025-06-23,SKU24,4.14,0.0,4.05,63,8
2025-06-24,SKU24,4.14,0.0,4.53,78,3
2025-06-25,SKU24,4.26,0.0,3.91,59,1
2025-06-26,SKU24,4.09,0.0,4.09,66,7
2025-06-27,SKU24,4.12,0.0,4.54,66,6
2025-06-28,SKU24,4.18,0.0,4.09,69,6
2025-06-29,SKU24,4.32,0.0,4.42,78,5
2025-06-30,SKU24,3.51,15.78,4.3,108,12
2025-07-01,SKU24,4.19,0.0,4.21,77,9
2025-07-02,SKU24,4.02,0.0,3.84,65,8
2025-07-03,SKU24,4.19,0.0,4.08,60,9
2025-07-04,SKU24,4.21,0.0,4.1,74,6
2025-07-05,SKU24,4.25,0.0,3.9,80,14
2025-07-06,SKU24,3.98,0.0,4.06,85,6
2025-07-07,SKU24,4.11,0.0,4.43,80,5
2025-07-08,SKU24,4.09,0.0,4.22,69,9
2025-07-09,SKU24,4.08,0.0,4.16,51,5
2025-07-10,SKU24,4.3,0.0,4.4,75,8
2025-07-11,SKU24,4.17,0.0,3.88,72,7
2025-07-12,SKU24,4.11,0.0,4.63,75,7
2025-07-13,SKU24,4.06,0.0,4.37,77,10
2025-07-14,SKU24,4.26,0.0,4.3,64,3
2025-07-15,SKU24,4.2,0.0,4.31,74,4
2025-07-16,SKU24,4.06,0.0,4.21,78,7
2025-07-17,SKU24,4.19,0.0,4.4,85,9
2025-07-18,SKU24,4.29,0.0,3.78,83,9
2025-07-19,SKU24,4.18,0.0,4.25,70,18
2025-07-20,SKU24,4.23,0.0,4.02,71,9
2025-07-21,SKU24,4.27,0.0,4.48,71,5
2025-07-22,SKU24,4.14,0.0,4.15,76,10
2025-07-23,SKU24,3.29,20.5,4.15,103,19
2025-07-24,SKU24,4.04,0.0,4.35,70,11
2025-07-25,SKU24,4.21,0.0,4.08,85,5
2025-07-26,SKU24,4.27,0.0,4.18,74,10
2025-07-27,SKU24,4.17,0.0,4.24,72,9
2025-07-28,SKU24,4.26,0.0,4.73,70,5
2025-07-29,SKU24,4.09,0.0,4.58,80,8
2025-07-30,SKU24,4.12,0.0,3.91,78,8
2025-07-31,SKU24,4.25,0.0,4.63,76,13
2025-08-01,SKU24,4.2,0.0,4.18,76,9
2025-08-02,SKU24,4.1,0.0,4.31,67,10
2025-08-03,SKU24,4.14,0.0,4.24,69,12
2025-08-04,SKU24,4.14,0.0,4.22,79,9
2025-08-05,SKU24,4.0,0.0,4.23,63,5
2025-08-06,SKU24,4.17,0.0,3.87,59,11
2025-08-07,SKU24,4.09,0.0,4.09,84,14
2025-08-08,SKU24,4.31,0.0,4.29,74,6
2025-08-09,SKU24,4.32,0.0,4.29,73,12
2025-08-10,SKU24,4.23,0.0,4.38,86,8
2025-08-11,SKU24,4.16,0.0,3.69,82,5
2025-08-12,SKU24,4.09,0.0,3.96,88,8
2025-08-13,SKU24,4.19,0.0,4.36,70,11
2025-08-14,SKU24,4.35,0.0,3.8,81,7
2025-08-15,SKU24,4.14,0.0,4.31,74,6
2025-08-16,SKU24,4.27,0.0,4.45,61,7
2025-08-17,SKU24,4.3,0.0,4.25,62,9
2025-08-18,SKU24,4.14,0.0,4.61,75,7
2025-08-19,SKU24,4.17,0.0,4.14,71,3
2025-08-20,SKU24,3.96,0.0,4.43,58,7
2025-08-21,SKU24,4.12,0.0,4.21,64,7
2025-08-22,SKU24,4.27,0.0,4.39,60,9
2025-08-23,SKU24,4.21,0.0,3.89,77,11
2025-08-24,SKU24,4.14,0.0,4.22,74,9
2025-08-25,SKU24,4.06,0.0,3.91,65,2
2025-08-26,SKU24,4.1,0.0,4.44,70,5
2025-08-27,SKU24,4.15,0.0,4.23,59,7
2025-08-28,SKU24,4.36,0.0,4.4,76,5
2025-08-29,SKU24,4.23,0.0,4.09,75,6
2025-08-30,SKU24,4.25,0.0,4.02,70,9
2025-08-31,SKU24,4.12,0.0,3.95,68,8
2025-09-01,SKU24,3.34,18.97,4.24,112,16
2025-09-02,SKU24,4.19,0.0,4.21,83,12
2025-09-03,SKU24,4.24,0.0,4.13,94,5
2025-09-04,SKU24,3.45,13.78,4.2,105,22
2025-09-05,SKU24,4.24,0.0,3.85,71,6
2025-09-06,SKU24,4.25,0.0,4.01,66,8
2025-09-07,SKU24,4.18,0.0,4.19,74,6
2025-09-08,SKU24,4.16,0.0,3.96,56,10
2025-09-09,SKU24,4.24,0.0,4.12,89,6
2025-09-10,SKU24,4.24,0.0,3.89,56,13
2025-09-11,SKU24,4.15,0.0,4.15,77,3
2025-09-12,SKU24,4.15,0.0,4.27,80,8
2025-09-13,SKU24,3.88,0.0,4.17,67,9
2025-09-14,SKU24,4.1,0.0,3.74,72,13
2025-09-15,SKU24,4.08,0.0,4.22,67,5
2025-09-16,SKU24,4.25,0.0,4.43,69,5
2025-09-17,SKU24,4.06,0.0,3.79,85,7
2025-09-18,SKU24,4.26,0.0,4.35,68,5
2025-09-19,SKU24,4.13,0.0,3.92,74,7
2025-09-20,SKU24,4.26,0.0,4.19,72,8
2025-09-21,SKU24,4.16,0.0,4.16,80,6
2025-09-22,SKU24,4.18,0.0,4.09,68,4
2025-09-23,SKU24,4.1,0.0,3.72,71,10
2025-09-24,SKU24,4.07,0.0,4.26,78,8
2025-09-25,SKU24,4.04,0.0,4.27,79,3
2025-09-26,SKU24,4.02,0.0,4.51,82,15
2025-09-27,SKU24,3.05,23.29,4.47,82,26
2025-09-28,SKU24,4.22,0.0,4.22,76,8
2025-09-29,SKU24,4.2,0.0,4.2,64,4
2025-09-30,SKU24,4.25,0.0,4.53,72,7
2025-10-01,SKU24,4.04,0.0,4.35,63,2
2025-10-02,SKU24,4.27,0.0,4.26,76,8
2025-10-03,SKU24,4.16,0.0,4.4,69,8
2025-10-04,SKU24,4.07,0.0,4.49,71,7
2025-10-05,SKU24,4.05,0.0,4.27,56,7
2025-10-06,SKU24,4.08,0.0,4.42,76,8
2025-10-07,SKU24,4.07,0.0,4.23,55,11
2025-10-08,SKU24,4.19,0.0,3.84,81,6
2025-10-09,SKU24,4.0,0.0,4.31,79,6
2025-10-10,SKU24,4.09,0.0,4.41,72,6
2025-10-11,SKU24,4.09,0.0,4.07,73,8
2025-10-12,SKU24,4.18,0.0,4.22,77,6
2025-10-13,SKU24,4.18,0.0,4.31,70,6
2025-10-14,SKU24,4.11,0.0,3.97,65,8
2025-10-15,SKU24,4.21,0.0,4.15,73,8
2025-10-16,SKU24,4.36,0.0,4.09,68,9
2025-10-17,SKU24,4.16,0.0,4.08,71,5
2025-10-18,SKU24,4.16,0.0,4.1,73,15
2025-10-19,SKU24,4.32,0.0,3.89,77,7
2025-10-20,SKU24,4.13,0.0,4.62,71,3
2025-10-21,SKU24,4.23,0.0,3.84,89,8
2025-10-22,SKU24,4.17,0.0,4.0,70,9
2025-10-23,SKU24,4.34,0.0,3.86,72,6
2025-10-24,SKU24,4.11,0.0,4.45,70,5
2025-10-25,SKU24,4.01,0.0,4.23,78,10
2025-10-26,SKU24,4.01,0.0,4.1,80,7
2025-10-27,SKU24,4.13,0.0,3.94,70,8
2025-10-28,SKU24,4.15,0.0,4.02,76,7
2025-10-29,SKU24,4.21,0.0,4.17,73,3
2025-10-30,SKU24,4.33,0.0,4.56,68,5
2025-10-31,SKU24,4.18,0.0,3.82,74,8
2025-11-01,SKU24,4.04,0.0,4.37,62,8
2025-11-02,SKU24,4.21,0.0,4.26,65,5
2025-11-03,SKU24,3.93,0.0,4.04,64,5
2025-11-04,SKU24,4.18,0.0,4.5,60,6
2025-11-05,SKU24,4.21,0.0,3.86,70,6
2025-11-06,SKU24,4.01,5.45,4.24,121,18
2025-11-07,SKU24,4.14,0.0,4.24,53,4
2025-11-08,SKU24,3.5,16.57,3.98,117,24
2025-11-09,SKU24,4.15,0.0,4.29,74,7
2025-11-10,SKU24,4.11,0.0,4.21,67,9
2025-11-11,SKU24,4.17,0.0,4.28,81,10
2025-11-12,SKU24,4.13,0.0,4.12,79,8
2025-11-13,SKU24,4.09,0.0,4.28,83,5
2025-11-14,SKU24,4.14,0.0,4.01,50,11
2025-11-15,SKU24,4.23,0.0,4.21,67,13
2025-05-20,SKU25,35.26,11.47,40.0,93,13
2025-05-21,SKU25,40.2,0.0,39.99,46,11
2025-05-22,SKU25,39.59,0.0,39.84,53,3
2025-05-23,SKU25,40.12,0.0,39.94,42,9
2025-05-24,SKU25,39.57,0.0,40.12,47,3
2025-05-25,SKU25,37.95,0.0,42.45,51,5
2025-05-26,SKU25,39.01,0.0,38.17,47,7
2025-05-27,SKU25,40.94,0.0,39.17,62,5
2025-05-28,SKU25,40.95,0.0,39.27,50,6
2025-05-29,SKU25,39.25,0.0,39.03,49,4
2025-05-30,SKU25,39.49,0.0,35.87,43,7
2025-05-31,SKU25,39.74,0.0,38.92,56,6
2025-06-01,SKU25,39.75,0.0,35.21,57,6
2025-06-02,SKU25,40.6,0.0,37.76,48,4
2025-06-03,SKU25,39.85,0.0,37.7,44,6
2025-06-04,SKU25,40.94,0.0,39.41,36,3
2025-06-05,SKU25,39.8,0.0,37.09,54,4
2025-06-06,SKU25,42.44,0.0,39.24,45,5
2025-06-07,SKU25,39.67,0.0,39.45,48,10
2025-06-08,SKU25,39.47,0.0,41.02,39,3
2025-06-09,SKU25,39.9,0.0,41.98,55,1
2025-06-10,SKU25,40.26,0.0,39.45,45,3
2025-06-11,SKU25,39.6,0.0,41.81,38,5
2025-06-12,SKU25,39.23,0.0,38.73,38,2
2025-06-13,SKU25,39.1,0.0,39.87,56,4
2025-06-14,SKU25,40.19,0.0,39.06,56,3
2025-06-15,SKU25,38.68,0.0,39.4,44,8
2025-06-16,SKU25,39.48,0.0,38.33,47,2
2025-06-17,SKU25,38.63,0.0,37.51,51,7
2025-06-18,SKU25,39.6,0.0,33.52,31,4
2025-06-19,SKU25,39.57,0.0,38.59,42,5
2025-06-20,SKU25,40.24,0.0,38.09,46,1
2025-06-21,SKU25,40.66,0.0,41.26,56,8
2025-06-22,SKU25,39.99,0.0,39.05,42,3
2025-06-23,SKU25,39.87,0.0,38.53,57,8
2025-06-24,SKU25,38.55,0.0,38.23,47,2
2025-06-25,SKU25,40.34,0.0,41.25,43,5
2025-06-26,SKU25,39.62,0.0,40.27,55,7
2025-06-27,SKU25,40.27,0.0,38.62,42,10
2025-06-28,SKU25,39.45,0.0,37.33,44,7
2025-06-29,SKU25,40.8,0.0,39.25,40,10
2025-06-30,SKU25,40.9,0.0,37.59,55,5
2025-07-01,SKU25,39.5,0.0,41.87,58,3
2025-07-02,SKU25,32.91,16.16,40.59,72,6
2025-07-03,SKU25,39.46,0.0,40.16,53,3
2025-07-04,SKU25,39.37,0.0,38.82,45,3
2025-07-05,SKU25,39.64,0.0,38.26,50,7
2025-07-06,SKU25,41.11,0.0,39.95,63,5
2025-07-07,SKU25,40.31,0.0,40.4,42,4
2025-07-08,SKU25,39.4,0.0,39.57,55,4
2025-07-09,SKU25,39.6,0.0,45.16,53,9
2025-07-10,SKU25,31.21,21.15,40.9,70,15
2025-07-11,SKU25,40.02,0.0,41.23,41,4
2025-07-12,SKU25,39.49,0.0,37.58,60,5
2025-07-13,SKU25,39.3,0.0,40.37,47,7
2025-07-14,SKU25,39.25,0.0,40.46,51,5
2025-07-15,SKU25,41.07,0.0,37.4,48,6
2025-07-16,SKU25,39.51,0.0,42.49,44,5
2025-07-17,SKU25,40.48,0.0,40.63,49,7
2025-07-18,SKU25,29.85,24.48,40.86,75,13
2025-07-19,SKU25,40.31,0.0,39.4,51,4
2025-07-20,SKU25,40.57,0.0,38.79,58,3
2025-07-21,SKU25,32.11,16.86,39.23,69,10
2025-07-22,SKU25,28.16,28.32,41.81,69,7
2025-07-23,SKU25,39.46,0.0,42.96,52,4
2025-07-24,SKU25,38.43,0.0,39.73,41,5
2025-07-25,SKU25,39.76,0.0,41.12,25,5
2025-07-26,SKU25,41.11,0.0,41.52,44,0
2025-07-27,SKU25,39.26,0.0,39.38,48,5
2025-07-28,SKU25,39.92,0.0,35.53,45,3
2025-07-29,SKU25,39.24,0.0,36.89,49,4
2025-07-30,SKU25,38.61,0.0,42.67,53,3
2025-07-31,SKU25,39.11,0.0,39.4,36,2
2025-08-01,SKU25,38.83,0.0,42.51,49,9
2025-08-02,SKU25,39.01,0.0,40.95,56,10
2025-08-03,SKU25,38.65,0.0,40.58,53,6
2025-08-04,SKU25,39.29,0.0,37.9,41,2
2025-08-05,SKU25,38.86,0.0,40.26,52,7
2025-08-06,SKU25,38.56,0.0,37.95,46,5
2025-08-07,SKU25,39.43,0.0,41.06,46,4
2025-08-08,SKU25,39.96,0.0,38.85,48,4
2025-08-09,SKU25,40.45,0.0,41.04,50,4
2025-08-10,SKU25,39.31,0.0,40.95,44,11
2025-08-11,SKU25,38.92,0.0,39.9,58,7
2025-08-12,SKU25,36.63,6.88,37.27,57,13
2025-08-13,SKU25,38.83,0.0,43.96,45,2
2025-08-14,SKU25,38.08,0.0,41.8,58,5
2025-08-15,SKU25,38.97,0.0,37.74,42,2
2025-08-16,SKU25,40.93,0.0,39.76,56,4
2025-08-17,SKU25,38.33,0.0,41.53,40,4
2025-08-18,SKU25,40.21,0.0,41.95,51,3
2025-08-19,SKU25,39.69,0.0,38.59,47,4
2025-08-20,SKU25,40.74,0.0,38.84,49,5
2025-08-21,SKU25,39.2,0.0,40.75,60,4
2025-08-22,SKU25,39.49,0.0,41.75,48,10
2025-08-23,SKU25,40.45,0.0,39.29,42,7
2025-08-24,SKU25,40.12,0.0,35.21,60,3
2025-08-25,SKU25,40.26,0.0,38.42,42,5
2025-08-26,SKU25,40.68,0.0,40.15,47,6
2025-08-27,SKU25,38.83,0.0,39.38,44,6
2025-08-28,SKU25,39.48,0.0,41.66,55,7
2025-08-29,SKU25,39.0,0.0,44.06,49,5
2025-08-30,SKU25,40.13,0.0,41.43,35,6
2025-08-31,SKU25,38.68,0.0,38.22,46,6
2025-09-01,SKU25,39.78,0.0,39.1,50,5
2025-09-02,SKU25,39.18,0.0,38.39,45,3
2025-09-03,SKU25,39.84,0.0,38.23,48,6
2025-09-04,SKU25,38.66,0.0,39.46,44,6
2025-09-05,SKU25,40.5,0.0,39.89,48,4
2025-09-06,SKU25,40.15,0.0,38.56,41,7
2025-09-07,SKU25,40.47,0.0,36.19,47,9
2025-09-08,SKU25,40.92,0.0,35.69,44,0
2025-09-09,SKU25,40.76,0.0,38.32,48,1
2025-09-10,SKU25,40.84,0.0,38.45,41,2
2025-09-11,SKU25,39.75,0.0,40.01,42,2
2025-09-12,SKU25,39.7,0.0,41.91,42,1
2025-09-13,SKU25,40.37,0.0,39.37,44,4
2025-09-14,SKU25,39.12,0.0,38.66,49,8
2025-09-15,SKU25,39.08,0.0,40.85,46,4
2025-09-16,SKU25,39.98,0.0,38.53,40,3
2025-09-17,SKU25,31.1,22.95,43.07,61,10
2025-09-18,SKU25,39.07,0.0,38.11,46,1
2025-09-19,SKU25,40.15,0.0,36.36,52,7
2025-09-20,SKU25,41.06,0.0,40.7,38,10
2025-09-21,SKU25,41.09,0.0,39.12,43,5
2025-09-22,SKU25,40.21,0.0,40.52,58,8
2025-09-23,SKU25,40.1,0.0,37.84,53,9
2025-09-24,SKU25,38.83,0.0,39.92,51,6
2025-09-25,SKU25,40.04,0.0,37.38,39,4
2025-09-26,SKU25,40.08,0.0,38.76,49,3
2025-09-27,SKU25,38.22,0.0,37.08,40,7
2025-09-28,SKU25,40.08,0.0,43.32,52,7
2025-09-29,SKU25,39.23,0.0,39.28,48,4
2025-09-30,SKU25,40.31,0.0,39.6,49,6
2025-10-01,SKU25,40.37,0.0,38.41,39,3
2025-10-02,SKU25,41.19,0.0,39.39,46,4
2025-10-03,SKU25,38.58,0.0,38.68,49,5
2025-10-04,SKU25,39.14,0.0,38.5,38,4
2025-10-05,SKU25,40.23,0.0,39.54,59,3
2025-10-06,SKU25,39.08,0.0,36.25,37,6
2025-10-07,SKU25,38.99,0.0,39.71,43,8
2025-10-08,SKU25,37.85,0.0,42.24,43,3
2025-10-09,SKU25,39.5,0.0,41.19,44,5
2025-10-10,SKU25,39.13,0.0,40.45,42,3
2025-10-11,SKU25,40.44,0.0,40.43,59,9
2025-10-12,SKU25,39.18,0.0,39.41,56,4
2025-10-13,SKU25,39.38,0.0,41.3,51,3
2025-10-14,SKU25,28.48,29.25,42.83,67,15
2025-10-15,SKU25,38.11,0.0,37.98,46,7
2025-10-16,SKU25,29.97,22.06,37.44,55,14
2025-10-17,SKU25,38.87,0.0,38.78,43,6
2025-10-18,SKU25,39.09,0.0,38.57,43,5
2025-10-19,SKU25,28.46,26.14,39.12,81,12
2025-10-20,SKU25,32.84,17.61,36.42,52,19
2025-10-21,SKU25,38.57,0.0,38.27,47,5
2025-10-22,SKU25,40.61,0.0,39.22,56,6
2025-10-23,SKU25,38.81,0.0,40.36,47,5
2025-10-24,SKU25,39.67,0.0,41.3,54,6
2025-10-25,SKU25,39.68,0.0,39.3,40,1
2025-10-26,SKU25,34.99,9.96,38.98,64,0
2025-10-27,SKU25,35.25,9.84,38.39,73,9
2025-10-28,SKU25,39.74,0.0,40.38,57,3
2025-10-29,SKU25,39.57,0.0,36.53,61,5
2025-10-30,SKU25,39.6,0.0,37.68,49,4
2025-10-31,SKU25,39.82,0.0,38.2,47,3
2025-11-01,SKU25,39.51,0.0,40.74,46,5
2025-11-02,SKU25,39.1,0.0,39.19,46,3
2025-11-03,SKU25,38.8,0.0,40.08,56,4
2025-11-04,SKU25,39.77,0.0,39.79,59,6
2025-11-05,SKU25,40.11,0.0,39.09,52,2
2025-11-06,SKU25,38.57,0.0,39.59,41,4
2025-11-07,SKU25,38.77,0.0,36.66,43,2
2025-11-08,SKU25,40.5,0.0,41.38,42,8
2025-11-09,SKU25,40.0,0.0,39.4,54,3
2025-11-10,SKU25,40.38,0.0,38.14,43,5
2025-11-11,SKU25,39.48,0.0,37.12,51,6
2025-11-12,SKU25,40.28,0.0,41.73,50,8
2025-11-13,SKU25,39.64,0.0,42.12,48,3
2025-11-14,SKU25,40.95,0.0,40.8,57,3
2025-11-15,SKU25,40.41,0.0,43.51,44,7
