data/derived/demand_data.csv
date,sku_id,price,discount_percent,competitor_price,web_traffic,units_sold
2025-05-20,SKU26,98.74,0.0,92.31,110,10
2025-05-21,SKU26,97.92,0.0,93.03,127,8
2025-05-22,SKU26,87.87,9.7,99.68,162,25
2025-05-23,SKU26,99.47,0.0,96.34,125,16
2025-05-24,SKU26,93.32,0.0,96.48,112,0
2025-05-25,SKU26,101.77,0.0,99.12,126,0
2025-05-26,SKU26,98.24,0.0,95.03,128,0
2025-05-27,SKU26,98.96,0.0,100.41,131,0
2025-05-28,SKU26,96.41,0.0,103.87,106,0
2025-05-29,SKU26,99.32,0.0,96.55,134,0
2025-05-30,SKU26,99.47,0.0,93.7,133,0
2025-05-31,SKU26,100.66,0.0,88.43,120,0
2025-06-01,SKU26,98.19,0.0,99.91,95,0
2025-06-02,SKU26,95.46,0.0,99.67,113,0
2025-06-03,SKU26,100.24,0.0,90.13,121,0
2025-06-04,SKU26,97.83,0.0,89.55,105,0
2025-06-05,SKU26,98.23,0.0,99.64,103,0
2025-06-06,SKU26,95.32,0.0,98.1,109,7
2025-06-07,SKU26,95.16,0.0,88.93,122,5
2025-06-08,SKU26,96.52,0.0,92.1,125,8
2025-06-09,SKU26,96.59,0.0,98.15,118,13
2025-06-10,SKU26,99.02,0.0,96.5,132,12
2025-06-11,SKU26,100.61,0.0,95.91,118,12
2025-06-12,SKU26,100.53,0.0,97.37,104,12
2025-06-13,SKU26,98.2,0.0,102.14,114,14
2025-06-14,SKU26,97.29,0.0,87.91,117,10
2025-06-15,SKU26,95.38,0.0,95.77,135,9
2025-06-16,SKU26,99.09,0.0,98.03,121,10
2025-06-17,SKU26,96.8,0.0,94.42,99,15
2025-06-18,SKU26,99.63,0.0,102.48,126,7
2025-06-19,SKU26,95.58,0.0,96.78,119,12
2025-06-20,SKU26,100.82,0.0,102.48,121,10
2025-06-21,SKU26,102.53,0.0,101.9,109,12
2025-06-22,SKU26,97.33,0.0,100.02,130,13
2025-06-23,SKU26,96.25,0.0,92.55,115,11
2025-06-24,SKU26,87.16,10.07,96.67,180,27
2025-06-25,SKU26,98.25,0.0,97.98,111,7
2025-06-26,SKU26,96.39,0.0,102.94,119,15
2025-06-27,SKU26,98.45,0.0,90.34,102,7
2025-06-28,SKU26,98.35,0.0,100.12,114,18
2025-06-29,SKU26,99.53,0.0,96.36,105,9
2025-06-30,SKU26,98.65,0.0,100.56,117,11
2025-07-01,SKU26,101.38,0.0,99.58,116,11
2025-07-02,SKU26,97.24,0.0,92.54,120,14
2025-07-03,SKU26,98.1,0.0,86.53,111,17
2025-07-04,SKU26,96.08,0.0,103.35,114,13
2025-07-05,SKU26,95.51,0.0,99.98,113,13
2025-07-06,SKU26,98.94,0.0,94.34,135,12
2025-07-07,SKU26,98.95,0.0,105.27,117,11
2025-07-08,SKU26,98.78,0.0,100.9,127,13
2025-07-09,SKU26,94.94,0.0,98.6,130,14
2025-07-10,SKU26,98.25,0.0,95.5,123,19
2025-07-11,SKU26,94.22,0.0,96.11,122,10
2025-07-12,SKU26,69.3,28.75,98.89,181,42
2025-07-13,SKU26,95.98,0.0,101.0,133,12
2025-07-14,SKU26,95.63,0.0,97.55,118,9
2025-07-15,SKU26,96.78,0.0,88.26,104,10
2025-07-16,SKU26,97.72,0.0,99.37,127,9
2025-07-17,SKU26,97.92,0.0,96.53,131,11
2025-07-18,SKU26,100.35,0.0,98.63,111,13
2025-07-19,SKU26,94.8,0.0,98.94,113,10
2025-07-20,SKU26,94.89,0.0,100.39,111,17
2025-07-21,SKU26,99.17,0.0,100.62,115,10
2025-07-22,SKU26,97.24,0.0,100.3,122,12
2025-07-23,SKU26,94.81,0.0,100.17,108,5
2025-07-24,SKU26,97.29,0.0,98.24,132,12
2025-07-25,SKU26,97.01,0.0,94.16,135,17
2025-07-26,SKU26,97.56,0.0,91.03,110,19
2025-07-27,SKU26,99.17,0.0,99.8,135,14
2025-07-28,SKU26,97.85,0.0,101.9,129,14
2025-07-29,SKU26,97.78,0.0,100.34,125,10
2025-07-30,SKU26,93.57,0.0,92.41,112,9
2025-07-31,SKU26,94.61,0.0,97.78,125,9
2025-08-01,SKU26,99.17,0.0,102.83,118,13
2025-08-02,SKU26,95.97,0.0,108.04,119,15
2025-08-03,SKU26,100.56,0.0,89.42,122,6
2025-08-04,SKU26,97.34,0.0,106.93,116,15
2025-08-05,SKU26,96.03,0.0,97.28,108,6
2025-08-06,SKU26,89.93,11.6,103.58,160,41
2025-08-07,SKU26,97.19,0.0,104.8,120,13
2025-08-08,SKU26,96.07,0.0,94.1,114,11
2025-08-09,SKU26,69.05,29.62,95.09,171,38
2025-08-10,SKU26,96.44,0.0,96.65,102,17
2025-08-11,SKU26,96.15,0.0,101.9,125,6
2025-08-12,SKU26,96.2,0.0,102.97,121,18
2025-08-13,SKU26,97.16,0.0,88.96,116,13
2025-08-14,SKU26,98.34,0.0,96.98,114,15
2025-08-15,SKU26,93.61,0.0,93.94,104,14
2025-08-16,SKU26,95.94,0.0,93.07,125,18
2025-08-17,SKU26,99.95,0.0,106.03,116,18
2025-08-18,SKU26,88.94,10.8,96.64,160,33
2025-08-19,SKU26,96.57,0.0,95.45,116,14
2025-08-20,SKU26,95.47,0.0,94.44,122,8
2025-08-21,SKU26,95.48,0.0,99.95,115,15
2025-08-22,SKU26,100.27,0.0,98.15,120,19
2025-08-23,SKU26,95.15,0.0,97.64,118,12
2025-08-24,SKU26,96.66,0.0,104.98,104,16
2025-08-25,SKU26,93.4,0.0,93.25,116,19
2025-08-26,SKU26,95.92,0.0,97.99,124,8
2025-08-27,SKU26,76.33,24.59,96.91,175,28
2025-08-28,SKU26,98.64,0.0,95.64,112,11
2025-08-29,SKU26,93.89,0.0,95.31,135,12
2025-08-30,SKU26,99.88,0.0,95.8,112,13
2025-08-31,SKU26,97.08,0.0,94.83,105,15
2025-09-01,SKU26,97.09,0.0,99.05,123,11
2025-09-02,SKU26,98.75,0.0,95.36,103,12
2025-09-03,SKU26,99.23,0.0,90.89,123,7
2025-09-04,SKU26,96.85,0.0,96.32,117,10
2025-09-05,SKU26,98.77,0.0,97.52,124,17
2025-09-06,SKU26,95.91,0.0,93.03,114,15
2025-09-07,SKU26,92.95,0.0,104.32,117,18
2025-09-08,SKU26,100.63,0.0,98.9,114,12
2025-09-09,SKU26,68.05,28.87,92.85,210,33
2025-09-10,SKU26,98.53,0.0,93.46,115,10
2025-09-11,SKU26,88.95,11.02,92.54,177,28
2025-09-12,SKU26,83.49,13.48,98.74,190,28
2025-09-13,SKU26,97.77,0.0,109.9,121,14
2025-09-14,SKU26,97.12,0.0,106.93,103,9
2025-09-15,SKU26,99.59,0.0,97.13,103,13
2025-09-16,SKU26,97.24,0.0,105.3,131,14
2025-09-17,SKU26,99.1,0.0,94.82,122,13
2025-09-18,SKU26,102.15,0.0,87.38,108,9
2025-09-19,SKU26,96.69,0.0,102.41,124,10
2025-09-20,SKU26,96.54,0.0,106.76,103,16
2025-09-21,SKU26,99.27,0.0,103.78,126,11
2025-09-22,SKU26,95.69,0.0,93.94,115,12
2025-09-23,SKU26,96.96,0.0,93.16,116,11
2025-09-24,SKU26,95.47,0.0,95.71,122,8
2025-09-25,SKU26,98.04,0.0,98.62,106,14
2025-09-26,SKU26,99.42,0.0,90.67,131,12
2025-09-27,SKU26,97.53,0.0,98.89,122,15
2025-09-28,SKU26,95.56,0.0,96.66,108,9
2025-09-29,SKU26,98.12,0.0,98.55,114,16
2025-09-30,SKU26,96.01,0.0,96.03,122,9
2025-10-01,SKU26,97.99,0.0,97.93,125,9
2025-10-02,SKU26,96.23,0.0,95.36,133,19
2025-10-03,SKU26,97.76,0.0,99.51,107,8
2025-10-04,SKU26,100.08,0.0,91.56,102,11
2025-10-05,SKU26,96.12,0.0,92.79,118,14
2025-10-06,SKU26,97.26,0.0,100.94,127,12
2025-10-07,SKU26,94.68,0.0,95.19,116,10
2025-10-08,SKU26,97.44,0.0,85.23,102,9
2025-10-09,SKU26,99.14,0.0,98.35,122,4
2025-10-10,SKU26,97.85,0.0,93.37,105,9
2025-10-11,SKU26,96.68,0.0,104.61,117,16
2025-10-12,SKU26,96.81,0.0,99.68,126,15
2025-10-13,SKU26,97.79,0.0,91.36,117,9
2025-10-14,SKU26,99.29,0.0,95.33,131,9
2025-10-15,SKU26,96.09,0.0,99.53,103,13
2025-10-16,SKU26,95.34,0.0,99.67,112,12
2025-10-17,SKU26,99.24,0.0,101.58,127,10
2025-10-18,SKU26,101.93,0.0,100.08,129,19
2025-10-19,SKU26,98.92,0.0,104.18,118,15
2025-10-20,SKU26,98.89,0.0,100.43,113,10
2025-10-21,SKU26,97.54,0.0,94.57,125,8
2025-10-22,SKU26,94.07,0.0,108.24,123,11
2025-10-23,SKU26,98.84,0.0,102.34,119,10
2025-10-24,SKU26,99.93,0.0,103.35,122,9
2025-10-25,SKU26,99.2,0.0,99.0,113,12
2025-10-26,SKU26,70.91,26.15,104.18,190,44
2025-10-27,SKU26,96.82,0.0,99.55,131,12
2025-10-28,SKU26,101.03,0.0,99.87,137,10
2025-10-29,SKU26,98.42,0.0,93.42,120,7
2025-10-30,SKU26,100.35,0.0,93.85,108,10
2025-10-31,SKU26,97.02,0.0,91.46,131,9
2025-11-01,SKU26,94.89,0.0,96.96,126,19
2025-11-02,SKU26,96.05,0.0,103.7,102,10
2025-11-03,SKU26,97.33,0.0,98.89,117,14
2025-11-04,SKU26,95.23,0.0,99.94,108,11
2025-11-05,SKU26,97.41,0.0,88.97,113,19
2025-11-06,SKU26,97.48,0.0,103.99,109,13
2025-11-07,SKU26,95.56,0.0,95.6,113,14
2025-11-08,SKU26,100.16,0.0,90.77,116,12
2025-11-09,SKU26,96.43,0.0,88.61,125,9
2025-11-10,SKU26,96.57,0.0,95.02,111,15
2025-11-11,SKU26,97.21,0.0,103.15,102,8
2025-11-12,SKU26,96.58,0.0,99.98,96,12
2025-11-13,SKU26,96.27,0.0,93.94,120,10
2025-11-14,SKU26,98.84,0.0,91.32,100,13
2025-11-15,SKU26,100.68,0.0,97.66,122,17
2025-05-20,SKU27,89.99,0.0,92.45,124,12
2025-05-21,SKU27,91.85,0.0,95.96,116,9
2025-05-22,SKU27,95.21,0.0,90.03,111,21
2025-05-23,SKU27,96.62,0.0,89.6,122,5
2025-05-24,SKU27,93.46,0.0,98.11,109,0
2025-05-25,SKU27,92.35,0.0,93.92,118,0
2025-05-26,SKU27,90.15,0.0,87.36,100,0
2025-05-27,SKU27,95.78,0.0,93.05,123,0
2025-05-28,SKU27,91.75,0.0,93.42,123,0
2025-05-29,SKU27,95.99,0.0,87.89,130,0
2025-05-30,SKU27,88.78,0.0,82.49,127,10
2025-05-31,SKU27,91.29,0.0,83.65,109,12
2025-06-01,SKU27,94.47,0.0,91.8,110,14
2025-06-02,SKU27,96.4,0.0,91.39,120,9
2025-06-03,SKU27,92.4,0.0,90.12,116,12
2025-06-04,SKU27,93.02,0.0,89.98,122,13
2025-06-05,SKU27,91.07,0.0,97.03,120,13
2025-06-06,SKU27,94.09,0.0,89.1,123,12
2025-06-07,SKU27,93.66,0.0,83.57,115,11
2025-06-08,SKU27,91.55,0.0,91.47,127,16
2025-06-09,SKU27,88.48,0.0,93.17,138,13
2025-06-10,SKU27,91.98,0.0,95.55,124,15
2025-06-11,SKU27,91.41,0.0,87.69,119,5
2025-06-12,SKU27,88.75,0.0,94.29,116,11
2025-06-13,SKU27,93.99,0.0,93.75,119,14
2025-06-14,SKU27,94.68,0.0,89.37,143,9
2025-06-15,SKU27,88.62,0.0,91.34,98,15
2025-06-16,SKU27,95.12,0.0,90.17,133,16
2025-06-17,SKU27,92.21,0.0,90.46,116,13
2025-06-18,SKU27,93.88,0.0,99.85,111,13
2025-06-19,SKU27,94.95,0.0,88.65,125,13
2025-06-20,SKU27,95.15,0.0,89.1,120,14
2025-06-21,SKU27,92.15,0.0,90.67,131,24
2025-06-22,SKU27,91.0,0.0,95.32,131,19
2025-06-23,SKU27,89.99,0.0,91.62,116,16
2025-06-24,SKU27,92.39,0.0,98.7,111,15
2025-06-25,SKU27,69.66,22.78,89.42,175,32
2025-06-26,SKU27,95.47,0.0,85.88,109,11
2025-06-27,SKU27,89.62,0.0,90.58,108,13
2025-06-28,SKU27,92.7,0.0,97.11,108,8
2025-06-29,SKU27,89.99,0.0,86.98,131,13
2025-06-30,SKU27,92.13,0.0,93.34,106,9
2025-07-01,SKU27,93.86,0.0,98.65,136,12
2025-07-02,SKU27,90.31,0.0,92.8,115,16
2025-07-03,SKU27,88.37,0.0,91.12,116,9
2025-07-04,SKU27,94.33,0.0,90.8,112,11
2025-07-05,SKU27,92.22,0.0,87.27,115,16
2025-07-06,SKU27,93.11,0.0,90.25,121,11
2025-07-07,SKU27,72.64,21.61,97.12,169,31
2025-07-08,SKU27,92.4,0.0,97.27,119,11
2025-07-09,SKU27,90.67,0.0,90.19,143,11
2025-07-10,SKU27,92.19,0.0,88.45,116,10
2025-07-11,SKU27,94.38,0.0,91.05,109,10
2025-07-12,SKU27,95.57,0.0,93.99,113,19
2025-07-13,SKU27,88.56,0.0,104.86,119,14
2025-07-14,SKU27,96.91,0.0,93.38,119,7
2025-07-15,SKU27,94.36,0.0,94.85,106,12
2025-07-16,SKU27,94.52,0.0,99.27,107,11
2025-07-17,SKU27,94.95,0.0,89.98,111,12
2025-07-18,SKU27,93.75,0.0,84.11,109,13
2025-07-19,SKU27,82.8,9.63,90.61,166,35
2025-07-20,SKU27,90.09,0.0,89.45,119,8
2025-07-21,SKU27,93.98,0.0,94.33,115,14
2025-07-22,SKU27,90.14,0.0,92.93,117,16
2025-07-23,SKU27,92.9,0.0,91.53,119,16
2025-07-24,SKU27,92.96,0.0,95.72,111,17
2025-07-25,SKU27,94.54,0.0,88.02,114,7
2025-07-26,SKU27,96.88,0.0,90.39,128,14
2025-07-27,SKU27,93.48,0.0,91.26,122,16
2025-07-28,SKU27,94.47,0.0,91.7,108,10
2025-07-29,SKU27,91.37,0.0,92.82,105,13
2025-07-30,SKU27,95.96,0.0,97.18,144,10
2025-07-31,SKU27,91.1,0.0,94.68,132,10
2025-08-01,SKU27,92.04,0.0,88.47,126,5
2025-08-02,SKU27,94.67,0.0,89.22,135,12
2025-08-03,SKU27,92.49,0.0,95.28,110,13
2025-08-04,SKU27,90.69,0.0,93.29,141,11
2025-08-05,SKU27,92.32,0.0,92.41,105,11
2025-08-06,SKU27,95.03,0.0,90.84,111,20
2025-08-07,SKU27,93.53,0.0,93.28,116,12
2025-08-08,SKU27,90.78,0.0,89.56,129,12
2025-08-09,SKU27,93.99,0.0,90.49,115,24
2025-08-10,SKU27,92.26,0.0,94.5,125,16
2025-08-11,SKU27,90.76,0.0,85.28,110,10
2025-08-12,SKU27,94.84,0.0,85.92,119,8
2025-08-13,SKU27,93.05,0.0,89.41,128,13
2025-08-14,SKU27,92.6,0.0,81.55,126,7
2025-08-15,SKU27,92.65,0.0,89.37,117,11
2025-08-16,SKU27,88.53,8.22,94.1,159,38
2025-08-17,SKU27,92.77,0.0,88.07,126,15
2025-08-18,SKU27,94.37,0.0,94.14,134,15
2025-08-19,SKU27,90.39,0.0,91.84,132,11
2025-08-20,SKU27,92.47,0.0,91.82,123,24
2025-08-21,SKU27,95.91,0.0,90.55,94,9
2025-08-22,SKU27,89.19,0.0,92.22,113,14
2025-08-23,SKU27,95.12,0.0,94.89,105,15
2025-08-24,SKU27,94.73,0.0,83.21,120,15
2025-08-25,SKU27,93.87,0.0,95.66,123,13
2025-08-26,SKU27,69.11,21.85,92.79,154,25
2025-08-27,SKU27,93.91,0.0,93.39,111,14
2025-08-28,SKU27,91.34,0.0,91.75,131,17
2025-08-29,SKU27,92.88,0.0,92.42,111,13
2025-08-30,SKU27,94.41,0.0,93.44,114,15
2025-08-31,SKU27,95.58,0.0,90.46,109,19
2025-09-01,SKU27,91.79,0.0,81.5,113,11
2025-09-02,SKU27,94.94,0.0,89.96,121,13
2025-09-03,SKU27,91.51,0.0,90.02,130,11
2025-09-04,SKU27,91.24,0.0,82.59,108,14
2025-09-05,SKU27,87.74,7.2,90.73,168,16
2025-09-06,SKU27,91.29,0.0,86.78,100,17
2025-09-07,SKU27,92.75,0.0,91.27,113,8
2025-09-08,SKU27,92.14,0.0,90.61,128,11
2025-09-09,SKU27,93.13,0.0,87.6,92,7
2025-09-10,SKU27,90.68,0.0,89.86,122,12
2025-09-11,SKU27,93.46,0.0,87.93,100,13
2025-09-12,SKU27,90.04,0.0,97.64,123,8
2025-09-13,SKU27,90.64,0.0,91.27,139,14
2025-09-14,SKU27,89.44,0.0,83.77,112,14
2025-09-15,SKU27,93.29,0.0,98.21,123,14
2025-09-16,SKU27,92.74,0.0,88.42,122,10
2025-09-17,SKU27,93.47,0.0,91.4,128,14
2025-09-18,SKU27,91.88,0.0,99.92,115,14
2025-09-19,SKU27,90.28,0.0,95.51,109,9
2025-09-20,SKU27,91.25,0.0,96.93,124,12
2025-09-21,SKU27,92.56,0.0,103.6,109,9
2025-09-22,SKU27,93.21,0.0,92.64,127,9
2025-09-23,SKU27,93.53,0.0,85.06,123,6
2025-09-24,SKU27,95.98,0.0,90.22,115,11
2025-09-25,SKU27,92.26,0.0,99.5,122,9
2025-09-26,SKU27,94.53,0.0,78.0,123,7
2025-09-27,SKU27,93.01,0.0,89.54,136,12
2025-09-28,SKU27,92.77,0.0,95.79,108,12
2025-09-29,SKU27,91.62,0.0,95.31,121,4
2025-09-30,SKU27,90.99,0.0,102.95,107,14
2025-10-01,SKU27,91.37,0.0,90.62,106,7
2025-10-02,SKU27,96.94,0.0,88.8,118,14
2025-10-03,SKU27,94.22,0.0,93.1,128,24
2025-10-04,SKU27,90.13,0.0,91.07,127,12
2025-10-05,SKU27,94.83,0.0,88.6,104,19
2025-10-06,SKU27,95.29,0.0,93.3,108,11
2025-10-07,SKU27,85.77,8.71,90.15,163,30
2025-10-08,SKU27,92.36,0.0,89.17,128,13
2025-10-09,SKU27,92.2,0.0,89.2,104,12
2025-10-10,SKU27,90.97,0.0,87.19,121,9
2025-10-11,SKU27,95.5,0.0,98.97,123,10
2025-10-12,SKU27,92.79,0.0,92.45,109,15
2025-10-13,SKU27,92.82,0.0,89.69,124,12
2025-10-14,SKU27,94.17,0.0,85.61,106,7
2025-10-15,SKU27,92.9,0.0,94.7,140,12
2025-10-16,SKU27,90.46,0.0,94.86,114,10
2025-10-17,SKU27,92.98,0.0,93.3,123,15
2025-10-18,SKU27,94.6,0.0,91.53,128,14
2025-10-19,SKU27,94.24,0.0,97.36,110,13
2025-10-20,SKU27,91.67,0.0,87.49,148,12
2025-10-21,SKU27,95.56,0.0,85.74,121,8
2025-10-22,SKU27,93.74,0.0,96.93,130,11
2025-10-23,SKU27,94.45,0.0,91.17,85,11
2025-10-24,SKU27,91.53,0.0,88.6,96,11
2025-10-25,SKU27,93.91,0.0,94.7,121,7
2025-10-26,SKU27,92.43,0.0,86.49,111,16
2025-10-27,SKU27,95.15,0.0,91.42,126,12
2025-10-28,SKU27,94.27,0.0,97.19,99,9
2025-10-29,SKU27,93.57,0.0,85.29,121,12
2025-10-30,SKU27,93.12,0.0,89.87,107,15
2025-10-31,SKU27,95.61,0.0,97.53,125,9
2025-11-01,SKU27,91.09,0.0,98.61,136,11
2025-11-02,SKU27,94.82,0.0,82.05,122,17
2025-11-03,SKU27,92.1,0.0,93.33,109,15
2025-11-04,SKU27,93.83,0.0,91.1,121,11
2025-11-05,SKU27,88.89,0.0,94.69,120,14
2025-11-06,SKU27,92.95,0.0,97.23,129,15
2025-11-07,SKU27,96.1,0.0,95.05,110,15
2025-11-08,SKU27,81.53,7.93,89.72,156,36
2025-11-09,SKU27,92.3,0.0,87.84,104,9
2025-11-10,SKU27,90.18,0.0,89.93,113,11
2025-11-11,SKU27,93.66,0.0,96.71,114,16
2025-11-12,SKU27,93.5,0.0,101.49,123,13
2025-11-13,SKU27,90.99,0.0,90.11,124,7
2025-11-14,SKU27,91.99,0.0,94.73,136,8
2025-11-15,SKU27,93.31,0.0,93.54,120,12
