data/derived/demand_data.csv
date,sku_id,price,discount_percent,competitor_price,web_traffic,units_sold
2025-05-20,SKU28,2.4,0.0,2.53,134,12
2025-05-21,SKU28,2.43,0.0,2.52,131,12
2025-05-22,SKU28,2.44,0.0,2.42,129,13
2025-05-23,SKU28,2.37,0.0,2.26,122,8
2025-05-24,SKU28,2.38,0.0,2.38,126,3
2025-05-25,SKU28,2.32,0.0,2.51,127,0
2025-05-26,SKU28,2.44,0.0,2.44,134,0
2025-05-27,SKU28,2.31,0.0,2.44,129,0
2025-05-28,SKU28,2.4,0.0,2.33,138,0
2025-05-29,SKU28,2.34,0.0,2.59,141,0
2025-05-30,SKU28,2.4,0.0,2.32,144,0
2025-05-31,SKU28,2.36,0.0,2.33,144,0
2025-06-01,SKU28,2.4,0.0,2.65,115,0
2025-06-02,SKU28,2.47,0.0,2.54,138,0
2025-06-03,SKU28,2.38,0.0,2.61,125,0
2025-06-04,SKU28,2.37,0.0,2.29,142,0
2025-06-05,SKU28,2.4,0.0,2.55,127,11
2025-06-06,SKU28,2.4,0.0,2.55,125,12
2025-06-07,SKU28,2.42,0.0,2.23,124,9
2025-06-08,SKU28,2.12,11.64,2.55,177,30
2025-06-09,SKU28,2.34,0.0,2.29,117,11
2025-06-10,SKU28,2.35,0.0,2.54,146,19
2025-06-11,SKU28,2.4,0.0,2.55,118,16
2025-06-12,SKU28,2.41,0.0,2.67,127,10
2025-06-13,SKU28,2.38,0.0,2.32,137,14
2025-06-14,SKU28,2.38,0.0,2.39,146,15
2025-06-15,SKU28,2.39,0.0,2.47,118,14
2025-06-16,SKU28,2.38,0.0,2.46,144,18
2025-06-17,SKU28,2.44,0.0,2.43,129,20
2025-06-18,SKU28,2.45,0.0,2.5,109,11
2025-06-19,SKU28,2.35,0.0,2.44,131,8
2025-06-20,SKU28,2.39,0.0,2.54,136,18
2025-06-21,SKU28,2.44,0.0,2.25,127,13
2025-06-22,SKU28,2.42,0.0,2.42,134,16
2025-06-23,SKU28,2.4,0.0,2.39,158,12
2025-06-24,SKU28,2.38,0.0,2.26,160,11
2025-06-25,SKU28,2.39,0.0,2.3,142,14
2025-06-26,SKU28,2.37,0.0,2.37,136,14
2025-06-27,SKU28,2.35,0.0,2.53,130,11
2025-06-28,SKU28,2.39,0.0,2.32,130,18
2025-06-29,SKU28,2.41,0.0,2.25,135,12
2025-06-30,SKU28,2.4,0.0,2.46,123,12
2025-07-01,SKU28,2.42,0.0,2.46,134,19
2025-07-02,SKU28,2.4,0.0,2.33,143,7
2025-07-03,SKU28,2.39,0.0,2.43,131,11
2025-07-04,SKU28,2.45,0.0,2.41,147,13
2025-07-05,SKU28,2.36,0.0,2.3,109,12
2025-07-06,SKU28,2.35,0.0,2.36,124,17
2025-07-07,SKU28,2.38,0.0,2.53,141,14
2025-07-08,SKU28,2.36,0.0,2.43,126,15
2025-07-09,SKU28,2.38,0.0,2.34,133,22
2025-07-10,SKU28,2.35,0.0,2.42,139,13
2025-07-11,SKU28,2.3,0.0,2.47,114,16
2025-07-12,SKU28,2.39,0.0,2.27,137,16
2025-07-13,SKU28,2.42,0.0,2.41,123,8
2025-07-14,SKU28,2.11,12.74,2.27,171,28
2025-07-15,SKU28,2.41,0.0,2.37,155,15
2025-07-16,SKU28,2.45,0.0,2.54,145,20
2025-07-17,SKU28,2.37,0.0,2.71,136,9
2025-07-18,SKU28,2.39,0.0,2.34,121,11
2025-07-19,SKU28,2.36,0.0,2.47,150,15
2025-07-20,SKU28,2.42,0.0,2.29,143,13
2025-07-21,SKU28,2.43,0.0,2.38,116,14
2025-07-22,SKU28,2.44,0.0,2.38,104,12
2025-07-23,SKU28,2.4,0.0,2.62,109,9
2025-07-24,SKU28,2.35,0.0,2.5,144,14
2025-07-25,SKU28,2.4,0.0,2.27,141,10
2025-07-26,SKU28,2.36,0.0,2.71,141,16
2025-07-27,SKU28,2.39,0.0,2.5,131,21
2025-07-28,SKU28,1.84,24.22,2.39,217,43
2025-07-29,SKU28,2.37,0.0,2.36,123,13
2025-07-30,SKU28,2.36,0.0,2.37,130,20
2025-07-31,SKU28,2.33,0.0,2.38,143,7
2025-08-01,SKU28,2.31,0.0,2.39,123,12
2025-08-02,SKU28,2.42,0.0,2.54,114,17
2025-08-03,SKU28,2.39,0.0,2.43,145,14
2025-08-04,SKU28,2.37,0.0,2.23,120,7
2025-08-05,SKU28,2.38,0.0,2.52,135,17
2025-08-06,SKU28,2.39,0.0,2.31,137,6
2025-08-07,SKU28,2.37,0.0,2.29,139,17
2025-08-08,SKU28,2.47,0.0,2.45,130,12
2025-08-09,SKU28,2.49,0.0,2.45,135,20
2025-08-10,SKU28,2.34,0.0,2.26,140,19
2025-08-11,SKU28,2.38,0.0,2.48,137,18
2025-08-12,SKU28,2.41,0.0,2.66,108,9
2025-08-13,SKU28,2.14,9.82,2.55,201,41
2025-08-14,SKU28,2.4,0.0,2.34,108,16
2025-08-15,SKU28,2.38,0.0,2.4,142,14
2025-08-16,SKU28,2.44,0.0,2.55,127,12
2025-08-17,SKU28,2.33,0.0,2.42,137,22
2025-08-18,SKU28,2.35,0.0,2.48,141,11
2025-08-19,SKU28,2.43,0.0,2.53,135,16
2025-08-20,SKU28,2.33,0.0,2.39,130,13
2025-08-21,SKU28,2.32,0.0,2.54,154,15
2025-08-22,SKU28,2.45,0.0,2.6,142,9
2025-08-23,SKU28,2.48,0.0,2.53,131,18
2025-08-24,SKU28,2.42,0.0,2.42,123,17
2025-08-25,SKU28,2.45,0.0,2.3,148,13
2025-08-26,SKU28,2.42,0.0,2.28,128,13
2025-08-27,SKU28,2.42,0.0,2.38,131,18
2025-08-28,SKU28,2.33,0.0,2.35,138,12
2025-08-29,SKU28,2.32,0.0,2.44,106,8
2025-08-30,SKU28,2.39,0.0,2.26,134,10
2025-08-31,SKU28,2.39,0.0,2.4,131,16
2025-09-01,SKU28,2.44,0.0,2.19,150,20
2025-09-02,SKU28,2.44,0.0,2.22,133,7
2025-09-03,SKU28,1.69,29.04,2.39,198,46
2025-09-04,SKU28,2.33,0.0,2.59,135,14
2025-09-05,SKU28,2.32,0.0,2.42,134,10
2025-09-06,SKU28,2.4,0.0,2.28,126,11
2025-09-07,SKU28,2.39,0.0,2.34,125,12
2025-09-08,SKU28,2.43,0.0,2.58,145,16
2025-09-09,SKU28,2.45,0.0,2.26,129,14
2025-09-10,SKU28,2.4,0.0,2.28,107,13
2025-09-11,SKU28,2.31,0.0,2.4,120,14
2025-09-12,SKU28,2.49,0.0,2.47,120,11
2025-09-13,SKU28,2.34,0.0,2.46,147,18
2025-09-14,SKU28,2.39,0.0,2.47,124,23
2025-09-15,SKU28,2.41,0.0,2.31,151,12
2025-09-16,SKU28,1.96,18.09,2.41,216,41
2025-09-17,SKU28,2.42,0.0,2.33,140,8
2025-09-18,SKU28,2.46,0.0,2.31,135,10
2025-09-19,SKU28,2.38,0.0,2.22,129,18
2025-09-20,SKU28,2.53,0.0,2.44,130,18
2025-09-21,SKU28,2.39,0.0,2.34,124,14
2025-09-22,SKU28,2.41,0.0,2.45,125,11
2025-09-23,SKU28,2.36,0.0,2.48,140,15
2025-09-24,SKU28,2.43,0.0,2.24,137,9
2025-09-25,SKU28,2.38,0.0,2.48,122,8
2025-09-26,SKU28,2.36,0.0,2.36,147,8
2025-09-27,SKU28,2.45,0.0,2.26,137,11
2025-09-28,SKU28,2.52,0.0,2.55,135,21
2025-09-29,SKU28,2.43,0.0,2.3,134,12
2025-09-30,SKU28,2.46,0.0,2.51,128,15
2025-10-01,SKU28,2.43,0.0,2.43,124,13
2025-10-02,SKU28,2.35,0.0,2.35,144,8
2025-10-03,SKU28,2.4,0.0,2.23,141,13
2025-10-04,SKU28,2.43,0.0,2.37,146,22
2025-10-05,SKU28,2.48,0.0,2.35,107,18
2025-10-06,SKU28,2.45,0.0,2.39,129,10
2025-10-07,SKU28,2.4,0.0,2.36,130,9
2025-10-08,SKU28,2.42,0.0,2.53,125,21
2025-10-09,SKU28,2.46,0.0,2.48,114,21
2025-10-10,SKU28,2.37,0.0,2.45,143,12
2025-10-11,SKU28,2.34,0.0,2.35,135,17
2025-10-12,SKU28,2.49,0.0,2.45,127,16
2025-10-13,SKU28,2.39,0.0,2.17,113,13
2025-10-14,SKU28,2.47,0.0,2.23,139,13
2025-10-15,SKU28,2.35,0.0,2.49,126,7
2025-10-16,SKU28,2.38,0.0,2.4,154,18
2025-10-17,SKU28,2.39,0.0,2.38,121,14
2025-10-18,SKU28,2.3,0.0,2.6,124,16
2025-10-19,SKU28,2.29,0.0,2.42,112,17
2025-10-20,SKU28,2.43,0.0,2.3,153,14
2025-10-21,SKU28,2.38,0.0,2.62,132,9
2025-10-22,SKU28,2.49,0.0,2.36,132,15
2025-10-23,SKU28,2.21,5.71,2.44,219,31
2025-10-24,SKU28,2.38,0.0,2.52,147,14
2025-10-25,SKU28,2.39,0.0,2.59,116,18
2025-10-26,SKU28,2.36,0.0,2.2,149,14
2025-10-27,SKU28,2.42,0.0,2.49,139,12
2025-10-28,SKU28,2.5,0.0,2.33,110,10
2025-10-29,SKU28,2.39,0.0,2.34,146,12
2025-10-30,SKU28,2.4,0.0,2.22,122,16
2025-10-31,SKU28,2.46,0.0,2.39,123,12
2025-11-01,SKU28,2.42,0.0,2.54,130,21
2025-11-02,SKU28,2.36,0.0,2.44,128,21
2025-11-03,SKU28,2.4,0.0,2.37,127,9
2025-11-04,SKU28,2.4,0.0,2.4,130,13
2025-11-05,SKU28,2.46,0.0,2.3,138,14
2025-11-06,SKU28,2.41,0.0,2.61,125,11
2025-11-07,SKU28,2.34,0.0,2.12,143,17
2025-11-08,SKU28,2.42,0.0,2.43,128,20
2025-11-09,SKU28,2.35,7.6,2.52,196,32
2025-11-10,SKU28,2.4,0.0,2.38,121,16
2025-11-11,SKU28,2.35,0.0,2.31,149,14
2025-11-12,SKU28,2.36,0.0,2.54,125,10
2025-11-13,SKU28,2.34,0.0,2.43,130,15
2025-11-14,SKU28,2.41,0.0,2.36,138,10
2025-11-15,SKU28,2.43,0.0,2.31,123,22
2025-05-20,SKU29,64.65,0.0,57.83,77,7
2025-05-21,SKU29,63.27,0.0,64.59,76,5
2025-05-22,SKU29,63.34,0.0,60.93,89,11
2025-05-23,SKU29,62.03,0.0,64.82,72,6
2025-05-24,SKU29,65.98,0.0,61.14,89,10
2025-05-25,SKU29,64.34,0.0,64.91,86,6
2025-05-26,SKU29,63.03,0.0,68.96,83,7
2025-05-27,SKU29,61.49,0.0,61.63,88,8
2025-05-28,SKU29,65.26,0.0,62.95,80,7
2025-05-29,SKU29,63.99,0.0,64.73,86,11
2025-05-30,SKU29,63.17,0.0,64.84,70,9
2025-05-31,SKU29,64.54,0.0,70.67,92,10
2025-06-01,SKU29,64.78,0.0,62.71,84,11
2025-06-02,SKU29,63.56,0.0,59.54,93,10
2025-06-03,SKU29,61.22,0.0,61.53,101,8
2025-06-04,SKU29,61.91,0.0,54.14,76,9
2025-06-05,SKU29,65.6,0.0,64.62,78,14
2025-06-06,SKU29,62.63,0.0,65.0,100,5
2025-06-07,SKU29,64.14,0.0,65.12,76,13
2025-06-08,SKU29,65.06,0.0,67.13,75,2
2025-06-09,SKU29,62.32,0.0,63.96,87,9
2025-06-10,SKU29,61.9,0.0,62.94,89,7
2025-06-11,SKU29,62.73,0.0,67.81,70,10
2025-06-12,SKU29,62.28,0.0,69.89,105,6
2025-06-13,SKU29,60.91,0.0,62.7,90,6
2025-06-14,SKU29,61.07,0.0,62.08,92,11
2025-06-15,SKU29,64.11,0.0,64.6,98,7
2025-06-16,SKU29,48.23,25.09,61.54,123,26
2025-06-17,SKU29,64.38,0.0,57.78,76,5
2025-06-18,SKU29,62.77,0.0,63.74,86,9
2025-06-19,SKU29,63.75,0.0,64.08,77,5
2025-06-20,SKU29,64.42,0.0,59.83,79,9
2025-06-21,SKU29,61.33,0.0,65.27,85,4
2025-06-22,SKU29,63.89,0.0,62.94,102,15
2025-06-23,SKU29,65.97,0.0,58.55,99,10
2025-06-24,SKU29,62.67,0.0,67.36,87,6
2025-06-25,SKU29,63.29,0.0,64.17,70,7
2025-06-26,SKU29,49.13,27.12,67.51,132,20
2025-06-27,SKU29,63.07,0.0,65.93,81,12
2025-06-28,SKU29,61.05,0.0,61.51,97,10
2025-06-29,SKU29,62.45,0.0,59.51,82,8
2025-06-30,SKU29,65.08,0.0,61.09,79,7
2025-07-01,SKU29,63.82,0.0,68.29,77,10
2025-07-02,SKU29,64.09,0.0,67.9,85,11
2025-07-03,SKU29,63.88,0.0,58.81,78,10
2025-07-04,SKU29,63.31,0.0,65.44,83,9
2025-07-05,SKU29,65.4,0.0,61.3,98,11
2025-07-06,SKU29,63.68,0.0,67.76,87,17
2025-07-07,SKU29,63.5,0.0,61.24,72,5
2025-07-08,SKU29,65.61,0.0,61.64,72,8
2025-07-09,SKU29,61.51,0.0,61.98,96,5
2025-07-10,SKU29,64.59,0.0,65.19,85,10
2025-07-11,SKU29,64.66,0.0,60.63,90,8
2025-07-12,SKU29,62.69,0.0,63.4,86,15
2025-07-13,SKU29,66.57,0.0,62.84,76,18
2025-07-14,SKU29,64.7,0.0,62.16,82,7
2025-07-15,SKU29,64.37,0.0,65.66,86,7
2025-07-16,SKU29,63.46,0.0,72.2,68,11
2025-07-17,SKU29,64.05,0.0,66.94,87,7
2025-07-18,SKU29,60.03,0.0,66.11,72,8
2025-07-19,SKU29,64.33,0.0,63.75,72,11
2025-07-20,SKU29,64.39,0.0,62.32,73,10
2025-07-21,SKU29,64.41,0.0,64.8,62,8
2025-07-22,SKU29,65.81,0.0,63.91,88,3
2025-07-23,SKU29,63.38,0.0,70.14,79,7
2025-07-24,SKU29,64.38,0.0,65.48,71,10
2025-07-25,SKU29,64.14,0.0,66.32,81,12
2025-07-26,SKU29,62.12,0.0,63.28,82,9
2025-07-27,SKU29,63.92,0.0,60.07,84,13
2025-07-28,SKU29,61.93,0.0,59.26,73,12
2025-07-29,SKU29,61.22,0.0,66.27,87,12
2025-07-30,SKU29,62.79,0.0,65.43,67,7
2025-07-31,SKU29,62.36,0.0,59.0,80,5
2025-08-01,SKU29,62.79,0.0,65.18,82,8
2025-08-02,SKU29,63.51,0.0,73.14,87,11
2025-08-03,SKU29,62.14,0.0,67.25,91,11
2025-08-04,SKU29,61.44,0.0,66.94,70,9
2025-08-05,SKU29,64.97,0.0,65.13,90,13
2025-08-06,SKU29,63.14,0.0,58.74,85,4
2025-08-07,SKU29,64.35,0.0,67.14,76,7
2025-08-08,SKU29,64.31,0.0,64.63,75,8
2025-08-09,SKU29,62.59,0.0,65.94,84,8
2025-08-10,SKU29,54.39,13.65,63.68,133,20
2025-08-11,SKU29,63.94,0.0,62.77,84,6
2025-08-12,SKU29,63.11,0.0,60.77,92,6
2025-08-13,SKU29,64.87,0.0,59.78,84,12
2025-08-14,SKU29,63.65,0.0,65.18,69,9
2025-08-15,SKU29,64.06,0.0,64.52,103,12
2025-08-16,SKU29,63.59,0.0,62.49,109,9
2025-08-17,SKU29,63.29,0.0,58.99,81,7
2025-08-18,SKU29,62.11,0.0,67.58,56,5
2025-08-19,SKU29,62.0,0.0,57.69,99,8
2025-08-20,SKU29,64.12,0.0,63.52,87,7
2025-08-21,SKU29,64.65,0.0,68.73,84,8
2025-08-22,SKU29,64.03,0.0,59.6,87,9
2025-08-23,SKU29,63.65,0.0,68.61,70,9
2025-08-24,SKU29,61.04,0.0,60.19,78,5
2025-08-25,SKU29,64.0,0.0,61.87,70,6
2025-08-26,SKU29,62.92,0.0,58.43,72,9
2025-08-27,SKU29,64.53,0.0,66.68,91,6
2025-08-28,SKU29,63.89,0.0,63.96,86,10
2025-08-29,SKU29,63.51,0.0,65.66,66,8
2025-08-30,SKU29,62.63,0.0,69.44,65,10
2025-08-31,SKU29,61.85,0.0,60.13,81,12
2025-09-01,SKU29,60.84,0.0,64.87,94,11
2025-09-02,SKU29,63.43,0.0,66.49,75,7
2025-09-03,SKU29,61.86,0.0,63.99,99,8
2025-09-04,SKU29,66.4,0.0,64.81,86,13
2025-09-05,SKU29,64.55,0.0,68.4,95,8
2025-09-06,SKU29,57.44,9.49,67.68,129,22
2025-09-07,SKU29,62.02,0.0,64.64,94,10
2025-09-08,SKU29,64.83,0.0,66.07,93,6
2025-09-09,SKU29,62.7,0.0,62.07,86,8
2025-09-10,SKU29,63.55,0.0,66.24,90,12
2025-09-11,SKU29,63.87,0.0,63.77,79,8
2025-09-12,SKU29,62.49,0.0,55.62,73,13
2025-09-13,SKU29,66.24,0.0,67.57,75,12
2025-09-14,SKU29,65.3,0.0,62.45,69,7
2025-09-15,SKU29,65.33,0.0,61.89,86,7
2025-09-16,SKU29,61.98,0.0,62.24,79,9
2025-09-17,SKU29,63.18,0.0,64.22,97,9
2025-09-18,SKU29,61.97,0.0,61.92,71,7
2025-09-19,SKU29,62.82,0.0,58.97,89,11
2025-09-20,SKU29,64.6,0.0,61.1,86,12
2025-09-21,SKU29,64.75,0.0,64.83,89,9
2025-09-22,SKU29,63.17,0.0,60.3,82,17
2025-09-23,SKU29,63.52,0.0,69.28,102,9
2025-09-24,SKU29,64.66,0.0,58.89,92,7
2025-09-25,SKU29,62.01,0.0,62.5,84,8
2025-09-26,SKU29,45.54,27.27,62.55,132,25
2025-09-27,SKU29,63.62,0.0,60.83,102,9
2025-09-28,SKU29,63.86,0.0,66.6,100,5
2025-09-29,SKU29,64.06,0.0,63.02,73,8
2025-09-30,SKU29,63.45,0.0,63.72,92,9
2025-10-01,SKU29,63.36,0.0,60.57,101,9
2025-10-02,SKU29,63.08,0.0,63.65,71,9
2025-10-03,SKU29,55.19,12.39,58.26,132,16
2025-10-04,SKU29,62.13,0.0,62.94,82,10
2025-10-05,SKU29,61.96,0.0,64.38,70,11
2025-10-06,SKU29,63.31,0.0,61.19,97,7
2025-10-07,SKU29,63.49,0.0,60.83,89,5
2025-10-08,SKU29,63.91,0.0,69.14,81,10
2025-10-09,SKU29,63.41,0.0,64.96,93,9
2025-10-10,SKU29,47.08,28.65,65.82,130,23
2025-10-11,SKU29,61.35,0.0,63.38,89,12
2025-10-12,SKU29,54.45,9.88,63.93,138,25
2025-10-13,SKU29,62.68,0.0,58.89,90,2
2025-10-14,SKU29,63.98,0.0,61.21,94,0
2025-10-15,SKU29,63.61,0.0,63.38,79,7
2025-10-16,SKU29,63.12,0.0,64.44,84,5
2025-10-17,SKU29,64.43,0.0,68.1,93,10
2025-10-18,SKU29,62.14,0.0,60.2,82,10
2025-10-19,SKU29,62.9,0.0,58.51,69,7
2025-10-20,SKU29,62.45,0.0,61.55,90,4
2025-10-21,SKU29,64.27,0.0,61.1,89,9
2025-10-22,SKU29,64.51,0.0,68.85,83,4
2025-10-23,SKU29,62.79,0.0,65.28,86,5
2025-10-24,SKU29,61.51,0.0,58.66,70,8
2025-10-25,SKU29,64.51,0.0,58.86,85,9
2025-10-26,SKU29,64.26,0.0,65.17,74,14
2025-10-27,SKU29,65.37,0.0,62.79,80,10
2025-10-28,SKU29,63.87,0.0,66.23,96,11
2025-10-29,SKU29,63.76,0.0,64.95,86,5
2025-10-30,SKU29,62.97,0.0,73.06,75,9
2025-10-31,SKU29,61.52,0.0,62.49,95,12
2025-11-01,SKU29,62.61,0.0,60.12,93,7
2025-11-02,SKU29,63.26,0.0,64.72,84,6
2025-11-03,SKU29,62.18,5.56,61.87,108,25
2025-11-04,SKU29,62.91,0.0,59.93,88,17
2025-11-05,SKU29,62.02,0.0,60.08,79,9
2025-11-06,SKU29,63.87,0.0,60.14,76,5
2025-11-07,SKU29,63.01,0.0,59.9,97,7
2025-11-08,SKU29,63.43,0.0,60.43,75,18
2025-11-09,SKU29,64.58,0.0,62.6,82,13
2025-11-10,SKU29,65.44,0.0,59.65,91,6
2025-11-11,SKU29,62.2,0.0,68.06,90,12
2025-11-12,SKU29,64.45,0.0,62.65,85,10
2025-11-13,SKU29,61.78,0.0,61.39,81,9
2025-11-14,SKU29,54.21,14.1,61.86,133,23
2025-11-15,SKU29,64.08,0.0,57.87,65,8
