data/derived/demand_data.csv
date,sku_id,price,discount_percent,competitor_price,web_traffic,units_sold
2025-05-20,SKU30,7.98,0.0,8.17,111,11
2025-05-21,SKU30,7.9,0.0,7.53,102,9
2025-05-22,SKU30,6.54,18.24,8.36,189,22
2025-05-23,SKU30,8.03,0.0,8.04,111,9
2025-05-24,SKU30,8.22,0.0,8.51,125,9
2025-05-25,SKU30,7.81,0.0,7.7,109,0
2025-05-26,SKU30,8.09,0.0,8.17,104,0
2025-05-27,SKU30,8.09,0.0,8.01,119,0
2025-05-28,SKU30,8.05,0.0,8.13,130,0
2025-05-29,SKU30,8.19,0.0,8.43,109,0
2025-05-30,SKU30,8.01,0.0,7.96,114,0
2025-05-31,SKU30,7.73,0.0,7.8,108,0
2025-06-01,SKU30,8.18,0.0,7.84,116,0
2025-06-02,SKU30,7.96,0.0,8.1,125,0
2025-06-03,SKU30,8.13,0.0,8.46,121,0
2025-06-04,SKU30,7.92,0.0,7.42,118,0
2025-06-05,SKU30,8.05,0.0,8.17,104,0
2025-06-06,SKU30,7.92,0.0,8.91,127,0
2025-06-07,SKU30,7.79,0.0,7.87,113,0
2025-06-08,SKU30,8.06,0.0,7.88,97,0
2025-06-09,SKU30,8.25,0.0,8.53,111,0
2025-06-10,SKU30,8.04,0.0,9.0,97,0
2025-06-11,SKU30,8.1,0.0,8.73,109,0
2025-06-12,SKU30,8.35,0.0,8.22,92,0
2025-06-13,SKU30,7.88,0.0,7.76,120,0
2025-06-14,SKU30,7.9,0.0,7.96,106,0
2025-06-15,SKU30,8.02,0.0,8.2,99,0
2025-06-16,SKU30,8.11,0.0,8.84,119,8
2025-06-17,SKU30,8.06,0.0,7.98,87,12
2025-06-18,SKU30,8.07,0.0,8.26,123,14
2025-06-19,SKU30,8.04,0.0,8.09,109,13
2025-06-20,SKU30,8.05,0.0,9.57,87,11
2025-06-21,SKU30,8.07,0.0,8.02,112,13
2025-06-22,SKU30,8.09,0.0,7.6,118,15
2025-06-23,SKU30,8.09,0.0,8.44,114,8
2025-06-24,SKU30,8.25,0.0,8.2,120,15
2025-06-25,SKU30,8.14,0.0,7.87,105,9
2025-06-26,SKU30,8.45,0.0,7.6,107,14
2025-06-27,SKU30,8.19,0.0,8.23,115,7
2025-06-28,SKU30,8.21,0.0,8.17,102,14
2025-06-29,SKU30,6.33,19.34,7.58,180,35
2025-06-30,SKU30,8.24,0.0,8.01,127,15
2025-07-01,SKU30,6.89,13.85,7.67,144,28
2025-07-02,SKU30,8.17,0.0,8.34,117,6
2025-07-03,SKU30,8.04,0.0,7.96,112,14
2025-07-04,SKU30,8.08,0.0,8.38,111,8
2025-07-05,SKU30,7.79,0.0,7.9,111,14
2025-07-06,SKU30,8.02,0.0,7.41,113,18
2025-07-07,SKU30,7.93,0.0,7.76,121,14
2025-07-08,SKU30,7.88,0.0,7.97,114,10
2025-07-09,SKU30,8.29,0.0,7.73,110,5
2025-07-10,SKU30,7.83,0.0,7.92,91,11
2025-07-11,SKU30,8.09,0.0,8.78,107,13
2025-07-12,SKU30,8.17,0.0,8.26,116,11
2025-07-13,SKU30,7.87,0.0,8.23,120,11
2025-07-14,SKU30,6.02,25.69,7.94,178,36
2025-07-15,SKU30,8.16,0.0,7.75,108,14
2025-07-16,SKU30,8.22,0.0,8.75,119,10
2025-07-17,SKU30,7.88,0.0,8.0,115,14
2025-07-18,SKU30,8.06,0.0,7.88,92,6
2025-07-19,SKU30,8.1,0.0,8.54,108,12
2025-07-20,SKU30,8.01,0.0,8.78,103,14
2025-07-21,SKU30,7.72,0.0,7.79,116,12
2025-07-22,SKU30,7.72,0.0,7.25,91,14
2025-07-23,SKU30,7.94,0.0,7.63,95,10
2025-07-24,SKU30,8.14,0.0,8.01,112,5
2025-07-25,SKU30,8.09,0.0,8.37,109,6
2025-07-26,SKU30,8.03,0.0,8.28,111,12
2025-07-27,SKU30,8.07,0.0,8.19,82,19
2025-07-28,SKU30,8.19,0.0,8.37,130,8
2025-07-29,SKU30,7.92,0.0,7.84,101,11
2025-07-30,SKU30,7.89,0.0,7.78,103,12
2025-07-31,SKU30,8.28,0.0,7.96,100,6
2025-08-01,SKU30,7.81,0.0,7.08,116,12
2025-08-02,SKU30,7.99,0.0,7.95,107,8
2025-08-03,SKU30,7.84,5.11,8.05,159,28
2025-08-04,SKU30,8.08,0.0,8.23,100,14
2025-08-05,SKU30,7.8,0.0,8.06,109,14
2025-08-06,SKU30,7.77,0.0,8.78,95,10
2025-08-07,SKU30,8.23,0.0,7.36,118,16
2025-08-08,SKU30,7.94,0.0,8.18,96,11
2025-08-09,SKU30,7.86,0.0,8.25,133,10
2025-08-10,SKU30,7.11,8.9,7.79,184,39
2025-08-11,SKU30,8.28,0.0,8.32,120,7
2025-08-12,SKU30,8.23,0.0,8.01,104,7
2025-08-13,SKU30,6.19,21.73,6.93,153,28
2025-08-14,SKU30,8.23,0.0,8.53,115,11
2025-08-15,SKU30,8.13,0.0,7.97,127,18
2025-08-16,SKU30,7.87,0.0,8.88,103,10
2025-08-17,SKU30,8.09,0.0,7.64,112,20
2025-08-18,SKU30,7.92,0.0,8.49,94,13
2025-08-19,SKU30,7.86,0.0,8.34,96,10
2025-08-20,SKU30,7.84,0.0,7.51,90,8
2025-08-21,SKU30,7.94,0.0,8.14,115,9
2025-08-22,SKU30,8.0,0.0,7.43,122,8
2025-08-23,SKU30,8.15,0.0,7.99,114,17
2025-08-24,SKU30,7.94,0.0,7.9,116,14
2025-08-25,SKU30,8.16,0.0,7.74,123,10
2025-08-26,SKU30,7.52,5.97,8.48,171,34
2025-08-27,SKU30,7.77,0.0,7.76,108,7
2025-08-28,SKU30,8.24,0.0,8.06,121,16
2025-08-29,SKU30,8.04,0.0,8.05,94,9
2025-08-30,SKU30,8.07,0.0,8.4,107,21
2025-08-31,SKU30,8.18,0.0,8.06,129,11
2025-09-01,SKU30,7.94,0.0,8.0,94,6
2025-09-02,SKU30,8.11,0.0,8.21,112,13
2025-09-03,SKU30,7.82,0.0,8.5,115,10
2025-09-04,SKU30,8.21,0.0,8.13,108,9
2025-09-05,SKU30,8.15,0.0,8.5,104,15
2025-09-06,SKU30,8.15,0.0,7.47,120,17
2025-09-07,SKU30,8.14,0.0,7.7,100,9
2025-09-08,SKU30,7.94,0.0,8.21,96,10
2025-09-09,SKU30,8.04,0.0,7.68,93,16
2025-09-10,SKU30,7.9,0.0,7.98,104,12
2025-09-11,SKU30,7.91,0.0,8.1,117,7
2025-09-12,SKU30,8.01,0.0,7.16,119,12
2025-09-13,SKU30,7.91,0.0,7.35,111,16
2025-09-14,SKU30,8.14,0.0,7.98,120,10
2025-09-15,SKU30,7.89,0.0,7.87,106,8
2025-09-16,SKU30,7.98,0.0,8.21,112,11
2025-09-17,SKU30,7.85,0.0,7.97,99,18
2025-09-18,SKU30,7.8,0.0,8.06,116,8
2025-09-19,SKU30,8.0,0.0,8.37,120,6
2025-09-20,SKU30,7.82,0.0,7.58,88,15
2025-09-21,SKU30,7.9,0.0,8.52,105,15
2025-09-22,SKU30,8.13,0.0,7.86,108,13
2025-09-23,SKU30,7.7,0.0,8.46,117,9
2025-09-24,SKU30,8.09,0.0,7.52,108,12
2025-09-25,SKU30,8.06,0.0,9.12,109,15
2025-09-26,SKU30,8.04,0.0,8.09,97,8
2025-09-27,SKU30,7.86,0.0,7.9,106,9
2025-09-28,SKU30,8.08,0.0,7.91,114,14
2025-09-29,SKU30,7.93,0.0,7.95,115,13
2025-09-30,SKU30,7.75,0.0,7.76,100,14
2025-10-01,SKU30,8.2,0.0,8.08,126,6
2025-10-02,SKU30,7.74,0.0,8.72,110,7
2025-10-03,SKU30,8.13,0.0,8.28,86,13
2025-10-04,SKU30,8.0,0.0,7.58,105,15
2025-10-05,SKU30,7.83,0.0,7.78,101,11
2025-10-06,SKU30,7.93,0.0,8.35,114,9
2025-10-07,SKU30,8.05,0.0,7.42,104,13
2025-10-08,SKU30,8.06,0.0,7.94,112,7
2025-10-09,SKU30,6.26,23.96,8.41,159,20
2025-10-10,SKU30,8.05,0.0,8.28,124,16
2025-10-11,SKU30,8.12,0.0,7.64,119,15
2025-10-12,SKU30,8.03,0.0,7.9,100,14
2025-10-13,SKU30,8.12,0.0,8.07,105,12
2025-10-14,SKU30,8.16,0.0,7.82,117,18
2025-10-15,SKU30,8.05,0.0,8.04,134,10
2025-10-16,SKU30,7.74,0.0,8.36,109,8
2025-10-17,SKU30,8.08,0.0,8.03,94,9
2025-10-18,SKU30,8.11,0.0,8.24,101,17
2025-10-19,SKU30,8.09,0.0,8.23,115,18
2025-10-20,SKU30,6.81,13.14,8.32,165,28
2025-10-21,SKU30,8.28,0.0,8.08,111,14
2025-10-22,SKU30,8.02,0.0,7.32,86,10
2025-10-23,SKU30,8.16,0.0,7.98,123,5
2025-10-24,SKU30,8.12,0.0,7.57,129,9
2025-10-25,SKU30,8.16,0.0,8.62,117,17
2025-10-26,SKU30,8.13,0.0,8.49,103,19
2025-10-27,SKU30,7.77,0.0,8.21,105,17
2025-10-28,SKU30,8.03,0.0,7.57,109,8
2025-10-29,SKU30,7.86,0.0,8.09,108,11
2025-10-30,SKU30,8.09,0.0,7.97,120,16
2025-10-31,SKU30,8.13,0.0,8.55,95,11
2025-11-01,SKU30,7.71,0.0,7.59,101,16
2025-11-02,SKU30,8.1,0.0,8.36,117,18
2025-11-03,SKU30,7.82,0.0,8.24,110,9
2025-11-04,SKU30,7.91,0.0,8.31,102,14
2025-11-05,SKU30,8.03,0.0,8.55,118,11
2025-11-06,SKU30,8.19,0.0,8.68,106,17
2025-11-07,SKU30,7.99,0.0,8.26,108,10
2025-11-08,SKU30,7.84,0.0,8.0,111,19
2025-11-09,SKU30,8.27,0.0,7.95,121,16
2025-11-10,SKU30,8.27,0.0,7.36,101,11
2025-11-11,SKU30,7.87,0.0,7.17,97,8
2025-11-12,SKU30,8.21,0.0,8.38,109,9
2025-11-13,SKU30,7.47,5.7,8.38,187,21
2025-11-14,SKU30,8.01,0.0,8.52,110,11
2025-11-15,SKU30,7.75,0.0,8.41,116,13
2025-05-20,SKU31,50.57,0.0,45.84,54,6
2025-05-21,SKU31,51.68,0.0,53.51,52,0
2025-05-22,SKU31,51.38,0.0,54.74,52,0
2025-05-23,SKU31,50.07,0.0,49.22,50,0
2025-05-24,SKU31,50.89,0.0,49.49,43,0
2025-05-25,SKU31,51.62,0.0,54.12,51,0
2025-05-26,SKU31,50.01,0.0,53.37,57,0
2025-05-27,SKU31,50.87,0.0,56.14,58,0
2025-05-28,SKU31,50.17,0.0,51.35,44,0
2025-05-29,SKU31,51.59,0.0,55.17,61,0
2025-05-30,SKU31,51.24,0.0,53.93,48,0
2025-05-31,SKU31,51.72,0.0,47.01,47,0
2025-06-01,SKU31,50.66,0.0,51.52,44,0
2025-06-02,SKU31,51.72,0.0,50.35,70,0
2025-06-03,SKU31,51.12,0.0,51.98,57,0
2025-06-04,SKU31,50.64,0.0,48.52,61,0
2025-06-05,SKU31,50.75,0.0,52.66,62,0
2025-06-06,SKU31,50.86,0.0,48.46,58,0
2025-06-07,SKU31,49.69,0.0,49.5,71,8
2025-06-08,SKU31,52.32,0.0,50.42,61,6
2025-06-09,SKU31,50.2,0.0,49.45,57,6
2025-06-10,SKU31,52.08,0.0,50.87,50,1
2025-06-11,SKU31,49.36,0.0,52.32,58,10
2025-06-12,SKU31,50.37,0.0,48.49,58,6
2025-06-13,SKU31,51.13,0.0,50.29,46,6
2025-06-14,SKU31,50.46,0.0,55.74,60,8
2025-06-15,SKU31,51.65,0.0,49.42,58,9
2025-06-16,SKU31,49.77,0.0,50.6,67,3
2025-06-17,SKU31,51.6,0.0,45.01,58,5
2025-06-18,SKU31,43.79,13.93,49.93,90,12
2025-06-19,SKU31,49.26,0.0,47.93,56,2
2025-06-20,SKU31,50.08,0.0,50.61,54,5
2025-06-21,SKU31,52.59,0.0,52.69,51,7
2025-06-22,SKU31,50.84,0.0,50.19,67,14
2025-06-23,SKU31,50.61,0.0,51.31,53,8
2025-06-24,SKU31,51.16,0.0,53.69,57,6
2025-06-25,SKU31,51.45,0.0,48.6,65,13
2025-06-26,SKU31,50.18,0.0,53.22,58,8
2025-06-27,SKU31,51.04,0.0,51.84,58,11
2025-06-28,SKU31,52.48,0.0,51.44,62,7
2025-06-29,SKU31,51.26,0.0,51.17,58,4
2025-06-30,SKU31,51.29,0.0,51.67,60,4
2025-07-01,SKU31,52.19,0.0,52.88,50,3
2025-07-02,SKU31,50.91,0.0,51.55,57,7
2025-07-03,SKU31,52.08,0.0,50.52,50,6
2025-07-04,SKU31,52.47,0.0,51.45,50,6
2025-07-05,SKU31,52.65,0.0,49.65,38,7
2025-07-06,SKU31,49.22,0.0,48.71,47,6
2025-07-07,SKU31,51.19,0.0,50.67,56,8
2025-07-08,SKU31,50.7,0.0,52.15,43,2
2025-07-09,SKU31,50.23,0.0,54.94,55,7
2025-07-10,SKU31,50.9,0.0,51.87,60,10
2025-07-11,SKU31,42.2,15.08,49.74,63,12
2025-07-12,SKU31,52.36,0.0,51.68,64,5
2025-07-13,SKU31,50.79,0.0,50.79,55,7
2025-07-14,SKU31,49.79,0.0,52.23,65,5
2025-07-15,SKU31,50.53,0.0,50.8,43,2
2025-07-16,SKU31,51.03,0.0,51.27,44,6
2025-07-17,SKU31,51.08,0.0,50.94,67,7
2025-07-18,SKU31,51.41,0.0,53.34,58,5
2025-07-19,SKU31,51.59,0.0,49.08,61,8
2025-07-20,SKU31,51.33,0.0,50.7,63,9
2025-07-21,SKU31,51.63,0.0,53.05,47,7
2025-07-22,SKU31,51.04,0.0,50.38,67,9
2025-07-23,SKU31,50.98,0.0,48.97,59,7
2025-07-24,SKU31,51.07,0.0,52.01,47,7
2025-07-25,SKU31,50.65,0.0,46.4,60,8
2025-07-26,SKU31,50.98,0.0,52.12,56,13
2025-07-27,SKU31,50.95,0.0,51.51,52,3
2025-07-28,SKU31,51.85,0.0,48.12,58,5
2025-07-29,SKU31,49.51,0.0,51.15,61,3
2025-07-30,SKU31,50.82,0.0,46.04,45,2
2025-07-31,SKU31,51.7,0.0,52.71,53,3
2025-08-01,SKU31,53.3,0.0,47.65,64,4
2025-08-02,SKU31,52.54,0.0,49.88,62,6
2025-08-03,SKU31,52.45,0.0,50.17,56,6
2025-08-04,SKU31,51.99,0.0,49.8,54,4
2025-08-05,SKU31,52.85,0.0,46.78,61,10
2025-08-06,SKU31,51.42,0.0,48.22,58,3
2025-08-07,SKU31,52.62,0.0,53.87,51,3
2025-08-08,SKU31,52.0,0.0,51.21,52,9
2025-08-09,SKU31,50.67,0.0,49.5,61,15
2025-08-10,SKU31,50.26,0.0,50.13,65,10
2025-08-11,SKU31,50.15,0.0,49.98,53,7
2025-08-12,SKU31,51.25,0.0,54.04,57,6
2025-08-13,SKU31,49.34,0.0,52.51,54,5
2025-08-14,SKU31,49.98,0.0,49.7,64,4
2025-08-15,SKU31,51.05,0.0,46.29,54,6
2025-08-16,SKU31,51.13,0.0,48.74,61,9
2025-08-17,SKU31,50.21,0.0,49.28,65,3
2025-08-18,SKU31,49.84,0.0,51.42,61,3
2025-08-19,SKU31,50.64,0.0,51.16,68,7
2025-08-20,SKU31,51.83,0.0,53.84,54,3
2025-08-21,SKU31,51.28,0.0,52.19,40,5
2025-08-22,SKU31,51.29,0.0,51.63,47,4
2025-08-23,SKU31,49.66,0.0,51.63,58,5
2025-08-24,SKU31,50.07,0.0,50.85,61,7
2025-08-25,SKU31,51.6,0.0,50.97,59,3
2025-08-26,SKU31,50.08,0.0,49.09,48,10
2025-08-27,SKU31,49.82,0.0,50.3,45,7
2025-08-28,SKU31,52.85,0.0,51.61,62,5
2025-08-29,SKU31,50.48,0.0,52.79,54,6
2025-08-30,SKU31,50.78,0.0,47.36,45,9
2025-08-31,SKU31,50.07,0.0,52.91,44,5
2025-09-01,SKU31,49.84,0.0,50.29,44,6
2025-09-02,SKU31,48.71,0.0,51.68,52,7
2025-09-03,SKU31,50.73,0.0,50.09,57,4
2025-09-04,SKU31,51.2,0.0,51.34,53,3
2025-09-05,SKU31,51.19,0.0,51.7,53,7
2025-09-06,SKU31,52.83,0.0,51.58,61,2
2025-09-07,SKU31,51.85,0.0,54.11,66,9
2025-09-08,SKU31,50.24,0.0,46.77,57,7
2025-09-09,SKU31,50.33,0.0,53.27,52,3
2025-09-10,SKU31,51.62,0.0,50.55,69,3
2025-09-11,SKU31,50.51,0.0,50.25,55,6
2025-09-12,SKU31,49.05,0.0,50.77,53,6
2025-09-13,SKU31,49.93,0.0,52.26,39,6
2025-09-14,SKU31,51.04,0.0,54.44,64,3
2025-09-15,SKU31,50.15,0.0,53.38,57,4
2025-09-16,SKU31,51.56,0.0,45.78,49,11
2025-09-17,SKU31,51.15,0.0,45.42,61,3
2025-09-18,SKU31,51.96,0.0,50.91,70,7
2025-09-19,SKU31,38.79,22.89,53.02,73,19
2025-09-20,SKU31,53.8,0.0,51.09,54,7
2025-09-21,SKU31,50.98,0.0,53.08,55,8
2025-09-22,SKU31,50.41,0.0,52.27,66,5
2025-09-23,SKU31,51.82,0.0,49.36,46,2
2025-09-24,SKU31,52.0,0.0,48.42,49,4
2025-09-25,SKU31,49.61,0.0,48.99,58,7
2025-09-26,SKU31,49.3,0.0,46.32,50,7
2025-09-27,SKU31,50.93,0.0,53.72,64,5
2025-09-28,SKU31,53.42,0.0,47.42,49,12
2025-09-29,SKU31,50.99,0.0,50.15,50,3
2025-09-30,SKU31,50.18,0.0,53.39,57,8
2025-10-01,SKU31,51.16,0.0,51.16,57,3
2025-10-02,SKU31,50.94,0.0,51.41,61,9
2025-10-03,SKU31,50.48,0.0,50.12,69,5
2025-10-04,SKU31,50.07,0.0,53.44,52,7
2025-10-05,SKU31,50.27,0.0,52.61,51,6
2025-10-06,SKU31,49.0,0.0,55.69,55,7
2025-10-07,SKU31,50.01,0.0,51.38,54,7
2025-10-08,SKU31,48.97,0.0,50.49,51,7
2025-10-09,SKU31,52.18,0.0,51.49,82,7
2025-10-10,SKU31,52.29,0.0,49.52,60,2
2025-10-11,SKU31,50.25,0.0,50.84,46,4
2025-10-12,SKU31,51.31,0.0,55.4,80,6
2025-10-13,SKU31,50.43,0.0,44.72,63,7
2025-10-14,SKU31,50.13,0.0,49.84,41,6
2025-10-15,SKU31,51.17,0.0,48.08,42,10
2025-10-16,SKU31,52.35,0.0,49.34,60,4
2025-10-17,SKU31,49.78,0.0,52.14,51,5
2025-10-18,SKU31,50.56,0.0,49.86,51,6
2025-10-19,SKU31,50.21,0.0,50.69,52,3
2025-10-20,SKU31,51.73,0.0,48.09,52,10
2025-10-21,SKU31,50.6,0.0,47.07,53,9
2025-10-22,SKU31,51.36,0.0,50.54,78,11
2025-10-23,SKU31,50.44,0.0,52.4,51,7
2025-10-24,SKU31,51.34,0.0,47.71,55,4
2025-10-25,SKU31,49.41,0.0,47.42,60,6
2025-10-26,SKU31,49.84,0.0,52.19,51,8
2025-10-27,SKU31,49.4,0.0,48.96,56,8
2025-10-28,SKU31,36.8,27.01,55.68,94,13
2025-10-29,SKU31,49.76,0.0,48.54,47,5
2025-10-30,SKU31,43.19,13.31,51.31,75,9
2025-10-31,SKU31,50.54,0.0,52.92,70,2
2025-11-01,SKU31,51.52,0.0,57.26,63,13
2025-11-02,SKU31,50.08,0.0,50.45,55,3
2025-11-03,SKU31,49.51,0.0,47.19,63,7
2025-11-04,SKU31,48.53,0.0,52.28,48,6
2025-11-05,SKU31,51.71,0.0,45.31,61,6
2025-11-06,SKU31,50.65,0.0,51.71,56,6
2025-11-07,SKU31,50.81,0.0,54.36,53,6
2025-11-08,SKU31,51.1,0.0,52.55,52,8
2025-11-09,SKU31,50.33,0.0,51.31,59,5
2025-11-10,SKU31,49.58,0.0,48.23,52,3
2025-11-11,SKU31,48.62,0.0,49.94,50,5
2025-11-12,SKU31,50.23,0.0,52.56,58,9
2025-11-13,SKU31,50.27,0.0,49.96,56,6
2025-11-14,SKU31,50.33,0.0,57.47,51,9
2025-11-15,SKU31,52.09,0.0,48.39,54,7
