data/derived/demand_data.csv
date,sku_id,price,discount_percent,competitor_price,web_traffic,units_sold
2025-05-20,SKU34,37.19,0.0,39.99,223,1
2025-05-21,SKU34,36.07,0.0,35.72,202,0
2025-05-22,SKU34,37.5,0.0,37.15,214,0
2025-05-23,SKU34,37.44,0.0,39.71,223,0
2025-05-24,SKU34,36.67,0.0,36.06,181,0
2025-05-25,SKU34,37.9,0.0,38.57,206,0
2025-05-26,SKU34,37.62,0.0,35.68,216,0
2025-05-27,SKU34,38.71,0.0,37.79,191,0
2025-05-28,SKU34,39.2,0.0,39.66,207,0
2025-05-29,SKU34,37.23,0.0,39.11,214,0
2025-05-30,SKU34,29.08,21.63,37.07,297,0
2025-05-31,SKU34,37.61,0.0,38.24,193,0
2025-06-01,SKU34,37.87,0.0,35.68,183,0
2025-06-02,SKU34,37.39,0.0,39.41,204,0
2025-06-03,SKU34,36.17,0.0,37.34,183,0
2025-06-04,SKU34,26.97,28.32,36.28,319,0
2025-06-05,SKU34,38.52,0.0,37.24,172,0
2025-06-06,SKU34,37.65,0.0,37.13,204,0
2025-06-07,SKU34,37.12,0.0,37.9,187,0
2025-06-08,SKU34,37.75,0.0,37.26,206,0
2025-06-09,SKU34,37.92,0.0,38.31,201,0
2025-06-10,SKU34,37.29,0.0,37.11,189,0
2025-06-11,SKU34,37.71,0.0,41.72,207,0
2025-06-12,SKU34,36.47,0.0,36.73,181,0
2025-06-13,SKU34,37.12,0.0,36.97,202,0
2025-06-14,SKU34,37.43,0.0,37.54,204,0
2025-06-15,SKU34,37.94,0.0,38.4,174,0
2025-06-16,SKU34,36.88,0.0,41.16,205,16
2025-06-17,SKU34,37.77,0.0,37.89,209,21
2025-06-18,SKU34,37.22,0.0,37.04,200,25
2025-06-19,SKU34,37.3,0.0,37.65,242,11
2025-06-20,SKU34,37.17,0.0,34.15,213,29
2025-06-21,SKU34,36.87,0.0,40.28,190,22
2025-06-22,SKU34,37.24,0.0,37.32,198,23
2025-06-23,SKU34,34.98,6.64,37.14,288,45
2025-06-24,SKU34,38.08,0.0,34.98,171,25
2025-06-25,SKU34,38.96,0.0,36.66,195,21
2025-06-26,SKU34,36.61,0.0,37.31,200,20
2025-06-27,SKU34,38.24,0.0,35.52,220,16
2025-06-28,SKU34,37.46,0.0,37.12,197,21
2025-06-29,SKU34,37.87,0.0,37.68,216,33
2025-06-30,SKU34,36.32,0.0,38.42,195,23
2025-07-01,SKU34,27.87,25.35,34.64,273,41
2025-07-02,SKU34,37.15,0.0,40.09,203,20
2025-07-03,SKU34,38.22,0.0,39.8,211,15
2025-07-04,SKU34,38.05,0.0,40.12,208,14
2025-07-05,SKU34,36.13,0.0,36.89,174,22
2025-07-06,SKU34,36.51,0.0,38.93,201,21
2025-07-07,SKU34,38.18,0.0,35.52,213,22
2025-07-08,SKU34,39.42,0.0,34.95,221,16
2025-07-09,SKU34,37.05,0.0,39.23,197,20
2025-07-10,SKU34,37.8,0.0,41.52,195,17
2025-07-11,SKU34,29.66,20.19,37.33,313,55
2025-07-12,SKU34,38.31,0.0,35.3,188,16
2025-07-13,SKU34,36.39,0.0,33.56,182,21
2025-07-14,SKU34,37.19,0.0,36.07,192,25
2025-07-15,SKU34,35.88,0.0,38.95,205,23
2025-07-16,SKU34,38.67,0.0,36.17,218,29
2025-07-17,SKU34,37.32,0.0,38.95,203,17
2025-07-18,SKU34,38.76,0.0,39.07,215,24
2025-07-19,SKU34,37.64,0.0,36.66,199,26
2025-07-20,SKU34,37.7,0.0,37.27,197,24
2025-07-21,SKU34,36.36,0.0,35.04,181,23
2025-07-22,SKU34,38.44,0.0,38.62,207,16
2025-07-23,SKU34,38.03,0.0,37.32,222,22
2025-07-24,SKU34,37.55,0.0,39.45,188,19
2025-07-25,SKU34,39.66,0.0,36.97,208,21
2025-07-26,SKU34,37.43,0.0,35.18,202,19
2025-07-27,SKU34,37.59,0.0,34.73,186,21
2025-07-28,SKU34,37.3,0.0,40.13,183,15
2025-07-29,SKU34,37.13,0.0,36.15,188,24
2025-07-30,SKU34,37.07,0.0,36.71,186,18
2025-07-31,SKU34,37.41,0.0,35.48,200,20
2025-08-01,SKU34,36.67,0.0,39.93,224,20
2025-08-02,SKU34,37.3,0.0,36.65,202,18
2025-08-03,SKU34,29.25,20.76,36.57,324,57
2025-08-04,SKU34,37.9,0.0,35.91,185,24
2025-08-05,SKU34,36.64,0.0,37.13,190,15
2025-08-06,SKU34,36.29,0.0,35.66,199,16
2025-08-07,SKU34,37.23,0.0,36.83,205,18
2025-08-08,SKU34,37.02,0.0,38.05,200,15
2025-08-09,SKU34,37.61,0.0,39.41,199,29
2025-08-10,SKU34,32.41,12.55,33.05,268,66
2025-08-11,SKU34,38.53,0.0,36.94,187,19
2025-08-12,SKU34,38.36,0.0,36.29,177,16
2025-08-13,SKU34,32.94,11.9,37.84,300,55
2025-08-14,SKU34,37.06,0.0,37.58,166,30
2025-08-15,SKU34,39.33,0.0,37.78,213,22
2025-08-16,SKU34,37.52,0.0,35.08,216,25
2025-08-17,SKU34,26.87,27.98,38.38,280,55
2025-08-18,SKU34,38.06,0.0,34.34,204,24
2025-08-19,SKU34,36.88,0.0,36.67,193,16
2025-08-20,SKU34,37.32,0.0,38.94,183,22
2025-08-21,SKU34,38.83,0.0,36.54,199,15
2025-08-22,SKU34,37.29,0.0,34.69,194,17
2025-08-23,SKU34,37.31,0.0,40.37,199,25
2025-08-24,SKU34,36.47,0.0,35.54,211,23
2025-08-25,SKU34,36.79,0.0,38.61,193,19
2025-08-26,SKU34,36.75,0.0,38.05,181,23
2025-08-27,SKU34,36.8,0.0,37.52,198,19
2025-08-28,SKU34,37.61,0.0,38.79,215,21
2025-08-29,SKU34,38.08,0.0,36.28,204,25
2025-08-30,SKU34,38.45,0.0,36.92,194,17
2025-08-31,SKU34,37.72,0.0,35.38,226,27
2025-09-01,SKU34,37.24,0.0,38.42,213,24
2025-09-02,SKU34,36.36,0.0,40.97,183,15
2025-09-03,SKU34,36.87,0.0,34.58,197,21
2025-09-04,SKU34,36.93,0.0,35.19,179,22
2025-09-05,SKU34,36.93,0.0,37.44,197,18
2025-09-06,SKU34,37.77,0.0,37.65,187,19
2025-09-07,SKU34,36.57,0.0,40.33,203,31
2025-09-08,SKU34,36.27,0.0,38.77,204,23
2025-09-09,SKU34,37.35,0.0,37.4,199,22
2025-09-10,SKU34,36.89,0.0,39.91,235,20
2025-09-11,SKU34,36.15,0.0,39.36,194,24
2025-09-12,SKU34,37.93,0.0,40.16,211,17
2025-09-13,SKU34,37.27,0.0,38.7,202,27
2025-09-14,SKU34,38.16,0.0,36.4,217,15
2025-09-15,SKU34,37.02,0.0,36.86,208,28
2025-09-16,SKU34,37.68,0.0,35.87,207,27
2025-09-17,SKU34,38.77,0.0,36.47,220,21
2025-09-18,SKU34,38.06,0.0,35.42,195,24
2025-09-19,SKU34,37.38,0.0,36.31,193,21
2025-09-20,SKU34,38.36,0.0,33.9,204,21
2025-09-21,SKU34,36.6,0.0,39.29,215,31
2025-09-22,SKU34,36.73,0.0,39.27,223,22
2025-09-23,SKU34,38.8,0.0,37.16,186,24
2025-09-24,SKU34,35.65,0.0,36.32,195,17
2025-09-25,SKU34,38.43,0.0,35.59,203,20
2025-09-26,SKU34,38.0,0.0,36.62,206,29
2025-09-27,SKU34,37.84,0.0,37.27,247,20
2025-09-28,SKU34,37.39,0.0,38.89,202,32
2025-09-29,SKU34,38.33,0.0,37.09,200,20
2025-09-30,SKU34,36.66,0.0,36.47,210,19
2025-10-01,SKU34,37.27,0.0,39.16,198,23
2025-10-02,SKU34,37.31,0.0,35.74,197,20
2025-10-03,SKU34,37.85,0.0,38.07,212,24
2025-10-04,SKU34,31.42,18.37,40.28,258,56
2025-10-05,SKU34,38.77,0.0,37.13,185,16
2025-10-06,SKU34,37.43,0.0,40.49,200,19
2025-10-07,SKU34,37.68,0.0,35.47,202,13
2025-10-08,SKU34,35.86,0.0,38.4,201,23
2025-10-09,SKU34,38.16,0.0,39.13,182,19
2025-10-10,SKU34,34.55,5.89,37.88,306,55
2025-10-11,SKU34,37.48,0.0,36.0,220,19
2025-10-12,SKU34,36.45,0.0,36.55,215,21
2025-10-13,SKU34,37.49,0.0,36.84,199,17
2025-10-14,SKU34,35.76,0.0,37.62,192,21
2025-10-15,SKU34,32.36,10.91,38.33,304,45
2025-10-16,SKU34,38.34,0.0,35.9,214,10
2025-10-17,SKU34,37.4,0.0,37.27,205,23
2025-10-18,SKU34,37.28,0.0,37.96,220,19
2025-10-19,SKU34,37.62,0.0,37.68,223,28
2025-10-20,SKU34,37.38,0.0,36.52,187,13
2025-10-21,SKU34,38.49,0.0,40.74,222,22
2025-10-22,SKU34,38.65,0.0,35.7,189,19
2025-10-23,SKU34,38.11,0.0,35.13,213,26
2025-10-24,SKU34,38.11,0.0,37.16,201,22
2025-10-25,SKU34,36.51,0.0,35.33,200,32
2025-10-26,SKU34,36.65,0.0,37.94,186,23
2025-10-27,SKU34,36.9,0.0,35.91,189,18
2025-10-28,SKU34,36.57,0.0,37.56,184,14
2025-10-29,SKU34,38.37,0.0,36.26,199,16
2025-10-30,SKU34,37.95,0.0,35.65,214,24
2025-10-31,SKU34,37.7,0.0,35.62,202,21
2025-11-01,SKU34,38.08,0.0,36.08,216,26
2025-11-02,SKU34,38.06,0.0,37.94,195,22
2025-11-03,SKU34,35.98,0.0,34.61,217,20
2025-11-04,SKU34,37.98,0.0,38.22,213,18
2025-11-05,SKU34,36.29,0.0,33.81,205,31
2025-11-06,SKU34,32.67,13.29,37.03,291,68
2025-11-07,SKU34,37.99,0.0,37.0,201,16
2025-11-08,SKU34,37.4,0.0,34.35,211,25
2025-11-09,SKU34,30.0,21.05,34.54,333,54
2025-11-10,SKU34,36.79,0.0,37.32,217,18
2025-11-11,SKU34,38.32,0.0,36.87,175,19
2025-11-12,SKU34,37.72,0.0,39.26,206,20
2025-11-13,SKU34,37.74,0.0,39.19,232,16
2025-11-14,SKU34,38.19,0.0,36.64,194,16
2025-11-15,SKU34,38.05,0.0,38.74,215,24
2025-05-20,SKU35,71.79,18.1,81.13,217,35
2025-05-21,SKU35,84.32,0.0,86.54,167,7
2025-05-22,SKU35,80.92,0.0,83.53,162,0
2025-05-23,SKU35,85.48,0.0,88.67,178,0
2025-05-24,SKU35,85.5,0.0,83.15,146,0
2025-05-25,SKU35,86.13,0.0,87.58,147,0
2025-05-26,SKU35,82.07,0.0,86.66,159,0
2025-05-27,SKU35,84.58,0.0,89.52,148,0
2025-05-28,SKU35,86.65,0.0,86.92,149,0
2025-05-29,SKU35,86.43,0.0,87.6,143,0
2025-05-30,SKU35,84.88,0.0,87.37,161,0
2025-05-31,SKU35,85.11,0.0,80.09,167,0
2025-06-01,SKU35,81.94,0.0,80.65,157,0
2025-06-02,SKU35,84.15,0.0,79.86,124,0
2025-06-03,SKU35,84.1,0.0,82.96,137,0
2025-06-04,SKU35,83.56,0.0,80.58,137,0
2025-06-05,SKU35,83.05,0.0,93.43,155,0
2025-06-06,SKU35,84.51,0.0,79.79,147,0
2025-06-07,SKU35,85.75,0.0,81.29,150,0
2025-06-08,SKU35,87.43,0.0,87.96,135,0
2025-06-09,SKU35,82.62,0.0,81.05,160,0
2025-06-10,SKU35,84.93,0.0,84.82,149,0
2025-06-11,SKU35,82.14,0.0,85.69,157,0
2025-06-12,SKU35,84.65,0.0,87.21,170,0
2025-06-13,SKU35,84.88,0.0,86.96,133,0
2025-06-14,SKU35,87.31,0.0,87.04,148,0
2025-06-15,SKU35,80.86,0.0,83.48,166,0
2025-06-16,SKU35,86.77,0.0,84.97,137,0
2025-06-17,SKU35,83.81,0.0,82.34,156,15
2025-06-18,SKU35,85.11,0.0,88.42,159,18
2025-06-19,SKU35,83.64,0.0,86.48,169,19
2025-06-20,SKU35,83.57,0.0,80.24,147,17
2025-06-21,SKU35,85.17,0.0,76.61,134,19
2025-06-22,SKU35,84.2,0.0,86.85,148,15
2025-06-23,SKU35,84.21,0.0,84.88,143,12
2025-06-24,SKU35,84.95,0.0,86.19,150,15
2025-06-25,SKU35,88.58,0.0,84.38,145,14
2025-06-26,SKU35,83.93,0.0,86.34,171,19
2025-06-27,SKU35,84.23,0.0,89.9,147,17
2025-06-28,SKU35,85.36,0.0,78.14,143,13
2025-06-29,SKU35,86.02,0.0,83.44,157,18
2025-06-30,SKU35,88.65,0.0,87.32,146,11
2025-07-01,SKU35,81.19,0.0,86.85,148,13
2025-07-02,SKU35,82.77,0.0,84.33,154,8
2025-07-03,SKU35,84.93,0.0,84.77,169,12
2025-07-04,SKU35,84.37,0.0,87.91,149,18
2025-07-05,SKU35,87.6,0.0,80.55,173,21
2025-07-06,SKU35,87.87,0.0,81.75,139,18
2025-07-07,SKU35,85.23,0.0,86.76,156,18
2025-07-08,SKU35,82.89,0.0,86.37,146,13
2025-07-09,SKU35,85.96,0.0,89.59,144,16
2025-07-10,SKU35,85.83,0.0,90.49,145,14
2025-07-11,SKU35,80.44,0.0,90.02,141,13
2025-07-12,SKU35,82.45,0.0,82.86,149,19
2025-07-13,SKU35,83.24,0.0,90.48,142,22
2025-07-14,SKU35,84.29,0.0,82.49,139,15
2025-07-15,SKU35,82.89,0.0,79.47,156,22
2025-07-16,SKU35,86.26,0.0,85.7,137,18
2025-07-17,SKU35,85.31,0.0,92.07,167,11
2025-07-18,SKU35,87.47,0.0,78.34,170,12
2025-07-19,SKU35,84.44,0.0,81.36,164,21
2025-07-20,SKU35,84.21,0.0,82.17,158,14
2025-07-21,SKU35,81.33,0.0,87.41,168,18
2025-07-22,SKU35,86.18,0.0,80.3,132,11
2025-07-23,SKU35,81.96,0.0,84.63,140,16
2025-07-24,SKU35,85.95,0.0,85.77,132,7
2025-07-25,SKU35,87.08,0.0,81.15,158,10
2025-07-26,SKU35,83.82,0.0,79.17,145,11
2025-07-27,SKU35,85.5,0.0,88.98,148,19
2025-07-28,SKU35,65.86,22.15,79.13,223,39
2025-07-29,SKU35,86.33,0.0,81.06,175,11
2025-07-30,SKU35,88.23,0.0,85.18,141,12
2025-07-31,SKU35,82.61,0.0,87.66,126,15
2025-08-01,SKU35,87.55,0.0,87.44,129,14
2025-08-02,SKU35,81.88,0.0,86.96,151,19
2025-08-03,SKU35,85.22,0.0,90.28,144,20
2025-08-04,SKU35,87.85,0.0,89.58,145,13
2025-08-05,SKU35,84.73,0.0,90.73,155,11
2025-08-06,SKU35,84.05,0.0,81.39,138,20
2025-08-07,SKU35,86.17,0.0,88.41,170,13
2025-08-08,SKU35,84.66,0.0,84.57,136,16
2025-08-09,SKU35,85.71,0.0,89.96,148,18
2025-08-10,SKU35,85.72,0.0,86.74,151,21
2025-08-11,SKU35,85.11,0.0,85.61,149,14
2025-08-12,SKU35,84.28,0.0,80.65,150,18
2025-08-13,SKU35,83.29,0.0,85.94,162,19
2025-08-14,SKU35,84.36,0.0,88.7,142,12
2025-08-15,SKU35,83.89,0.0,84.63,148,22
2025-08-16,SKU35,87.08,0.0,81.93,132,25
2025-08-17,SKU35,85.1,0.0,82.19,155,12
2025-08-18,SKU35,84.91,0.0,80.49,161,15
2025-08-19,SKU35,87.39,0.0,79.34,145,14
2025-08-20,SKU35,85.99,0.0,86.0,159,17
2025-08-21,SKU35,84.29,0.0,83.57,135,9
2025-08-22,SKU35,85.85,0.0,84.85,156,17
2025-08-23,SKU35,86.57,0.0,78.3,155,22
2025-08-24,SKU35,84.34,0.0,86.21,152,16
2025-08-25,SKU35,84.88,0.0,83.61,152,19
2025-08-26,SKU35,84.98,0.0,89.7,132,18
2025-08-27,SKU35,82.44,0.0,81.79,151,20
2025-08-28,SKU35,85.17,0.0,85.35,157,19
2025-08-29,SKU35,86.04,0.0,87.12,157,16
2025-08-30,SKU35,85.75,0.0,84.35,147,12
2025-08-31,SKU35,83.07,0.0,85.65,141,12
2025-09-01,SKU35,85.45,0.0,85.35,153,22
2025-09-02,SKU35,85.76,0.0,87.69,167,21
2025-09-03,SKU35,89.23,0.0,86.37,151,19
2025-09-04,SKU35,86.29,0.0,80.73,155,17
2025-09-05,SKU35,85.7,0.0,82.93,135,17
2025-09-06,SKU35,82.92,0.0,84.73,152,17
2025-09-07,SKU35,84.16,0.0,85.42,155,17
2025-09-08,SKU35,86.47,0.0,85.72,158,14
2025-09-09,SKU35,84.7,0.0,81.45,151,15
2025-09-10,SKU35,87.25,0.0,89.11,159,18
2025-09-11,SKU35,84.85,0.0,83.64,154,17
2025-09-12,SKU35,83.11,0.0,82.84,178,13
2025-09-13,SKU35,83.22,0.0,84.51,142,23
2025-09-14,SKU35,84.98,0.0,76.83,172,13
2025-09-15,SKU35,83.42,0.0,83.38,145,13
2025-09-16,SKU35,83.19,0.0,86.94,143,19
2025-09-17,SKU35,84.45,0.0,82.02,152,21
2025-09-18,SKU35,85.29,0.0,84.38,161,10
2025-09-19,SKU35,86.06,0.0,79.84,147,9
2025-09-20,SKU35,87.0,0.0,86.72,141,18
2025-09-21,SKU35,86.24,0.0,85.66,151,21
2025-09-22,SKU35,86.34,0.0,79.2,147,25
2025-09-23,SKU35,85.3,0.0,91.95,151,12
2025-09-24,SKU35,82.99,0.0,90.99,144,11
2025-09-25,SKU35,85.32,0.0,90.75,156,11
2025-09-26,SKU35,84.22,0.0,86.4,147,20
2025-09-27,SKU35,83.49,0.0,74.2,142,24
2025-09-28,SKU35,85.87,0.0,84.33,159,18
2025-09-29,SKU35,85.2,0.0,82.57,164,12
2025-09-30,SKU35,72.54,15.84,78.31,193,36
2025-10-01,SKU35,81.79,0.0,88.54,127,8
2025-10-02,SKU35,84.8,0.0,78.35,148,16
2025-10-03,SKU35,86.95,0.0,77.96,178,12
2025-10-04,SKU35,87.71,0.0,81.92,163,20
2025-10-05,SKU35,85.56,0.0,83.98,143,21
2025-10-06,SKU35,83.4,0.0,86.08,144,18
2025-10-07,SKU35,83.26,0.0,81.51,145,14
2025-10-08,SKU35,81.24,0.0,81.26,134,10
2025-10-09,SKU35,85.67,0.0,79.94,163,13
2025-10-10,SKU35,81.64,0.0,85.25,165,12
2025-10-11,SKU35,83.19,0.0,79.97,162,17
2025-10-12,SKU35,84.78,0.0,85.4,147,24
2025-10-13,SKU35,87.19,0.0,82.97,142,14
2025-10-14,SKU35,83.64,0.0,83.08,147,13
2025-10-15,SKU35,84.35,0.0,85.2,139,17
2025-10-16,SKU35,86.36,0.0,88.6,145,17
2025-10-17,SKU35,83.81,0.0,85.41,147,14
2025-10-18,SKU35,84.96,0.0,86.23,135,13
2025-10-19,SKU35,87.26,0.0,92.6,137,24
2025-10-20,SKU35,81.63,0.0,83.78,140,17
2025-10-21,SKU35,86.77,0.0,83.73,143,15
2025-10-22,SKU35,60.84,26.73,77.61,252,51
2025-10-23,SKU35,87.87,0.0,88.88,145,20
2025-10-24,SKU35,83.98,0.0,86.0,137,10
2025-10-25,SKU35,82.0,0.0,82.89,161,18
2025-10-26,SKU35,83.55,0.0,93.62,169,16
2025-10-27,SKU35,84.7,0.0,80.67,146,20
2025-10-28,SKU35,62.45,26.46,89.06,205,47
2025-10-29,SKU35,85.34,0.0,86.32,141,13
2025-10-30,SKU35,86.7,0.0,84.16,122,14
2025-10-31,SKU35,86.51,0.0,84.93,142,16
2025-11-01,SKU35,86.41,0.0,88.52,163,15
2025-11-02,SKU35,84.36,0.0,86.3,152,12
2025-11-03,SKU35,84.85,0.0,91.54,169,14
2025-11-04,SKU35,84.01,0.0,88.77,148,16
2025-11-05,SKU35,83.22,0.0,87.05,145,18
2025-11-06,SKU35,83.9,0.0,88.05,149,17
2025-11-07,SKU35,84.45,0.0,89.17,159,15
2025-11-08,SKU35,87.81,0.0,82.49,168,16
2025-11-09,SKU35,83.58,0.0,88.71,143,19
2025-11-10,SKU35,85.95,0.0,93.18,148,12
2025-11-11,SKU35,86.27,0.0,82.89,163,13
2025-11-12,SKU35,83.21,0.0,84.65,152,19
2025-11-13,SKU35,86.12,0.0,84.01,183,11
2025-11-14,SKU35,84.87,0.0,81.86,147,18
2025-11-15,SKU35,84.45,0.0,89.66,127,18
