data/derived/demand_data.csv
date,sku_id,price,discount_percent,competitor_price,web_traffic,units_sold
2025-05-20,SKU36,9.7,0.0,9.8,320,18
2025-05-21,SKU36,9.74,0.0,8.67,287,0
2025-05-22,SKU36,9.83,0.0,10.27,331,0
2025-05-23,SKU36,8.06,19.47,9.98,495,0
2025-05-24,SKU36,9.5,0.0,10.39,312,0
2025-05-25,SKU36,10.14,0.0,10.42,287,0
2025-05-26,SKU36,9.83,0.0,10.21,337,0
2025-05-27,SKU36,9.45,0.0,9.65,317,0
2025-05-28,SKU36,9.77,0.0,10.45,342,0
2025-05-29,SKU36,9.83,0.0,9.85,323,0
2025-05-30,SKU36,9.96,0.0,9.54,324,0
2025-05-31,SKU36,10.12,0.0,9.62,310,0
2025-06-01,SKU36,10.25,0.0,9.52,357,0
2025-06-02,SKU36,10.26,0.0,10.64,314,0
2025-06-03,SKU36,9.69,0.0,9.6,329,0
2025-06-04,SKU36,9.85,0.0,10.36,329,0
2025-06-05,SKU36,9.74,0.0,9.44,296,0
2025-06-06,SKU36,10.15,0.0,9.48,327,0
2025-06-07,SKU36,9.61,0.0,9.25,311,0
2025-06-08,SKU36,10.0,0.0,9.43,310,0
2025-06-09,SKU36,9.86,0.0,9.78,322,0
2025-06-10,SKU36,9.93,0.0,9.89,336,0
2025-06-11,SKU36,9.67,0.0,9.9,316,0
2025-06-12,SKU36,9.8,0.0,9.95,267,0
2025-06-13,SKU36,9.65,0.0,10.26,308,23
2025-06-14,SKU36,9.88,0.0,9.51,325,35
2025-06-15,SKU36,9.78,0.0,9.83,364,41
2025-06-16,SKU36,9.44,0.0,10.43,322,30
2025-06-17,SKU36,9.75,0.0,8.73,320,30
2025-06-18,SKU36,9.64,0.0,9.42,332,26
2025-06-19,SKU36,9.73,0.0,9.5,337,32
2025-06-20,SKU36,6.71,29.81,10.23,484,76
2025-06-21,SKU36,9.57,0.0,9.61,320,43
2025-06-22,SKU36,9.46,0.0,10.01,320,47
2025-06-23,SKU36,8.39,8.93,9.59,420,85
2025-06-24,SKU36,9.74,0.0,9.56,319,28
2025-06-25,SKU36,9.72,0.0,8.97,351,43
2025-06-26,SKU36,9.61,0.0,9.7,315,37
2025-06-27,SKU36,9.25,0.0,9.16,329,33
2025-06-28,SKU36,9.92,0.0,9.95,320,34
2025-06-29,SKU36,9.89,0.0,9.74,335,35
2025-06-30,SKU36,10.04,0.0,10.27,336,29
2025-07-01,SKU36,9.9,0.0,9.41,316,33
2025-07-02,SKU36,9.9,0.0,10.48,350,29
2025-07-03,SKU36,9.88,0.0,9.82,304,30
2025-07-04,SKU36,9.99,0.0,9.33,295,43
2025-07-05,SKU36,9.92,0.0,9.48,327,36
2025-07-06,SKU36,9.41,0.0,10.02,290,42
2025-07-07,SKU36,9.82,0.0,9.59,288,36
2025-07-08,SKU36,9.51,0.0,10.09,316,31
2025-07-09,SKU36,9.89,0.0,9.36,330,18
2025-07-10,SKU36,9.89,0.0,9.19,335,33
2025-07-11,SKU36,9.29,0.0,9.68,319,19
2025-07-12,SKU36,9.9,0.0,10.76,333,31
2025-07-13,SKU36,9.68,0.0,9.44,307,34
2025-07-14,SKU36,9.83,0.0,10.37,308,30
2025-07-15,SKU36,9.98,0.0,9.92,341,37
2025-07-16,SKU36,9.86,0.0,10.86,333,23
2025-07-17,SKU36,9.42,0.0,9.21,348,39
2025-07-18,SKU36,9.97,0.0,9.9,330,23
2025-07-19,SKU36,10.0,0.0,9.72,319,34
2025-07-20,SKU36,9.52,0.0,9.52,319,42
2025-07-21,SKU36,9.73,0.0,9.19,324,33
2025-07-22,SKU36,9.75,0.0,9.24,327,30
2025-07-23,SKU36,8.7,11.57,9.88,507,83
2025-07-24,SKU36,9.6,0.0,10.65,313,36
2025-07-25,SKU36,9.48,0.0,9.92,302,30
2025-07-26,SKU36,9.75,0.0,9.26,353,44
2025-07-27,SKU36,9.68,0.0,9.7,322,46
2025-07-28,SKU36,9.95,0.0,9.7,288,32
2025-07-29,SKU36,10.11,0.0,9.57,300,24
2025-07-30,SKU36,9.61,0.0,9.52,303,26
2025-07-31,SKU36,9.6,0.0,10.09,343,38
2025-08-01,SKU36,9.36,0.0,9.53,290,42
2025-08-02,SKU36,9.8,0.0,10.11,309,41
2025-08-03,SKU36,9.81,0.0,9.83,330,39
2025-08-04,SKU36,9.9,0.0,9.95,317,31
2025-08-05,SKU36,9.66,0.0,10.04,332,27
2025-08-06,SKU36,9.81,0.0,9.65,309,31
2025-08-07,SKU36,9.7,0.0,10.2,309,38
2025-08-08,SKU36,9.48,0.0,9.65,326,25
2025-08-09,SKU36,9.72,0.0,9.44,317,37
2025-08-10,SKU36,10.06,0.0,10.76,318,28
2025-08-11,SKU36,9.72,0.0,10.29,337,30
2025-08-12,SKU36,10.16,0.0,10.29,270,41
2025-08-13,SKU36,10.2,0.0,9.61,338,28
2025-08-14,SKU36,10.17,0.0,9.32,305,33
2025-08-15,SKU36,9.63,0.0,9.87,311,29
2025-08-16,SKU36,9.88,0.0,9.31,335,46
2025-08-17,SKU36,9.96,0.0,9.01,330,30
2025-08-18,SKU36,10.38,0.0,9.52,288,31
2025-08-19,SKU36,9.55,0.0,8.93,333,35
2025-08-20,SKU36,9.99,0.0,9.93,298,24
2025-08-21,SKU36,9.56,0.0,9.42,346,29
2025-08-22,SKU36,9.67,0.0,9.19,330,32
2025-08-23,SKU36,10.17,0.0,9.68,362,44
2025-08-24,SKU36,7.4,23.14,10.02,477,100
2025-08-25,SKU36,9.79,0.0,9.31,317,31
2025-08-26,SKU36,9.95,0.0,9.74,314,24
2025-08-27,SKU36,9.94,0.0,10.19,318,36
2025-08-28,SKU36,9.83,0.0,10.36,305,35
2025-08-29,SKU36,9.66,0.0,10.08,319,35
2025-08-30,SKU36,10.02,0.0,9.8,346,38
2025-08-31,SKU36,9.89,0.0,9.5,312,40
2025-09-01,SKU36,10.01,0.0,10.47,340,36
2025-09-02,SKU36,9.76,0.0,10.04,326,28
2025-09-03,SKU36,9.69,0.0,9.61,342,29
2025-09-04,SKU36,9.93,0.0,9.45,326,29
2025-09-05,SKU36,9.49,0.0,9.75,339,30
2025-09-06,SKU36,9.64,0.0,9.96,329,34
2025-09-07,SKU36,10.06,0.0,9.57,327,46
2025-09-08,SKU36,10.08,0.0,9.81,314,19
2025-09-09,SKU36,10.23,0.0,9.67,326,30
2025-09-10,SKU36,10.09,0.0,9.86,352,32
2025-09-11,SKU36,10.1,0.0,9.58,331,51
2025-09-12,SKU36,9.92,0.0,10.26,343,32
2025-09-13,SKU36,9.99,0.0,9.49,327,47
2025-09-14,SKU36,10.06,0.0,9.49,313,35
2025-09-15,SKU36,9.79,0.0,9.07,311,33
2025-09-16,SKU36,9.84,0.0,9.45,329,39
2025-09-17,SKU36,9.64,0.0,10.1,319,25
2025-09-18,SKU36,9.78,0.0,9.8,313,35
2025-09-19,SKU36,9.71,0.0,9.45,305,27
2025-09-20,SKU36,9.9,0.0,11.31,341,43
2025-09-21,SKU36,10.09,0.0,10.02,314,33
2025-09-22,SKU36,9.84,0.0,10.61,301,35
2025-09-23,SKU36,9.85,0.0,10.21,310,29
2025-09-24,SKU36,10.15,0.0,9.57,355,30
2025-09-25,SKU36,9.83,0.0,9.9,322,23
2025-09-26,SKU36,9.63,0.0,10.15,315,35
2025-09-27,SKU36,9.96,0.0,9.59,300,49
2025-09-28,SKU36,10.19,0.0,10.25,314,21
2025-09-29,SKU36,9.74,0.0,10.23,340,36
2025-09-30,SKU36,9.67,0.0,9.23,313,40
2025-10-01,SKU36,9.89,0.0,10.16,359,20
2025-10-02,SKU36,10.17,0.0,9.9,322,43
2025-10-03,SKU36,9.75,0.0,9.73,329,33
2025-10-04,SKU36,9.89,0.0,10.16,311,38
2025-10-05,SKU36,9.85,0.0,9.45,289,38
2025-10-06,SKU36,9.76,0.0,10.25,315,38
2025-10-07,SKU36,9.69,0.0,9.59,306,28
2025-10-08,SKU36,10.01,0.0,10.15,306,29
2025-10-09,SKU36,9.84,0.0,10.16,286,28
2025-10-10,SKU36,9.84,0.0,9.16,304,38
2025-10-11,SKU36,9.74,0.0,9.63,356,31
2025-10-12,SKU36,9.78,0.0,10.28,319,26
2025-10-13,SKU36,9.49,0.0,10.12,330,35
2025-10-14,SKU36,9.55,0.0,9.34,295,14
2025-10-15,SKU36,9.62,0.0,9.86,319,39
2025-10-16,SKU36,9.66,0.0,10.23,313,35
2025-10-17,SKU36,9.68,0.0,9.17,299,30
2025-10-18,SKU36,9.6,0.0,9.64,322,51
2025-10-19,SKU36,9.77,0.0,10.07,351,54
2025-10-20,SKU36,9.95,0.0,10.6,288,35
2025-10-21,SKU36,9.46,0.0,10.29,325,34
2025-10-22,SKU36,9.7,0.0,8.79,327,38
2025-10-23,SKU36,7.46,24.3,10.27,493,71
2025-10-24,SKU36,9.61,0.0,9.88,317,34
2025-10-25,SKU36,9.82,0.0,9.55,348,42
2025-10-26,SKU36,9.85,0.0,10.54,344,51
2025-10-27,SKU36,9.64,0.0,10.35,342,32
2025-10-28,SKU36,9.93,0.0,10.25,330,34
2025-10-29,SKU36,9.84,0.0,9.98,311,34
2025-10-30,SKU36,10.03,0.0,9.92,304,28
2025-10-31,SKU36,9.78,0.0,9.9,300,30
2025-11-01,SKU36,9.66,0.0,9.89,324,29
2025-11-02,SKU36,9.89,0.0,9.49,301,41
2025-11-03,SKU36,10.01,0.0,9.12,318,35
2025-11-04,SKU36,8.04,15.19,9.4,487,71
2025-11-05,SKU36,9.53,0.0,10.18,318,27
2025-11-06,SKU36,9.76,0.0,9.01,335,24
2025-11-07,SKU36,9.39,0.0,9.65,318,32
2025-11-08,SKU36,9.72,0.0,9.76,314,37
2025-11-09,SKU36,9.79,0.0,9.41,350,39
2025-11-10,SKU36,9.86,0.0,10.6,318,30
2025-11-11,SKU36,9.95,0.0,11.05,332,22
2025-11-12,SKU36,9.76,0.0,9.99,305,33
2025-11-13,SKU36,9.61,0.0,9.55,344,36
2025-11-14,SKU36,9.56,0.0,9.45,317,32
2025-11-15,SKU36,9.95,0.0,9.28,330,31
2025-05-20,SKU37,22.92,0.0,24.04,336,25
2025-05-21,SKU37,23.45,0.0,24.15,373,0
2025-05-22,SKU37,23.61,0.0,23.99,316,0
2025-05-23,SKU37,22.97,0.0,24.57,337,0
2025-05-24,SKU37,24.36,0.0,22.58,322,0
2025-05-25,SKU37,23.63,0.0,22.79,313,0
2025-05-26,SKU37,23.08,0.0,22.89,324,0
2025-05-27,SKU37,23.05,0.0,23.42,287,0
2025-05-28,SKU37,23.96,0.0,23.15,334,0
2025-05-29,SKU37,23.08,0.0,22.17,315,20
2025-05-30,SKU37,23.61,0.0,24.11,338,27
2025-05-31,SKU37,24.02,0.0,23.01,309,39
2025-06-01,SKU37,23.69,0.0,21.55,297,39
2025-06-02,SKU37,23.45,0.0,24.41,291,29
2025-06-03,SKU37,23.93,0.0,22.31,330,23
2025-06-04,SKU37,20.78,9.62,24.43,489,86
2025-06-05,SKU37,23.7,0.0,27.5,330,27
2025-06-06,SKU37,23.36,0.0,24.99,344,40
2025-06-07,SKU37,22.84,0.0,23.19,324,41
2025-06-08,SKU37,22.96,0.0,22.58,307,35
2025-06-09,SKU37,23.84,0.0,23.44,313,33
2025-06-10,SKU37,23.58,0.0,20.36,331,37
2025-06-11,SKU37,17.23,26.78,22.44,502,75
2025-06-12,SKU37,24.04,0.0,23.37,302,30
2025-06-13,SKU37,24.08,0.0,24.72,303,38
2025-06-14,SKU37,23.91,0.0,22.23,338,51
2025-06-15,SKU37,23.07,0.0,23.29,325,36
2025-06-16,SKU37,24.05,0.0,23.14,305,44
2025-06-17,SKU37,23.82,0.0,24.48,311,33
2025-06-18,SKU37,23.46,0.0,23.94,292,30
2025-06-19,SKU37,18.18,23.14,26.21,459,79
2025-06-20,SKU37,23.85,0.0,23.91,300,41
2025-06-21,SKU37,23.15,0.0,22.64,345,35
2025-06-22,SKU37,23.91,0.0,22.8,332,48
2025-06-23,SKU37,23.36,0.0,25.68,321,32
2025-06-24,SKU37,23.03,0.0,21.76,319,25
2025-06-25,SKU37,22.98,0.0,23.54,341,26
2025-06-26,SKU37,24.81,0.0,24.09,318,26
2025-06-27,SKU37,23.42,0.0,23.31,306,38
2025-06-28,SKU37,23.66,0.0,24.3,317,34
2025-06-29,SKU37,22.96,0.0,24.18,333,29
2025-06-30,SKU37,23.2,0.0,25.31,308,30
2025-07-01,SKU37,22.86,0.0,23.43,329,32
2025-07-02,SKU37,23.01,0.0,21.03,348,26
2025-07-03,SKU37,22.79,0.0,23.54,314,39
2025-07-04,SKU37,22.46,0.0,22.76,325,35
2025-07-05,SKU37,23.25,0.0,23.68,314,32
2025-07-06,SKU37,22.71,0.0,23.09,344,38
2025-07-07,SKU37,23.28,0.0,24.18,325,24
2025-07-08,SKU37,22.54,0.0,24.0,348,35
2025-07-09,SKU37,23.73,0.0,22.88,314,32
2025-07-10,SKU37,24.66,0.0,21.63,308,49
2025-07-11,SKU37,22.28,0.0,22.83,319,36
2025-07-12,SKU37,22.62,0.0,23.93,340,32
2025-07-13,SKU37,23.5,0.0,22.22,313,46
2025-07-14,SKU37,23.49,0.0,21.19,320,33
2025-07-15,SKU37,24.32,0.0,22.74,270,25
2025-07-16,SKU37,23.23,0.0,24.61,279,39
2025-07-17,SKU37,23.8,0.0,23.53,314,26
2025-07-18,SKU37,23.32,0.0,23.89,305,25
2025-07-19,SKU37,24.04,0.0,24.91,319,36
2025-07-20,SKU37,23.58,0.0,23.1,358,40
2025-07-21,SKU37,16.95,25.19,24.82,423,75
2025-07-22,SKU37,23.16,0.0,23.85,324,30
2025-07-23,SKU37,24.37,0.0,25.01,330,26
2025-07-24,SKU37,23.46,0.0,24.4,334,29
2025-07-25,SKU37,23.5,0.0,25.22,317,40
2025-07-26,SKU37,23.42,0.0,24.01,301,35
2025-07-27,SKU37,23.62,0.0,25.17,310,45
2025-07-28,SKU37,23.71,0.0,23.45,317,27
2025-07-29,SKU37,23.36,0.0,23.69,309,42
2025-07-30,SKU37,23.4,0.0,22.88,309,45
2025-07-31,SKU37,23.55,0.0,23.03,333,29
2025-08-01,SKU37,23.66,0.0,21.65,324,36
2025-08-02,SKU37,22.9,0.0,24.1,374,31
2025-08-03,SKU37,23.47,0.0,22.01,312,34
2025-08-04,SKU37,23.33,0.0,23.83,335,36
2025-08-05,SKU37,23.43,0.0,23.26,319,34
2025-08-06,SKU37,22.84,0.0,23.39,335,27
2025-08-07,SKU37,23.18,0.0,22.27,305,41
2025-08-08,SKU37,23.06,0.0,23.37,297,32
2025-08-09,SKU37,23.05,0.0,23.96,314,51
2025-08-10,SKU37,23.25,0.0,24.05,341,38
2025-08-11,SKU37,23.3,0.0,24.73,297,29
2025-08-12,SKU37,23.57,0.0,22.86,351,37
2025-08-13,SKU37,23.23,0.0,21.74,328,31
2025-08-14,SKU37,22.61,0.0,22.57,302,33
2025-08-15,SKU37,23.49,0.0,23.12,291,36
2025-08-16,SKU37,24.0,0.0,23.01,337,28
2025-08-17,SKU37,23.69,0.0,23.1,311,48
2025-08-18,SKU37,22.76,0.0,23.86,308,32
2025-08-19,SKU37,23.11,0.0,21.74,320,31
2025-08-20,SKU37,23.23,0.0,22.23,323,37
2025-08-21,SKU37,19.27,18.33,21.49,504,70
2025-08-22,SKU37,23.26,0.0,24.51,326,21
2025-08-23,SKU37,23.22,0.0,22.17,292,42
2025-08-24,SKU37,23.53,0.0,22.23,338,42
2025-08-25,SKU37,23.22,0.0,24.79,346,32
2025-08-26,SKU37,23.15,0.0,23.72,290,45
2025-08-27,SKU37,23.23,0.0,24.13,321,33
2025-08-28,SKU37,23.5,0.0,24.36,329,29
2025-08-29,SKU37,23.4,0.0,21.91,294,22
2025-08-30,SKU37,23.55,0.0,23.07,331,39
2025-08-31,SKU37,23.87,0.0,22.55,326,40
2025-09-01,SKU37,23.47,0.0,21.62,276,44
2025-09-02,SKU37,24.48,0.0,24.66,326,33
2025-09-03,SKU37,20.93,13.37,22.1,519,85
2025-09-04,SKU37,23.77,0.0,22.24,304,29
2025-09-05,SKU37,23.22,0.0,23.35,332,32
2025-09-06,SKU37,23.83,0.0,21.92,300,48
2025-09-07,SKU37,23.02,0.0,23.3,291,25
2025-09-08,SKU37,23.3,0.0,22.27,320,32
2025-09-09,SKU37,23.3,0.0,21.61,323,39
2025-09-10,SKU37,23.88,0.0,22.15,326,33
2025-09-11,SKU37,24.15,0.0,24.4,353,27
2025-09-12,SKU37,23.33,0.0,24.66,316,31
2025-09-13,SKU37,23.86,0.0,23.89,318,31
2025-09-14,SKU37,23.39,0.0,23.83,303,34
2025-09-15,SKU37,23.69,0.0,24.15,303,38
2025-09-16,SKU37,23.57,0.0,21.88,303,31
2025-09-17,SKU37,22.56,0.0,23.64,319,24
2025-09-18,SKU37,23.28,0.0,23.97,339,21
2025-09-19,SKU37,22.75,0.0,22.0,321,35
2025-09-20,SKU37,23.57,0.0,23.24,287,25
2025-09-21,SKU37,23.04,0.0,22.47,296,40
2025-09-22,SKU37,23.28,0.0,24.91,291,39
2025-09-23,SKU37,23.81,0.0,23.31,311,34
2025-09-24,SKU37,23.64,0.0,24.17,320,38
2025-09-25,SKU37,23.56,0.0,21.22,352,28
2025-09-26,SKU37,23.63,0.0,19.91,301,29
2025-09-27,SKU37,23.39,0.0,22.15,316,47
2025-09-28,SKU37,22.46,0.0,24.35,273,37
2025-09-29,SKU37,22.64,0.0,22.98,324,33
2025-09-30,SKU37,24.35,0.0,23.09,328,27
2025-10-01,SKU37,18.95,18.71,24.36,508,89
2025-10-02,SKU37,22.74,0.0,23.79,311,35
2025-10-03,SKU37,23.49,0.0,22.68,302,27
2025-10-04,SKU37,16.44,28.14,24.34,466,120
2025-10-05,SKU37,23.7,0.0,24.74,319,45
2025-10-06,SKU37,23.91,0.0,21.93,333,26
2025-10-07,SKU37,23.87,0.0,24.67,309,29
2025-10-08,SKU37,23.46,0.0,25.06,312,33
2025-10-09,SKU37,23.86,0.0,23.76,324,32
2025-10-10,SKU37,23.05,0.0,24.27,293,31
2025-10-11,SKU37,23.74,0.0,21.35,335,36
2025-10-12,SKU37,22.59,0.0,24.29,318,35
2025-10-13,SKU37,23.96,0.0,20.58,318,42
2025-10-14,SKU37,23.94,0.0,21.54,302,43
2025-10-15,SKU37,23.61,0.0,23.35,313,32
2025-10-16,SKU37,22.86,0.0,23.35,340,31
2025-10-17,SKU37,23.63,0.0,24.22,314,31
2025-10-18,SKU37,22.54,0.0,25.26,300,38
2025-10-19,SKU37,23.8,0.0,23.86,328,38
2025-10-20,SKU37,22.86,0.0,22.57,323,28
2025-10-21,SKU37,23.49,0.0,23.3,342,30
2025-10-22,SKU37,23.29,0.0,22.39,314,35
2025-10-23,SKU37,22.76,0.0,24.04,323,26
2025-10-24,SKU37,17.54,23.44,21.17,498,70
2025-10-25,SKU37,24.02,0.0,23.94,317,41
2025-10-26,SKU37,23.82,0.0,24.13,286,43
2025-10-27,SKU37,23.58,0.0,23.02,313,34
2025-10-28,SKU37,22.4,0.0,22.69,295,22
2025-10-29,SKU37,22.7,0.0,23.39,308,30
2025-10-30,SKU37,23.52,0.0,22.8,288,29
2025-10-31,SKU37,17.88,25.6,23.79,477,71
2025-11-01,SKU37,23.37,0.0,22.83,344,44
2025-11-02,SKU37,16.79,28.63,22.87,474,99
2025-11-03,SKU37,23.41,0.0,22.28,318,30
2025-11-04,SKU37,23.5,0.0,21.49,299,40
2025-11-05,SKU37,17.17,25.46,24.71,429,77
2025-11-06,SKU37,23.65,0.0,21.52,307,28
2025-11-07,SKU37,22.59,0.0,23.47,318,40
2025-11-08,SKU37,23.52,0.0,23.88,317,39
2025-11-09,SKU37,22.96,0.0,23.1,344,46
2025-11-10,SKU37,23.27,0.0,23.87,306,35
2025-11-11,SKU37,22.97,0.0,23.32,314,32
2025-11-12,SKU37,24.19,0.0,24.48,286,23
2025-11-13,SKU37,24.23,0.0,23.79,307,24
2025-11-14,SKU37,24.47,0.0,23.75,342,47
2025-11-15,SKU37,23.73,0.0,24.22,314,33
