data/derived/demand_data.csv
date,sku_id,price,discount_percent,competitor_price,web_traffic,units_sold
2025-05-20,SKU38,52.34,0.0,51.98,236,21
2025-05-21,SKU38,53.79,0.0,51.86,254,31
2025-05-22,SKU38,52.26,0.0,53.98,254,17
2025-05-23,SKU38,51.66,0.0,52.31,242,20
2025-05-24,SKU38,53.47,0.0,51.38,253,26
2025-05-25,SKU38,52.64,0.0,48.32,222,25
2025-05-26,SKU38,52.62,0.0,51.45,217,25
2025-05-27,SKU38,52.74,0.0,46.52,219,34
2025-05-28,SKU38,52.87,0.0,47.84,200,19
2025-05-29,SKU38,50.35,0.0,55.99,235,23
2025-05-30,SKU38,51.3,0.0,52.74,243,24
2025-05-31,SKU38,53.98,0.0,51.74,243,13
2025-06-01,SKU38,45.54,11.24,49.28,366,83
2025-06-02,SKU38,51.82,0.0,51.08,244,29
2025-06-03,SKU38,51.25,0.0,56.81,234,28
2025-06-04,SKU38,49.83,0.0,52.77,243,36
2025-06-05,SKU38,54.04,0.0,49.46,221,22
2025-06-06,SKU38,52.53,0.0,53.71,249,15
2025-06-07,SKU38,51.62,0.0,51.69,237,29
2025-06-08,SKU38,52.05,0.0,49.88,221,31
2025-06-09,SKU38,54.35,0.0,49.2,215,27
2025-06-10,SKU38,53.67,0.0,53.98,252,29
2025-06-11,SKU38,51.94,0.0,52.0,225,20
2025-06-12,SKU38,53.35,0.0,47.93,233,17
2025-06-13,SKU38,52.15,0.0,49.76,237,23
2025-06-14,SKU38,50.73,0.0,50.16,226,26
2025-06-15,SKU38,51.57,0.0,52.12,198,18
2025-06-16,SKU38,52.78,0.0,54.52,261,21
2025-06-17,SKU38,52.77,0.0,46.24,223,28
2025-06-18,SKU38,51.57,0.0,50.75,254,26
2025-06-19,SKU38,53.0,0.0,52.05,217,28
2025-06-20,SKU38,52.3,0.0,52.35,236,24
2025-06-21,SKU38,47.11,9.4,51.09,289,55
2025-06-22,SKU38,50.32,0.0,56.28,235,0
2025-06-23,SKU38,52.1,0.0,52.79,230,29
2025-06-24,SKU38,53.8,0.0,49.7,264,21
2025-06-25,SKU38,51.53,0.0,52.21,219,26
2025-06-26,SKU38,52.29,0.0,53.02,227,23
2025-06-27,SKU38,51.4,0.0,49.12,218,16
2025-06-28,SKU38,49.37,0.0,53.22,232,24
2025-06-29,SKU38,52.69,0.0,52.46,220,22
2025-06-30,SKU38,51.03,0.0,57.1,231,29
2025-07-01,SKU38,52.65,0.0,58.2,220,23
2025-07-02,SKU38,52.02,0.0,50.98,206,35
2025-07-03,SKU38,52.64,0.0,48.27,232,19
2025-07-04,SKU38,53.79,0.0,51.12,234,27
2025-07-05,SKU38,53.14,0.0,52.44,216,34
2025-07-06,SKU38,52.02,0.0,55.69,218,30
2025-07-07,SKU38,53.06,0.0,49.79,233,20
2025-07-08,SKU38,51.22,0.0,53.65,220,24
2025-07-09,SKU38,51.27,0.0,59.05,232,14
2025-07-10,SKU38,51.68,0.0,48.94,231,24
2025-07-11,SKU38,50.5,0.0,53.48,229,28
2025-07-12,SKU38,50.97,0.0,51.09,263,30
2025-07-13,SKU38,53.55,0.0,55.66,221,24
2025-07-14,SKU38,52.49,0.0,56.86,250,19
2025-07-15,SKU38,52.5,0.0,54.77,249,18
2025-07-16,SKU38,53.38,0.0,53.37,220,21
2025-07-17,SKU38,52.22,0.0,49.86,233,20
2025-07-18,SKU38,50.0,0.0,47.25,233,25
2025-07-19,SKU38,51.23,0.0,49.52,238,32
2025-07-20,SKU38,42.68,18.67,51.16,336,56
2025-07-21,SKU38,50.79,0.0,54.37,256,22
2025-07-22,SKU38,52.03,0.0,49.7,239,23
2025-07-23,SKU38,52.54,0.0,49.8,237,28
2025-07-24,SKU38,52.73,0.0,54.76,241,24
2025-07-25,SKU38,52.79,0.0,56.21,235,16
2025-07-26,SKU38,39.79,23.15,52.57,342,70
2025-07-27,SKU38,53.54,0.0,53.16,235,25
2025-07-28,SKU38,51.29,0.0,50.38,232,24
2025-07-29,SKU38,52.49,0.0,50.67,226,33
2025-07-30,SKU38,51.94,0.0,52.09,223,25
2025-07-31,SKU38,52.13,0.0,48.65,222,15
2025-08-01,SKU38,54.09,0.0,49.44,237,25
2025-08-02,SKU38,54.05,0.0,54.0,209,30
2025-08-03,SKU38,51.86,0.0,52.83,259,21
2025-08-04,SKU38,52.2,0.0,49.66,239,22
2025-08-05,SKU38,53.62,0.0,48.87,266,27
2025-08-06,SKU38,50.77,0.0,49.71,212,18
2025-08-07,SKU38,53.01,0.0,53.8,227,25
2025-08-08,SKU38,51.61,0.0,54.73,253,17
2025-08-09,SKU38,50.92,0.0,50.93,250,26
2025-08-10,SKU38,50.21,0.0,49.42,219,20
2025-08-11,SKU38,52.59,0.0,51.33,242,22
2025-08-12,SKU38,49.57,5.71,48.53,354,46
2025-08-13,SKU38,51.77,0.0,54.02,262,29
2025-08-14,SKU38,52.75,0.0,50.51,238,25
2025-08-15,SKU38,49.71,0.0,45.69,244,27
2025-08-16,SKU38,50.67,0.0,56.81,238,28
2025-08-17,SKU38,52.52,0.0,50.86,257,23
2025-08-18,SKU38,53.09,0.0,54.57,227,24
2025-08-19,SKU38,50.41,0.0,51.69,237,19
2025-08-20,SKU38,53.44,0.0,49.94,228,25
2025-08-21,SKU38,52.77,0.0,54.68,240,27
2025-08-22,SKU38,53.01,0.0,53.44,251,18
2025-08-23,SKU38,50.64,0.0,55.15,249,23
2025-08-24,SKU38,51.93,0.0,52.0,229,27
2025-08-25,SKU38,52.42,0.0,52.22,237,12
2025-08-26,SKU38,54.41,0.0,49.07,229,21
2025-08-27,SKU38,53.51,0.0,48.57,220,21
2025-08-28,SKU38,52.73,0.0,51.19,226,19
2025-08-29,SKU38,53.73,0.0,54.51,224,26
2025-08-30,SKU38,51.11,0.0,53.88,244,29
2025-08-31,SKU38,52.16,0.0,53.47,221,25
2025-09-01,SKU38,52.31,0.0,50.25,236,29
2025-09-02,SKU38,52.21,0.0,51.69,234,27
2025-09-03,SKU38,51.88,0.0,52.16,230,17
2025-09-04,SKU38,52.96,0.0,55.19,245,21
2025-09-05,SKU38,52.74,0.0,53.3,233,22
2025-09-06,SKU38,51.43,0.0,50.92,242,22
2025-09-07,SKU38,52.24,0.0,53.26,240,35
2025-09-08,SKU38,51.66,0.0,50.73,239,20
2025-09-09,SKU38,51.08,0.0,50.34,269,17
2025-09-10,SKU38,53.24,0.0,51.89,226,16
2025-09-11,SKU38,52.26,0.0,56.84,224,24
2025-09-12,SKU38,53.06,0.0,51.41,232,23
2025-09-13,SKU38,50.34,0.0,49.3,225,20
2025-09-14,SKU38,51.29,0.0,51.87,223,36
2025-09-15,SKU38,53.14,0.0,53.93,264,28
2025-09-16,SKU38,50.58,0.0,54.43,250,22
2025-09-17,SKU38,38.75,27.17,56.65,358,57
2025-09-18,SKU38,51.84,0.0,50.7,227,27
2025-09-19,SKU38,53.99,0.0,55.71,201,13
2025-09-20,SKU38,52.17,0.0,53.78,246,19
2025-09-21,SKU38,52.58,0.0,56.59,267,23
2025-09-22,SKU38,53.56,0.0,49.31,223,19
2025-09-23,SKU38,52.61,0.0,48.94,252,20
2025-09-24,SKU38,43.76,15.84,54.39,319,50
2025-09-25,SKU38,50.54,0.0,53.14,210,23
2025-09-26,SKU38,50.32,0.0,55.58,248,19
2025-09-27,SKU38,52.7,0.0,53.83,224,26
2025-09-28,SKU38,51.51,0.0,50.9,240,14
2025-09-29,SKU38,54.33,0.0,51.65,218,30
2025-09-30,SKU38,50.06,0.0,53.76,220,22
2025-10-01,SKU38,52.13,0.0,52.36,227,28
2025-10-02,SKU38,38.25,28.53,46.85,358,64
2025-10-03,SKU38,52.43,0.0,52.48,263,30
2025-10-04,SKU38,53.32,0.0,53.54,258,27
2025-10-05,SKU38,50.97,0.0,55.85,221,11
2025-10-06,SKU38,52.42,0.0,50.81,237,27
2025-10-07,SKU38,51.88,0.0,52.59,272,22
2025-10-08,SKU38,52.91,0.0,52.72,241,23
2025-10-09,SKU38,48.9,0.0,52.12,210,23
2025-10-10,SKU38,52.88,0.0,55.09,255,22
2025-10-11,SKU38,50.95,0.0,54.85,250,32
2025-10-12,SKU38,51.88,0.0,44.84,251,23
2025-10-13,SKU38,51.65,0.0,50.7,244,32
2025-10-14,SKU38,52.46,0.0,48.2,232,11
2025-10-15,SKU38,54.49,0.0,51.46,262,30
2025-10-16,SKU38,51.47,0.0,50.09,260,28
2025-10-17,SKU38,50.75,0.0,54.28,254,16
2025-10-18,SKU38,51.29,0.0,52.21,222,27
2025-10-19,SKU38,54.0,0.0,52.86,229,30
2025-10-20,SKU38,46.16,9.57,48.78,355,63
2025-10-21,SKU38,51.99,0.0,47.06,218,21
2025-10-22,SKU38,51.54,0.0,56.6,217,34
2025-10-23,SKU38,53.16,0.0,48.79,231,16
2025-10-24,SKU38,50.97,0.0,51.45,219,30
2025-10-25,SKU38,50.91,0.0,48.35,211,31
2025-10-26,SKU38,52.71,0.0,51.07,242,26
2025-10-27,SKU38,50.16,0.0,54.4,238,32
2025-10-28,SKU38,52.08,0.0,56.53,262,25
2025-10-29,SKU38,52.73,0.0,47.58,214,20
2025-10-30,SKU38,53.33,0.0,52.02,228,12
2025-10-31,SKU38,51.76,0.0,54.55,240,22
2025-11-01,SKU38,52.69,0.0,51.49,241,25
2025-11-02,SKU38,50.49,0.0,53.69,231,33
2025-11-03,SKU38,52.62,0.0,50.88,253,26
2025-11-04,SKU38,51.47,0.0,50.86,231,17
2025-11-05,SKU38,51.91,0.0,51.03,240,23
2025-11-06,SKU38,52.87,0.0,56.39,197,21
2025-11-07,SKU38,52.63,0.0,48.09,216,20
2025-11-08,SKU38,52.68,0.0,47.28,241,29
2025-11-09,SKU38,51.09,0.0,54.08,246,24
2025-11-10,SKU38,52.11,0.0,53.47,257,26
2025-11-11,SKU38,52.64,0.0,49.99,225,28
2025-11-12,SKU38,50.57,0.0,48.61,239,20
2025-11-13,SKU38,51.01,0.0,53.2,203,24
2025-11-14,SKU38,52.55,0.0,50.61,220,26
2025-11-15,SKU38,53.7,0.0,49.17,250,37
2025-05-20,SKU39,18.75,0.0,20.77,69,7
2025-05-21,SKU39,19.07,0.0,20.25,59,5
2025-05-22,SKU39,18.96,0.0,19.25,68,6
2025-05-23,SKU39,18.94,0.0,19.2,51,4
2025-05-24,SKU39,18.87,0.0,18.81,45,7
2025-05-25,SKU39,19.2,0.0,20.23,71,5
2025-05-26,SKU39,17.5,7.01,19.59,106,13
2025-05-27,SKU39,18.85,0.0,18.95,50,3
2025-05-28,SKU39,18.52,0.0,18.65,49,6
2025-05-29,SKU39,19.07,0.0,19.31,61,6
2025-05-30,SKU39,18.53,0.0,20.09,56,10
2025-05-31,SKU39,19.04,0.0,18.45,62,6
2025-06-01,SKU39,19.39,0.0,20.62,56,0
2025-06-02,SKU39,19.16,0.0,20.69,63,0
2025-06-03,SKU39,18.77,0.0,21.15,57,0
2025-06-04,SKU39,19.1,0.0,19.01,64,0
2025-06-05,SKU39,19.46,0.0,21.04,61,0
2025-06-06,SKU39,19.2,0.0,19.55,61,0
2025-06-07,SKU39,15.21,18.5,18.38,84,0
2025-06-08,SKU39,18.72,0.0,20.5,55,0
2025-06-09,SKU39,19.14,0.0,18.14,60,0
2025-06-10,SKU39,18.97,0.0,19.26,54,0
2025-06-11,SKU39,19.5,0.0,19.18,64,0
2025-06-12,SKU39,18.94,0.0,19.9,52,0
2025-06-13,SKU39,19.79,0.0,19.25,66,0
2025-06-14,SKU39,19.68,0.0,16.81,61,0
2025-06-15,SKU39,19.23,0.0,18.38,62,0
2025-06-16,SKU39,19.44,0.0,20.1,68,0
2025-06-17,SKU39,18.95,0.0,21.04,68,0
2025-06-18,SKU39,19.52,0.0,20.01,54,0
2025-06-19,SKU39,18.13,0.0,18.81,70,4
2025-06-20,SKU39,18.86,0.0,19.02,44,8
2025-06-21,SKU39,19.1,0.0,18.95,64,8
2025-06-22,SKU39,19.45,0.0,20.82,59,6
2025-06-23,SKU39,13.67,27.04,19.96,91,17
2025-06-24,SKU39,18.63,0.0,17.85,66,0
2025-06-25,SKU39,18.63,0.0,19.8,80,9
2025-06-26,SKU39,18.55,0.0,18.98,60,4
2025-06-27,SKU39,19.27,0.0,18.61,57,5
2025-06-28,SKU39,18.98,0.0,18.67,59,12
2025-06-29,SKU39,19.19,0.0,18.61,59,3
2025-06-30,SKU39,18.75,0.0,19.54,68,8
2025-07-01,SKU39,19.91,0.0,20.72,57,4
2025-07-02,SKU39,19.17,0.0,17.96,62,4
2025-07-03,SKU39,18.71,0.0,18.05,70,8
2025-07-04,SKU39,19.38,0.0,17.03,49,5
2025-07-05,SKU39,19.12,0.0,19.9,63,7
2025-07-06,SKU39,19.83,0.0,20.24,64,7
2025-07-07,SKU39,19.49,0.0,19.45,64,6
2025-07-08,SKU39,18.7,0.0,20.35,59,5
2025-07-09,SKU39,19.46,0.0,17.96,47,7
2025-07-10,SKU39,14.47,22.73,18.75,106,15
2025-07-11,SKU39,18.97,0.0,18.34,50,7
2025-07-12,SKU39,19.06,0.0,17.68,65,6
2025-07-13,SKU39,20.01,0.0,19.37,47,8
2025-07-14,SKU39,18.83,0.0,19.19,57,7
2025-07-15,SKU39,19.53,0.0,18.91,52,5
2025-07-16,SKU39,19.66,0.0,18.53,59,4
2025-07-17,SKU39,19.2,0.0,19.15,61,4
2025-07-18,SKU39,19.84,0.0,19.07,51,5
2025-07-19,SKU39,18.92,0.0,17.51,55,8
2025-07-20,SKU39,19.68,0.0,18.85,52,9
2025-07-21,SKU39,18.68,0.0,20.06,51,4
2025-07-22,SKU39,18.86,0.0,19.29,54,5
2025-07-23,SKU39,19.54,0.0,18.36,66,6
2025-07-24,SKU39,19.09,0.0,19.62,62,9
2025-07-25,SKU39,19.67,0.0,20.73,54,3
2025-07-26,SKU39,18.5,0.0,19.09,59,5
2025-07-27,SKU39,19.46,0.0,20.41,52,6
2025-07-28,SKU39,19.42,0.0,18.39,68,3
2025-07-29,SKU39,19.14,0.0,20.36,54,4
2025-07-30,SKU39,19.31,0.0,17.18,56,6
2025-07-31,SKU39,20.0,0.0,18.41,57,6
2025-08-01,SKU39,18.53,0.0,20.53,57,7
2025-08-02,SKU39,19.17,0.0,19.34,53,9
2025-08-03,SKU39,18.98,0.0,20.09,57,7
2025-08-04,SKU39,18.71,0.0,17.68,52,6
2025-08-05,SKU39,19.12,0.0,18.3,65,5
2025-08-06,SKU39,18.65,0.0,18.99,45,4
2025-08-07,SKU39,18.94,0.0,18.42,72,5
2025-08-08,SKU39,19.07,0.0,20.09,47,7
2025-08-09,SKU39,19.39,0.0,19.22,53,8
2025-08-10,SKU39,18.72,0.0,19.77,67,1
2025-08-11,SKU39,13.62,28.48,17.9,94,11
2025-08-12,SKU39,19.87,0.0,20.58,52,6
2025-08-13,SKU39,19.08,0.0,18.76,59,8
2025-08-14,SKU39,19.31,0.0,18.75,49,4
2025-08-15,SKU39,19.14,0.0,18.29,66,11
2025-08-16,SKU39,19.69,0.0,19.3,54,6
2025-08-17,SKU39,18.95,0.0,18.17,64,4
2025-08-18,SKU39,19.39,0.0,19.62,59,7
2025-08-19,SKU39,19.1,0.0,18.36,59,7
2025-08-20,SKU39,18.92,0.0,19.22,63,4
2025-08-21,SKU39,19.31,0.0,19.68,55,7
2025-08-22,SKU39,18.49,0.0,19.41,59,7
2025-08-23,SKU39,19.04,0.0,17.17,45,9
2025-08-24,SKU39,13.96,27.16,19.53,79,15
2025-08-25,SKU39,19.24,0.0,18.98,59,4
2025-08-26,SKU39,19.52,0.0,20.17,62,4
2025-08-27,SKU39,19.33,0.0,19.43,52,6
2025-08-28,SKU39,18.56,0.0,20.03,52,10
2025-08-29,SKU39,19.59,0.0,19.33,59,11
2025-08-30,SKU39,19.38,0.0,17.45,55,9
2025-08-31,SKU39,19.38,0.0,19.96,57,3
2025-09-01,SKU39,18.69,0.0,18.81,76,7
2025-09-02,SKU39,19.52,0.0,19.48,51,7
2025-09-03,SKU39,13.77,28.86,17.6,87,16
2025-09-04,SKU39,19.97,0.0,19.33,56,5
2025-09-05,SKU39,19.11,0.0,18.46,76,6
2025-09-06,SKU39,19.6,0.0,21.29,69,5
2025-09-07,SKU39,16.19,14.25,19.86,73,13
2025-09-08,SKU39,19.56,0.0,19.42,60,8
2025-09-09,SKU39,19.37,0.0,19.3,57,4
2025-09-10,SKU39,18.79,0.0,19.65,67,5
2025-09-11,SKU39,19.43,0.0,21.8,61,6
2025-09-12,SKU39,18.97,0.0,20.38,71,3
2025-09-13,SKU39,19.01,0.0,18.41,75,4
2025-09-14,SKU39,18.73,0.0,19.09,72,6
2025-09-15,SKU39,18.65,0.0,19.0,57,1
2025-09-16,SKU39,19.18,0.0,19.55,57,4
2025-09-17,SKU39,18.51,0.0,20.21,67,11
2025-09-18,SKU39,19.04,0.0,17.78,65,5
2025-09-19,SKU39,19.02,0.0,18.93,53,7
2025-09-20,SKU39,19.04,0.0,18.1,46,9
2025-09-21,SKU39,18.83,0.0,19.84,70,4
2025-09-22,SKU39,19.31,0.0,19.49,55,8
2025-09-23,SKU39,18.51,0.0,18.24,57,7
2025-09-24,SKU39,19.44,0.0,19.18,66,9
2025-09-25,SKU39,18.83,0.0,19.42,52,2
2025-09-26,SKU39,18.73,0.0,18.71,61,7
2025-09-27,SKU39,19.73,0.0,18.23,61,9
2025-09-28,SKU39,19.55,0.0,18.61,58,10
2025-09-29,SKU39,19.05,0.0,19.78,53,7
2025-09-30,SKU39,19.06,0.0,19.72,53,4
2025-10-01,SKU39,19.46,0.0,19.27,64,7
2025-10-02,SKU39,19.59,0.0,18.29,47,2
2025-10-03,SKU39,19.37,0.0,18.3,63,4
2025-10-04,SKU39,19.32,0.0,19.7,60,6
2025-10-05,SKU39,19.23,0.0,20.34,42,7
2025-10-06,SKU39,16.75,14.27,19.24,79,5
2025-10-07,SKU39,19.41,0.0,17.42,53,2
2025-10-08,SKU39,19.27,0.0,20.25,62,3
2025-10-09,SKU39,19.2,0.0,18.89,51,11
2025-10-10,SKU39,19.06,0.0,17.26,65,4
2025-10-11,SKU39,19.32,0.0,19.21,57,7
2025-10-12,SKU39,18.92,0.0,21.3,64,6
2025-10-13,SKU39,19.24,0.0,17.95,63,6
2025-10-14,SKU39,19.91,0.0,18.48,55,7
2025-10-15,SKU39,18.31,0.0,20.24,44,3
2025-10-16,SKU39,19.22,0.0,18.98,55,6
2025-10-17,SKU39,19.47,0.0,21.61,69,10
2025-10-18,SKU39,18.7,0.0,20.21,62,10
2025-10-19,SKU39,19.69,0.0,19.88,61,4
2025-10-20,SKU39,19.52,0.0,20.21,52,8
2025-10-21,SKU39,19.35,0.0,16.87,74,3
2025-10-22,SKU39,15.76,17.67,19.2,72,13
2025-10-23,SKU39,18.88,0.0,18.43,67,9
2025-10-24,SKU39,19.79,0.0,19.31,53,7
2025-10-25,SKU39,18.61,0.0,19.97,62,7
2025-10-26,SKU39,19.53,0.0,20.52,66,6
2025-10-27,SKU39,19.43,0.0,18.44,58,2
2025-10-28,SKU39,19.49,0.0,18.93,56,2
2025-10-29,SKU39,19.08,0.0,19.19,61,5
2025-10-30,SKU39,19.37,0.0,18.19,47,7
2025-10-31,SKU39,19.21,0.0,18.79,61,1
2025-11-01,SKU39,19.04,0.0,19.08,63,5
2025-11-02,SKU39,19.64,0.0,18.09,50,6
2025-11-03,SKU39,18.45,0.0,19.56,38,5
2025-11-04,SKU39,18.75,0.0,18.59,56,7
2025-11-05,SKU39,19.6,0.0,18.83,58,4
2025-11-06,SKU39,19.48,0.0,18.83,64,5
2025-11-07,SKU39,18.69,0.0,16.83,52,6
2025-11-08,SKU39,13.97,29.36,20.45,70,14
2025-11-09,SKU39,18.76,0.0,18.95,58,6
2025-11-10,SKU39,19.47,0.0,20.04,49,4
2025-11-11,SKU39,19.49,0.0,18.15,52,3
2025-11-12,SKU39,18.84,0.0,18.83,62,6
2025-11-13,SKU39,19.77,0.0,19.05,72,4
2025-11-14,SKU39,19.6,0.0,18.85,56,12
2025-11-15,SKU39,19.2,0.0,18.52,72,7
