data/derived/demand_data.csv
date,sku_id,price,discount_percent,competitor_price,web_traffic,units_sold
2025-05-20,SKU40,80.42,0.0,76.34,289,27
2025-05-21,SKU40,84.38,0.0,77.45,313,36
2025-05-22,SKU40,81.52,0.0,78.33,308,27
2025-05-23,SKU40,81.86,0.0,72.76,303,0
2025-05-24,SKU40,81.78,0.0,79.59,313,0
2025-05-25,SKU40,79.79,0.0,78.21,309,0
2025-05-26,SKU40,81.74,0.0,85.95,319,0
2025-05-27,SKU40,82.64,0.0,83.82,302,0
2025-05-28,SKU40,81.4,0.0,86.77,310,0
2025-05-29,SKU40,83.14,0.0,79.25,324,0
2025-05-30,SKU40,80.9,0.0,87.13,304,0
2025-05-31,SKU40,82.35,0.0,80.68,329,0
2025-06-01,SKU40,79.41,0.0,87.21,260,0
2025-06-02,SKU40,80.65,0.0,74.75,287,0
2025-06-03,SKU40,80.43,0.0,80.89,298,0
2025-06-04,SKU40,81.2,0.0,76.37,298,0
2025-06-05,SKU40,82.29,0.0,85.43,294,0
2025-06-06,SKU40,80.87,0.0,83.15,342,0
2025-06-07,SKU40,79.67,0.0,78.06,312,0
2025-06-08,SKU40,83.52,0.0,76.58,288,0
2025-06-09,SKU40,80.45,0.0,79.48,331,0
2025-06-10,SKU40,78.92,0.0,78.83,287,30
2025-06-11,SKU40,76.64,0.0,75.5,296,26
2025-06-12,SKU40,80.03,0.0,84.79,320,29
2025-06-13,SKU40,79.47,0.0,78.24,275,23
2025-06-14,SKU40,81.39,0.0,75.88,321,32
2025-06-15,SKU40,81.95,0.0,81.43,341,43
2025-06-16,SKU40,78.33,0.0,87.92,332,31
2025-06-17,SKU40,80.46,0.0,78.48,317,30
2025-06-18,SKU40,82.84,0.0,90.68,300,31
2025-06-19,SKU40,85.9,0.0,88.14,330,31
2025-06-20,SKU40,81.53,0.0,84.32,307,32
2025-06-21,SKU40,79.93,0.0,73.66,295,40
2025-06-22,SKU40,79.58,0.0,75.29,308,35
2025-06-23,SKU40,80.54,0.0,83.45,324,28
2025-06-24,SKU40,81.85,0.0,83.16,280,32
2025-06-25,SKU40,81.55,0.0,81.43,290,41
2025-06-26,SKU40,69.74,10.87,83.34,508,90
2025-06-27,SKU40,80.79,0.0,82.96,332,35
2025-06-28,SKU40,81.99,0.0,83.81,291,50
2025-06-29,SKU40,79.86,0.0,86.27,336,32
2025-06-30,SKU40,79.83,0.0,83.71,316,31
2025-07-01,SKU40,79.42,0.0,75.01,291,27
2025-07-02,SKU40,79.76,0.0,78.43,288,31
2025-07-03,SKU40,80.2,0.0,75.14,331,32
2025-07-04,SKU40,79.15,0.0,77.05,289,36
2025-07-05,SKU40,82.44,0.0,83.02,300,43
2025-07-06,SKU40,81.27,0.0,75.02,301,42
2025-07-07,SKU40,79.7,0.0,81.46,294,25
2025-07-08,SKU40,80.96,0.0,78.95,298,27
2025-07-09,SKU40,81.59,0.0,83.6,303,22
2025-07-10,SKU40,79.31,0.0,82.93,274,37
2025-07-11,SKU40,77.14,0.0,83.94,348,34
2025-07-12,SKU40,84.42,0.0,76.93,330,37
2025-07-13,SKU40,82.2,0.0,69.35,278,40
2025-07-14,SKU40,80.44,0.0,74.87,331,30
2025-07-15,SKU40,80.09,0.0,83.52,337,25
2025-07-16,SKU40,77.47,0.0,79.11,338,31
2025-07-17,SKU40,80.06,0.0,79.81,283,31
2025-07-18,SKU40,79.84,0.0,80.57,308,21
2025-07-19,SKU40,79.43,0.0,81.78,259,33
2025-07-20,SKU40,81.38,0.0,77.58,331,34
2025-07-21,SKU40,79.45,0.0,79.17,271,30
2025-07-22,SKU40,81.6,0.0,84.18,322,27
2025-07-23,SKU40,79.98,0.0,84.29,293,26
2025-07-24,SKU40,81.1,0.0,72.59,335,40
2025-07-25,SKU40,79.64,0.0,75.6,319,30
2025-07-26,SKU40,83.07,0.0,74.33,280,42
2025-07-27,SKU40,80.88,0.0,83.68,317,39
2025-07-28,SKU40,81.21,0.0,78.07,322,34
2025-07-29,SKU40,80.22,0.0,74.15,326,39
2025-07-30,SKU40,82.92,0.0,81.63,318,18
2025-07-31,SKU40,79.31,0.0,82.37,309,34
2025-08-01,SKU40,81.49,0.0,78.18,311,26
2025-08-02,SKU40,77.19,0.0,83.54,297,26
2025-08-03,SKU40,76.73,5.52,86.76,424,96
2025-08-04,SKU40,81.64,0.0,84.45,281,22
2025-08-05,SKU40,80.87,0.0,84.15,288,33
2025-08-06,SKU40,81.59,0.0,82.93,309,27
2025-08-07,SKU40,80.69,0.0,87.29,293,22
2025-08-08,SKU40,81.38,0.0,77.53,305,32
2025-08-09,SKU40,78.2,0.0,84.61,316,36
2025-08-10,SKU40,76.65,0.0,83.38,311,34
2025-08-11,SKU40,80.24,0.0,83.8,300,38
2025-08-12,SKU40,70.32,10.71,89.62,439,92
2025-08-13,SKU40,82.82,0.0,71.26,296,39
2025-08-14,SKU40,79.93,0.0,78.01,294,29
2025-08-15,SKU40,83.28,0.0,82.03,316,26
2025-08-16,SKU40,80.47,0.0,82.82,328,34
2025-08-17,SKU40,81.82,0.0,81.39,321,42
2025-08-18,SKU40,80.77,0.0,78.54,322,34
2025-08-19,SKU40,71.58,11.01,83.07,460,87
2025-08-20,SKU40,82.78,0.0,80.31,328,35
2025-08-21,SKU40,79.3,0.0,81.25,310,32
2025-08-22,SKU40,82.07,0.0,79.34,290,34
2025-08-23,SKU40,78.54,0.0,76.24,334,29
2025-08-24,SKU40,80.58,0.0,88.08,316,30
2025-08-25,SKU40,80.24,0.0,77.98,303,32
2025-08-26,SKU40,79.77,0.0,79.8,267,28
2025-08-27,SKU40,80.11,0.0,81.08,314,28
2025-08-28,SKU40,78.47,0.0,73.46,325,36
2025-08-29,SKU40,82.21,0.0,87.79,324,32
2025-08-30,SKU40,81.83,0.0,81.09,343,47
2025-08-31,SKU40,78.48,0.0,81.18,305,47
2025-09-01,SKU40,81.73,0.0,80.33,309,37
2025-09-02,SKU40,81.02,0.0,83.72,306,34
2025-09-03,SKU40,82.41,0.0,78.73,328,31
2025-09-04,SKU40,80.37,0.0,78.99,307,43
2025-09-05,SKU40,79.87,0.0,79.99,285,24
2025-09-06,SKU40,78.83,0.0,76.12,294,36
2025-09-07,SKU40,78.78,0.0,77.57,333,41
2025-09-08,SKU40,78.42,0.0,76.88,300,39
2025-09-09,SKU40,82.15,0.0,78.44,302,42
2025-09-10,SKU40,82.63,0.0,78.45,337,35
2025-09-11,SKU40,80.75,0.0,79.28,305,35
2025-09-12,SKU40,79.31,0.0,82.83,331,33
2025-09-13,SKU40,82.96,0.0,73.11,313,37
2025-09-14,SKU40,80.94,0.0,79.77,314,30
2025-09-15,SKU40,79.78,0.0,80.5,336,34
2025-09-16,SKU40,81.41,0.0,72.6,270,32
2025-09-17,SKU40,81.88,0.0,82.24,297,30
2025-09-18,SKU40,82.33,0.0,88.49,312,33
2025-09-19,SKU40,81.3,0.0,85.26,307,34
2025-09-20,SKU40,78.99,0.0,82.41,324,37
2025-09-21,SKU40,79.56,0.0,80.29,328,44
2025-09-22,SKU40,81.17,0.0,82.65,322,30
2025-09-23,SKU40,80.54,0.0,79.28,313,30
2025-09-24,SKU40,80.46,0.0,81.76,322,32
2025-09-25,SKU40,80.3,0.0,79.65,330,28
2025-09-26,SKU40,82.04,0.0,82.35,290,31
2025-09-27,SKU40,82.02,0.0,81.21,285,26
2025-09-28,SKU40,77.84,0.0,77.37,308,40
2025-09-29,SKU40,83.0,0.0,76.71,311,31
2025-09-30,SKU40,80.82,0.0,80.87,305,26
2025-10-01,SKU40,78.61,0.0,83.59,335,26
2025-10-02,SKU40,78.27,0.0,83.21,306,30
2025-10-03,SKU40,80.74,0.0,85.73,332,25
2025-10-04,SKU40,77.81,0.0,79.54,310,24
2025-10-05,SKU40,81.4,0.0,84.72,312,32
2025-10-06,SKU40,65.46,15.98,88.09,507,78
2025-10-07,SKU40,78.65,0.0,79.19,312,36
2025-10-08,SKU40,78.04,0.0,91.11,309,25
2025-10-09,SKU40,79.46,0.0,75.94,319,38
2025-10-10,SKU40,79.45,0.0,83.92,278,34
2025-10-11,SKU40,81.02,0.0,89.36,300,38
2025-10-12,SKU40,82.72,0.0,82.46,302,40
2025-10-13,SKU40,78.75,0.0,85.17,289,26
2025-10-14,SKU40,81.5,0.0,76.71,314,21
2025-10-15,SKU40,80.83,0.0,74.93,306,45
2025-10-16,SKU40,79.63,0.0,80.14,323,27
2025-10-17,SKU40,79.83,0.0,78.45,328,23
2025-10-18,SKU40,81.93,0.0,81.65,310,40
2025-10-19,SKU40,81.66,0.0,74.01,304,37
2025-10-20,SKU40,79.8,0.0,84.02,346,38
2025-10-21,SKU40,81.63,0.0,83.16,319,31
2025-10-22,SKU40,79.15,0.0,74.33,322,23
2025-10-23,SKU40,68.27,14.14,85.74,451,84
2025-10-24,SKU40,80.98,0.0,88.51,328,31
2025-10-25,SKU40,57.73,29.84,77.55,481,82
2025-10-26,SKU40,83.01,0.0,82.48,314,31
2025-10-27,SKU40,81.66,0.0,80.86,292,33
2025-10-28,SKU40,82.2,0.0,76.83,279,24
2025-10-29,SKU40,80.32,0.0,79.61,307,36
2025-10-30,SKU40,81.07,0.0,76.98,313,24
2025-10-31,SKU40,79.87,0.0,77.15,318,36
2025-11-01,SKU40,79.61,0.0,83.6,276,37
2025-11-02,SKU40,78.95,0.0,78.71,298,29
2025-11-03,SKU40,83.05,0.0,82.65,319,32
2025-11-04,SKU40,81.17,0.0,78.85,328,31
2025-11-05,SKU40,77.8,0.0,80.66,300,24
2025-11-06,SKU40,78.89,0.0,84.28,278,34
2025-11-07,SKU40,80.98,0.0,87.52,311,29
2025-11-08,SKU40,78.52,0.0,84.6,295,28
2025-11-09,SKU40,81.56,0.0,80.17,334,43
2025-11-10,SKU40,80.61,0.0,79.99,287,28
2025-11-11,SKU40,80.34,0.0,80.87,308,31
2025-11-12,SKU40,78.43,0.0,74.18,310,36
2025-11-13,SKU40,84.3,0.0,82.06,300,27
2025-11-14,SKU40,78.26,0.0,77.37,315,28
2025-11-15,SKU40,77.08,0.0,77.62,292,42
2025-05-20,SKU41,100.85,0.0,96.49,183,26
2025-05-21,SKU41,98.68,0.0,95.28,171,22
2025-05-22,SKU41,96.01,0.0,92.53,178,16
2025-05-23,SKU41,97.35,0.0,87.85,183,0
2025-05-24,SKU41,101.08,0.0,106.66,182,0
2025-05-25,SKU41,100.54,0.0,96.3,184,0
2025-05-26,SKU41,99.58,0.0,87.77,195,0
2025-05-27,SKU41,97.26,0.0,96.31,191,0
2025-05-28,SKU41,100.08,0.0,101.57,206,0
2025-05-29,SKU41,97.68,0.0,101.38,202,0
2025-05-30,SKU41,94.62,0.0,100.75,170,0
2025-05-31,SKU41,98.7,0.0,99.9,176,0
2025-06-01,SKU41,99.65,0.0,108.56,190,0
2025-06-02,SKU41,101.59,0.0,102.0,163,0
2025-06-03,SKU41,99.52,0.0,101.24,221,0
2025-06-04,SKU41,96.66,0.0,102.1,187,0
2025-06-05,SKU41,100.18,0.0,99.29,163,0
2025-06-06,SKU41,100.62,0.0,106.58,189,0
2025-06-07,SKU41,100.71,0.0,103.36,176,0
2025-06-08,SKU41,100.74,0.0,97.67,169,0
2025-06-09,SKU41,101.98,0.0,95.36,198,22
2025-06-10,SKU41,98.71,0.0,92.73,194,19
2025-06-11,SKU41,97.19,0.0,94.35,159,10
2025-06-12,SKU41,100.93,0.0,103.86,198,19
2025-06-13,SKU41,92.93,5.69,89.45,255,38
2025-06-14,SKU41,96.12,0.0,94.01,177,29
2025-06-15,SKU41,99.34,0.0,100.77,172,18
2025-06-16,SKU41,96.54,0.0,96.06,195,15
2025-06-17,SKU41,103.28,0.0,100.03,211,28
2025-06-18,SKU41,100.46,0.0,96.75,186,23
2025-06-19,SKU41,95.36,0.0,97.24,150,27
2025-06-20,SKU41,95.88,0.0,95.49,167,13
2025-06-21,SKU41,98.23,0.0,96.5,184,22
2025-06-22,SKU41,99.99,0.0,104.11,182,21
2025-06-23,SKU41,96.45,0.0,104.2,177,14
2025-06-24,SKU41,99.25,0.0,97.14,210,20
2025-06-25,SKU41,100.53,0.0,99.84,178,12
2025-06-26,SKU41,99.19,0.0,97.92,189,18
2025-06-27,SKU41,100.3,0.0,100.5,181,18
2025-06-28,SKU41,99.02,0.0,101.45,204,29
2025-06-29,SKU41,100.01,0.0,90.5,171,28
2025-06-30,SKU41,98.54,0.0,100.94,149,8
2025-07-01,SKU41,95.51,0.0,104.16,221,19
2025-07-02,SKU41,102.81,0.0,96.41,194,14
2025-07-03,SKU41,101.85,0.0,88.78,175,25
2025-07-04,SKU41,101.14,0.0,94.86,192,14
2025-07-05,SKU41,100.57,0.0,92.63,159,25
2025-07-06,SKU41,96.41,0.0,105.62,229,30
2025-07-07,SKU41,97.6,0.0,105.94,171,18
2025-07-08,SKU41,99.43,0.0,97.07,181,22
2025-07-09,SKU41,98.63,0.0,106.86,186,16
2025-07-10,SKU41,99.45,0.0,90.32,173,13
2025-07-11,SKU41,94.27,0.0,92.05,162,22
2025-07-12,SKU41,100.13,0.0,97.91,184,22
2025-07-13,SKU41,98.54,0.0,95.58,174,29
2025-07-14,SKU41,100.84,0.0,91.49,188,13
2025-07-15,SKU41,101.09,0.0,93.89,159,16
2025-07-16,SKU41,87.5,15.17,97.06,247,51
2025-07-17,SKU41,95.18,0.0,100.08,170,19
2025-07-18,SKU41,100.98,0.0,92.89,182,11
2025-07-19,SKU41,95.71,0.0,102.0,166,22
2025-07-20,SKU41,98.81,0.0,96.11,183,26
2025-07-21,SKU41,99.13,0.0,100.71,194,11
2025-07-22,SKU41,97.54,0.0,95.03,170,17
2025-07-23,SKU41,101.41,0.0,96.75,177,23
2025-07-24,SKU41,99.41,0.0,92.89,192,14
2025-07-25,SKU41,100.82,0.0,101.49,184,22
2025-07-26,SKU41,100.49,0.0,94.97,185,23
2025-07-27,SKU41,99.04,0.0,103.23,176,18
2025-07-28,SKU41,99.49,0.0,101.2,192,25
2025-07-29,SKU41,97.57,0.0,102.85,198,20
2025-07-30,SKU41,95.52,0.0,93.64,165,15
2025-07-31,SKU41,89.26,11.23,97.06,294,54
2025-08-01,SKU41,97.58,0.0,99.05,214,26
2025-08-02,SKU41,99.84,0.0,94.2,149,25
2025-08-03,SKU41,99.32,0.0,103.94,196,24
2025-08-04,SKU41,98.8,0.0,92.85,196,13
2025-08-05,SKU41,102.99,0.0,87.7,187,19
2025-08-06,SKU41,98.03,0.0,96.12,181,19
2025-08-07,SKU41,98.68,0.0,105.31,174,12
2025-08-08,SKU41,95.34,0.0,96.93,204,22
2025-08-09,SKU41,96.66,0.0,91.89,200,21
2025-08-10,SKU41,100.9,0.0,100.66,184,32
2025-08-11,SKU41,98.83,0.0,99.44,189,16
2025-08-12,SKU41,95.84,0.0,95.22,187,24
2025-08-13,SKU41,103.91,0.0,93.08,187,19
2025-08-14,SKU41,96.26,0.0,106.79,178,22
2025-08-15,SKU41,98.1,0.0,91.28,169,16
2025-08-16,SKU41,103.87,0.0,93.02,198,22
2025-08-17,SKU41,100.08,0.0,98.04,166,23
2025-08-18,SKU41,99.89,0.0,97.97,183,14
2025-08-19,SKU41,102.1,0.0,92.72,183,21
2025-08-20,SKU41,102.25,0.0,95.85,211,17
2025-08-21,SKU41,102.02,0.0,100.6,181,22
2025-08-22,SKU41,102.31,0.0,93.98,175,9
2025-08-23,SKU41,100.4,0.0,100.11,173,14
2025-08-24,SKU41,89.14,8.27,107.92,273,66
2025-08-25,SKU41,97.76,0.0,101.58,169,17
2025-08-26,SKU41,101.08,0.0,105.03,180,15
2025-08-27,SKU41,100.73,0.0,111.64,188,13
2025-08-28,SKU41,99.21,0.0,116.37,173,20
2025-08-29,SKU41,100.22,0.0,104.77,183,26
2025-08-30,SKU41,95.06,0.0,99.21,175,14
2025-08-31,SKU41,98.69,0.0,90.61,189,17
2025-09-01,SKU41,101.38,0.0,93.93,209,20
2025-09-02,SKU41,100.31,0.0,110.27,168,18
2025-09-03,SKU41,98.85,0.0,97.94,188,22
2025-09-04,SKU41,96.9,0.0,102.9,159,19
2025-09-05,SKU41,99.78,0.0,102.02,194,20
2025-09-06,SKU41,102.68,0.0,98.22,204,24
2025-09-07,SKU41,97.6,0.0,101.41,203,19
2025-09-08,SKU41,99.05,0.0,100.81,189,14
2025-09-09,SKU41,98.37,0.0,98.29,182,24
2025-09-10,SKU41,97.78,0.0,94.58,211,18
2025-09-11,SKU41,98.95,0.0,102.9,173,25
2025-09-12,SKU41,99.69,0.0,105.99,198,13
2025-09-13,SKU41,97.09,0.0,100.3,203,22
2025-09-14,SKU41,98.42,0.0,93.83,167,23
2025-09-15,SKU41,99.45,0.0,102.07,187,14
2025-09-16,SKU41,99.55,0.0,96.18,191,20
2025-09-17,SKU41,99.1,0.0,93.95,185,19
2025-09-18,SKU41,98.12,0.0,105.72,174,25
2025-09-19,SKU41,98.56,0.0,101.88,193,18
2025-09-20,SKU41,97.72,0.0,98.88,186,33
2025-09-21,SKU41,100.98,0.0,93.42,178,21
2025-09-22,SKU41,97.43,0.0,99.84,193,20
2025-09-23,SKU41,99.23,0.0,96.31,175,9
2025-09-24,SKU41,99.34,0.0,106.18,170,20
2025-09-25,SKU41,100.5,0.0,97.67,174,16
2025-09-26,SKU41,92.39,6.74,103.86,252,53
2025-09-27,SKU41,100.95,0.0,93.39,196,17
2025-09-28,SKU41,100.75,0.0,88.49,177,16
2025-09-29,SKU41,99.43,0.0,100.95,202,18
2025-09-30,SKU41,103.31,0.0,93.29,202,16
2025-10-01,SKU41,103.88,0.0,93.58,216,14
2025-10-02,SKU41,95.12,0.0,106.11,189,13
2025-10-03,SKU41,99.45,0.0,95.05,199,20
2025-10-04,SKU41,102.77,0.0,100.44,196,18
2025-10-05,SKU41,97.87,0.0,99.44,186,24
2025-10-06,SKU41,97.46,0.0,99.78,186,13
2025-10-07,SKU41,97.16,0.0,109.67,164,12
2025-10-08,SKU41,93.92,5.23,96.04,271,49
2025-10-09,SKU41,97.5,0.0,100.55,165,14
2025-10-10,SKU41,100.57,0.0,93.16,181,15
2025-10-11,SKU41,99.9,0.0,98.61,169,27
2025-10-12,SKU41,99.17,0.0,101.06,181,42
2025-10-13,SKU41,97.46,0.0,93.16,169,20
2025-10-14,SKU41,99.23,0.0,100.1,216,27
2025-10-15,SKU41,102.48,0.0,102.4,180,26
2025-10-16,SKU41,97.7,0.0,102.24,176,12
2025-10-17,SKU41,98.35,0.0,102.0,187,26
2025-10-18,SKU41,101.01,0.0,97.2,184,19
2025-10-19,SKU41,96.21,0.0,110.12,180,22
2025-10-20,SKU41,96.81,0.0,100.47,188,11
2025-10-21,SKU41,100.73,0.0,101.74,194,14
2025-10-22,SKU41,100.06,0.0,93.05,181,20
2025-10-23,SKU41,98.65,0.0,96.75,193,21
2025-10-24,SKU41,97.47,0.0,94.99,197,17
2025-10-25,SKU41,97.11,0.0,100.3,193,22
2025-10-26,SKU41,105.55,0.0,105.47,193,26
2025-10-27,SKU41,98.78,0.0,91.12,177,12
2025-10-28,SKU41,97.07,0.0,95.47,183,16
2025-10-29,SKU41,100.24,0.0,101.59,186,19
2025-10-30,SKU41,94.17,0.0,92.18,191,18
2025-10-31,SKU41,102.41,0.0,100.0,191,22
2025-11-01,SKU41,99.03,0.0,92.07,192,22
2025-11-02,SKU41,92.83,5.63,103.58,264,58
2025-11-03,SKU41,98.39,0.0,100.66,186,24
2025-11-04,SKU41,97.21,0.0,101.56,182,22
2025-11-05,SKU41,101.53,0.0,99.69,200,15
2025-11-06,SKU41,94.93,0.0,101.08,204,16
2025-11-07,SKU41,101.29,0.0,105.01,176,17
2025-11-08,SKU41,96.07,0.0,92.19,201,23
2025-11-09,SKU41,99.45,0.0,99.33,186,22
2025-11-10,SKU41,97.92,0.0,98.05,184,25
2025-11-11,SKU41,100.04,0.0,101.87,187,21
2025-11-12,SKU41,98.93,0.0,102.37,179,22
2025-11-13,SKU41,100.1,0.0,102.97,199,22
2025-11-14,SKU41,98.05,0.0,101.43,157,15
2025-11-15,SKU41,98.4,0.0,99.25,170,30
