data/derived/demand_data.csv
date,sku_id,price,discount_percent,competitor_price,web_traffic,units_sold
2025-05-20,SKU42,47.04,0.0,47.37,60,5
2025-05-21,SKU42,46.0,0.0,47.37,54,3
2025-05-22,SKU42,46.98,0.0,46.94,52,6
2025-05-23,SKU42,48.77,0.0,44.73,38,5
2025-05-24,SKU42,45.53,0.0,45.32,44,3
2025-05-25,SKU42,48.39,0.0,44.41,54,0
2025-05-26,SKU42,48.31,0.0,43.71,43,0
2025-05-27,SKU42,46.96,0.0,44.46,54,0
2025-05-28,SKU42,48.51,0.0,44.6,54,0
2025-05-29,SKU42,43.28,7.8,46.61,61,0
2025-05-30,SKU42,38.65,16.07,43.11,66,0
2025-05-31,SKU42,47.97,0.0,46.39,56,0
2025-06-01,SKU42,44.7,5.06,45.8,84,0
2025-06-02,SKU42,45.44,0.0,48.43,46,0
2025-06-03,SKU42,46.8,0.0,47.32,45,0
2025-06-04,SKU42,45.65,0.0,46.15,49,0
2025-06-05,SKU42,45.23,0.0,48.51,44,0
2025-06-06,SKU42,45.8,0.0,46.98,50,0
2025-06-07,SKU42,46.26,0.0,43.77,45,0
2025-06-08,SKU42,46.1,0.0,42.82,47,0
2025-06-09,SKU42,48.2,0.0,48.3,40,0
2025-06-10,SKU42,45.78,0.0,45.87,57,0
2025-06-11,SKU42,46.18,0.0,43.36,58,0
2025-06-12,SKU42,45.98,0.0,44.89,38,0
2025-06-13,SKU42,38.4,15.85,42.71,70,0
2025-06-14,SKU42,47.15,0.0,46.46,64,0
2025-06-15,SKU42,46.28,0.0,44.09,46,0
2025-06-16,SKU42,46.64,0.0,48.42,53,0
2025-06-17,SKU42,46.9,0.0,47.43,44,2
2025-06-18,SKU42,46.83,0.0,45.99,50,6
2025-06-19,SKU42,46.77,0.0,45.72,60,6
2025-06-20,SKU42,46.47,0.0,46.69,51,2
2025-06-21,SKU42,46.15,0.0,46.31,51,5
2025-06-22,SKU42,45.95,0.0,46.94,47,6
2025-06-23,SKU42,46.55,0.0,46.12,48,6
2025-06-24,SKU42,46.11,0.0,46.55,64,7
2025-06-25,SKU42,47.46,0.0,47.26,55,4
2025-06-26,SKU42,46.74,0.0,46.46,46,9
2025-06-27,SKU42,46.8,0.0,48.79,59,5
2025-06-28,SKU42,47.5,0.0,44.52,54,3
2025-06-29,SKU42,45.34,0.0,50.54,50,8
2025-06-30,SKU42,48.17,0.0,50.76,42,3
2025-07-01,SKU42,46.35,0.0,43.65,50,3
2025-07-02,SKU42,46.41,0.0,41.99,51,5
2025-07-03,SKU42,47.06,0.0,47.55,36,5
2025-07-04,SKU42,46.76,0.0,44.47,49,2
2025-07-05,SKU42,45.8,0.0,46.32,42,7
2025-07-06,SKU42,46.45,0.0,46.84,49,2
2025-07-07,SKU42,47.05,0.0,45.19,51,2
2025-07-08,SKU42,44.7,0.0,49.17,48,4
2025-07-09,SKU42,45.99,0.0,44.66,52,2
2025-07-10,SKU42,44.79,0.0,48.34,49,4
2025-07-11,SKU42,46.5,0.0,45.3,45,7
2025-07-12,SKU42,46.5,0.0,50.41,46,8
2025-07-13,SKU42,46.11,0.0,45.71,46,2
2025-07-14,SKU42,47.56,0.0,46.52,69,7
2025-07-15,SKU42,46.16,0.0,45.79,56,6
2025-07-16,SKU42,47.76,0.0,45.21,27,8
2025-07-17,SKU42,46.89,0.0,48.07,55,5
2025-07-18,SKU42,45.55,0.0,44.61,51,6
2025-07-19,SKU42,37.94,16.29,45.36,82,22
2025-07-20,SKU42,48.0,0.0,49.36,50,4
2025-07-21,SKU42,44.21,0.0,55.78,55,9
2025-07-22,SKU42,44.45,0.0,48.57,40,3
2025-07-23,SKU42,47.01,0.0,46.56,46,6
2025-07-24,SKU42,46.92,0.0,44.14,51,9
2025-07-25,SKU42,47.55,0.0,47.66,52,9
2025-07-26,SKU42,46.01,0.0,46.82,53,6
2025-07-27,SKU42,47.96,0.0,44.61,61,4
2025-07-28,SKU42,46.85,0.0,47.03,61,3
2025-07-29,SKU42,47.4,0.0,45.05,51,7
2025-07-30,SKU42,36.61,18.4,46.41,78,20
2025-07-31,SKU42,46.49,0.0,47.12,58,6
2025-08-01,SKU42,46.64,0.0,47.77,46,2
2025-08-02,SKU42,46.17,0.0,47.03,56,2
2025-08-03,SKU42,45.43,0.0,44.5,51,3
2025-08-04,SKU42,48.69,0.0,50.12,66,3
2025-08-05,SKU42,48.09,0.0,47.78,51,5
2025-08-06,SKU42,46.05,0.0,50.08,40,6
2025-08-07,SKU42,46.86,0.0,44.47,62,3
2025-08-08,SKU42,46.44,0.0,49.28,44,7
2025-08-09,SKU42,45.11,0.0,42.21,54,8
2025-08-10,SKU42,45.97,0.0,48.42,38,8
2025-08-11,SKU42,46.95,0.0,45.56,62,11
2025-08-12,SKU42,46.87,0.0,44.74,50,4
2025-08-13,SKU42,45.96,0.0,44.17,44,7
2025-08-14,SKU42,34.46,24.43,47.27,70,11
2025-08-15,SKU42,46.95,0.0,50.06,59,7
2025-08-16,SKU42,46.56,0.0,47.82,49,6
2025-08-17,SKU42,47.48,0.0,45.07,49,5
2025-08-18,SKU42,46.32,0.0,49.3,49,5
2025-08-19,SKU42,47.31,0.0,49.84,65,7
2025-08-20,SKU42,33.48,28.29,43.0,76,10
2025-08-21,SKU42,46.17,0.0,46.7,57,5
2025-08-22,SKU42,48.29,0.0,49.52,54,5
2025-08-23,SKU42,47.28,0.0,46.69,56,7
2025-08-24,SKU42,46.29,0.0,47.25,46,7
2025-08-25,SKU42,46.29,0.0,49.54,56,8
2025-08-26,SKU42,46.05,0.0,42.65,43,3
2025-08-27,SKU42,47.37,0.0,49.14,58,6
2025-08-28,SKU42,48.49,0.0,50.95,59,3
2025-08-29,SKU42,48.36,0.0,49.78,43,7
2025-08-30,SKU42,47.32,0.0,47.34,44,8
2025-08-31,SKU42,43.85,0.0,44.98,55,7
2025-09-01,SKU42,45.6,0.0,46.69,44,3
2025-09-02,SKU42,45.83,0.0,45.19,51,3
2025-09-03,SKU42,45.72,0.0,45.31,59,1
2025-09-04,SKU42,46.17,0.0,47.48,40,2
2025-09-05,SKU42,44.8,0.0,43.52,48,4
2025-09-06,SKU42,45.74,0.0,43.83,46,10
2025-09-07,SKU42,45.86,0.0,43.64,48,3
2025-09-08,SKU42,46.32,0.0,49.7,53,2
2025-09-09,SKU42,47.51,0.0,45.46,54,2
2025-09-10,SKU42,47.57,0.0,48.79,45,3
2025-09-11,SKU42,39.53,13.45,48.49,75,17
2025-09-12,SKU42,46.01,0.0,46.31,45,3
2025-09-13,SKU42,46.35,0.0,47.06,53,7
2025-09-14,SKU42,45.65,0.0,45.84,59,11
2025-09-15,SKU42,45.92,0.0,43.32,42,4
2025-09-16,SKU42,47.39,0.0,43.25,40,10
2025-09-17,SKU42,46.06,0.0,46.39,45,7
2025-09-18,SKU42,46.43,0.0,42.76,37,7
2025-09-19,SKU42,46.93,0.0,43.14,58,6
2025-09-20,SKU42,46.65,0.0,41.92,51,3
2025-09-21,SKU42,46.7,0.0,46.78,51,7
2025-09-22,SKU42,48.61,0.0,44.73,54,4
2025-09-23,SKU42,45.86,0.0,47.04,57,4
2025-09-24,SKU42,46.0,0.0,46.96,55,2
2025-09-25,SKU42,47.13,0.0,46.9,34,3
2025-09-26,SKU42,47.84,0.0,49.15,54,7
2025-09-27,SKU42,46.15,0.0,50.47,60,5
2025-09-28,SKU42,47.63,0.0,43.77,44,5
2025-09-29,SKU42,45.86,0.0,42.83,43,7
2025-09-30,SKU42,46.39,0.0,47.13,62,5
2025-10-01,SKU42,47.41,0.0,49.53,46,7
2025-10-02,SKU42,44.06,0.0,46.82,46,3
2025-10-03,SKU42,43.62,0.0,44.51,49,6
2025-10-04,SKU42,46.81,0.0,48.82,42,6
2025-10-05,SKU42,45.33,0.0,46.43,43,10
2025-10-06,SKU42,45.45,0.0,49.89,55,2
2025-10-07,SKU42,46.85,0.0,48.09,42,3
2025-10-08,SKU42,47.55,0.0,47.48,51,5
2025-10-09,SKU42,46.55,0.0,45.48,44,3
2025-10-10,SKU42,45.14,0.0,43.45,51,5
2025-10-11,SKU42,48.76,0.0,46.82,61,4
2025-10-12,SKU42,48.39,0.0,47.54,71,7
2025-10-13,SKU42,46.26,0.0,47.1,51,7
2025-10-14,SKU42,45.5,0.0,46.74,38,8
2025-10-15,SKU42,46.73,0.0,40.93,45,2
2025-10-16,SKU42,46.88,0.0,48.18,55,2
2025-10-17,SKU42,47.23,0.0,44.97,64,10
2025-10-18,SKU42,45.52,0.0,50.19,51,2
2025-10-19,SKU42,45.45,0.0,46.89,56,4
2025-10-20,SKU42,47.29,0.0,47.33,59,4
2025-10-21,SKU42,45.89,0.0,46.51,57,7
2025-10-22,SKU42,46.57,0.0,46.14,55,3
2025-10-23,SKU42,47.34,0.0,44.7,62,8
2025-10-24,SKU42,39.82,12.9,43.64,64,20
2025-10-25,SKU42,46.27,0.0,45.13,59,9
2025-10-26,SKU42,45.55,0.0,46.19,40,9
2025-10-27,SKU42,45.45,0.0,46.5,48,5
2025-10-28,SKU42,45.79,0.0,48.39,50,7
2025-10-29,SKU42,45.01,0.0,45.33,49,5
2025-10-30,SKU42,46.47,0.0,48.12,46,6
2025-10-31,SKU42,46.94,0.0,46.12,55,7
2025-11-01,SKU42,37.83,23.01,44.53,79,12
2025-11-02,SKU42,48.63,0.0,48.35,51,14
2025-11-03,SKU42,47.36,0.0,50.79,46,9
2025-11-04,SKU42,47.17,0.0,47.33,58,4
2025-11-05,SKU42,45.21,0.0,49.86,52,7
2025-11-06,SKU42,46.59,0.0,47.31,45,2
2025-11-07,SKU42,46.26,0.0,45.89,55,5
2025-11-08,SKU42,45.48,0.0,41.45,34,6
2025-11-09,SKU42,46.85,0.0,47.27,47,9
2025-11-10,SKU42,46.8,0.0,44.27,55,8
2025-11-11,SKU42,40.2,11.83,47.39,85,9
2025-11-12,SKU42,45.22,0.0,46.4,54,9
2025-11-13,SKU42,46.63,0.0,48.33,56,4
2025-11-14,SKU42,45.04,0.0,43.77,58,4
2025-11-15,SKU42,47.33,0.0,51.01,58,6
2025-05-20,SKU43,11.77,0.0,11.94,217,16
2025-05-21,SKU43,11.61,0.0,11.99,201,20
2025-05-22,SKU43,11.78,0.0,11.4,199,0
2025-05-23,SKU43,11.57,0.0,12.64,225,0
2025-05-24,SKU43,11.87,0.0,11.36,225,0
2025-05-25,SKU43,11.38,0.0,11.31,194,0
2025-05-26,SKU43,11.49,0.0,11.21,185,0
2025-05-27,SKU43,11.86,0.0,11.36,209,0
2025-05-28,SKU43,11.52,0.0,11.48,193,0
2025-05-29,SKU43,12.02,0.0,11.84,195,0
2025-05-30,SKU43,11.96,0.0,11.95,214,0
2025-05-31,SKU43,11.91,0.0,11.72,186,0
2025-06-01,SKU43,11.8,0.0,11.0,191,0
2025-06-02,SKU43,12.07,0.0,11.12,176,0
2025-06-03,SKU43,9.87,15.81,11.36,250,0
2025-06-04,SKU43,11.82,0.0,11.01,184,0
2025-06-05,SKU43,11.89,0.0,12.56,195,0
2025-06-06,SKU43,10.95,5.72,12.37,262,0
2025-06-07,SKU43,11.95,0.0,12.18,194,0
2025-06-08,SKU43,11.95,0.0,11.44,194,0
2025-06-09,SKU43,11.68,0.0,11.71,210,0
2025-06-10,SKU43,11.27,0.0,11.38,209,0
2025-06-11,SKU43,12.05,0.0,9.67,195,0
2025-06-12,SKU43,11.51,0.0,10.69,203,0
2025-06-13,SKU43,9.61,17.09,12.12,288,0
2025-06-14,SKU43,11.84,0.0,11.55,201,0
2025-06-15,SKU43,11.66,0.0,12.2,218,0
2025-06-16,SKU43,11.66,0.0,11.72,197,0
2025-06-17,SKU43,11.34,0.0,11.51,215,0
2025-06-18,SKU43,8.7,23.97,12.65,300,0
2025-06-19,SKU43,11.86,0.0,11.54,223,20
2025-06-20,SKU43,11.71,0.0,11.41,205,18
2025-06-21,SKU43,11.72,0.0,11.89,173,17
2025-06-22,SKU43,11.51,0.0,11.57,212,19
2025-06-23,SKU43,11.51,0.0,11.55,199,21
2025-06-24,SKU43,11.63,0.0,11.84,201,17
2025-06-25,SKU43,11.46,0.0,11.34,212,24
2025-06-26,SKU43,11.64,0.0,12.57,198,14
2025-06-27,SKU43,11.79,0.0,11.8,186,21
2025-06-28,SKU43,11.48,0.0,11.1,208,25
2025-06-29,SKU43,11.56,0.0,11.48,183,35
2025-06-30,SKU43,11.54,0.0,11.95,187,19
2025-07-01,SKU43,11.92,0.0,11.19,208,25
2025-07-02,SKU43,11.9,0.0,11.46,208,15
2025-07-03,SKU43,11.97,0.0,11.08,211,17
2025-07-04,SKU43,11.5,0.0,11.02,206,22
2025-07-05,SKU43,11.58,0.0,11.95,196,33
2025-07-06,SKU43,11.64,0.0,11.24,213,23
2025-07-07,SKU43,11.98,0.0,11.66,195,19
2025-07-08,SKU43,11.5,0.0,12.45,211,16
2025-07-09,SKU43,11.37,0.0,11.13,224,24
2025-07-10,SKU43,11.54,0.0,11.12,191,20
2025-07-11,SKU43,11.5,0.0,11.53,186,21
2025-07-12,SKU43,12.06,0.0,10.92,187,24
2025-07-13,SKU43,11.23,0.0,12.3,199,28
2025-07-14,SKU43,11.58,0.0,11.23,201,29
2025-07-15,SKU43,11.58,0.0,11.95,194,19
2025-07-16,SKU43,11.88,0.0,12.62,204,19
2025-07-17,SKU43,11.33,0.0,12.02,212,11
2025-07-18,SKU43,11.42,0.0,11.67,199,26
2025-07-19,SKU43,11.44,0.0,11.46,172,17
2025-07-20,SKU43,11.86,0.0,11.74,197,22
2025-07-21,SKU43,11.8,0.0,11.98,203,19
2025-07-22,SKU43,11.81,0.0,12.35,196,23
2025-07-23,SKU43,11.76,0.0,12.53,237,19
2025-07-24,SKU43,11.53,0.0,11.86,198,16
2025-07-25,SKU43,11.71,0.0,11.04,208,23
2025-07-26,SKU43,11.86,0.0,12.37,200,22
2025-07-27,SKU43,11.56,0.0,12.84,206,28
2025-07-28,SKU43,11.9,0.0,11.34,175,25
2025-07-29,SKU43,11.52,0.0,11.17,174,26
2025-07-30,SKU43,11.58,0.0,11.49,197,19
2025-07-31,SKU43,11.48,0.0,12.34,186,19
2025-08-01,SKU43,11.47,0.0,11.6,210,18
2025-08-02,SKU43,12.17,0.0,12.19,200,25
2025-08-03,SKU43,11.63,0.0,11.78,179,25
2025-08-04,SKU43,11.78,0.0,11.76,171,25
2025-08-05,SKU43,11.6,0.0,11.15,210,29
2025-08-06,SKU43,12.0,0.0,12.57,223,20
2025-08-07,SKU43,11.78,0.0,11.18,193,18
2025-08-08,SKU43,12.0,0.0,10.92,218,16
2025-08-09,SKU43,11.58,0.0,11.27,207,25
2025-08-10,SKU43,11.54,0.0,12.32,176,23
2025-08-11,SKU43,12.06,0.0,10.66,214,21
2025-08-12,SKU43,11.76,0.0,12.21,208,10
2025-08-13,SKU43,11.44,0.0,11.73,190,29
2025-08-14,SKU43,11.92,0.0,11.66,208,21
2025-08-15,SKU43,11.86,0.0,12.59,207,25
2025-08-16,SKU43,9.47,19.3,11.82,271,60
2025-08-17,SKU43,11.92,0.0,12.31,204,26
2025-08-18,SKU43,11.51,0.0,10.96,214,20
2025-08-19,SKU43,11.62,0.0,11.23,203,17
2025-08-20,SKU43,11.89,0.0,11.57,226,14
2025-08-21,SKU43,11.77,0.0,11.67,199,18
2025-08-22,SKU43,11.93,0.0,11.81,210,17
2025-08-23,SKU43,11.51,0.0,11.37,221,25
2025-08-24,SKU43,11.72,0.0,11.75,218,17
2025-08-25,SKU43,11.67,0.0,12.35,210,24
2025-08-26,SKU43,11.72,0.0,11.62,198,26
2025-08-27,SKU43,11.89,0.0,12.29,202,14
2025-08-28,SKU43,11.41,0.0,12.8,189,22
2025-08-29,SKU43,12.08,0.0,10.79,202,15
2025-08-30,SKU43,11.43,0.0,11.24,190,26
2025-08-31,SKU43,11.34,0.0,11.39,197,23
2025-09-01,SKU43,11.76,0.0,11.88,198,12
2025-09-02,SKU43,11.64,0.0,11.64,215,16
2025-09-03,SKU43,11.54,0.0,11.69,198,29
2025-09-04,SKU43,11.86,0.0,11.39,196,19
2025-09-05,SKU43,11.99,0.0,11.99,236,17
2025-09-06,SKU43,11.73,0.0,11.85,176,24
2025-09-07,SKU43,12.08,0.0,11.15,216,26
2025-09-08,SKU43,11.53,0.0,11.85,181,22
2025-09-09,SKU43,11.61,0.0,12.01,204,25
2025-09-10,SKU43,11.79,0.0,12.28,215,30
2025-09-11,SKU43,11.62,0.0,11.47,225,29
2025-09-12,SKU43,11.71,0.0,11.71,210,17
2025-09-13,SKU43,11.95,0.0,11.6,184,27
2025-09-14,SKU43,12.0,0.0,12.32,208,22
2025-09-15,SKU43,11.04,5.56,11.36,310,47
2025-09-16,SKU43,11.96,0.0,12.06,218,23
2025-09-17,SKU43,12.45,0.0,11.73,196,20
2025-09-18,SKU43,11.64,0.0,11.74,189,28
2025-09-19,SKU43,11.74,0.0,10.6,217,17
2025-09-20,SKU43,11.67,0.0,12.33,196,29
2025-09-21,SKU43,11.71,0.0,11.47,188,18
2025-09-22,SKU43,11.87,0.0,12.14,198,30
2025-09-23,SKU43,11.74,0.0,12.16,220,22
2025-09-24,SKU43,11.73,0.0,11.7,183,22
2025-09-25,SKU43,11.67,0.0,11.64,172,17
2025-09-26,SKU43,9.68,18.61,12.82,259,46
2025-09-27,SKU43,11.79,0.0,11.61,189,21
2025-09-28,SKU43,11.41,0.0,11.94,221,27
2025-09-29,SKU43,11.7,0.0,11.7,190,15
2025-09-30,SKU43,11.83,0.0,12.54,235,25
2025-10-01,SKU43,11.96,0.0,13.21,205,16
2025-10-02,SKU43,11.57,0.0,11.24,206,12
2025-10-03,SKU43,11.58,0.0,11.44,188,20
2025-10-04,SKU43,11.75,0.0,12.22,190,35
2025-10-05,SKU43,11.91,0.0,11.72,221,22
2025-10-06,SKU43,11.49,0.0,11.97,181,21
2025-10-07,SKU43,11.79,0.0,12.26,203,21
2025-10-08,SKU43,11.57,0.0,12.03,189,13
2025-10-09,SKU43,11.91,0.0,11.37,189,17
2025-10-10,SKU43,11.67,0.0,11.95,185,17
2025-10-11,SKU43,11.9,0.0,12.14,197,23
2025-10-12,SKU43,11.58,0.0,11.33,198,16
2025-10-13,SKU43,11.43,0.0,12.73,189,23
2025-10-14,SKU43,11.7,0.0,11.06,220,25
2025-10-15,SKU43,11.66,0.0,12.16,194,24
2025-10-16,SKU43,11.95,0.0,11.23,198,23
2025-10-17,SKU43,11.94,0.0,11.88,202,21
2025-10-18,SKU43,11.59,0.0,11.28,195,22
2025-10-19,SKU43,11.66,0.0,11.78,223,31
2025-10-20,SKU43,11.61,0.0,13.07,199,22
2025-10-21,SKU43,11.65,0.0,12.71,194,22
2025-10-22,SKU43,11.72,0.0,12.24,185,16
2025-10-23,SKU43,11.6,0.0,11.13,188,19
2025-10-24,SKU43,11.28,0.0,11.67,188,14
2025-10-25,SKU43,11.99,0.0,10.86,197,28
2025-10-26,SKU43,11.77,0.0,11.41,171,29
2025-10-27,SKU43,11.98,0.0,10.68,199,20
2025-10-28,SKU43,11.81,0.0,12.15,192,20
2025-10-29,SKU43,11.62,0.0,11.34,192,16
2025-10-30,SKU43,11.92,0.0,12.11,179,19
2025-10-31,SKU43,11.94,0.0,11.99,191,21
2025-11-01,SKU43,12.21,0.0,10.6,192,20
2025-11-02,SKU43,11.51,0.0,11.84,192,24
2025-11-03,SKU43,11.77,0.0,11.31,193,19
2025-11-04,SKU43,11.78,0.0,11.6,196,21
2025-11-05,SKU43,11.37,0.0,11.32,188,27
2025-11-06,SKU43,11.71,0.0,11.69,196,26
2025-11-07,SKU43,11.97,0.0,11.74,170,16
2025-11-08,SKU43,11.34,0.0,12.15,182,26
2025-11-09,SKU43,12.0,0.0,11.96,205,22
2025-11-10,SKU43,11.95,0.0,12.18,199,15
2025-11-11,SKU43,11.88,0.0,11.55,206,22
2025-11-12,SKU43,12.2,0.0,11.58,190,23
2025-11-13,SKU43,11.7,0.0,11.54,199,21
2025-11-14,SKU43,11.82,0.0,11.11,231,24
2025-11-15,SKU43,11.7,0.0,12.61,209,21
