data/derived/demand_data.csv
date,sku_id,price,discount_percent,competitor_price,web_traffic,units_sold
2025-05-20,SKU44,51.12,0.0,54.17,323,13
2025-05-21,SKU44,51.61,0.0,48.71,310,0
2025-05-22,SKU44,53.06,0.0,48.9,341,0
2025-05-23,SKU44,51.45,0.0,50.21,280,0
2025-05-24,SKU44,52.38,0.0,49.6,265,0
2025-05-25,SKU44,51.72,0.0,55.18,309,0
2025-05-26,SKU44,50.84,0.0,54.62,317,0
2025-05-27,SKU44,52.2,0.0,48.47,284,0
2025-05-28,SKU44,52.43,0.0,53.36,293,0
2025-05-29,SKU44,50.11,0.0,53.48,322,0
2025-05-30,SKU44,51.25,0.0,55.66,288,0
2025-05-31,SKU44,53.07,0.0,51.91,321,0
2025-06-01,SKU44,52.26,0.0,54.11,300,0
2025-06-02,SKU44,49.68,0.0,52.53,327,0
2025-06-03,SKU44,51.63,0.0,49.54,309,0
2025-06-04,SKU44,51.99,0.0,47.12,307,0
2025-06-05,SKU44,51.35,0.0,51.78,316,0
2025-06-06,SKU44,50.69,0.0,52.69,321,0
2025-06-07,SKU44,42.48,15.97,54.27,432,0
2025-06-08,SKU44,51.27,0.0,53.99,305,0
2025-06-09,SKU44,52.95,0.0,51.0,327,26
2025-06-10,SKU44,50.36,0.0,50.52,288,28
2025-06-11,SKU44,48.26,6.67,52.81,454,85
2025-06-12,SKU44,51.51,0.0,49.37,302,32
2025-06-13,SKU44,52.42,0.0,52.74,293,36
2025-06-14,SKU44,51.3,0.0,51.19,305,31
2025-06-15,SKU44,51.13,0.0,50.01,298,32
2025-06-16,SKU44,51.65,0.0,49.5,279,22
2025-06-17,SKU44,50.97,0.0,52.68,325,38
2025-06-18,SKU44,52.5,0.0,50.39,308,36
2025-06-19,SKU44,52.51,0.0,52.54,291,23
2025-06-20,SKU44,51.99,0.0,54.11,322,26
2025-06-21,SKU44,52.76,0.0,50.25,303,37
2025-06-22,SKU44,45.17,13.89,47.62,463,88
2025-06-23,SKU44,37.01,24.04,48.92,516,81
2025-06-24,SKU44,51.37,0.0,53.87,325,37
2025-06-25,SKU44,51.34,0.0,51.04,303,24
2025-06-26,SKU44,52.51,0.0,45.33,275,33
2025-06-27,SKU44,52.91,0.0,52.16,275,26
2025-06-28,SKU44,49.88,0.0,55.72,283,48
2025-06-29,SKU44,51.83,0.0,52.99,306,39
2025-06-30,SKU44,53.44,0.0,53.68,326,31
2025-07-01,SKU44,38.08,27.14,48.2,496,84
2025-07-02,SKU44,51.15,0.0,50.77,323,28
2025-07-03,SKU44,53.32,0.0,53.02,304,28
2025-07-04,SKU44,51.26,0.0,51.89,303,32
2025-07-05,SKU44,53.07,0.0,51.98,337,34
2025-07-06,SKU44,51.93,0.0,56.25,319,36
2025-07-07,SKU44,51.55,0.0,49.29,321,26
2025-07-08,SKU44,51.72,0.0,49.71,297,22
2025-07-09,SKU44,50.37,0.0,50.2,298,25
2025-07-10,SKU44,51.18,0.0,51.27,290,30
2025-07-11,SKU44,52.48,0.0,51.79,331,29
2025-07-12,SKU44,50.62,0.0,46.66,303,32
2025-07-13,SKU44,51.68,0.0,51.6,310,43
2025-07-14,SKU44,52.55,0.0,52.67,311,30
2025-07-15,SKU44,51.18,0.0,49.36,331,32
2025-07-16,SKU44,51.41,0.0,49.04,305,31
2025-07-17,SKU44,50.84,0.0,53.57,311,30
2025-07-18,SKU44,52.83,0.0,50.72,315,32
2025-07-19,SKU44,50.49,0.0,53.76,302,36
2025-07-20,SKU44,50.35,0.0,52.5,282,29
2025-07-21,SKU44,50.88,0.0,55.06,327,37
2025-07-22,SKU44,51.15,0.0,45.86,285,39
2025-07-23,SKU44,52.64,0.0,54.89,291,26
2025-07-24,SKU44,51.8,0.0,50.62,315,37
2025-07-25,SKU44,51.75,0.0,51.52,306,39
2025-07-26,SKU44,53.01,0.0,54.51,326,29
2025-07-27,SKU44,51.67,0.0,50.86,299,34
2025-07-28,SKU44,51.78,0.0,50.85,302,45
2025-07-29,SKU44,50.74,0.0,52.01,303,34
2025-07-30,SKU44,51.08,0.0,48.98,329,30
2025-07-31,SKU44,51.29,0.0,52.42,324,36
2025-08-01,SKU44,51.35,0.0,50.04,290,27
2025-08-02,SKU44,51.67,0.0,46.49,307,41
2025-08-03,SKU44,51.47,0.0,53.6,273,42
2025-08-04,SKU44,48.83,0.0,52.83,339,48
2025-08-05,SKU44,51.12,0.0,57.57,269,23
2025-08-06,SKU44,50.49,0.0,51.28,304,27
2025-08-07,SKU44,50.66,0.0,51.03,310,43
2025-08-08,SKU44,49.92,0.0,49.85,309,29
2025-08-09,SKU44,52.71,0.0,51.57,311,37
2025-08-10,SKU44,50.75,0.0,50.27,303,39
2025-08-11,SKU44,52.06,0.0,50.68,328,26
2025-08-12,SKU44,52.08,0.0,51.49,265,35
2025-08-13,SKU44,51.32,0.0,52.67,322,25
2025-08-14,SKU44,49.1,0.0,52.37,322,28
2025-08-15,SKU44,49.89,0.0,54.69,299,37
2025-08-16,SKU44,50.98,0.0,47.08,319,35
2025-08-17,SKU44,53.22,0.0,50.35,309,36
2025-08-18,SKU44,50.13,0.0,51.98,323,33
2025-08-19,SKU44,51.27,0.0,49.34,307,18
2025-08-20,SKU44,49.93,0.0,55.89,300,29
2025-08-21,SKU44,51.78,0.0,48.24,291,29
2025-08-22,SKU44,51.39,0.0,48.77,320,31
2025-08-23,SKU44,52.3,0.0,53.97,260,44
2025-08-24,SKU44,51.28,0.0,51.47,317,37
2025-08-25,SKU44,52.67,0.0,53.18,294,30
2025-08-26,SKU44,52.33,0.0,50.09,275,24
2025-08-27,SKU44,51.68,0.0,49.89,324,22
2025-08-28,SKU44,50.42,0.0,49.72,297,31
2025-08-29,SKU44,51.76,0.0,48.49,291,39
2025-08-30,SKU44,52.6,0.0,48.74,312,39
2025-08-31,SKU44,51.46,0.0,50.27,330,32
2025-09-01,SKU44,51.53,0.0,52.27,310,30
2025-09-02,SKU44,50.92,0.0,51.61,309,30
2025-09-03,SKU44,51.48,0.0,54.63,304,24
2025-09-04,SKU44,51.97,0.0,55.06,309,40
2025-09-05,SKU44,50.44,0.0,50.48,297,31
2025-09-06,SKU44,52.29,0.0,53.69,304,46
2025-09-07,SKU44,52.42,0.0,53.38,316,41
2025-09-08,SKU44,51.12,0.0,49.0,325,34
2025-09-09,SKU44,50.3,0.0,53.63,325,29
2025-09-10,SKU44,52.0,0.0,52.88,292,35
2025-09-11,SKU44,51.62,0.0,51.13,294,34
2025-09-12,SKU44,50.71,0.0,51.05,333,30
2025-09-13,SKU44,51.92,0.0,54.07,341,28
2025-09-14,SKU44,50.35,0.0,52.27,307,38
2025-09-15,SKU44,51.43,0.0,51.15,323,30
2025-09-16,SKU44,44.24,12.33,49.08,480,62
2025-09-17,SKU44,51.22,0.0,52.31,304,17
2025-09-18,SKU44,51.42,0.0,56.63,328,24
2025-09-19,SKU44,53.08,0.0,52.94,303,25
2025-09-20,SKU44,52.54,0.0,51.43,308,42
2025-09-21,SKU44,50.73,0.0,54.28,322,36
2025-09-22,SKU44,49.78,0.0,54.26,322,37
2025-09-23,SKU44,49.78,0.0,52.98,293,37
2025-09-24,SKU44,50.9,0.0,52.51,321,24
2025-09-25,SKU44,51.25,0.0,49.75,289,27
2025-09-26,SKU44,51.69,0.0,59.25,293,37
2025-09-27,SKU44,50.47,0.0,51.68,302,32
2025-09-28,SKU44,50.16,0.0,50.37,309,31
2025-09-29,SKU44,51.23,0.0,52.11,333,31
2025-09-30,SKU44,52.23,0.0,47.27,271,34
2025-10-01,SKU44,51.05,0.0,54.54,318,37
2025-10-02,SKU44,50.49,0.0,48.44,289,27
2025-10-03,SKU44,52.04,0.0,45.86,280,37
2025-10-04,SKU44,51.92,0.0,51.79,296,35
2025-10-05,SKU44,51.76,0.0,53.88,293,26
2025-10-06,SKU44,51.31,0.0,48.68,314,38
2025-10-07,SKU44,52.61,0.0,53.2,318,42
2025-10-08,SKU44,51.3,0.0,50.09,307,27
2025-10-09,SKU44,50.38,0.0,50.83,310,35
2025-10-10,SKU44,51.6,0.0,51.8,288,31
2025-10-11,SKU44,51.25,0.0,52.84,316,41
2025-10-12,SKU44,50.64,0.0,50.58,340,47
2025-10-13,SKU44,52.24,0.0,50.06,280,30
2025-10-14,SKU44,51.53,0.0,51.78,285,28
2025-10-15,SKU44,50.97,0.0,56.7,325,21
2025-10-16,SKU44,48.84,0.0,50.16,306,34
2025-10-17,SKU44,51.54,0.0,50.19,315,37
2025-10-18,SKU44,50.56,0.0,45.87,296,44
2025-10-19,SKU44,44.42,14.09,51.77,492,86
2025-10-20,SKU44,50.49,0.0,48.99,303,24
2025-10-21,SKU44,51.71,0.0,52.72,303,25
2025-10-22,SKU44,49.55,0.0,52.98,318,33
2025-10-23,SKU44,51.69,0.0,54.29,274,25
2025-10-24,SKU44,51.29,0.0,50.65,305,38
2025-10-25,SKU44,52.28,0.0,56.44,329,37
2025-10-26,SKU44,50.03,0.0,50.34,313,39
2025-10-27,SKU44,51.23,0.0,51.51,324,32
2025-10-28,SKU44,52.75,0.0,53.07,319,37
2025-10-29,SKU44,51.25,0.0,48.06,298,30
2025-10-30,SKU44,52.04,0.0,48.03,334,30
2025-10-31,SKU44,51.07,0.0,53.86,300,37
2025-11-01,SKU44,51.95,0.0,50.13,310,42
2025-11-02,SKU44,50.8,0.0,52.86,295,39
2025-11-03,SKU44,51.74,0.0,52.21,306,30
2025-11-04,SKU44,51.67,0.0,53.7,315,36
2025-11-05,SKU44,50.38,0.0,42.53,322,35
2025-11-06,SKU44,52.51,0.0,57.85,292,37
2025-11-07,SKU44,51.76,0.0,50.57,304,27
2025-11-08,SKU44,50.25,0.0,54.08,297,38
2025-11-09,SKU44,52.31,0.0,52.26,296,38
2025-11-10,SKU44,51.44,0.0,54.34,290,27
2025-11-11,SKU44,51.93,0.0,53.59,299,25
2025-11-12,SKU44,51.03,0.0,49.41,313,28
2025-11-13,SKU44,50.03,0.0,56.11,299,38
2025-11-14,SKU44,37.99,25.88,47.49,499,77
2025-11-15,SKU44,51.13,0.0,54.94,326,36
2025-05-20,SKU45,34.69,0.0,34.05,8,1
2025-05-21,SKU45,34.3,0.0,34.39,15,0
2025-05-22,SKU45,33.97,0.0,33.99,4,0
2025-05-23,SKU45,33.7,0.0,35.88,10,0
2025-05-24,SKU45,34.0,0.0,34.55,10,1
2025-05-25,SKU45,33.6,0.0,30.79,11,1
2025-05-26,SKU45,33.99,0.0,32.37,11,1
2025-05-27,SKU45,33.84,0.0,32.59,1,0
2025-05-28,SKU45,32.73,0.0,34.5,14,1
2025-05-29,SKU45,34.16,0.0,34.59,5,1
2025-05-30,SKU45,33.67,0.0,30.85,8,0
2025-05-31,SKU45,33.88,0.0,34.97,10,0
2025-06-01,SKU45,33.84,0.0,30.33,6,2
2025-06-02,SKU45,33.39,0.0,34.55,8,0
2025-06-03,SKU45,33.12,0.0,31.48,8,1
2025-06-04,SKU45,33.67,0.0,35.33,7,1
2025-06-05,SKU45,33.81,0.0,33.33,13,0
2025-06-06,SKU45,32.82,0.0,32.87,6,3
2025-06-07,SKU45,33.47,0.0,32.04,6,2
2025-06-08,SKU45,34.56,0.0,34.18,6,2
2025-06-09,SKU45,33.27,0.0,31.87,9,1
2025-06-10,SKU45,34.78,0.0,36.84,6,0
2025-06-11,SKU45,33.6,0.0,35.48,5,3
2025-06-12,SKU45,32.97,0.0,31.86,10,2
2025-06-13,SKU45,34.03,0.0,35.55,10,0
2025-06-14,SKU45,33.7,0.0,30.21,9,0
2025-06-15,SKU45,33.9,0.0,38.25,6,4
2025-06-16,SKU45,34.44,0.0,32.72,7,0
2025-06-17,SKU45,34.75,0.0,33.06,10,0
2025-06-18,SKU45,34.27,0.0,35.51,4,1
2025-06-19,SKU45,34.36,0.0,32.4,4,0
2025-06-20,SKU45,33.09,0.0,37.17,8,1
2025-06-21,SKU45,32.65,0.0,33.85,9,1
2025-06-22,SKU45,33.97,0.0,34.6,8,1
2025-06-23,SKU45,33.86,0.0,35.46,9,0
2025-06-24,SKU45,33.23,0.0,30.0,13,0
2025-06-25,SKU45,33.8,0.0,31.09,14,0
2025-06-26,SKU45,33.45,0.0,34.94,6,2
2025-06-27,SKU45,34.33,0.0,32.55,8,2
2025-06-28,SKU45,34.6,0.0,30.95,5,1
2025-06-29,SKU45,33.57,0.0,32.99,9,0
2025-06-30,SKU45,34.07,0.0,35.0,11,0
2025-07-01,SKU45,33.89,0.0,34.73,12,1
2025-07-02,SKU45,33.42,0.0,34.64,9,1
2025-07-03,SKU45,33.66,0.0,31.11,7,1
2025-07-04,SKU45,33.78,0.0,34.07,7,0
2025-07-05,SKU45,33.17,0.0,36.69,6,0
2025-07-06,SKU45,34.25,0.0,33.01,6,1
2025-07-07,SKU45,31.85,0.0,30.65,9,1
2025-07-08,SKU45,34.25,0.0,33.67,8,0
2025-07-09,SKU45,33.89,0.0,33.99,5,0
2025-07-10,SKU45,34.86,0.0,33.33,8,2
2025-07-11,SKU45,34.98,0.0,34.4,6,1
2025-07-12,SKU45,33.71,0.0,33.88,15,1
2025-07-13,SKU45,33.21,0.0,36.4,6,2
2025-07-14,SKU45,30.46,10.11,31.82,13,3
2025-07-15,SKU45,32.27,0.0,31.31,6,1
2025-07-16,SKU45,33.89,0.0,34.59,10,0
2025-07-17,SKU45,33.78,0.0,35.01,5,1
2025-07-18,SKU45,33.4,0.0,32.57,11,0
2025-07-19,SKU45,32.88,0.0,33.97,9,1
2025-07-20,SKU45,33.65,0.0,32.59,9,1
2025-07-21,SKU45,34.24,0.0,33.06,8,1
2025-07-22,SKU45,34.69,0.0,33.91,6,1
2025-07-23,SKU45,33.14,0.0,38.72,12,1
2025-07-24,SKU45,33.24,0.0,34.38,18,1
2025-07-25,SKU45,33.99,0.0,35.82,7,1
2025-07-26,SKU45,32.1,0.0,35.27,6,2
2025-07-27,SKU45,33.39,0.0,33.44,8,0
2025-07-28,SKU45,33.41,0.0,33.44,11,0
2025-07-29,SKU45,33.93,0.0,32.0,7,1
2025-07-30,SKU45,32.93,0.0,32.64,6,0
2025-07-31,SKU45,33.26,0.0,32.65,9,0
2025-08-01,SKU45,33.77,0.0,36.13,6,0
2025-08-02,SKU45,34.43,0.0,31.5,12,2
2025-08-03,SKU45,33.97,0.0,33.85,10,3
2025-08-04,SKU45,33.92,0.0,31.77,9,1
2025-08-05,SKU45,35.16,0.0,29.06,11,1
2025-08-06,SKU45,34.33,0.0,32.55,9,2
2025-08-07,SKU45,29.96,12.97,33.11,12,2
2025-08-08,SKU45,33.37,0.0,34.93,11,1
2025-08-09,SKU45,34.15,0.0,33.32,10,1
2025-08-10,SKU45,34.21,0.0,34.96,13,0
2025-08-11,SKU45,33.17,0.0,35.2,13,0
2025-08-12,SKU45,33.96,0.0,33.03,7,0
2025-08-13,SKU45,34.2,0.0,34.3,14,0
2025-08-14,SKU45,33.05,0.0,33.41,7,1
2025-08-15,SKU45,34.04,0.0,34.94,10,0
2025-08-16,SKU45,33.63,0.0,33.97,10,0
2025-08-17,SKU45,34.82,0.0,35.48,5,2
2025-08-18,SKU45,34.57,0.0,39.33,8,0
2025-08-19,SKU45,34.77,0.0,32.27,6,0
2025-08-20,SKU45,33.74,0.0,33.51,12,1
2025-08-21,SKU45,34.42,0.0,31.69,6,2
2025-08-22,SKU45,34.2,0.0,34.17,5,0
2025-08-23,SKU45,33.2,0.0,31.56,8,0
2025-08-24,SKU45,33.24,0.0,33.93,6,3
2025-08-25,SKU45,33.1,0.0,33.97,8,1
2025-08-26,SKU45,33.95,0.0,34.87,6,2
2025-08-27,SKU45,34.07,0.0,34.94,10,2
2025-08-28,SKU45,33.95,0.0,31.1,2,1
2025-08-29,SKU45,33.91,0.0,36.81,11,2
2025-08-30,SKU45,31.98,0.0,34.13,7,1
2025-08-31,SKU45,34.38,0.0,33.86,4,0
2025-09-01,SKU45,33.18,0.0,30.49,8,2
2025-09-02,SKU45,23.55,27.33,32.66,19,0
2025-09-03,SKU45,34.55,0.0,34.9,9,1
2025-09-04,SKU45,33.76,0.0,32.53,3,1
2025-09-05,SKU45,34.15,0.0,34.47,8,2
2025-09-06,SKU45,32.94,0.0,32.7,9,0
2025-09-07,SKU45,33.19,0.0,33.79,6,1
2025-09-08,SKU45,33.49,0.0,36.95,9,2
2025-09-09,SKU45,33.95,0.0,34.61,7,0
2025-09-10,SKU45,34.3,0.0,31.61,8,2
2025-09-11,SKU45,32.83,0.0,31.53,13,0
2025-09-12,SKU45,34.0,0.0,35.9,5,1
2025-09-13,SKU45,32.85,0.0,32.17,10,1
2025-09-14,SKU45,33.51,0.0,32.48,6,2
2025-09-15,SKU45,33.96,0.0,34.31,5,1
2025-09-16,SKU45,33.35,0.0,35.43,10,0
2025-09-17,SKU45,33.12,0.0,36.6,3,1
2025-09-18,SKU45,30.01,12.69,35.61,7,1
2025-09-19,SKU45,33.63,0.0,36.6,8,1
2025-09-20,SKU45,33.48,0.0,31.02,6,4
2025-09-21,SKU45,34.72,0.0,33.62,7,3
2025-09-22,SKU45,35.34,0.0,35.73,9,2
2025-09-23,SKU45,35.06,0.0,35.19,6,0
2025-09-24,SKU45,34.31,0.0,35.73,7,2
2025-09-25,SKU45,34.59,0.0,36.83,11,1
2025-09-26,SKU45,34.14,0.0,33.76,6,1
2025-09-27,SKU45,34.0,0.0,31.47,7,0
2025-09-28,SKU45,32.58,0.0,32.52,6,1
2025-09-29,SKU45,34.04,0.0,35.78,8,0
2025-09-30,SKU45,34.65,0.0,34.54,10,1
2025-10-01,SKU45,34.3,0.0,34.64,14,1
2025-10-02,SKU45,33.18,0.0,32.75,6,1
2025-10-03,SKU45,34.01,0.0,35.61,4,1
2025-10-04,SKU45,33.01,0.0,34.23,6,0
2025-10-05,SKU45,33.93,0.0,33.85,10,0
2025-10-06,SKU45,33.32,0.0,33.49,10,0
2025-10-07,SKU45,33.58,0.0,37.63,8,2
2025-10-08,SKU45,33.51,0.0,36.13,8,0
2025-10-09,SKU45,27.96,15.35,32.81,12,1
2025-10-10,SKU45,34.13,0.0,32.79,4,0
2025-10-11,SKU45,34.55,0.0,32.56,11,0
2025-10-12,SKU45,32.88,0.0,30.98,12,0
2025-10-13,SKU45,34.22,0.0,31.78,7,1
2025-10-14,SKU45,33.04,0.0,34.12,10,1
2025-10-15,SKU45,33.58,0.0,36.78,9,1
2025-10-16,SKU45,34.07,0.0,31.74,9,1
2025-10-17,SKU45,33.18,0.0,36.31,8,2
2025-10-18,SKU45,34.04,0.0,33.61,2,1
2025-10-19,SKU45,35.23,0.0,32.94,5,1
2025-10-20,SKU45,33.32,0.0,34.57,7,0
2025-10-21,SKU45,34.22,0.0,37.29,9,1
2025-10-22,SKU45,34.69,0.0,37.11,7,2
2025-10-23,SKU45,34.23,0.0,31.93,7,0
2025-10-24,SKU45,33.66,0.0,31.84,6,0
2025-10-25,SKU45,33.25,0.0,37.17,9,1
2025-10-26,SKU45,33.67,0.0,35.04,9,1
2025-10-27,SKU45,33.34,0.0,33.38,7,1
2025-10-28,SKU45,33.67,0.0,33.45,9,0
2025-10-29,SKU45,32.8,0.0,33.46,7,3
2025-10-30,SKU45,33.69,0.0,35.47,7,1
2025-10-31,SKU45,33.49,0.0,33.61,9,0
2025-11-01,SKU45,33.16,0.0,33.47,3,1
2025-11-02,SKU45,33.24,0.0,31.4,7,0
2025-11-03,SKU45,33.62,0.0,34.29,7,1
2025-11-04,SKU45,33.68,0.0,32.16,9,1
2025-11-05,SKU45,33.12,0.0,32.91,4,2
2025-11-06,SKU45,33.38,0.0,33.06,8,0
2025-11-07,SKU45,30.56,9.54,34.57,12,4
2025-11-08,SKU45,33.98,0.0,35.31,13,1
2025-11-09,SKU45,34.46,0.0,35.64,4,0
2025-11-10,SKU45,33.83,0.0,31.93,5,1
2025-11-11,SKU45,33.94,0.0,35.6,6,2
2025-11-12,SKU45,34.28,0.0,35.63,6,1
2025-11-13,SKU45,33.72,0.0,35.58,13,2
2025-11-14,SKU45,34.06,0.0,32.0,10,0
2025-11-15,SKU45,33.57,0.0,35.98,9,2
