data/derived/demand_data.csv
date,sku_id,price,discount_percent,competitor_price,web_traffic,units_sold
2025-05-20,SKU46,26.23,0.0,24.82,270,25
2025-05-21,SKU46,28.07,0.0,28.26,274,26
2025-05-22,SKU46,27.51,0.0,26.5,267,33
2025-05-23,SKU46,27.01,0.0,28.79,284,8
2025-05-24,SKU46,26.88,0.0,25.89,283,0
2025-05-25,SKU46,28.3,0.0,27.63,306,0
2025-05-26,SKU46,27.54,0.0,26.05,288,0
2025-05-27,SKU46,26.64,0.0,27.9,288,0
2025-05-28,SKU46,26.74,0.0,27.1,295,0
2025-05-29,SKU46,27.32,0.0,29.33,293,0
2025-05-30,SKU46,26.96,0.0,26.8,281,0
2025-05-31,SKU46,27.03,0.0,28.54,290,0
2025-06-01,SKU46,27.44,0.0,26.39,271,0
2025-06-02,SKU46,26.68,0.0,27.83,299,0
2025-06-03,SKU46,26.89,0.0,26.79,284,0
2025-06-04,SKU46,27.35,0.0,27.64,299,0
2025-06-05,SKU46,26.87,0.0,23.97,312,0
2025-06-06,SKU46,27.55,0.0,26.51,304,0
2025-06-07,SKU46,23.55,12.43,27.83,408,0
2025-06-08,SKU46,26.85,0.0,27.05,297,0
2025-06-09,SKU46,27.47,0.0,26.01,259,0
2025-06-10,SKU46,27.07,0.0,25.93,284,0
2025-06-11,SKU46,27.12,0.0,26.07,302,0
2025-06-12,SKU46,26.6,0.0,27.39,280,0
2025-06-13,SKU46,27.31,0.0,26.13,317,0
2025-06-14,SKU46,27.08,0.0,27.22,294,0
2025-06-15,SKU46,27.44,0.0,29.8,245,0
2025-06-16,SKU46,25.77,0.0,24.8,294,0
2025-06-17,SKU46,26.73,0.0,24.93,294,0
2025-06-18,SKU46,27.34,0.0,27.04,258,0
2025-06-19,SKU46,27.6,0.0,27.13,255,19
2025-06-20,SKU46,27.32,0.0,27.36,281,26
2025-06-21,SKU46,26.87,0.0,25.95,258,31
2025-06-22,SKU46,26.74,0.0,27.34,299,33
2025-06-23,SKU46,26.57,0.0,26.79,288,19
2025-06-24,SKU46,27.5,0.0,26.47,297,28
2025-06-25,SKU46,27.33,0.0,26.18,299,29
2025-06-26,SKU46,26.22,0.0,27.88,308,19
2025-06-27,SKU46,28.02,0.0,28.93,294,26
2025-06-28,SKU46,25.94,0.0,27.09,284,39
2025-06-29,SKU46,26.84,0.0,27.91,251,48
2025-06-30,SKU46,18.68,29.7,26.29,424,72
2025-07-01,SKU46,27.32,0.0,28.06,253,23
2025-07-02,SKU46,27.33,0.0,27.73,297,35
2025-07-03,SKU46,27.17,0.0,28.32,269,33
2025-07-04,SKU46,26.17,0.0,26.98,276,33
2025-07-05,SKU46,26.19,0.0,27.11,244,33
2025-07-06,SKU46,25.85,0.0,27.9,304,30
2025-07-07,SKU46,27.68,0.0,27.79,278,28
2025-07-08,SKU46,27.3,0.0,27.86,288,23
2025-07-09,SKU46,27.67,0.0,30.9,284,28
2025-07-10,SKU46,27.33,0.0,24.85,299,30
2025-07-11,SKU46,26.88,0.0,26.41,341,26
2025-07-12,SKU46,27.3,0.0,26.99,270,30
2025-07-13,SKU46,20.33,23.93,26.63,438,96
2025-07-14,SKU46,27.38,0.0,26.52,283,22
2025-07-15,SKU46,26.89,0.0,29.5,289,34
2025-07-16,SKU46,21.24,21.62,25.66,447,74
2025-07-17,SKU46,26.68,0.0,26.24,308,29
2025-07-18,SKU46,26.94,0.0,28.45,264,30
2025-07-19,SKU46,25.84,0.0,30.11,318,40
2025-07-20,SKU46,27.56,0.0,26.9,264,37
2025-07-21,SKU46,27.03,0.0,28.13,271,32
2025-07-22,SKU46,28.85,0.0,26.93,289,33
2025-07-23,SKU46,27.4,0.0,27.35,278,27
2025-07-24,SKU46,27.85,0.0,28.21,304,34
2025-07-25,SKU46,25.85,0.0,28.14,265,35
2025-07-26,SKU46,23.12,15.41,27.24,442,84
2025-07-27,SKU46,26.98,0.0,26.78,291,35
2025-07-28,SKU46,27.49,0.0,25.47,302,31
2025-07-29,SKU46,28.09,0.0,26.18,294,26
2025-07-30,SKU46,27.01,0.0,26.68,266,34
2025-07-31,SKU46,26.46,0.0,26.27,316,26
2025-08-01,SKU46,26.76,0.0,26.2,296,37
2025-08-02,SKU46,27.25,0.0,27.7,286,36
2025-08-03,SKU46,27.52,0.0,24.85,280,36
2025-08-04,SKU46,26.15,0.0,25.45,280,25
2025-08-05,SKU46,26.37,0.0,29.36,272,19
2025-08-06,SKU46,27.78,0.0,25.75,303,32
2025-08-07,SKU46,27.19,0.0,28.05,267,36
2025-08-08,SKU46,27.34,0.0,27.04,299,29
2025-08-09,SKU46,26.39,0.0,26.53,276,35
2025-08-10,SKU46,27.0,0.0,26.73,265,29
2025-08-11,SKU46,27.75,0.0,26.48,292,29
2025-08-12,SKU46,27.65,0.0,27.31,278,32
2025-08-13,SKU46,27.34,0.0,27.44,269,30
2025-08-14,SKU46,27.34,0.0,26.91,275,38
2025-08-15,SKU46,26.63,0.0,29.19,284,22
2025-08-16,SKU46,26.27,0.0,24.81,291,33
2025-08-17,SKU46,27.9,0.0,26.97,284,29
2025-08-18,SKU46,26.11,0.0,25.57,317,18
2025-08-19,SKU46,26.95,0.0,26.89,310,25
2025-08-20,SKU46,26.82,0.0,25.62,287,24
2025-08-21,SKU46,27.04,0.0,25.06,308,23
2025-08-22,SKU46,27.34,0.0,27.66,258,29
2025-08-23,SKU46,27.34,0.0,26.21,269,31
2025-08-24,SKU46,27.72,0.0,25.2,268,42
2025-08-25,SKU46,27.3,0.0,28.53,298,31
2025-08-26,SKU46,26.18,0.0,23.62,315,31
2025-08-27,SKU46,20.14,24.37,26.39,456,74
2025-08-28,SKU46,27.57,0.0,26.73,294,31
2025-08-29,SKU46,27.06,0.0,26.21,276,36
2025-08-30,SKU46,27.01,0.0,28.02,306,29
2025-08-31,SKU46,25.83,0.0,28.43,292,35
2025-09-01,SKU46,26.88,0.0,26.72,289,26
2025-09-02,SKU46,27.84,0.0,27.01,292,38
2025-09-03,SKU46,26.37,0.0,27.1,307,24
2025-09-04,SKU46,26.99,0.0,30.75,297,32
2025-09-05,SKU46,27.2,0.0,27.25,291,31
2025-09-06,SKU46,26.85,0.0,26.38,278,27
2025-09-07,SKU46,27.1,0.0,29.0,299,31
2025-09-08,SKU46,26.75,0.0,28.7,277,19
2025-09-09,SKU46,27.14,0.0,27.93,270,33
2025-09-10,SKU46,26.79,0.0,27.11,276,33
2025-09-11,SKU46,27.76,0.0,27.65,249,21
2025-09-12,SKU46,27.12,0.0,26.95,271,27
2025-09-13,SKU46,27.34,0.0,26.26,264,22
2025-09-14,SKU46,26.06,0.0,25.97,279,29
2025-09-15,SKU46,27.31,0.0,26.66,299,31
2025-09-16,SKU46,27.3,0.0,27.51,286,24
2025-09-17,SKU46,26.8,0.0,25.58,316,25
2025-09-18,SKU46,19.33,29.15,29.02,436,77
2025-09-19,SKU46,28.2,0.0,29.26,300,33
2025-09-20,SKU46,27.08,0.0,28.34,263,42
2025-09-21,SKU46,26.85,0.0,28.28,296,38
2025-09-22,SKU46,26.85,0.0,28.31,282,26
2025-09-23,SKU46,27.24,0.0,24.9,296,25
2025-09-24,SKU46,28.01,0.0,28.14,314,25
2025-09-25,SKU46,26.79,0.0,30.28,294,32
2025-09-26,SKU46,26.29,0.0,28.04,311,28
2025-09-27,SKU46,27.13,0.0,27.43,265,27
2025-09-28,SKU46,27.29,0.0,27.72,298,31
2025-09-29,SKU46,28.35,0.0,26.9,307,39
2025-09-30,SKU46,26.59,0.0,28.05,258,21
2025-10-01,SKU46,19.83,27.97,24.23,393,69
2025-10-02,SKU46,27.18,0.0,26.76,317,29
2025-10-03,SKU46,26.75,0.0,27.01,315,35
2025-10-04,SKU46,26.16,0.0,28.87,331,24
2025-10-05,SKU46,27.03,0.0,27.43,265,36
2025-10-06,SKU46,27.64,0.0,25.7,293,30
2025-10-07,SKU46,27.95,0.0,29.17,283,26
2025-10-08,SKU46,26.99,0.0,28.11,253,27
2025-10-09,SKU46,26.66,0.0,28.46,277,31
2025-10-10,SKU46,26.9,0.0,26.76,285,35
2025-10-11,SKU46,26.72,0.0,27.33,282,24
2025-10-12,SKU46,27.22,0.0,29.62,261,30
2025-10-13,SKU46,26.34,0.0,26.75,273,32
2025-10-14,SKU46,26.81,0.0,25.84,291,36
2025-10-15,SKU46,26.56,0.0,26.23,282,33
2025-10-16,SKU46,26.62,0.0,29.08,269,26
2025-10-17,SKU46,27.53,0.0,28.41,272,29
2025-10-18,SKU46,27.2,0.0,26.19,250,42
2025-10-19,SKU46,27.24,0.0,27.03,282,42
2025-10-20,SKU46,26.97,0.0,29.5,298,21
2025-10-21,SKU46,27.06,0.0,24.54,289,31
2025-10-22,SKU46,26.35,0.0,25.73,284,25
2025-10-23,SKU46,27.15,0.0,26.16,295,25
2025-10-24,SKU46,26.36,0.0,29.09,292,36
2025-10-25,SKU46,28.4,0.0,29.18,277,35
2025-10-26,SKU46,27.47,0.0,27.89,294,35
2025-10-27,SKU46,27.17,0.0,28.07,283,33
2025-10-28,SKU46,26.34,0.0,25.84,288,35
2025-10-29,SKU46,27.09,0.0,27.22,283,28
2025-10-30,SKU46,25.92,0.0,26.36,286,30
2025-10-31,SKU46,27.05,0.0,23.97,282,20
2025-11-01,SKU46,26.74,0.0,25.16,282,36
2025-11-02,SKU46,27.95,0.0,24.82,275,36
2025-11-03,SKU46,28.31,0.0,27.72,312,28
2025-11-04,SKU46,27.71,0.0,25.53,270,37
2025-11-05,SKU46,27.65,0.0,28.72,310,33
2025-11-06,SKU46,26.34,0.0,28.1,266,27
2025-11-07,SKU46,28.39,0.0,28.93,250,24
2025-11-08,SKU46,26.6,0.0,26.4,291,31
2025-11-09,SKU46,26.74,0.0,26.99,311,38
2025-11-10,SKU46,27.13,0.0,26.2,284,25
2025-11-11,SKU46,27.15,0.0,26.17,275,32
2025-11-12,SKU46,26.71,0.0,26.11,276,25
2025-11-13,SKU46,27.88,0.0,25.49,301,25
2025-11-14,SKU46,26.54,0.0,27.94,287,26
2025-11-15,SKU46,25.95,0.0,26.24,272,30
2025-05-20,SKU47,95.57,0.0,94.27,283,4
2025-05-21,SKU47,94.17,0.0,95.48,291,0
2025-05-22,SKU47,91.99,0.0,94.94,311,0
2025-05-23,SKU47,97.66,0.0,91.39,279,0
2025-05-24,SKU47,97.31,0.0,87.92,321,0
2025-05-25,SKU47,74.36,20.83,100.53,478,0
2025-05-26,SKU47,94.36,0.0,97.31,289,0
2025-05-27,SKU47,96.29,0.0,94.55,307,0
2025-05-28,SKU47,95.49,0.0,96.36,332,0
2025-05-29,SKU47,96.85,0.0,100.34,288,0
2025-05-30,SKU47,95.93,0.0,98.09,297,0
2025-05-31,SKU47,93.56,0.0,99.04,302,0
2025-06-01,SKU47,96.31,0.0,91.34,304,0
2025-06-02,SKU47,93.68,0.0,93.96,295,0
2025-06-03,SKU47,96.02,0.0,91.9,301,0
2025-06-04,SKU47,98.37,0.0,96.67,274,0
2025-06-05,SKU47,80.25,16.2,99.22,417,88
2025-06-06,SKU47,97.82,0.0,95.15,338,20
2025-06-07,SKU47,96.46,0.0,95.77,348,46
2025-06-08,SKU47,97.68,0.0,93.88,290,41
2025-06-09,SKU47,96.59,0.0,98.08,283,38
2025-06-10,SKU47,94.26,0.0,96.36,317,22
2025-06-11,SKU47,98.42,0.0,94.45,302,32
2025-06-12,SKU47,94.02,0.0,109.78,301,27
2025-06-13,SKU47,96.71,0.0,91.41,285,32
2025-06-14,SKU47,97.38,0.0,91.53,302,34
2025-06-15,SKU47,96.6,0.0,93.27,291,31
2025-06-16,SKU47,94.81,0.0,106.15,309,26
2025-06-17,SKU47,93.9,0.0,93.16,311,40
2025-06-18,SKU47,97.58,0.0,87.05,297,37
2025-06-19,SKU47,95.8,0.0,87.16,281,33
2025-06-20,SKU47,93.76,0.0,86.73,279,27
2025-06-21,SKU47,96.79,0.0,98.0,291,37
2025-06-22,SKU47,99.38,0.0,99.53,305,37
2025-06-23,SKU47,97.19,0.0,87.49,296,43
2025-06-24,SKU47,95.39,0.0,96.34,301,26
2025-06-25,SKU47,95.47,0.0,99.22,276,30
2025-06-26,SKU47,98.93,0.0,96.79,302,28
2025-06-27,SKU47,95.33,0.0,82.73,298,17
2025-06-28,SKU47,95.28,0.0,88.52,299,41
2025-06-29,SKU47,98.17,0.0,90.03,291,38
2025-06-30,SKU47,92.82,0.0,85.35,286,27
2025-07-01,SKU47,96.67,0.0,102.51,338,31
2025-07-02,SKU47,96.56,0.0,89.67,292,29
2025-07-03,SKU47,67.62,28.74,97.92,477,79
2025-07-04,SKU47,96.05,0.0,90.61,315,29
2025-07-05,SKU47,92.68,0.0,93.52,303,36
2025-07-06,SKU47,95.1,0.0,94.33,278,40
2025-07-07,SKU47,95.42,0.0,91.6,293,29
2025-07-08,SKU47,96.57,0.0,102.19,304,37
2025-07-09,SKU47,99.98,0.0,94.27,329,27
2025-07-10,SKU47,95.49,0.0,97.89,280,27
2025-07-11,SKU47,94.57,0.0,96.42,305,36
2025-07-12,SKU47,98.27,0.0,94.69,300,38
2025-07-13,SKU47,98.4,0.0,89.73,307,31
2025-07-14,SKU47,95.52,0.0,101.99,320,40
2025-07-15,SKU47,97.36,0.0,96.69,306,37
2025-07-16,SKU47,94.28,0.0,108.0,299,24
2025-07-17,SKU47,91.14,0.0,86.65,278,31
2025-07-18,SKU47,95.26,0.0,96.07,323,23
2025-07-19,SKU47,95.08,0.0,94.18,334,29
2025-07-20,SKU47,97.84,0.0,94.75,316,33
2025-07-21,SKU47,95.82,0.0,101.18,307,22
2025-07-22,SKU47,97.82,0.0,96.09,294,27
2025-07-23,SKU47,93.5,0.0,94.87,301,32
2025-07-24,SKU47,94.68,0.0,87.99,303,24
2025-07-25,SKU47,94.5,0.0,95.74,292,28
2025-07-26,SKU47,97.59,0.0,102.74,302,33
2025-07-27,SKU47,93.74,0.0,95.33,294,36
2025-07-28,SKU47,93.07,0.0,99.49,325,42
2025-07-29,SKU47,99.4,0.0,89.56,335,23
2025-07-30,SKU47,96.45,0.0,94.41,274,33
2025-07-31,SKU47,95.39,0.0,96.58,330,28
2025-08-01,SKU47,93.49,0.0,101.24,280,31
2025-08-02,SKU47,97.8,0.0,100.77,276,27
2025-08-03,SKU47,92.42,0.0,98.74,291,35
2025-08-04,SKU47,95.75,0.0,95.28,311,35
2025-08-05,SKU47,95.48,0.0,94.31,308,36
2025-08-06,SKU47,100.2,0.0,90.76,284,27
2025-08-07,SKU47,98.74,0.0,94.24,327,25
2025-08-08,SKU47,95.03,0.0,87.45,320,31
2025-08-09,SKU47,94.82,0.0,98.95,299,46
2025-08-10,SKU47,95.89,0.0,95.54,310,24
2025-08-11,SKU47,92.8,0.0,97.44,304,39
2025-08-12,SKU47,92.48,6.18,89.06,435,80
2025-08-13,SKU47,94.8,0.0,97.86,291,35
2025-08-14,SKU47,77.11,21.71,90.4,442,69
2025-08-15,SKU47,99.62,0.0,97.08,283,34
2025-08-16,SKU47,94.9,0.0,92.23,314,43
2025-08-17,SKU47,94.07,0.0,95.49,301,34
2025-08-18,SKU47,96.84,0.0,103.84,287,34
2025-08-19,SKU47,92.29,0.0,94.68,336,26
2025-08-20,SKU47,93.09,0.0,87.98,286,23
2025-08-21,SKU47,94.44,0.0,102.11,310,34
2025-08-22,SKU47,96.69,0.0,88.72,291,26
2025-08-23,SKU47,93.85,0.0,99.28,306,32
2025-08-24,SKU47,95.4,0.0,101.83,296,32
2025-08-25,SKU47,93.28,0.0,95.11,289,28
2025-08-26,SKU47,95.24,0.0,86.39,296,22
2025-08-27,SKU47,93.42,0.0,95.01,303,36
2025-08-28,SKU47,94.97,0.0,95.37,305,32
2025-08-29,SKU47,94.82,0.0,99.36,305,21
2025-08-30,SKU47,95.57,0.0,104.01,303,39
2025-08-31,SKU47,97.76,0.0,95.5,286,34
2025-09-01,SKU47,95.62,0.0,95.98,269,33
2025-09-02,SKU47,95.74,0.0,94.3,297,31
2025-09-03,SKU47,93.54,0.0,100.52,274,39
2025-09-04,SKU47,97.8,0.0,100.95,316,28
2025-09-05,SKU47,94.32,0.0,92.64,312,37
2025-09-06,SKU47,95.91,0.0,98.36,311,24
2025-09-07,SKU47,95.64,0.0,94.84,271,29
2025-09-08,SKU47,94.44,0.0,102.68,333,28
2025-09-09,SKU47,97.18,0.0,96.45,317,24
2025-09-10,SKU47,93.56,0.0,100.33,295,27
2025-09-11,SKU47,94.29,0.0,93.56,293,27
2025-09-12,SKU47,92.1,0.0,101.82,307,27
2025-09-13,SKU47,92.81,0.0,97.12,341,41
2025-09-14,SKU47,96.74,0.0,96.26,306,45
2025-09-15,SKU47,95.68,0.0,98.93,297,26
2025-09-16,SKU47,94.69,0.0,95.16,310,28
2025-09-17,SKU47,97.59,0.0,90.49,309,33
2025-09-18,SKU47,95.48,0.0,98.36,311,33
2025-09-19,SKU47,90.71,6.88,91.1,465,82
2025-09-20,SKU47,94.12,0.0,99.64,316,32
2025-09-21,SKU47,97.91,0.0,98.67,294,34
2025-09-22,SKU47,93.43,0.0,99.29,298,20
2025-09-23,SKU47,98.54,0.0,92.78,312,28
2025-09-24,SKU47,98.25,0.0,100.13,328,30
2025-09-25,SKU47,94.39,0.0,99.5,322,38
2025-09-26,SKU47,97.5,0.0,97.0,291,28
2025-09-27,SKU47,99.57,0.0,94.93,323,52
2025-09-28,SKU47,97.44,0.0,96.14,275,29
2025-09-29,SKU47,95.22,0.0,93.55,326,33
2025-09-30,SKU47,94.94,0.0,97.9,312,31
2025-10-01,SKU47,95.49,0.0,100.79,307,35
2025-10-02,SKU47,94.09,0.0,96.87,300,34
2025-10-03,SKU47,99.96,0.0,100.84,332,29
2025-10-04,SKU47,94.83,0.0,99.54,310,37
2025-10-05,SKU47,95.97,0.0,92.64,293,29
2025-10-06,SKU47,94.41,0.0,99.15,308,46
2025-10-07,SKU47,94.09,0.0,92.48,303,35
2025-10-08,SKU47,98.59,0.0,102.97,301,33
2025-10-09,SKU47,83.45,9.48,97.08,447,74
2025-10-10,SKU47,100.14,0.0,100.34,301,29
2025-10-11,SKU47,96.2,0.0,89.88,321,46
2025-10-12,SKU47,97.27,0.0,95.4,288,38
2025-10-13,SKU47,96.42,0.0,96.13,303,20
2025-10-14,SKU47,97.2,0.0,97.12,266,29
2025-10-15,SKU47,96.67,0.0,101.98,298,21
2025-10-16,SKU47,97.64,0.0,94.62,305,40
2025-10-17,SKU47,94.55,0.0,96.62,301,37
2025-10-18,SKU47,96.16,0.0,100.45,289,35
2025-10-19,SKU47,97.36,0.0,96.89,312,39
2025-10-20,SKU47,95.87,0.0,97.77,290,36
2025-10-21,SKU47,95.44,0.0,91.31,333,30
2025-10-22,SKU47,92.31,0.0,88.13,300,22
2025-10-23,SKU47,95.63,0.0,91.76,301,29
2025-10-24,SKU47,95.52,0.0,97.18,324,43
2025-10-25,SKU47,95.82,0.0,102.93,298,35
2025-10-26,SKU47,98.32,0.0,100.82,318,36
2025-10-27,SKU47,95.74,0.0,90.54,313,27
2025-10-28,SKU47,95.45,0.0,97.39,303,30
2025-10-29,SKU47,93.64,0.0,94.06,299,16
2025-10-30,SKU47,93.94,0.0,94.53,275,31
2025-10-31,SKU47,96.64,0.0,99.16,294,37
2025-11-01,SKU47,93.87,0.0,93.22,290,47
2025-11-02,SKU47,91.92,0.0,94.1,337,36
2025-11-03,SKU47,98.0,0.0,92.82,321,31
2025-11-04,SKU47,93.05,0.0,105.2,330,36
2025-11-05,SKU47,95.26,0.0,95.54,307,22
2025-11-06,SKU47,97.17,0.0,100.11,332,29
2025-11-07,SKU47,95.33,0.0,104.15,280,21
2025-11-08,SKU47,71.7,26.37,102.94,537,99
2025-11-09,SKU47,96.08,0.0,96.04,300,31
2025-11-10,SKU47,97.23,0.0,105.22,289,25
2025-11-11,SKU47,95.13,0.0,98.97,291,35
2025-11-12,SKU47,91.67,5.1,89.51,477,60
2025-11-13,SKU47,96.26,0.0,97.77,302,25
2025-11-14,SKU47,91.64,0.0,103.63,280,25
2025-11-15,SKU47,96.44,0.0,96.08,308,39
