data/derived/demand_data.csv
date,sku_id,price,discount_percent,competitor_price,web_traffic,units_sold
2025-05-20,SKU48,75.73,0.0,71.06,13,0
2025-05-21,SKU48,77.99,0.0,71.55,13,3
2025-05-22,SKU48,63.27,16.75,83.98,16,4
2025-05-23,SKU48,79.31,0.0,79.11,12,1
2025-05-24,SKU48,73.69,0.0,77.91,6,2
2025-05-25,SKU48,73.41,0.0,74.21,8,2
2025-05-26,SKU48,77.72,0.0,77.4,12,1
2025-05-27,SKU48,78.79,0.0,75.12,15,1
2025-05-28,SKU48,74.93,0.0,78.61,3,0
2025-05-29,SKU48,77.14,0.0,82.62,8,1
2025-05-30,SKU48,78.99,0.0,81.77,7,2
2025-05-31,SKU48,78.85,0.0,72.65,12,2
2025-06-01,SKU48,77.93,0.0,80.16,10,2
2025-06-02,SKU48,74.61,0.0,67.89,12,0
2025-06-03,SKU48,64.45,16.1,79.86,16,0
2025-06-04,SKU48,78.13,0.0,81.04,9,1
2025-06-05,SKU48,76.39,0.0,77.73,13,0
2025-06-06,SKU48,75.57,0.0,69.73,7,1
2025-06-07,SKU48,76.81,0.0,74.43,9,1
2025-06-08,SKU48,73.9,0.0,75.65,17,1
2025-06-09,SKU48,79.19,0.0,76.29,14,3
2025-06-10,SKU48,77.55,0.0,71.7,12,0
2025-06-11,SKU48,75.59,0.0,69.38,9,4
2025-06-12,SKU48,76.16,0.0,83.27,10,2
2025-06-13,SKU48,76.83,0.0,75.84,4,3
2025-06-14,SKU48,76.5,0.0,78.08,10,1
2025-06-15,SKU48,77.2,0.0,78.44,8,1
2025-06-16,SKU48,75.9,0.0,68.59,13,1
2025-06-17,SKU48,77.99,0.0,73.72,6,0
2025-06-18,SKU48,74.31,0.0,73.22,9,0
2025-06-19,SKU48,76.47,0.0,73.77,11,1
2025-06-20,SKU48,74.77,0.0,71.2,9,0
2025-06-21,SKU48,78.62,0.0,72.96,4,0
2025-06-22,SKU48,76.37,0.0,72.94,11,1
2025-06-23,SKU48,76.85,0.0,72.81,8,1
2025-06-24,SKU48,77.59,0.0,79.41,8,1
2025-06-25,SKU48,79.73,0.0,82.41,15,1
2025-06-26,SKU48,74.38,0.0,75.41,7,2
2025-06-27,SKU48,76.17,0.0,78.63,14,2
2025-06-28,SKU48,74.53,0.0,74.2,7,1
2025-06-29,SKU48,73.71,0.0,81.55,5,0
2025-06-30,SKU48,73.19,0.0,82.08,4,1
2025-07-01,SKU48,72.75,0.0,78.96,11,0
2025-07-02,SKU48,75.12,0.0,73.08,14,1
2025-07-03,SKU48,76.96,0.0,77.7,3,2
2025-07-04,SKU48,79.03,0.0,73.53,7,1
2025-07-05,SKU48,76.04,0.0,73.86,12,4
2025-07-06,SKU48,77.62,0.0,77.15,15,0
2025-07-07,SKU48,75.19,0.0,71.26,12,1
2025-07-08,SKU48,76.25,0.0,73.76,13,0
2025-07-09,SKU48,76.07,0.0,73.96,12,0
2025-07-10,SKU48,79.85,0.0,75.0,10,1
2025-07-11,SKU48,77.54,0.0,67.18,7,3
2025-07-12,SKU48,75.59,0.0,70.37,10,0
2025-07-13,SKU48,75.46,0.0,74.38,13,0
2025-07-14,SKU48,76.06,0.0,69.66,9,3
2025-07-15,SKU48,76.97,0.0,81.35,13,2
2025-07-16,SKU48,77.42,0.0,75.74,15,1
2025-07-17,SKU48,80.57,0.0,76.74,13,0
2025-07-18,SKU48,75.55,0.0,75.64,10,1
2025-07-19,SKU48,75.61,0.0,75.06,5,1
2025-07-20,SKU48,77.77,0.0,72.62,12,1
2025-07-21,SKU48,76.14,0.0,74.51,10,1
2025-07-22,SKU48,75.17,0.0,78.94,13,0
2025-07-23,SKU48,77.18,0.0,78.3,9,1
2025-07-24,SKU48,76.61,0.0,73.09,13,1
2025-07-25,SKU48,74.26,0.0,80.85,10,3
2025-07-26,SKU48,76.14,0.0,78.05,9,0
2025-07-27,SKU48,75.24,0.0,73.63,10,3
2025-07-28,SKU48,76.71,0.0,76.98,9,1
2025-07-29,SKU48,76.22,0.0,76.55,11,0
2025-07-30,SKU48,75.98,0.0,75.78,13,2
2025-07-31,SKU48,75.13,0.0,81.27,6,0
2025-08-01,SKU48,73.98,0.0,84.59,10,1
2025-08-02,SKU48,63.88,15.78,76.95,18,5
2025-08-03,SKU48,77.57,0.0,84.59,16,0
2025-08-04,SKU48,77.54,0.0,76.66,9,3
2025-08-05,SKU48,75.93,0.0,77.41,9,0
2025-08-06,SKU48,76.48,0.0,75.8,15,1
2025-08-07,SKU48,75.87,0.0,79.95,13,0
2025-08-08,SKU48,74.83,0.0,76.1,10,2
2025-08-09,SKU48,78.18,0.0,75.86,7,1
2025-08-10,SKU48,74.56,0.0,74.44,9,1
2025-08-11,SKU48,75.84,0.0,76.97,10,0
2025-08-12,SKU48,74.71,0.0,80.62,8,1
2025-08-13,SKU48,77.13,0.0,80.21,6,1
2025-08-14,SKU48,76.6,0.0,71.49,6,0
2025-08-15,SKU48,74.97,0.0,63.18,6,1
2025-08-16,SKU48,73.42,0.0,75.04,9,0
2025-08-17,SKU48,77.38,0.0,76.79,8,1
2025-08-18,SKU48,72.27,0.0,73.58,8,1
2025-08-19,SKU48,75.5,0.0,76.6,11,1
2025-08-20,SKU48,76.99,0.0,75.0,13,2
2025-08-21,SKU48,75.47,0.0,73.08,9,1
2025-08-22,SKU48,78.03,0.0,66.23,7,1
2025-08-23,SKU48,66.17,16.35,73.53,16,6
2025-08-24,SKU48,75.44,0.0,74.97,13,0
2025-08-25,SKU48,75.28,0.0,79.88,7,0
2025-08-26,SKU48,75.17,0.0,79.11,13,1
2025-08-27,SKU48,76.72,0.0,83.28,8,1
2025-08-28,SKU48,75.83,0.0,79.89,12,1
2025-08-29,SKU48,75.53,0.0,77.94,10,0
2025-08-30,SKU48,76.77,0.0,74.54,11,3
2025-08-31,SKU48,75.72,0.0,78.5,12,2
2025-09-01,SKU48,75.58,0.0,73.59,12,1
2025-09-02,SKU48,76.91,0.0,77.31,9,2
2025-09-03,SKU48,76.21,0.0,77.17,9,1
2025-09-04,SKU48,74.53,0.0,74.54,14,1
2025-09-05,SKU48,75.47,0.0,72.43,16,1
2025-09-06,SKU48,56.44,24.69,69.16,16,0
2025-09-07,SKU48,75.16,0.0,81.96,8,0
2025-09-08,SKU48,79.44,0.0,77.02,8,2
2025-09-09,SKU48,74.88,0.0,66.63,6,1
2025-09-10,SKU48,59.93,23.02,73.14,19,3
2025-09-11,SKU48,78.14,0.0,73.67,14,1
2025-09-12,SKU48,75.46,0.0,74.39,13,1
2025-09-13,SKU48,73.62,0.0,78.32,13,2
2025-09-14,SKU48,76.89,0.0,78.46,7,0
2025-09-15,SKU48,80.09,0.0,79.07,11,1
2025-09-16,SKU48,76.87,0.0,79.78,10,2
2025-09-17,SKU48,75.63,0.0,76.46,11,0
2025-09-18,SKU48,76.09,0.0,78.14,11,0
2025-09-19,SKU48,75.66,0.0,74.48,7,1
2025-09-20,SKU48,77.22,0.0,76.59,17,4
2025-09-21,SKU48,77.7,0.0,76.66,3,0
2025-09-22,SKU48,76.61,0.0,69.08,4,1
2025-09-23,SKU48,77.91,0.0,78.16,8,3
2025-09-24,SKU48,77.19,0.0,70.64,9,0
2025-09-25,SKU48,76.07,0.0,74.75,11,0
2025-09-26,SKU48,74.92,0.0,79.84,6,2
2025-09-27,SKU48,77.0,0.0,76.12,9,1
2025-09-28,SKU48,74.91,0.0,79.34,12,2
2025-09-29,SKU48,77.61,0.0,80.18,5,0
2025-09-30,SKU48,75.08,0.0,79.35,14,1
2025-10-01,SKU48,75.95,0.0,71.61,5,1
2025-10-02,SKU48,75.08,0.0,82.57,9,0
2025-10-03,SKU48,76.11,0.0,79.22,16,1
2025-10-04,SKU48,79.37,0.0,76.28,7,1
2025-10-05,SKU48,77.22,0.0,75.03,17,2
2025-10-06,SKU48,79.0,0.0,71.75,12,1
2025-10-07,SKU48,76.53,0.0,74.47,10,1
2025-10-08,SKU48,76.21,0.0,79.14,11,2
2025-10-09,SKU48,74.24,0.0,80.18,8,1
2025-10-10,SKU48,77.4,0.0,81.62,16,3
2025-10-11,SKU48,73.47,0.0,75.29,8,2
2025-10-12,SKU48,76.95,0.0,70.58,9,1
2025-10-13,SKU48,77.26,0.0,72.87,6,0
2025-10-14,SKU48,76.06,0.0,84.11,11,1
2025-10-15,SKU48,76.74,0.0,69.18,9,0
2025-10-16,SKU48,75.08,0.0,74.8,7,2
2025-10-17,SKU48,74.8,0.0,70.41,13,1
2025-10-18,SKU48,76.48,0.0,80.08,11,2
2025-10-19,SKU48,76.93,0.0,74.84,12,1
2025-10-20,SKU48,75.91,0.0,79.65,6,2
2025-10-21,SKU48,67.87,9.24,75.44,13,0
2025-10-22,SKU48,74.35,0.0,73.12,10,1
2025-10-23,SKU48,74.63,0.0,81.44,6,1
2025-10-24,SKU48,74.9,0.0,74.76,13,1
2025-10-25,SKU48,75.19,0.0,65.56,16,0
2025-10-26,SKU48,76.01,0.0,79.8,14,1
2025-10-27,SKU48,76.09,0.0,71.73,7,1
2025-10-28,SKU48,78.79,0.0,72.9,6,1
2025-10-29,SKU48,77.02,0.0,78.28,12,0
2025-10-30,SKU48,75.61,0.0,71.46,10,0
2025-10-31,SKU48,74.19,0.0,78.41,7,3
2025-11-01,SKU48,77.67,0.0,74.8,10,0
2025-11-02,SKU48,73.14,0.0,80.77,7,3
2025-11-03,SKU48,76.47,0.0,72.94,13,2
2025-11-04,SKU48,73.32,0.0,69.51,10,1
2025-11-05,SKU48,76.65,0.0,71.86,15,1
2025-11-06,SKU48,75.85,0.0,77.28,9,3
2025-11-07,SKU48,77.79,0.0,82.44,9,1
2025-11-08,SKU48,77.45,0.0,82.22,13,2
2025-11-09,SKU48,75.98,0.0,73.87,11,1
2025-11-10,SKU48,78.33,0.0,69.33,6,1
2025-11-11,SKU48,54.99,26.96,72.72,19,2
2025-11-12,SKU48,77.45,0.0,79.3,7,1
2025-11-13,SKU48,76.71,0.0,78.24,10,0
2025-11-14,SKU48,78.57,0.0,75.94,8,2
2025-11-15,SKU48,74.08,0.0,79.04,7,1
2025-05-20,SKU49,76.93,0.0,82.85,35,4
2025-05-21,SKU49,80.82,0.0,78.82,24,3
2025-05-22,SKU49,80.17,0.0,84.67,28,5
2025-05-23,SKU49,78.45,0.0,76.39,25,1
2025-05-24,SKU49,82.22,0.0,76.48,36,7
2025-05-25,SKU49,79.37,0.0,82.09,33,6
2025-05-26,SKU49,80.57,0.0,77.5,36,8
2025-05-27,SKU49,79.28,0.0,78.06,28,8
2025-05-28,SKU49,78.9,0.0,73.72,34,4
2025-05-29,SKU49,82.38,0.0,78.94,24,4
2025-05-30,SKU49,79.21,0.0,78.39,32,6
2025-05-31,SKU49,79.21,0.0,72.43,37,3
2025-06-01,SKU49,79.01,0.0,74.4,38,6
2025-06-02,SKU49,75.44,0.0,82.44,27,2
2025-06-03,SKU49,79.94,0.0,80.43,33,6
2025-06-04,SKU49,76.84,0.0,79.58,25,5
2025-06-05,SKU49,79.01,0.0,74.69,36,0
2025-06-06,SKU49,62.26,20.81,80.88,52,5
2025-06-07,SKU49,77.79,0.0,75.72,23,2
2025-06-08,SKU49,79.86,0.0,80.27,39,0
2025-06-09,SKU49,79.31,0.0,74.98,22,3
2025-06-10,SKU49,76.72,0.0,82.36,31,0
2025-06-11,SKU49,75.79,0.0,79.51,32,3
2025-06-12,SKU49,77.23,0.0,74.82,21,4
2025-06-13,SKU49,81.74,0.0,80.11,33,2
2025-06-14,SKU49,79.0,0.0,77.7,31,1
2025-06-15,SKU49,80.96,0.0,80.35,43,6
2025-06-16,SKU49,80.18,0.0,81.49,31,7
2025-06-17,SKU49,76.53,0.0,82.28,36,4
2025-06-18,SKU49,82.06,0.0,78.75,25,2
2025-06-19,SKU49,77.84,0.0,79.68,35,4
2025-06-20,SKU49,80.75,0.0,79.96,29,2
2025-06-21,SKU49,78.91,0.0,74.14,27,6
2025-06-22,SKU49,78.81,0.0,72.88,47,3
2025-06-23,SKU49,78.53,0.0,72.56,35,5
2025-06-24,SKU49,79.31,0.0,80.21,43,2
2025-06-25,SKU49,80.84,0.0,77.92,20,0
2025-06-26,SKU49,78.12,0.0,69.96,28,4
2025-06-27,SKU49,79.52,0.0,85.35,32,4
2025-06-28,SKU49,77.08,0.0,75.54,25,4
2025-06-29,SKU49,80.92,0.0,73.81,35,6
2025-06-30,SKU49,77.63,0.0,78.55,28,3
2025-07-01,SKU49,80.44,0.0,77.13,34,5
2025-07-02,SKU49,71.05,11.83,79.19,42,11
2025-07-03,SKU49,81.0,0.0,75.47,25,8
2025-07-04,SKU49,78.82,0.0,79.4,38,2
2025-07-05,SKU49,79.69,0.0,77.49,31,4
2025-07-06,SKU49,79.92,0.0,73.37,41,4
2025-07-07,SKU49,79.02,0.0,85.36,43,0
2025-07-08,SKU49,63.84,16.27,78.86,57,10
2025-07-09,SKU49,81.7,0.0,82.32,40,5
2025-07-10,SKU49,76.65,0.0,88.06,28,2
2025-07-11,SKU49,79.33,0.0,79.43,37,6
2025-07-12,SKU49,77.25,0.0,79.19,32,9
2025-07-13,SKU49,76.39,0.0,71.35,32,3
2025-07-14,SKU49,79.85,0.0,85.75,42,3
2025-07-15,SKU49,77.64,0.0,78.48,40,3
2025-07-16,SKU49,78.79,0.0,77.49,35,2
2025-07-17,SKU49,77.15,0.0,78.7,35,2
2025-07-18,SKU49,81.2,0.0,85.07,28,8
2025-07-19,SKU49,79.2,0.0,76.9,26,3
2025-07-20,SKU49,79.66,0.0,78.65,33,4
2025-07-21,SKU49,78.23,0.0,75.23,26,1
2025-07-22,SKU49,77.89,0.0,85.27,33,5
2025-07-23,SKU49,78.64,0.0,73.95,40,1
2025-07-24,SKU49,79.85,0.0,77.88,37,2
2025-07-25,SKU49,78.67,0.0,80.66,41,1
2025-07-26,SKU49,77.12,0.0,81.07,29,8
2025-07-27,SKU49,79.53,0.0,83.2,27,4
2025-07-28,SKU49,79.56,0.0,80.05,25,2
2025-07-29,SKU49,62.48,19.04,74.28,37,14
2025-07-30,SKU49,79.07,0.0,78.02,23,1
2025-07-31,SKU49,78.5,0.0,79.94,25,4
2025-08-01,SKU49,75.78,0.0,82.61,30,7
2025-08-02,SKU49,62.84,21.88,80.03,45,4
2025-08-03,SKU49,78.22,0.0,81.8,32,2
2025-08-04,SKU49,77.43,0.0,75.34,32,5
2025-08-05,SKU49,77.32,0.0,86.09,31,4
2025-08-06,SKU49,79.23,0.0,78.4,28,2
2025-08-07,SKU49,76.95,0.0,71.88,41,6
2025-08-08,SKU49,75.47,0.0,83.37,32,3
2025-08-09,SKU49,80.11,0.0,72.61,41,1
2025-08-10,SKU49,77.85,0.0,79.72,39,2
2025-08-11,SKU49,78.12,0.0,77.13,32,3
2025-08-12,SKU49,80.48,0.0,82.53,30,5
2025-08-13,SKU49,79.93,0.0,69.0,36,3
2025-08-14,SKU49,78.66,0.0,80.77,44,5
2025-08-15,SKU49,79.63,0.0,82.56,28,9
2025-08-16,SKU49,76.62,0.0,82.08,25,4
2025-08-17,SKU49,77.28,0.0,76.01,35,5
2025-08-18,SKU49,79.07,0.0,78.19,38,3
2025-08-19,SKU49,78.11,0.0,84.3,43,5
2025-08-20,SKU49,76.23,0.0,86.03,38,2
2025-08-21,SKU49,77.1,0.0,73.74,32,1
2025-08-22,SKU49,79.09,0.0,85.86,33,4
2025-08-23,SKU49,75.55,0.0,70.11,28,2
2025-08-24,SKU49,78.42,0.0,75.95,29,1
2025-08-25,SKU49,81.35,0.0,74.97,32,2
2025-08-26,SKU49,82.26,0.0,83.27,27,5
2025-08-27,SKU49,76.38,0.0,82.96,35,4
2025-08-28,SKU49,78.19,0.0,77.82,25,8
2025-08-29,SKU49,78.22,0.0,75.89,35,6
2025-08-30,SKU49,77.66,0.0,81.64,23,6
2025-08-31,SKU49,77.12,0.0,74.96,29,5
2025-09-01,SKU49,78.9,0.0,79.71,30,2
2025-09-02,SKU49,80.45,0.0,79.93,24,2
2025-09-03,SKU49,78.97,0.0,76.48,27,4
2025-09-04,SKU49,76.64,0.0,79.56,30,3
2025-09-05,SKU49,78.89,0.0,82.03,34,6
2025-09-06,SKU49,80.65,0.0,76.7,34,4
2025-09-07,SKU49,79.03,0.0,78.72,31,4
2025-09-08,SKU49,78.21,0.0,74.35,40,6
2025-09-09,SKU49,74.57,5.44,81.88,49,13
2025-09-10,SKU49,77.31,0.0,75.47,38,4
2025-09-11,SKU49,77.83,0.0,81.54,44,1
2025-09-12,SKU49,77.64,0.0,72.43,27,3
2025-09-13,SKU49,79.83,0.0,81.06,36,7
2025-09-14,SKU49,81.07,0.0,84.51,29,5
2025-09-15,SKU49,79.76,0.0,73.57,38,7
2025-09-16,SKU49,76.62,0.0,80.2,40,1
2025-09-17,SKU49,77.45,0.0,80.83,20,6
2025-09-18,SKU49,81.8,0.0,76.09,29,2
2025-09-19,SKU49,77.02,0.0,85.88,32,2
2025-09-20,SKU49,63.62,19.28,82.26,42,6
2025-09-21,SKU49,79.74,0.0,80.13,35,3
2025-09-22,SKU49,79.4,0.0,75.82,37,6
2025-09-23,SKU49,76.07,0.0,75.68,28,4
2025-09-24,SKU49,82.35,0.0,77.89,34,5
2025-09-25,SKU49,79.28,0.0,78.88,37,3
2025-09-26,SKU49,79.33,0.0,77.46,34,4
2025-09-27,SKU49,76.12,0.0,76.87,40,4
2025-09-28,SKU49,69.77,11.99,82.16,48,7
2025-09-29,SKU49,79.4,0.0,81.77,22,3
2025-09-30,SKU49,64.35,20.37,71.1,55,5
2025-10-01,SKU49,80.03,0.0,74.83,31,2
2025-10-02,SKU49,79.91,0.0,83.6,27,4
2025-10-03,SKU49,77.23,0.0,75.46,39,4
2025-10-04,SKU49,78.23,0.0,79.65,31,2
2025-10-05,SKU49,79.17,0.0,71.69,25,8
2025-10-06,SKU49,78.25,0.0,82.84,32,6
2025-10-07,SKU49,81.58,0.0,78.11,32,5
2025-10-08,SKU49,80.09,0.0,72.88,27,1
2025-10-09,SKU49,75.02,0.0,76.99,32,2
2025-10-10,SKU49,75.9,0.0,75.99,29,6
2025-10-11,SKU49,80.07,0.0,71.77,24,3
2025-10-12,SKU49,80.27,0.0,79.25,39,8
2025-10-13,SKU49,80.69,0.0,81.36,30,3
2025-10-14,SKU49,77.99,0.0,81.6,31,5
2025-10-15,SKU49,77.3,0.0,82.27,37,1
2025-10-16,SKU49,78.42,0.0,73.91,31,5
2025-10-17,SKU49,78.66,0.0,78.31,32,1
2025-10-18,SKU49,81.11,0.0,77.74,20,3
2025-10-19,SKU49,77.7,0.0,79.87,30,9
2025-10-20,SKU49,76.43,0.0,77.83,29,2
2025-10-21,SKU49,77.53,0.0,80.34,38,1
2025-10-22,SKU49,79.2,0.0,81.47,33,2
2025-10-23,SKU49,77.31,0.0,84.84,25,3
2025-10-24,SKU49,78.0,0.0,79.64,29,5
2025-10-25,SKU49,68.28,13.25,81.22,49,14
2025-10-26,SKU49,69.3,9.42,72.53,43,10
2025-10-27,SKU49,79.22,0.0,81.58,35,4
2025-10-28,SKU49,76.69,0.0,83.15,36,2
2025-10-29,SKU49,76.91,0.0,81.36,32,3
2025-10-30,SKU49,79.84,0.0,78.62,36,0
2025-10-31,SKU49,79.81,0.0,78.37,32,2
2025-11-01,SKU49,65.01,19.47,77.92,58,9
2025-11-02,SKU49,78.22,0.0,81.91,31,4
2025-11-03,SKU49,77.87,0.0,73.27,37,3
2025-11-04,SKU49,78.95,0.0,81.51,28,5
2025-11-05,SKU49,77.42,0.0,76.66,28,0
2025-11-06,SKU49,77.46,0.0,76.33,40,3
2025-11-07,SKU49,79.44,0.0,76.01,33,4
2025-11-08,SKU49,78.64,0.0,74.92,27,7
2025-11-09,SKU49,74.79,0.0,77.99,28,4
2025-11-10,SKU49,77.31,0.0,86.47,28,3
2025-11-11,SKU49,78.38,0.0,71.58,19,2
2025-11-12,SKU49,77.6,0.0,83.25,32,3
2025-11-13,SKU49,75.53,0.0,84.71,40,3
2025-11-14,SKU49,81.64,0.0,76.43,34,1
2025-11-15,SKU49,80.76,0.0,78.19,36,4
