data/derived/demand_data.csv
date,sku_id,price,discount_percent,competitor_price,web_traffic,units_sold
2025-05-20,SKU50,14.22,0.0,15.34,239,29
2025-05-21,SKU50,13.78,0.0,13.68,206,2
2025-05-22,SKU50,13.95,0.0,13.92,192,0
2025-05-23,SKU50,14.25,0.0,14.76,212,0
2025-05-24,SKU50,14.15,0.0,14.73,212,0
2025-05-25,SKU50,14.02,0.0,14.59,217,0
2025-05-26,SKU50,14.38,0.0,15.15,225,0
2025-05-27,SKU50,13.98,0.0,13.98,227,0
2025-05-28,SKU50,13.98,0.0,13.54,197,0
2025-05-29,SKU50,13.87,0.0,14.6,217,0
2025-05-30,SKU50,11.81,15.36,14.21,303,0
2025-05-31,SKU50,14.16,0.0,13.99,214,0
2025-06-01,SKU50,13.87,0.0,15.86,226,0
2025-06-02,SKU50,14.25,0.0,13.56,206,0
2025-06-03,SKU50,14.4,0.0,13.52,205,0
2025-06-04,SKU50,12.18,14.06,14.37,294,0
2025-06-05,SKU50,14.26,0.0,14.41,222,0
2025-06-06,SKU50,14.32,0.0,14.18,212,0
2025-06-07,SKU50,14.57,0.0,13.99,196,0
2025-06-08,SKU50,14.43,0.0,13.76,214,0
2025-06-09,SKU50,14.37,0.0,15.28,209,0
2025-06-10,SKU50,12.94,8.12,13.95,309,0
2025-06-11,SKU50,14.3,0.0,15.48,209,0
2025-06-12,SKU50,14.53,0.0,13.81,213,0
2025-06-13,SKU50,14.06,0.0,13.22,178,24
2025-06-14,SKU50,13.99,0.0,12.85,213,22
2025-06-15,SKU50,14.56,0.0,14.1,215,27
2025-06-16,SKU50,14.33,0.0,13.27,197,26
2025-06-17,SKU50,13.96,0.0,15.29,209,25
2025-06-18,SKU50,13.98,0.0,14.93,181,29
2025-06-19,SKU50,14.67,0.0,15.28,240,18
2025-06-20,SKU50,13.9,0.0,14.35,232,26
2025-06-21,SKU50,13.9,0.0,13.71,243,32
2025-06-22,SKU50,14.14,0.0,14.95,220,22
2025-06-23,SKU50,14.52,0.0,15.93,222,22
2025-06-24,SKU50,14.09,0.0,14.33,193,23
2025-06-25,SKU50,14.34,0.0,14.71,230,22
2025-06-26,SKU50,14.08,0.0,14.26,213,21
2025-06-27,SKU50,14.26,0.0,15.6,210,23
2025-06-28,SKU50,14.22,0.0,13.54,221,26
2025-06-29,SKU50,14.32,0.0,13.17,209,26
2025-06-30,SKU50,14.44,0.0,14.1,221,11
2025-07-01,SKU50,14.55,0.0,14.76,214,24
2025-07-02,SKU50,14.04,0.0,14.28,228,18
2025-07-03,SKU50,14.31,0.0,14.17,220,23
2025-07-04,SKU50,14.04,0.0,14.81,234,25
2025-07-05,SKU50,14.42,0.0,14.53,221,29
2025-07-06,SKU50,14.1,0.0,15.61,203,25
2025-07-07,SKU50,14.39,0.0,15.17,194,19
2025-07-08,SKU50,13.22,6.79,14.59,313,62
2025-07-09,SKU50,12.21,13.21,14.2,336,55
2025-07-10,SKU50,14.04,0.0,15.2,199,19
2025-07-11,SKU50,13.93,0.0,13.78,195,32
2025-07-12,SKU50,13.72,0.0,14.06,215,33
2025-07-13,SKU50,14.13,0.0,14.33,236,19
2025-07-14,SKU50,14.14,0.0,14.19,204,30
2025-07-15,SKU50,14.51,0.0,14.41,219,24
2025-07-16,SKU50,12.78,8.71,15.11,322,56
2025-07-17,SKU50,14.03,0.0,13.47,178,17
2025-07-18,SKU50,14.47,0.0,14.81,215,22
2025-07-19,SKU50,14.07,0.0,13.14,206,18
2025-07-20,SKU50,14.73,0.0,14.35,193,30
2025-07-21,SKU50,14.72,0.0,13.85,190,29
2025-07-22,SKU50,14.63,0.0,14.08,186,23
2025-07-23,SKU50,13.98,0.0,14.17,213,25
2025-07-24,SKU50,14.4,0.0,14.88,215,29
2025-07-25,SKU50,14.09,0.0,13.71,201,23
2025-07-26,SKU50,14.01,0.0,13.63,208,25
2025-07-27,SKU50,14.12,0.0,13.43,219,31
2025-07-28,SKU50,13.77,0.0,13.7,199,13
2025-07-29,SKU50,14.42,0.0,13.75,221,15
2025-07-30,SKU50,14.22,0.0,14.65,218,21
2025-07-31,SKU50,14.42,0.0,14.85,223,28
2025-08-01,SKU50,14.3,0.0,14.07,221,22
2025-08-02,SKU50,14.05,0.0,14.36,191,24
2025-08-03,SKU50,14.07,0.0,15.62,185,15
2025-08-04,SKU50,14.27,0.0,14.15,225,17
2025-08-05,SKU50,14.41,0.0,13.66,208,24
2025-08-06,SKU50,13.53,0.0,13.57,194,20
2025-08-07,SKU50,14.02,0.0,14.04,225,26
2025-08-08,SKU50,14.0,0.0,14.21,194,27
2025-08-09,SKU50,14.47,0.0,13.83,234,22
2025-08-10,SKU50,14.37,0.0,14.21,202,25
2025-08-11,SKU50,13.97,0.0,13.97,196,24
2025-08-12,SKU50,14.7,0.0,13.32,224,16
2025-08-13,SKU50,14.68,0.0,14.21,229,23
2025-08-14,SKU50,14.35,0.0,14.32,227,20
2025-08-15,SKU50,14.49,0.0,15.2,209,31
2025-08-16,SKU50,14.06,0.0,14.48,213,24
2025-08-17,SKU50,14.14,0.0,14.93,188,28
2025-08-18,SKU50,14.24,0.0,14.19,202,18
2025-08-19,SKU50,14.62,0.0,13.85,219,10
2025-08-20,SKU50,14.78,0.0,13.88,221,29
2025-08-21,SKU50,11.09,22.02,13.62,316,39
2025-08-22,SKU50,14.17,0.0,13.54,208,17
2025-08-23,SKU50,13.79,0.0,13.73,218,27
2025-08-24,SKU50,14.5,0.0,14.11,221,29
2025-08-25,SKU50,14.1,0.0,14.04,206,28
2025-08-26,SKU50,14.46,0.0,14.61,221,27
2025-08-27,SKU50,14.59,0.0,15.22,203,15
2025-08-28,SKU50,14.5,0.0,14.1,203,24
2025-08-29,SKU50,13.91,0.0,12.91,188,17
2025-08-30,SKU50,14.19,0.0,13.68,222,26
2025-08-31,SKU50,14.75,0.0,13.68,205,25
2025-09-01,SKU50,14.73,0.0,13.95,215,21
2025-09-02,SKU50,13.84,0.0,14.02,212,16
2025-09-03,SKU50,14.36,0.0,13.69,219,17
2025-09-04,SKU50,14.31,0.0,15.08,210,17
2025-09-05,SKU50,13.51,0.0,13.83,192,26
2025-09-06,SKU50,13.99,0.0,14.04,229,32
2025-09-07,SKU50,13.91,0.0,14.44,205,26
2025-09-08,SKU50,14.17,0.0,14.44,198,18
2025-09-09,SKU50,14.06,0.0,14.79,214,17
2025-09-10,SKU50,14.5,0.0,13.17,228,24
2025-09-11,SKU50,14.4,0.0,13.81,197,14
2025-09-12,SKU50,13.21,5.79,14.37,331,44
2025-09-13,SKU50,13.72,0.0,14.71,202,24
2025-09-14,SKU50,14.55,0.0,14.34,204,27
2025-09-15,SKU50,13.77,0.0,13.12,208,18
2025-09-16,SKU50,14.41,0.0,14.42,233,17
2025-09-17,SKU50,14.1,0.0,15.56,228,28
2025-09-18,SKU50,13.85,0.0,14.37,253,18
2025-09-19,SKU50,11.79,16.86,15.31,264,43
2025-09-20,SKU50,14.29,0.0,15.78,230,17
2025-09-21,SKU50,14.36,0.0,15.05,192,21
2025-09-22,SKU50,14.42,0.0,14.87,214,28
2025-09-23,SKU50,14.47,0.0,13.77,236,26
2025-09-24,SKU50,14.73,0.0,13.94,226,27
2025-09-25,SKU50,13.8,0.0,14.55,212,13
2025-09-26,SKU50,14.48,0.0,15.24,189,20
2025-09-27,SKU50,13.75,0.0,14.23,189,21
2025-09-28,SKU50,13.81,0.0,14.09,205,20
2025-09-29,SKU50,10.47,28.83,14.21,355,45
2025-09-30,SKU50,13.88,0.0,13.89,182,12
2025-10-01,SKU50,14.04,0.0,12.95,200,17
2025-10-02,SKU50,14.42,0.0,15.68,198,24
2025-10-03,SKU50,13.85,0.0,13.63,211,24
2025-10-04,SKU50,14.23,0.0,14.34,225,18
2025-10-05,SKU50,13.68,0.0,14.47,219,24
2025-10-06,SKU50,15.05,0.0,14.17,203,16
2025-10-07,SKU50,14.41,0.0,14.24,234,29
2025-10-08,SKU50,14.42,0.0,13.75,194,15
2025-10-09,SKU50,14.38,0.0,14.31,225,21
2025-10-10,SKU50,14.05,0.0,14.17,213,26
2025-10-11,SKU50,12.0,14.7,14.23,301,49
2025-10-12,SKU50,13.93,0.0,13.81,200,31
2025-10-13,SKU50,14.23,0.0,14.09,211,24
2025-10-14,SKU50,14.34,0.0,12.62,201,11
2025-10-15,SKU50,14.31,0.0,14.46,227,28
2025-10-16,SKU50,14.27,0.0,15.62,216,20
2025-10-17,SKU50,13.99,0.0,15.91,217,24
2025-10-18,SKU50,13.91,0.0,13.32,193,27
2025-10-19,SKU50,14.14,0.0,13.86,201,29
2025-10-20,SKU50,14.35,0.0,14.59,203,25
2025-10-21,SKU50,14.76,0.0,12.86,222,13
2025-10-22,SKU50,14.0,0.0,14.86,224,11
2025-10-23,SKU50,14.23,0.0,14.36,231,19
2025-10-24,SKU50,14.06,0.0,14.02,209,22
2025-10-25,SKU50,13.83,0.0,13.55,205,25
2025-10-26,SKU50,14.12,0.0,13.13,227,26
2025-10-27,SKU50,13.81,0.0,14.47,223,22
2025-10-28,SKU50,13.9,0.0,14.44,226,20
2025-10-29,SKU50,12.34,13.07,12.48,348,55
2025-10-30,SKU50,14.35,0.0,15.34,222,28
2025-10-31,SKU50,14.15,0.0,14.84,237,19
2025-11-01,SKU50,14.61,0.0,14.23,197,25
2025-11-02,SKU50,14.72,0.0,14.25,188,28
2025-11-03,SKU50,13.83,0.0,12.41,213,21
2025-11-04,SKU50,13.65,0.0,13.16,210,13
2025-11-05,SKU50,14.2,0.0,14.32,212,26
2025-11-06,SKU50,14.37,0.0,13.57,200,14
2025-11-07,SKU50,14.28,0.0,15.23,223,14
2025-11-08,SKU50,14.24,0.0,14.95,244,24
2025-11-09,SKU50,14.24,0.0,13.31,228,36
2025-11-10,SKU50,14.06,0.0,15.08,230,13
2025-11-11,SKU50,14.14,0.0,15.1,191,32
2025-11-12,SKU50,14.29,0.0,13.71,221,31
2025-11-13,SKU50,14.21,0.0,14.38,210,18
2025-11-14,SKU50,14.49,0.0,14.61,208,16
2025-11-15,SKU50,14.11,0.0,13.68,190,23
2025-05-20,SKU51,26.38,0.0,27.08,55,6
2025-05-21,SKU51,26.63,0.0,26.17,45,6
2025-05-22,SKU51,25.13,0.0,27.33,55,5
2025-05-23,SKU51,25.77,0.0,27.34,50,6
2025-05-24,SKU51,26.09,0.0,25.38,61,7
2025-05-25,SKU51,26.07,0.0,27.71,66,6
2025-05-26,SKU51,26.74,0.0,29.03,47,6
2025-05-27,SKU51,26.96,0.0,26.8,68,8
2025-05-28,SKU51,26.28,0.0,26.65,50,6
2025-05-29,SKU51,18.95,28.35,27.8,94,11
2025-05-30,SKU51,27.0,0.0,27.12,51,6
2025-05-31,SKU51,25.78,0.0,26.59,48,4
2025-06-01,SKU51,26.54,0.0,26.77,69,10
2025-06-02,SKU51,25.98,0.0,27.65,56,8
2025-06-03,SKU51,26.48,0.0,27.97,51,3
2025-06-04,SKU51,25.56,0.0,28.08,63,6
2025-06-05,SKU51,24.46,8.52,26.58,78,17
2025-06-06,SKU51,27.2,0.0,27.03,51,5
2025-06-07,SKU51,27.14,0.0,26.27,51,4
2025-06-08,SKU51,27.01,0.0,27.7,51,4
2025-06-09,SKU51,26.01,0.0,25.83,54,6
2025-06-10,SKU51,27.14,0.0,24.25,75,11
2025-06-11,SKU51,27.17,0.0,26.67,41,2
2025-06-12,SKU51,26.53,0.0,26.88,52,5
2025-06-13,SKU51,26.87,0.0,27.03,55,4
2025-06-14,SKU51,26.93,0.0,26.64,56,6
2025-06-15,SKU51,26.67,0.0,24.78,50,9
2025-06-16,SKU51,25.23,0.0,27.78,57,6
2025-06-17,SKU51,25.83,0.0,28.19,38,1
2025-06-18,SKU51,26.86,0.0,27.42,55,4
2025-06-19,SKU51,26.51,0.0,24.37,52,6
2025-06-20,SKU51,27.08,0.0,27.01,56,6
2025-06-21,SKU51,26.75,0.0,26.83,56,6
2025-06-22,SKU51,26.19,0.0,25.68,61,5
2025-06-23,SKU51,26.63,0.0,28.37,69,4
2025-06-24,SKU51,27.09,0.0,25.54,54,5
2025-06-25,SKU51,27.76,0.0,27.83,42,10
2025-06-26,SKU51,26.8,0.0,24.26,59,6
2025-06-27,SKU51,27.11,0.0,28.37,67,2
2025-06-28,SKU51,26.57,0.0,28.62,58,5
2025-06-29,SKU51,26.68,0.0,26.47,43,7
2025-06-30,SKU51,26.44,0.0,27.3,63,6
2025-07-01,SKU51,26.83,0.0,25.76,47,10
2025-07-02,SKU51,26.65,0.0,25.69,57,4
2025-07-03,SKU51,26.6,0.0,27.16,63,3
2025-07-04,SKU51,26.56,0.0,27.38,59,5
2025-07-05,SKU51,27.77,0.0,27.64,45,11
2025-07-06,SKU51,26.2,0.0,27.93,54,7
2025-07-07,SKU51,26.41,0.0,28.31,50,4
2025-07-08,SKU51,26.44,0.0,25.82,46,4
2025-07-09,SKU51,27.45,0.0,26.63,46,5
2025-07-10,SKU51,26.95,0.0,26.59,54,2
2025-07-11,SKU51,26.64,0.0,26.36,49,6
2025-07-12,SKU51,26.31,0.0,28.4,46,6
2025-07-13,SKU51,26.59,0.0,27.99,62,4
2025-07-14,SKU51,28.14,0.0,25.2,53,3
2025-07-15,SKU51,26.88,0.0,27.64,30,10
2025-07-16,SKU51,25.47,0.0,26.6,50,2
2025-07-17,SKU51,27.51,0.0,25.73,49,3
2025-07-18,SKU51,26.85,0.0,26.62,46,6
2025-07-19,SKU51,26.87,0.0,27.3,42,15
2025-07-20,SKU51,26.55,0.0,26.51,52,4
2025-07-21,SKU51,26.58,0.0,28.39,54,8
2025-07-22,SKU51,26.16,0.0,26.07,45,7
2025-07-23,SKU51,26.05,0.0,27.87,40,6
2025-07-24,SKU51,26.25,0.0,28.32,61,3
2025-07-25,SKU51,27.09,0.0,26.14,49,8
2025-07-26,SKU51,26.58,0.0,28.23,51,2
2025-07-27,SKU51,27.17,0.0,23.85,51,8
2025-07-28,SKU51,26.43,0.0,26.74,62,3
2025-07-29,SKU51,26.02,0.0,26.08,51,4
2025-07-30,SKU51,26.1,0.0,27.48,44,7
2025-07-31,SKU51,25.14,0.0,24.6,58,3
2025-08-01,SKU51,26.25,0.0,25.64,47,4
2025-08-02,SKU51,27.55,0.0,23.77,54,9
2025-08-03,SKU51,26.8,0.0,28.7,53,8
2025-08-04,SKU51,26.61,0.0,27.65,57,8
2025-08-05,SKU51,26.07,0.0,27.25,52,7
2025-08-06,SKU51,26.74,0.0,28.55,40,4
2025-08-07,SKU51,26.8,0.0,26.98,60,2
2025-08-08,SKU51,27.57,0.0,26.51,71,7
2025-08-09,SKU51,27.11,0.0,23.36,50,5
2025-08-10,SKU51,26.61,0.0,27.07,52,6
2025-08-11,SKU51,19.19,28.93,25.96,52,14
2025-08-12,SKU51,27.69,0.0,24.13,53,11
2025-08-13,SKU51,26.27,0.0,26.59,36,2
2025-08-14,SKU51,22.99,15.87,27.46,69,14
2025-08-15,SKU51,26.56,0.0,26.4,55,3
2025-08-16,SKU51,27.11,0.0,26.11,49,3
2025-08-17,SKU51,27.6,0.0,27.94,50,4
2025-08-18,SKU51,26.95,0.0,28.09,49,2
2025-08-19,SKU51,27.81,0.0,29.04,44,6
2025-08-20,SKU51,26.73,0.0,26.86,53,7
2025-08-21,SKU51,25.89,0.0,29.1,42,5
2025-08-22,SKU51,26.15,0.0,27.51,53,10
2025-08-23,SKU51,27.03,0.0,29.46,46,9
2025-08-24,SKU51,26.66,0.0,29.44,53,10
2025-08-25,SKU51,27.67,0.0,23.51,49,3
2025-08-26,SKU51,26.11,0.0,26.62,55,2
2025-08-27,SKU51,26.61,0.0,27.36,50,4
2025-08-28,SKU51,26.15,0.0,25.38,59,1
2025-08-29,SKU51,26.68,0.0,26.25,55,8
2025-08-30,SKU51,24.66,5.93,26.55,76,15
2025-08-31,SKU51,26.85,0.0,28.39,48,5
2025-09-01,SKU51,26.55,0.0,28.42,45,4
2025-09-02,SKU51,27.11,0.0,27.85,49,6
2025-09-03,SKU51,27.13,0.0,25.89,51,5
2025-09-04,SKU51,25.95,0.0,26.1,39,4
2025-09-05,SKU51,26.3,0.0,25.43,58,8
2025-09-06,SKU51,27.18,0.0,26.33,42,9
2025-09-07,SKU51,27.17,0.0,26.64,53,10
2025-09-08,SKU51,26.12,0.0,26.59,54,8
2025-09-09,SKU51,26.26,0.0,25.91,54,8
2025-09-10,SKU51,26.37,0.0,27.11,43,5
2025-09-11,SKU51,26.32,0.0,23.4,48,2
2025-09-12,SKU51,27.21,0.0,28.59,52,5
2025-09-13,SKU51,25.87,0.0,25.85,43,5
2025-09-14,SKU51,26.81,0.0,27.34,52,6
2025-09-15,SKU51,25.62,0.0,27.25,40,5
2025-09-16,SKU51,25.73,0.0,27.01,47,5
2025-09-17,SKU51,26.77,0.0,25.29,41,5
2025-09-18,SKU51,27.45,0.0,25.06,48,2
2025-09-19,SKU51,26.24,0.0,25.72,43,5
2025-09-20,SKU51,27.61,0.0,26.24,45,5
2025-09-21,SKU51,25.92,0.0,25.36,54,8
2025-09-22,SKU51,26.99,0.0,25.15,54,2
2025-09-23,SKU51,26.73,0.0,26.19,49,3
2025-09-24,SKU51,26.41,0.0,26.39,53,5
2025-09-25,SKU51,26.75,0.0,26.11,49,7
2025-09-26,SKU51,26.84,0.0,26.87,52,5
2025-09-27,SKU51,25.72,0.0,27.84,55,8
2025-09-28,SKU51,25.71,0.0,25.83,52,8
2025-09-29,SKU51,26.09,0.0,25.4,54,4
2025-09-30,SKU51,27.02,0.0,26.57,50,6
2025-10-01,SKU51,26.77,0.0,27.69,47,3
2025-10-02,SKU51,25.81,0.0,25.8,47,4
2025-10-03,SKU51,26.41,0.0,24.63,59,4
2025-10-04,SKU51,26.84,0.0,25.39,46,3
2025-10-05,SKU51,27.03,0.0,26.33,62,7
2025-10-06,SKU51,27.18,0.0,26.09,50,5
2025-10-07,SKU51,25.43,0.0,28.19,54,6
2025-10-08,SKU51,27.94,0.0,27.29,57,3
2025-10-09,SKU51,27.49,0.0,26.68,58,4
2025-10-10,SKU51,26.67,0.0,27.67,56,3
2025-10-11,SKU51,26.27,0.0,27.8,54,7
2025-10-12,SKU51,26.64,0.0,25.79,42,3
2025-10-13,SKU51,27.11,0.0,27.75,53,3
2025-10-14,SKU51,26.33,0.0,26.24,53,5
2025-10-15,SKU51,27.51,0.0,26.79,56,6
2025-10-16,SKU51,26.13,0.0,28.01,57,3
2025-10-17,SKU51,27.11,0.0,23.32,49,8
2025-10-18,SKU51,26.08,0.0,25.24,56,8
2025-10-19,SKU51,27.35,0.0,27.76,55,1
2025-10-20,SKU51,26.59,0.0,25.79,43,5
2025-10-21,SKU51,26.82,0.0,25.38,63,3
2025-10-22,SKU51,27.58,0.0,26.58,50,5
2025-10-23,SKU51,25.65,0.0,25.06,62,4
2025-10-24,SKU51,26.71,0.0,27.76,42,4
2025-10-25,SKU51,26.25,0.0,25.39,49,7
2025-10-26,SKU51,26.52,0.0,25.96,44,7
2025-10-27,SKU51,26.06,0.0,24.41,54,5
2025-10-28,SKU51,26.82,0.0,27.72,39,8
2025-10-29,SKU51,26.91,0.0,26.18,43,1
2025-10-30,SKU51,26.75,0.0,24.95,40,2
2025-10-31,SKU51,26.67,0.0,28.3,47,5
2025-11-01,SKU51,27.89,0.0,28.79,61,7
2025-11-02,SKU51,26.31,0.0,26.37,34,3
2025-11-03,SKU51,24.96,0.0,25.35,46,3
2025-11-04,SKU51,26.22,0.0,27.34,50,3
2025-11-05,SKU51,27.19,0.0,24.75,59,10
2025-11-06,SKU51,26.47,0.0,27.6,48,4
2025-11-07,SKU51,27.5,0.0,27.57,61,6
2025-11-08,SKU51,26.56,0.0,26.97,54,6
2025-11-09,SKU51,25.72,0.0,27.31,63,10
2025-11-10,SKU51,26.74,0.0,27.32,54,6
2025-11-11,SKU51,26.26,0.0,26.74,59,5
2025-11-12,SKU51,26.61,0.0,29.12,41,5
2025-11-13,SKU51,26.9,0.0,26.58,55,4
2025-11-14,SKU51,26.02,0.0,26.27,42,2
2025-11-15,SKU51,27.21,0.0,27.78,47,11
