data/derived/demand_data.csv
date,sku_id,price,discount_percent,competitor_price,web_traffic,units_sold
2025-05-20,SKU54,31.74,0.0,34.26,186,21
2025-05-21,SKU54,30.56,0.0,32.13,204,12
2025-05-22,SKU54,30.47,0.0,29.34,207,0
2025-05-23,SKU54,31.02,0.0,30.44,220,0
2025-05-24,SKU54,31.99,0.0,30.84,204,0
2025-05-25,SKU54,32.65,0.0,34.83,177,0
2025-05-26,SKU54,30.35,0.0,33.06,213,0
2025-05-27,SKU54,31.35,0.0,30.18,227,0
2025-05-28,SKU54,32.8,0.0,32.55,187,0
2025-05-29,SKU54,31.41,0.0,33.31,212,0
2025-05-30,SKU54,31.36,0.0,31.44,179,0
2025-05-31,SKU54,30.56,0.0,34.01,203,0
2025-06-01,SKU54,31.11,0.0,29.97,203,0
2025-06-02,SKU54,30.75,0.0,29.72,205,0
2025-06-03,SKU54,32.25,0.0,32.7,215,0
2025-06-04,SKU54,31.13,0.0,31.96,198,0
2025-06-05,SKU54,28.43,12.38,32.66,328,0
2025-06-06,SKU54,30.3,0.0,30.51,169,0
2025-06-07,SKU54,31.48,0.0,29.82,189,0
2025-06-08,SKU54,30.54,0.0,31.52,222,0
2025-06-09,SKU54,30.81,0.0,33.96,205,0
2025-06-10,SKU54,30.49,0.0,31.84,205,0
2025-06-11,SKU54,30.69,0.0,33.87,211,0
2025-06-12,SKU54,31.27,0.0,32.91,202,25
2025-06-13,SKU54,31.55,0.0,30.61,211,19
2025-06-14,SKU54,30.64,0.0,31.78,199,17
2025-06-15,SKU54,30.97,0.0,30.6,219,35
2025-06-16,SKU54,31.43,0.0,33.1,212,28
2025-06-17,SKU54,31.14,0.0,29.76,199,15
2025-06-18,SKU54,30.98,0.0,30.03,218,24
2025-06-19,SKU54,30.83,0.0,31.22,193,22
2025-06-20,SKU54,30.51,0.0,29.09,191,21
2025-06-21,SKU54,30.32,0.0,29.83,219,21
2025-06-22,SKU54,31.55,0.0,33.26,207,27
2025-06-23,SKU54,30.65,0.0,30.91,199,24
2025-06-24,SKU54,31.22,0.0,31.0,201,23
2025-06-25,SKU54,32.13,0.0,30.79,230,23
2025-06-26,SKU54,31.48,0.0,30.58,211,20
2025-06-27,SKU54,31.16,0.0,29.23,209,22
2025-06-28,SKU54,30.91,0.0,33.09,224,34
2025-06-29,SKU54,31.16,0.0,31.32,218,26
2025-06-30,SKU54,30.53,0.0,30.33,216,13
2025-07-01,SKU54,30.78,0.0,31.13,206,24
2025-07-02,SKU54,28.48,7.56,29.97,333,56
2025-07-03,SKU54,31.4,0.0,32.24,208,20
2025-07-04,SKU54,30.68,0.0,31.97,230,21
2025-07-05,SKU54,32.0,0.0,31.88,206,24
2025-07-06,SKU54,25.54,19.12,30.43,265,60
2025-07-07,SKU54,32.32,0.0,30.12,181,26
2025-07-08,SKU54,28.86,6.7,33.37,316,62
2025-07-09,SKU54,29.23,0.0,30.28,214,16
2025-07-10,SKU54,30.34,0.0,30.7,209,30
2025-07-11,SKU54,31.39,0.0,29.44,196,18
2025-07-12,SKU54,31.48,0.0,29.92,195,35
2025-07-13,SKU54,31.23,0.0,31.15,193,29
2025-07-14,SKU54,30.14,0.0,32.25,197,24
2025-07-15,SKU54,29.85,0.0,28.54,223,18
2025-07-16,SKU54,30.7,0.0,28.42,206,21
2025-07-17,SKU54,30.43,0.0,31.01,208,27
2025-07-18,SKU54,31.91,0.0,32.32,214,14
2025-07-19,SKU54,31.31,0.0,31.0,228,26
2025-07-20,SKU54,30.23,0.0,33.11,209,26
2025-07-21,SKU54,31.31,0.0,30.6,201,14
2025-07-22,SKU54,24.05,24.08,30.76,306,46
2025-07-23,SKU54,30.64,0.0,30.38,214,15
2025-07-24,SKU54,31.01,0.0,31.55,203,17
2025-07-25,SKU54,30.88,0.0,30.59,195,17
2025-07-26,SKU54,21.99,29.11,30.77,328,52
2025-07-27,SKU54,31.52,0.0,28.81,190,26
2025-07-28,SKU54,31.37,0.0,31.02,197,22
2025-07-29,SKU54,30.4,0.0,30.54,195,17
2025-07-30,SKU54,22.59,24.71,32.62,313,35
2025-07-31,SKU54,31.08,0.0,31.11,244,19
2025-08-01,SKU54,31.02,0.0,30.28,213,26
2025-08-02,SKU54,30.75,0.0,30.61,214,24
2025-08-03,SKU54,31.16,0.0,34.26,178,31
2025-08-04,SKU54,31.38,0.0,32.35,201,31
2025-08-05,SKU54,31.06,0.0,31.06,219,22
2025-08-06,SKU54,30.98,0.0,33.74,250,28
2025-08-07,SKU54,31.99,0.0,31.85,208,17
2025-08-08,SKU54,31.34,0.0,32.37,194,22
2025-08-09,SKU54,30.81,0.0,30.66,215,22
2025-08-10,SKU54,30.83,0.0,30.9,212,24
2025-08-11,SKU54,31.29,0.0,33.21,224,27
2025-08-12,SKU54,31.64,0.0,33.88,216,22
2025-08-13,SKU54,30.43,0.0,30.93,221,9
2025-08-14,SKU54,30.98,0.0,27.79,199,16
2025-08-15,SKU54,30.93,0.0,29.47,202,16
2025-08-16,SKU54,32.27,0.0,32.65,223,26
2025-08-17,SKU54,31.95,0.0,29.8,226,20
2025-08-18,SKU54,29.92,0.0,34.77,210,22
2025-08-19,SKU54,31.36,0.0,32.17,213,16
2025-08-20,SKU54,31.9,0.0,31.27,192,26
2025-08-21,SKU54,30.86,0.0,32.03,218,25
2025-08-22,SKU54,31.26,0.0,32.1,204,20
2025-08-23,SKU54,30.72,0.0,31.43,229,34
2025-08-24,SKU54,30.59,0.0,30.43,205,32
2025-08-25,SKU54,31.98,0.0,31.55,230,16
2025-08-26,SKU54,30.05,0.0,31.78,205,17
2025-08-27,SKU54,22.53,27.24,29.88,333,53
2025-08-28,SKU54,30.91,0.0,33.21,205,20
2025-08-29,SKU54,30.86,0.0,26.09,215,27
2025-08-30,SKU54,30.66,0.0,34.57,220,20
2025-08-31,SKU54,31.06,0.0,31.67,217,21
2025-09-01,SKU54,30.84,0.0,30.75,217,23
2025-09-02,SKU54,30.46,0.0,29.79,228,25
2025-09-03,SKU54,30.8,0.0,30.4,239,14
2025-09-04,SKU54,32.09,0.0,30.45,198,25
2025-09-05,SKU54,31.5,0.0,32.29,234,25
2025-09-06,SKU54,31.58,0.0,31.61,220,17
2025-09-07,SKU54,30.78,0.0,32.68,231,25
2025-09-08,SKU54,30.3,0.0,28.61,194,20
2025-09-09,SKU54,31.17,0.0,30.59,210,20
2025-09-10,SKU54,31.01,0.0,29.71,208,23
2025-09-11,SKU54,30.63,0.0,33.25,182,19
2025-09-12,SKU54,31.64,0.0,33.42,205,20
2025-09-13,SKU54,32.31,0.0,31.94,184,28
2025-09-14,SKU54,32.28,0.0,31.36,227,31
2025-09-15,SKU54,31.39,0.0,32.53,212,12
2025-09-16,SKU54,30.56,0.0,31.04,205,21
2025-09-17,SKU54,30.24,0.0,32.08,219,22
2025-09-18,SKU54,30.93,0.0,29.67,211,22
2025-09-19,SKU54,31.42,0.0,32.65,196,16
2025-09-20,SKU54,31.59,0.0,30.24,208,20
2025-09-21,SKU54,31.25,0.0,29.56,211,27
2025-09-22,SKU54,30.49,0.0,30.33,237,17
2025-09-23,SKU54,31.04,0.0,31.31,209,20
2025-09-24,SKU54,31.18,0.0,32.12,199,23
2025-09-25,SKU54,30.82,0.0,32.19,203,21
2025-09-26,SKU54,30.08,0.0,33.07,199,23
2025-09-27,SKU54,32.09,0.0,29.34,186,21
2025-09-28,SKU54,31.3,0.0,33.17,233,28
2025-09-29,SKU54,31.61,0.0,30.59,191,20
2025-09-30,SKU54,31.74,0.0,28.96,208,25
2025-10-01,SKU54,30.13,0.0,32.33,214,25
2025-10-02,SKU54,30.23,0.0,28.36,213,23
2025-10-03,SKU54,31.07,0.0,31.31,196,16
2025-10-04,SKU54,31.08,0.0,31.17,205,28
2025-10-05,SKU54,30.46,0.0,32.54,228,26
2025-10-06,SKU54,31.54,0.0,34.66,209,23
2025-10-07,SKU54,31.48,0.0,30.8,189,25
2025-10-08,SKU54,30.51,0.0,28.48,192,24
2025-10-09,SKU54,30.34,0.0,29.52,191,18
2025-10-10,SKU54,30.24,0.0,31.64,221,17
2025-10-11,SKU54,31.14,0.0,30.85,186,27
2025-10-12,SKU54,30.42,0.0,29.06,212,21
2025-10-13,SKU54,24.25,24.63,29.68,285,58
2025-10-14,SKU54,30.97,0.0,30.76,239,19
2025-10-15,SKU54,31.25,0.0,32.64,207,25
2025-10-16,SKU54,31.98,0.0,30.78,217,19
2025-10-17,SKU54,31.45,0.0,30.07,203,23
2025-10-18,SKU54,31.74,0.0,30.9,198,16
2025-10-19,SKU54,31.69,0.0,30.76,206,28
2025-10-20,SKU54,31.31,0.0,32.87,198,23
2025-10-21,SKU54,30.89,0.0,28.32,199,21
2025-10-22,SKU54,32.02,0.0,26.34,213,19
2025-10-23,SKU54,30.31,0.0,32.34,186,27
2025-10-24,SKU54,30.82,0.0,32.28,206,20
2025-10-25,SKU54,31.71,0.0,28.97,202,25
2025-10-26,SKU54,31.11,0.0,29.93,183,26
2025-10-27,SKU54,30.96,0.0,33.11,200,14
2025-10-28,SKU54,30.99,0.0,30.06,205,25
2025-10-29,SKU54,31.24,0.0,30.63,204,20
2025-10-30,SKU54,29.52,0.0,30.37,216,24
2025-10-31,SKU54,31.57,0.0,28.41,199,34
2025-11-01,SKU54,31.18,0.0,31.21,190,28
2025-11-02,SKU54,31.31,0.0,28.26,213,26
2025-11-03,SKU54,30.92,0.0,29.01,192,25
2025-11-04,SKU54,30.73,0.0,31.16,207,11
2025-11-05,SKU54,31.47,0.0,32.55,182,25
2025-11-06,SKU54,30.64,0.0,30.8,206,21
2025-11-07,SKU54,31.85,0.0,32.72,222,22
2025-11-08,SKU54,30.28,0.0,29.57,223,25
2025-11-09,SKU54,31.52,0.0,31.52,223,27
2025-11-10,SKU54,30.94,0.0,31.62,196,23
2025-11-11,SKU54,31.28,0.0,30.31,236,26
2025-11-12,SKU54,31.37,0.0,33.25,224,23
2025-11-13,SKU54,30.59,0.0,29.58,226,22
2025-11-14,SKU54,31.34,0.0,30.47,184,17
2025-11-15,SKU54,30.19,0.0,31.25,204,28
2025-05-20,SKU55,81.11,0.0,73.11,254,14
2025-05-21,SKU55,81.27,0.0,80.47,253,28
2025-05-22,SKU55,72.72,10.78,79.77,346,43
2025-05-23,SKU55,82.14,0.0,86.85,237,12
2025-05-24,SKU55,80.51,0.0,79.78,247,0
2025-05-25,SKU55,80.57,0.0,84.6,229,0
2025-05-26,SKU55,80.32,0.0,80.88,204,0
2025-05-27,SKU55,69.32,11.11,80.77,366,0
2025-05-28,SKU55,80.96,0.0,85.08,232,0
2025-05-29,SKU55,78.84,0.0,79.34,224,0
2025-05-30,SKU55,78.38,0.0,83.98,234,0
2025-05-31,SKU55,82.49,0.0,72.75,237,0
2025-06-01,SKU55,56.05,27.7,86.24,325,72
2025-06-02,SKU55,80.74,0.0,78.48,222,21
2025-06-03,SKU55,81.81,0.0,77.65,255,22
2025-06-04,SKU55,78.21,0.0,76.97,245,20
2025-06-05,SKU55,80.18,0.0,76.22,236,23
2025-06-06,SKU55,75.09,6.49,72.97,325,61
2025-06-07,SKU55,76.3,0.0,75.23,235,31
2025-06-08,SKU55,79.07,0.0,76.09,261,19
2025-06-09,SKU55,78.91,0.0,81.75,213,23
2025-06-10,SKU55,80.29,0.0,84.47,225,19
2025-06-11,SKU55,79.1,0.0,82.69,230,20
2025-06-12,SKU55,80.74,0.0,79.4,229,29
2025-06-13,SKU55,79.85,0.0,81.62,229,21
2025-06-14,SKU55,79.85,0.0,70.4,237,35
2025-06-15,SKU55,79.72,0.0,85.6,214,21
2025-06-16,SKU55,79.26,0.0,77.16,258,21
2025-06-17,SKU55,78.67,0.0,71.84,221,24
2025-06-18,SKU55,77.84,0.0,85.58,256,20
2025-06-19,SKU55,78.72,0.0,77.7,211,25
2025-06-20,SKU55,79.5,0.0,77.96,229,23
2025-06-21,SKU55,80.29,0.0,69.75,244,32
2025-06-22,SKU55,80.28,0.0,86.5,216,32
2025-06-23,SKU55,79.29,0.0,91.2,220,20
2025-06-24,SKU55,80.91,0.0,83.55,235,25
2025-06-25,SKU55,79.81,0.0,76.08,214,32
2025-06-26,SKU55,79.73,0.0,82.43,229,24
2025-06-27,SKU55,77.65,0.0,80.13,252,25
2025-06-28,SKU55,80.47,0.0,83.61,251,26
2025-06-29,SKU55,77.74,0.0,84.77,236,26
2025-06-30,SKU55,82.85,0.0,90.24,255,23
2025-07-01,SKU55,82.2,0.0,81.84,252,20
2025-07-02,SKU55,80.16,0.0,84.7,235,29
2025-07-03,SKU55,79.34,0.0,80.12,241,25
2025-07-04,SKU55,78.69,0.0,84.21,197,18
2025-07-05,SKU55,78.13,0.0,78.42,235,31
2025-07-06,SKU55,77.81,0.0,75.07,224,35
2025-07-07,SKU55,80.01,0.0,80.25,255,23
2025-07-08,SKU55,78.69,0.0,81.71,214,18
2025-07-09,SKU55,79.98,0.0,79.32,228,24
2025-07-10,SKU55,81.61,0.0,76.78,242,28
2025-07-11,SKU55,56.21,27.98,74.45,340,53
2025-07-12,SKU55,80.57,0.0,74.2,220,27
2025-07-13,SKU55,79.62,0.0,85.04,227,25
2025-07-14,SKU55,73.74,7.92,83.14,364,65
2025-07-15,SKU55,79.66,0.0,74.15,270,16
2025-07-16,SKU55,80.55,0.0,81.71,242,27
2025-07-17,SKU55,78.79,0.0,87.79,242,15
2025-07-18,SKU55,80.3,0.0,78.22,229,24
2025-07-19,SKU55,78.29,0.0,81.8,247,34
2025-07-20,SKU55,78.0,0.0,78.07,216,35
2025-07-21,SKU55,76.6,0.0,83.33,243,28
2025-07-22,SKU55,81.6,0.0,75.9,239,21
2025-07-23,SKU55,79.08,0.0,86.43,239,30
2025-07-24,SKU55,81.46,0.0,76.4,215,19
2025-07-25,SKU55,81.95,0.0,73.82,248,28
2025-07-26,SKU55,79.27,0.0,84.12,251,20
2025-07-27,SKU55,80.13,0.0,79.22,258,29
2025-07-28,SKU55,78.95,0.0,77.17,238,25
2025-07-29,SKU55,79.45,0.0,79.04,225,27
2025-07-30,SKU55,79.06,0.0,76.95,208,26
2025-07-31,SKU55,80.82,0.0,78.87,245,17
2025-08-01,SKU55,78.52,0.0,76.56,229,30
2025-08-02,SKU55,82.86,0.0,78.03,229,32
2025-08-03,SKU55,78.42,0.0,77.65,226,28
2025-08-04,SKU55,79.56,0.0,84.63,233,32
2025-08-05,SKU55,79.4,0.0,80.55,231,26
2025-08-06,SKU55,80.13,0.0,83.82,228,25
2025-08-07,SKU55,72.9,8.67,80.14,348,68
2025-08-08,SKU55,78.0,0.0,86.41,218,22
2025-08-09,SKU55,81.07,0.0,76.35,244,20
2025-08-10,SKU55,80.77,0.0,83.43,237,25
2025-08-11,SKU55,80.0,0.0,77.15,218,18
2025-08-12,SKU55,82.77,0.0,82.69,229,26
2025-08-13,SKU55,80.6,0.0,80.15,210,22
2025-08-14,SKU55,78.92,0.0,80.61,228,17
2025-08-15,SKU55,81.41,0.0,78.62,227,17
2025-08-16,SKU55,79.8,0.0,80.97,244,30
2025-08-17,SKU55,81.0,0.0,76.19,241,23
2025-08-18,SKU55,79.47,0.0,83.81,219,26
2025-08-19,SKU55,80.29,0.0,78.22,269,28
2025-08-20,SKU55,81.6,0.0,74.92,232,22
2025-08-21,SKU55,80.31,0.0,83.8,219,18
2025-08-22,SKU55,82.51,0.0,84.15,254,28
2025-08-23,SKU55,76.96,0.0,82.67,246,29
2025-08-24,SKU55,82.47,0.0,83.26,218,36
2025-08-25,SKU55,82.27,0.0,76.61,240,17
2025-08-26,SKU55,81.58,0.0,76.95,236,21
2025-08-27,SKU55,81.54,0.0,78.45,235,26
2025-08-28,SKU55,64.32,18.74,83.4,331,60
2025-08-29,SKU55,80.52,0.0,75.76,230,21
2025-08-30,SKU55,80.8,0.0,83.93,222,20
2025-08-31,SKU55,81.07,0.0,78.22,251,22
2025-09-01,SKU55,78.08,0.0,69.71,244,22
2025-09-02,SKU55,78.18,0.0,75.64,210,21
2025-09-03,SKU55,79.36,0.0,76.68,262,17
2025-09-04,SKU55,79.48,0.0,84.71,232,20
2025-09-05,SKU55,78.56,0.0,81.37,232,29
2025-09-06,SKU55,79.77,0.0,79.22,204,35
2025-09-07,SKU55,80.41,0.0,80.93,232,31
2025-09-08,SKU55,81.21,0.0,82.88,235,24
2025-09-09,SKU55,81.65,0.0,74.95,266,27
2025-09-10,SKU55,81.11,0.0,82.68,239,22
2025-09-11,SKU55,78.91,0.0,81.52,232,23
2025-09-12,SKU55,79.85,0.0,80.89,243,20
2025-09-13,SKU55,77.75,0.0,85.43,228,27
2025-09-14,SKU55,80.04,0.0,74.89,221,19
2025-09-15,SKU55,79.2,0.0,75.9,237,20
2025-09-16,SKU55,80.57,0.0,77.65,240,26
2025-09-17,SKU55,80.08,0.0,81.49,237,26
2025-09-18,SKU55,80.26,0.0,74.26,217,24
2025-09-19,SKU55,79.85,0.0,81.44,244,34
2025-09-20,SKU55,79.65,0.0,74.06,231,13
2025-09-21,SKU55,72.99,7.22,84.73,363,72
2025-09-22,SKU55,78.72,0.0,74.03,201,22
2025-09-23,SKU55,81.95,0.0,84.77,255,14
2025-09-24,SKU55,79.36,0.0,79.65,248,24
2025-09-25,SKU55,79.84,0.0,75.13,255,37
2025-09-26,SKU55,79.67,0.0,81.3,241,23
2025-09-27,SKU55,79.17,0.0,86.55,243,27
2025-09-28,SKU55,80.37,0.0,71.94,270,27
2025-09-29,SKU55,82.78,0.0,80.41,227,29
2025-09-30,SKU55,78.73,0.0,81.21,225,18
2025-10-01,SKU55,81.53,0.0,78.17,243,22
2025-10-02,SKU55,79.97,0.0,76.53,242,32
2025-10-03,SKU55,80.5,0.0,84.34,262,15
2025-10-04,SKU55,80.21,0.0,80.82,232,31
2025-10-05,SKU55,80.4,0.0,73.79,249,35
2025-10-06,SKU55,78.75,0.0,72.89,247,25
2025-10-07,SKU55,79.92,0.0,81.77,224,22
2025-10-08,SKU55,80.81,0.0,76.43,216,26
2025-10-09,SKU55,76.58,0.0,80.63,230,16
2025-10-10,SKU55,83.15,0.0,79.14,232,22
2025-10-11,SKU55,78.72,0.0,74.23,247,24
2025-10-12,SKU55,79.47,0.0,85.41,210,28
2025-10-13,SKU55,79.64,0.0,82.82,222,24
2025-10-14,SKU55,79.12,0.0,76.66,218,23
2025-10-15,SKU55,81.46,0.0,73.14,221,26
2025-10-16,SKU55,82.74,0.0,80.43,232,26
2025-10-17,SKU55,80.2,0.0,79.92,245,30
2025-10-18,SKU55,79.19,0.0,77.0,223,30
2025-10-19,SKU55,80.72,0.0,82.47,240,39
2025-10-20,SKU55,80.56,0.0,82.94,238,23
2025-10-21,SKU55,79.18,0.0,77.52,249,16
2025-10-22,SKU55,80.39,0.0,72.73,248,32
2025-10-23,SKU55,82.05,0.0,81.17,219,23
2025-10-24,SKU55,77.72,0.0,78.01,223,21
2025-10-25,SKU55,79.07,0.0,85.05,216,31
2025-10-26,SKU55,79.4,0.0,87.75,234,22
2025-10-27,SKU55,75.45,0.0,79.85,217,16
2025-10-28,SKU55,79.8,0.0,80.32,244,16
2025-10-29,SKU55,83.49,0.0,83.22,233,21
2025-10-30,SKU55,80.32,0.0,79.37,227,24
2025-10-31,SKU55,82.26,0.0,77.25,248,19
2025-11-01,SKU55,77.94,0.0,78.91,201,28
2025-11-02,SKU55,80.64,0.0,85.18,228,24
2025-11-03,SKU55,79.66,0.0,84.5,240,23
2025-11-04,SKU55,80.25,0.0,77.53,242,21
2025-11-05,SKU55,81.55,0.0,83.41,228,18
2025-11-06,SKU55,67.37,16.2,86.95,321,61
2025-11-07,SKU55,79.48,0.0,71.03,223,20
2025-11-08,SKU55,78.29,0.0,77.98,220,31
2025-11-09,SKU55,79.46,0.0,72.31,232,23
2025-11-10,SKU55,78.27,0.0,75.95,219,20
2025-11-11,SKU55,79.9,0.0,74.58,232,30
2025-11-12,SKU55,78.95,0.0,83.8,243,26
2025-11-13,SKU55,79.16,0.0,86.09,214,22
2025-11-14,SKU55,59.93,26.71,79.55,339,56
2025-11-15,SKU55,80.94,0.0,80.75,251,21
