data/derived/demand_data.csv
date,sku_id,price,discount_percent,competitor_price,web_traffic,units_sold
2025-05-20,SKU56,20.25,0.0,20.37,32,4
2025-05-21,SKU56,20.74,0.0,21.16,34,1
2025-05-22,SKU56,20.64,0.0,20.0,21,0
2025-05-23,SKU56,20.49,0.0,21.74,41,5
2025-05-24,SKU56,21.03,0.0,20.83,26,2
2025-05-25,SKU56,21.43,0.0,22.25,31,0
2025-05-26,SKU56,20.67,0.0,19.19,29,4
2025-05-27,SKU56,20.94,0.0,21.54,29,3
2025-05-28,SKU56,21.53,0.0,22.14,35,1
2025-05-29,SKU56,21.32,0.0,21.91,30,0
2025-05-30,SKU56,21.5,0.0,20.45,25,1
2025-05-31,SKU56,21.02,0.0,21.74,24,3
2025-06-01,SKU56,20.4,0.0,20.62,32,1
2025-06-02,SKU56,21.15,0.0,22.01,26,0
2025-06-03,SKU56,20.85,0.0,21.15,25,0
2025-06-04,SKU56,21.07,0.0,21.51,36,0
2025-06-05,SKU56,20.49,0.0,18.78,25,0
2025-06-06,SKU56,22.04,0.0,21.68,26,0
2025-06-07,SKU56,21.1,0.0,20.13,33,0
2025-06-08,SKU56,21.07,0.0,21.3,33,0
2025-06-09,SKU56,21.47,0.0,20.29,36,0
2025-06-10,SKU56,21.17,0.0,21.05,34,0
2025-06-11,SKU56,21.02,0.0,22.04,22,0
2025-06-12,SKU56,18.84,9.45,20.95,51,0
2025-06-13,SKU56,20.7,0.0,20.26,22,4
2025-06-14,SKU56,21.23,0.0,19.69,36,1
2025-06-15,SKU56,21.22,0.0,20.3,30,3
2025-06-16,SKU56,21.05,0.0,21.22,39,2
2025-06-17,SKU56,20.8,0.0,20.89,27,2
2025-06-18,SKU56,21.03,0.0,19.13,37,3
2025-06-19,SKU56,20.84,0.0,22.76,32,3
2025-06-20,SKU56,22.07,0.0,20.95,30,3
2025-06-21,SKU56,14.83,28.65,20.58,40,10
2025-06-22,SKU56,21.41,0.0,18.02,34,6
2025-06-23,SKU56,20.9,0.0,20.53,29,7
2025-06-24,SKU56,21.33,0.0,22.07,29,3
2025-06-25,SKU56,21.13,0.0,23.84,30,3
2025-06-26,SKU56,21.27,0.0,22.4,31,4
2025-06-27,SKU56,20.2,0.0,19.83,25,4
2025-06-28,SKU56,20.76,0.0,19.75,27,6
2025-06-29,SKU56,21.73,0.0,21.38,38,7
2025-06-30,SKU56,16.01,23.39,22.23,46,9
2025-07-01,SKU56,21.05,0.0,22.83,34,1
2025-07-02,SKU56,21.4,0.0,20.61,31,5
2025-07-03,SKU56,21.1,0.0,20.56,23,2
2025-07-04,SKU56,20.92,0.0,21.94,36,3
2025-07-05,SKU56,21.52,0.0,19.59,36,3
2025-07-06,SKU56,20.89,0.0,21.57,31,5
2025-07-07,SKU56,20.75,0.0,18.85,22,6
2025-07-08,SKU56,20.85,0.0,20.36,24,2
2025-07-09,SKU56,21.74,0.0,20.06,44,2
2025-07-10,SKU56,20.46,0.0,20.04,28,5
2025-07-11,SKU56,20.61,0.0,20.02,33,2
2025-07-12,SKU56,20.34,0.0,20.08,32,5
2025-07-13,SKU56,17.82,14.42,20.25,48,11
2025-07-14,SKU56,21.42,0.0,21.1,31,2
2025-07-15,SKU56,21.21,0.0,23.58,35,3
2025-07-16,SKU56,20.98,0.0,20.8,34,3
2025-07-17,SKU56,21.12,0.0,20.71,24,1
2025-07-18,SKU56,21.64,0.0,20.51,32,4
2025-07-19,SKU56,20.35,0.0,20.83,20,3
2025-07-20,SKU56,21.5,0.0,22.29,27,3
2025-07-21,SKU56,17.89,11.73,19.93,48,6
2025-07-22,SKU56,21.33,0.0,19.73,41,2
2025-07-23,SKU56,21.2,0.0,21.21,41,3
2025-07-24,SKU56,20.93,0.0,22.68,29,5
2025-07-25,SKU56,21.55,0.0,20.72,23,7
2025-07-26,SKU56,21.14,0.0,18.65,27,3
2025-07-27,SKU56,20.43,0.0,21.25,27,3
2025-07-28,SKU56,20.88,0.0,21.08,18,2
2025-07-29,SKU56,20.7,0.0,21.73,24,2
2025-07-30,SKU56,16.51,23.45,21.05,63,6
2025-07-31,SKU56,21.2,0.0,21.34,37,1
2025-08-01,SKU56,21.6,0.0,22.72,27,2
2025-08-02,SKU56,21.43,0.0,20.75,32,1
2025-08-03,SKU56,20.87,0.0,22.85,33,5
2025-08-04,SKU56,20.67,0.0,21.02,28,2
2025-08-05,SKU56,20.38,0.0,21.35,23,0
2025-08-06,SKU56,20.91,0.0,21.38,25,6
2025-08-07,SKU56,20.67,0.0,19.8,29,4
2025-08-08,SKU56,20.75,0.0,21.16,27,1
2025-08-09,SKU56,21.09,0.0,21.72,22,1
2025-08-10,SKU56,21.06,0.0,21.26,24,4
2025-08-11,SKU56,20.99,0.0,19.87,21,5
2025-08-12,SKU56,20.77,0.0,21.0,36,2
2025-08-13,SKU56,20.18,0.0,21.41,27,4
2025-08-14,SKU56,20.62,0.0,20.62,33,3
2025-08-15,SKU56,21.02,0.0,19.95,32,5
2025-08-16,SKU56,20.99,0.0,20.42,39,1
2025-08-17,SKU56,19.89,7.43,20.68,37,3
2025-08-18,SKU56,20.6,0.0,22.03,35,1
2025-08-19,SKU56,21.47,0.0,20.55,27,2
2025-08-20,SKU56,21.24,0.0,20.41,32,3
2025-08-21,SKU56,21.24,0.0,23.81,21,0
2025-08-22,SKU56,20.31,0.0,19.95,27,1
2025-08-23,SKU56,20.42,0.0,20.45,44,0
2025-08-24,SKU56,20.75,0.0,19.91,36,7
2025-08-25,SKU56,20.73,0.0,21.22,20,3
2025-08-26,SKU56,20.93,0.0,21.97,31,8
2025-08-27,SKU56,20.33,0.0,20.51,35,3
2025-08-28,SKU56,21.42,0.0,22.2,31,4
2025-08-29,SKU56,20.55,0.0,20.64,44,5
2025-08-30,SKU56,20.59,0.0,20.45,34,2
2025-08-31,SKU56,21.29,0.0,20.86,34,3
2025-09-01,SKU56,21.26,0.0,20.96,25,4
2025-09-02,SKU56,21.13,0.0,20.82,37,0
2025-09-03,SKU56,21.03,0.0,20.75,35,1
2025-09-04,SKU56,21.08,0.0,22.5,20,4
2025-09-05,SKU56,20.25,0.0,21.41,39,5
2025-09-06,SKU56,20.69,0.0,20.98,32,0
2025-09-07,SKU56,20.55,0.0,22.41,27,4
2025-09-08,SKU56,21.23,0.0,21.71,26,0
2025-09-09,SKU56,21.03,0.0,21.84,31,5
2025-09-10,SKU56,20.75,0.0,21.62,46,3
2025-09-11,SKU56,20.9,0.0,21.08,27,7
2025-09-12,SKU56,20.41,0.0,21.77,18,1
2025-09-13,SKU56,21.31,0.0,20.42,43,4
2025-09-14,SKU56,21.24,0.0,20.32,32,7
2025-09-15,SKU56,17.31,18.18,21.48,57,6
2025-09-16,SKU56,21.3,0.0,20.59,28,4
2025-09-17,SKU56,20.84,0.0,22.57,29,2
2025-09-18,SKU56,21.37,0.0,20.6,37,6
2025-09-19,SKU56,21.76,0.0,20.81,34,2
2025-09-20,SKU56,21.17,0.0,20.72,27,1
2025-09-21,SKU56,21.03,0.0,20.76,28,2
2025-09-22,SKU56,21.39,0.0,21.55,38,2
2025-09-23,SKU56,20.34,0.0,21.44,40,2
2025-09-24,SKU56,20.77,0.0,21.73,40,3
2025-09-25,SKU56,21.09,0.0,22.77,34,2
2025-09-26,SKU56,20.21,0.0,20.41,40,4
2025-09-27,SKU56,21.26,0.0,20.74,31,1
2025-09-28,SKU56,21.14,0.0,19.85,37,3
2025-09-29,SKU56,20.46,0.0,20.65,21,3
2025-09-30,SKU56,20.8,0.0,20.59,20,1
2025-10-01,SKU56,21.33,0.0,21.69,38,3
2025-10-02,SKU56,20.96,0.0,21.06,30,3
2025-10-03,SKU56,20.82,0.0,21.71,35,2
2025-10-04,SKU56,20.65,0.0,18.97,34,3
2025-10-05,SKU56,20.73,0.0,20.8,36,1
2025-10-06,SKU56,21.15,0.0,20.39,32,8
2025-10-07,SKU56,20.62,0.0,21.17,22,3
2025-10-08,SKU56,20.96,0.0,20.69,34,1
2025-10-09,SKU56,20.74,0.0,23.36,29,2
2025-10-10,SKU56,20.79,0.0,23.59,36,2
2025-10-11,SKU56,21.48,0.0,21.32,23,6
2025-10-12,SKU56,21.11,0.0,19.69,31,4
2025-10-13,SKU56,20.84,0.0,20.86,27,1
2025-10-14,SKU56,20.32,0.0,20.47,32,4
2025-10-15,SKU56,21.41,0.0,22.01,26,6
2025-10-16,SKU56,21.08,0.0,18.31,30,3
2025-10-17,SKU56,20.64,0.0,19.93,41,5
2025-10-18,SKU56,20.24,0.0,21.49,36,2
2025-10-19,SKU56,21.37,0.0,20.61,25,3
2025-10-20,SKU56,21.41,0.0,21.55,34,5
2025-10-21,SKU56,21.72,0.0,20.62,31,2
2025-10-22,SKU56,21.27,0.0,20.78,31,6
2025-10-23,SKU56,21.14,0.0,21.25,33,2
2025-10-24,SKU56,19.14,0.0,20.55,36,1
2025-10-25,SKU56,19.93,0.0,21.89,30,2
2025-10-26,SKU56,20.98,0.0,20.97,33,7
2025-10-27,SKU56,21.36,0.0,20.62,32,3
2025-10-28,SKU56,17.73,16.58,20.16,51,12
2025-10-29,SKU56,21.5,0.0,21.36,33,4
2025-10-30,SKU56,20.76,0.0,20.57,31,2
2025-10-31,SKU56,21.02,0.0,20.39,46,1
2025-11-01,SKU56,21.33,0.0,22.58,39,3
2025-11-02,SKU56,21.44,0.0,22.17,32,9
2025-11-03,SKU56,20.57,0.0,21.41,28,7
2025-11-04,SKU56,20.69,0.0,22.15,34,6
2025-11-05,SKU56,20.27,0.0,21.04,40,4
2025-11-06,SKU56,20.89,0.0,18.78,22,2
2025-11-07,SKU56,21.22,0.0,17.53,35,3
2025-11-08,SKU56,20.72,0.0,19.33,31,5
2025-11-09,SKU56,20.67,0.0,21.43,27,2
2025-11-10,SKU56,20.79,0.0,21.48,32,3
2025-11-11,SKU56,21.25,0.0,20.51,29,7
2025-11-12,SKU56,20.81,0.0,21.32,40,2
2025-11-13,SKU56,21.51,0.0,20.28,35,2
2025-11-14,SKU56,21.04,0.0,22.07,33,1
2025-11-15,SKU56,20.79,0.0,21.54,42,4
2025-05-20,SKU57,49.62,0.0,53.95,80,5
2025-05-21,SKU57,47.45,0.0,49.14,75,0
2025-05-22,SKU57,50.34,0.0,47.9,84,0
2025-05-23,SKU57,49.62,0.0,50.9,80,0
2025-05-24,SKU57,49.63,0.0,53.18,84,0
2025-05-25,SKU57,47.89,0.0,49.78,78,0
2025-05-26,SKU57,50.05,0.0,51.66,68,0
2025-05-27,SKU57,46.71,0.0,51.22,87,0
2025-05-28,SKU57,48.16,0.0,49.98,79,0
2025-05-29,SKU57,49.58,0.0,50.38,92,0
2025-05-30,SKU57,47.25,0.0,53.43,89,0
2025-05-31,SKU57,50.53,0.0,52.29,93,0
2025-06-01,SKU57,49.4,0.0,50.77,81,0
2025-06-02,SKU57,48.44,0.0,44.23,65,0
2025-06-03,SKU57,50.08,0.0,51.11,80,0
2025-06-04,SKU57,48.99,0.0,48.26,63,0
2025-06-05,SKU57,50.02,0.0,48.38,84,0
2025-06-06,SKU57,48.93,0.0,49.94,69,0
2025-06-07,SKU57,50.25,0.0,49.3,75,0
2025-06-08,SKU57,47.42,0.0,49.39,78,13
2025-06-09,SKU57,49.2,0.0,52.0,65,4
2025-06-10,SKU57,51.77,0.0,50.02,85,6
2025-06-11,SKU57,50.48,0.0,48.27,71,4
2025-06-12,SKU57,48.61,0.0,51.21,71,3
2025-06-13,SKU57,49.18,0.0,50.82,83,9
2025-06-14,SKU57,50.07,0.0,51.06,77,8
2025-06-15,SKU57,48.48,0.0,44.55,99,8
2025-06-16,SKU57,48.7,0.0,44.26,77,9
2025-06-17,SKU57,48.63,0.0,54.85,76,9
2025-06-18,SKU57,49.71,0.0,50.79,78,7
2025-06-19,SKU57,49.65,0.0,45.73,76,9
2025-06-20,SKU57,48.4,0.0,49.01,79,12
2025-06-21,SKU57,50.03,0.0,49.04,70,6
2025-06-22,SKU57,50.18,0.0,48.13,90,4
2025-06-23,SKU57,49.92,0.0,47.72,88,4
2025-06-24,SKU57,48.41,0.0,49.56,89,12
2025-06-25,SKU57,50.57,0.0,47.96,79,13
2025-06-26,SKU57,50.14,0.0,50.22,75,9
2025-06-27,SKU57,48.86,0.0,47.2,63,9
2025-06-28,SKU57,48.67,0.0,52.95,74,9
2025-06-29,SKU57,49.32,0.0,52.39,77,10
2025-06-30,SKU57,48.74,0.0,53.43,74,6
2025-07-01,SKU57,50.03,0.0,52.89,96,13
2025-07-02,SKU57,48.76,0.0,47.31,87,8
2025-07-03,SKU57,49.3,0.0,53.18,67,6
2025-07-04,SKU57,48.99,0.0,49.51,76,9
2025-07-05,SKU57,48.77,0.0,52.9,89,11
2025-07-06,SKU57,48.91,0.0,50.03,62,6
2025-07-07,SKU57,48.01,0.0,50.13,73,6
2025-07-08,SKU57,45.55,10.17,51.62,94,17
2025-07-09,SKU57,48.61,0.0,49.83,62,4
2025-07-10,SKU57,49.17,0.0,51.76,66,8
2025-07-11,SKU57,50.16,0.0,48.35,73,6
2025-07-12,SKU57,50.18,0.0,47.1,81,5
2025-07-13,SKU57,49.06,0.0,49.27,65,14
2025-07-14,SKU57,48.96,0.0,51.32,80,7
2025-07-15,SKU57,50.67,0.0,46.69,63,6
2025-07-16,SKU57,51.22,0.0,45.31,69,5
2025-07-17,SKU57,48.62,0.0,49.57,63,1
2025-07-18,SKU57,48.1,0.0,52.67,77,5
2025-07-19,SKU57,48.94,0.0,49.32,86,10
2025-07-20,SKU57,48.08,0.0,48.63,74,10
2025-07-21,SKU57,49.41,0.0,46.18,89,5
2025-07-22,SKU57,47.81,0.0,51.23,79,13
2025-07-23,SKU57,48.98,0.0,48.83,69,7
2025-07-24,SKU57,49.17,0.0,48.81,73,10
2025-07-25,SKU57,49.3,0.0,50.32,67,12
2025-07-26,SKU57,47.61,0.0,52.61,71,4
2025-07-27,SKU57,48.94,0.0,48.05,85,7
2025-07-28,SKU57,47.16,0.0,49.65,61,4
2025-07-29,SKU57,50.09,0.0,49.66,63,1
2025-07-30,SKU57,49.01,0.0,49.82,84,12
2025-07-31,SKU57,47.88,0.0,50.27,74,6
2025-08-01,SKU57,48.86,0.0,49.03,77,8
2025-08-02,SKU57,50.04,0.0,49.06,81,8
2025-08-03,SKU57,49.54,0.0,51.18,67,11
2025-08-04,SKU57,49.46,0.0,44.81,78,1
2025-08-05,SKU57,51.89,0.0,50.12,73,7
2025-08-06,SKU57,50.05,0.0,50.52,74,9
2025-08-07,SKU57,49.93,0.0,46.08,83,7
2025-08-08,SKU57,48.26,0.0,49.67,77,5
2025-08-09,SKU57,49.36,0.0,51.59,67,8
2025-08-10,SKU57,46.3,6.17,46.18,103,28
2025-08-11,SKU57,52.52,0.0,51.5,81,9
2025-08-12,SKU57,49.24,0.0,48.51,78,2
2025-08-13,SKU57,48.95,0.0,47.79,71,9
2025-08-14,SKU57,50.73,0.0,50.63,74,7
2025-08-15,SKU57,48.25,0.0,49.93,73,9
